
> nextn@0.1.0 check:types
> node --max-old-space-size=8192 ./node_modules/typescript/bin/tsc --noEmit --incremental false

.next/types/validator.ts(2870,39): error TS2307: Cannot find module '../../src/app/api/calendar/webhooks/daily/route.js' or its corresponding type declarations.
src/app/api/cron/thrive-daily-briefing/route.ts(70,57): error TS2345: Argument of type '{ segment: { summary: string; segments: Record<string, unknown>; } | null; atRisk: { summary: string; customers: Record<string, unknown>[]; } | null; intel: WeeklyIntelReport | null; checkins: number; discountCandidates: DiscountCandidate[]; }' is not assignable to parameter of type 'BriefingData'.
  Type '{ segment: { summary: string; segments: Record<string, unknown>; } | null; atRisk: { summary: string; customers: Record<string, unknown>[]; } | null; intel: WeeklyIntelReport | null; checkins: number; discountCandidates: DiscountCandidate[]; }' is missing the following properties from type 'BriefingData': nearestHoliday, competitorHolidays
src/lib/email/ses.ts(13,45): error TS2307: Cannot find module '@aws-sdk/client-ses' or its corresponding type declarations.
src/lib/vector.ts(23,23): error TS2307: Cannot find module '@upstash/vector' or its corresponding type declarations.
src/server/actions/loyalty-tablet.ts(682,40): error TS2339: Property 'selling_price' does not exist on type 'RawMenuProduct'.
src/server/actions/loyalty-tablet.ts(682,59): error TS2339: Property 'salePrice' does not exist on type 'RawMenuProduct'.
src/server/actions/loyalty-tablet.ts(683,46): error TS2345: Argument of type 'Record<string, unknown>' is not assignable to parameter of type 'string'.
src/server/services/voice/gemini-live-service.ts(14,39): error TS2307: Cannot find module '@google/genai' or its corresponding type declarations.
src/server/services/voice/gemini-live-service.ts(147,29): error TS7006: Parameter 'msg' implicitly has an 'any' type.
src/server/services/voice/gemini-live-service.ts(187,27): error TS7006: Parameter 'err' implicitly has an 'any' type.
src/server/services/voice/gemini-live-service.ts(212,18): error TS7006: Parameter 's' implicitly has an 'any' type.
