src/ai/ai-powered-product-recommendations.ts(43,5): error TS2740: Type 'ZodObject<{ query: ZodString; customerHistory: ZodOptional<ZodString>; products: ZodArray<ZodObject<{ id: ZodString; name: ZodString; description: ZodString; category: ZodString; price: ZodNumber; }, $strip>>; }, $strip>' is missing the following properties from type 'ZodType<any, any, any>': _type, _parse, _getType, _getOrReturnCtx, and 7 more.
src/ai/ai-powered-product-recommendations.ts(55,13): error TS2740: Type 'ZodObject<{ products: ZodArray<ZodObject<{ productId: ZodString; productName: ZodString; reasoning: ZodString; }, $strip>>; overallReasoning: ZodString; }, $strip>' is missing the following properties from type 'ZodType<any, any, any>': _type, _parse, _getType, _getOrReturnCtx, and 7 more.
src/ai/ai-powered-product-recommendations.ts(89,5): error TS2740: Type 'ZodObject<{ query: ZodString; brandId: ZodString; customerHistory: ZodOptional<ZodString>; }, $strip>' is missing the following properties from type 'ZodType<any, any, any>': _type, _parse, _getType, _getOrReturnCtx, and 7 more.
src/ai/ai-powered-product-recommendations.ts(90,5): error TS2740: Type 'ZodObject<{ products: ZodArray<ZodObject<{ productId: ZodString; productName: ZodString; reasoning: ZodString; }, $strip>>; overallReasoning: ZodString; }, $strip>' is missing the following properties from type 'ZodType<any, any, any>': _type, _parse, _getType, _getOrReturnCtx, and 7 more.
src/ai/chat-query-handler.ts(65,9): error TS2740: Type 'ZodObject<{ query: ZodString; context: ZodOptional<ZodString>; }, $strip>' is missing the following properties from type 'ZodType<any, any, any>': _type, _parse, _getType, _getOrReturnCtx, and 7 more.
src/ai/chat-query-handler.ts(70,15): error TS2740: Type 'ZodObject<{ searchType: ZodEnum<{ marketing: "marketing"; competitive: "competitive"; analytics: "analytics"; semantic: "semantic"; keyword: "keyword"; filtered: "filtered"; compliance: "compliance"; scheduling: "scheduling"; seo: "seo"; checkout: "checkout"; }>; ... 9 more ...; intent: ZodString; }, $strip>' is missing the following properties from type 'ZodType<any, any, any>': _type, _parse, _getType, _getOrReturnCtx, and 7 more.
src/ai/chat-query-handler.ts(168,9): error TS2740: Type 'ZodObject<{ query: ZodString; intent: ZodString; productCount: ZodNumber; hasProducts: ZodBoolean; personaName: ZodString; personaSystemPrompt: ZodString; }, $strip>' is missing the following properties from type 'ZodType<any, any, any>': _type, _parse, _getType, _getOrReturnCtx, and 7 more.
src/ai/chat-query-handler.ts(177,15): error TS2740: Type 'ZodObject<{ message: ZodString; shouldShowProducts: ZodBoolean; }, $strip>' is missing the following properties from type 'ZodType<any, any, any>': _type, _parse, _getType, _getOrReturnCtx, and 7 more.
src/ai/flows/generate-product-description.ts(46,12): error TS2740: Type 'ZodObject<{ productName: ZodString; features: ZodString; keywords: ZodString; brandVoice: ZodString; msrp: ZodOptional<ZodString>; imageUrl: ZodOptional<...>; terpenes: ZodOptional<...>; effects: ZodOptional<...>; lineage: ZodOptional<...>; }, $strip>' is missing the following properties from type 'ZodType<any, any, any>': _type, _parse, _getType, _getOrReturnCtx, and 7 more.
src/ai/flows/generate-product-description.ts(47,13): error TS2740: Type 'ZodObject<{ productName: ZodString; description: ZodString; imageUrl: ZodOptional<ZodString>; msrp: ZodOptional<ZodString>; }, $strip>' is missing the following properties from type 'ZodType<any, any, any>': _type, _parse, _getType, _getOrReturnCtx, and 7 more.
src/ai/flows/generate-product-description.ts(84,5): error TS2740: Type 'ZodObject<{ productName: ZodString; features: ZodString; keywords: ZodString; brandVoice: ZodString; msrp: ZodOptional<ZodString>; imageUrl: ZodOptional<...>; terpenes: ZodOptional<...>; effects: ZodOptional<...>; lineage: ZodOptional<...>; }, $strip>' is missing the following properties from type 'ZodType<any, any, any>': _type, _parse, _getType, _getOrReturnCtx, and 7 more.
src/ai/flows/generate-product-description.ts(85,5): error TS2740: Type 'ZodObject<{ productName: ZodString; description: ZodString; imageUrl: ZodOptional<ZodString>; msrp: ZodOptional<ZodString>; }, $strip>' is missing the following properties from type 'ZodType<any, any, any>': _type, _parse, _getType, _getOrReturnCtx, and 7 more.
src/ai/flows/generate-seo-metadata.ts(31,14): error TS2740: Type 'ZodObject<{ productName: ZodString; description: ZodString; category: ZodString; brandName: ZodString; keywords: ZodOptional<ZodString>; }, $strip>' is missing the following properties from type 'ZodType<any, any, any>': _type, _parse, _getType, _getOrReturnCtx, and 7 more.
src/ai/flows/generate-seo-metadata.ts(32,15): error TS2740: Type 'ZodObject<{ titleTag: ZodString; metaDescription: ZodString; targetKeywords: ZodArray<ZodString>; jsonLd: ZodString; }, $strip>' is missing the following properties from type 'ZodType<any, any, any>': _type, _parse, _getType, _getOrReturnCtx, and 7 more.
src/ai/flows/generate-seo-metadata.ts(55,9): error TS2740: Type 'ZodObject<{ productName: ZodString; description: ZodString; category: ZodString; brandName: ZodString; keywords: ZodOptional<ZodString>; }, $strip>' is missing the following properties from type 'ZodType<any, any, any>': _type, _parse, _getType, _getOrReturnCtx, and 7 more.
src/ai/flows/generate-seo-metadata.ts(56,9): error TS2740: Type 'ZodObject<{ titleTag: ZodString; metaDescription: ZodString; targetKeywords: ZodArray<ZodString>; jsonLd: ZodString; }, $strip>' is missing the following properties from type 'ZodType<any, any, any>': _type, _parse, _getType, _getOrReturnCtx, and 7 more.
src/ai/flows/generate-social-caption.ts(57,14): error TS2740: Type 'ZodObject<{ platform: ZodEnum<{ instagram: "instagram"; tiktok: "tiktok"; linkedin: "linkedin"; twitter: "twitter"; facebook: "facebook"; }>; prompt: ZodString; style: ZodDefault<ZodEnum<{ professional: "professional"; playful: "playful"; educational: "educational"; hype: "hype"; }>>; ... 6 more ...; maxLength: ZodO...' is missing the following properties from type 'ZodType<any, any, any>': _type, _parse, _getType, _getOrReturnCtx, and 7 more.
src/ai/flows/generate-social-caption.ts(58,15): error TS2740: Type 'ZodObject<{ primaryCaption: ZodString; hashtags: ZodArray<ZodString>; variations: ZodArray<ZodObject<{ style: ZodString; caption: ZodString; hashtags: ZodArray<...>; estimatedEngagement: ZodEnum<...>; }, $strip>>; complianceNotes: ZodOptional<...>; }, $strip>' is missing the following properties from type 'ZodType<any, any, any>': _type, _parse, _getType, _getOrReturnCtx, and 7 more.
src/ai/flows/generate-social-caption.ts(120,9): error TS2740: Type 'ZodObject<{ platform: ZodEnum<{ instagram: "instagram"; tiktok: "tiktok"; linkedin: "linkedin"; twitter: "twitter"; facebook: "facebook"; }>; prompt: ZodString; style: ZodDefault<ZodEnum<{ professional: "professional"; playful: "playful"; educational: "educational"; hype: "hype"; }>>; ... 6 more ...; maxLength: ZodO...' is missing the following properties from type 'ZodType<any, any, any>': _type, _parse, _getType, _getOrReturnCtx, and 7 more.
src/ai/flows/generate-social-caption.ts(121,9): error TS2740: Type 'ZodObject<{ primaryCaption: ZodString; hashtags: ZodArray<ZodString>; variations: ZodArray<ZodObject<{ style: ZodString; caption: ZodString; hashtags: ZodArray<...>; estimatedEngagement: ZodEnum<...>; }, $strip>>; complianceNotes: ZodOptional<...>; }, $strip>' is missing the following properties from type 'ZodType<any, any, any>': _type, _parse, _getType, _getOrReturnCtx, and 7 more.
src/ai/flows/generate-social-image.ts(63,11): error TS2740: Type 'ZodObject<{ productName: ZodString; features: ZodString; brandVoice: ZodString; logoDataUri: ZodString; imageUrl: ZodOptional<ZodString>; }, $strip>' is missing the following properties from type 'ZodType<any, any, any>': _type, _parse, _getType, _getOrReturnCtx, and 7 more.
src/ai/flows/generate-social-image.ts(81,11): error TS2740: Type 'ZodObject<{ productName: ZodString; features: ZodString; brandVoice: ZodString; logoDataUri: ZodString; imageUrl: ZodOptional<ZodString>; }, $strip>' is missing the following properties from type 'ZodType<any, any, any>': _type, _parse, _getType, _getOrReturnCtx, and 7 more.
src/ai/flows/generate-video.ts(43,9): error TS2740: Type 'ZodObject<{ prompt: ZodString; duration: ZodDefault<ZodOptional<ZodEnum<{ 5: "5"; 10: "10"; }>>>; aspectRatio: ZodDefault<ZodOptional<ZodEnum<{ "16:9": "16:9"; "9:16": "9:16"; "1:1": "1:1"; }>>>; ... 9 more ...; websiteUrl: ZodOptional<...>; }, $strip>' is missing the following properties from type 'ZodType<any, any, any>': _type, _parse, _getType, _getOrReturnCtx, and 7 more.
src/ai/flows/generate-video.ts(44,9): error TS2740: Type 'ZodObject<{ videoUrl: ZodString; thumbnailUrl: ZodOptional<ZodString>; duration: ZodNumber; provider: ZodOptional<ZodEnum<{ veo: "veo"; sora: "sora"; "sora-pro": "sora-pro"; kling: "kling"; wan: "wan"; remotion: "remotion"; }>>; model: ZodOptional<...>; }, $strip>' is missing the following properties from type 'ZodType<any, any, any>': _type, _parse, _getType, _getOrReturnCtx, and 7 more.
src/ai/flows/suggest-playbook.ts(26,12): error TS2740: Type 'ZodObject<{ goal: ZodString; brandId: ZodOptional<ZodString>; context: ZodOptional<ZodString>; }, $strip>' is missing the following properties from type 'ZodType<any, any, any>': _type, _parse, _getType, _getOrReturnCtx, and 7 more.
src/ai/flows/suggest-playbook.ts(27,13): error TS2740: Type 'ZodObject<{ id: ZodOptional<ZodString>; brandId: ZodDefault<ZodString>; name: ZodString; description: ZodDefault<ZodOptional<ZodString>>; ... 8 more ...; updatedAt: ZodOptional<...>; }, $strip>' is missing the following properties from type 'ZodType<any, any, any>': _type, _parse, _getType, _getOrReturnCtx, and 7 more.
src/ai/flows/suggest-playbook.ts(52,5): error TS2740: Type 'ZodObject<{ goal: ZodString; brandId: ZodOptional<ZodString>; context: ZodOptional<ZodString>; }, $strip>' is missing the following properties from type 'ZodType<any, any, any>': _type, _parse, _getType, _getOrReturnCtx, and 7 more.
src/ai/flows/suggest-playbook.ts(53,5): error TS2740: Type 'ZodObject<{ id: ZodOptional<ZodString>; brandId: ZodDefault<ZodString>; name: ZodString; description: ZodDefault<ZodOptional<ZodString>>; ... 8 more ...; updatedAt: ZodOptional<...>; }, $strip>' is missing the following properties from type 'ZodType<any, any, any>': _type, _parse, _getType, _getOrReturnCtx, and 7 more.
src/ai/flows/summarize-reviews.ts(35,7): error TS2740: Type 'ZodObject<{ productName: ZodString; reviews: ZodArray<ZodString>; }, $strip>' is missing the following properties from type 'ZodType<any, any, any>': _type, _parse, _getType, _getOrReturnCtx, and 7 more.
src/ai/flows/summarize-reviews.ts(40,15): error TS2740: Type 'ZodObject<{ summary: ZodString; pros: ZodArray<ZodString>; cons: ZodArray<ZodString>; reviewCount: ZodNumber; }, $strip>' is missing the following properties from type 'ZodType<any, any, any>': _type, _parse, _getType, _getOrReturnCtx, and 7 more.
src/ai/flows/summarize-reviews.ts(62,5): error TS2740: Type 'ZodObject<{ productId: ZodString; brandId: ZodString; productName: ZodString; reviewTexts: ZodArray<ZodString>; }, $strict>' is missing the following properties from type 'ZodType<any, any, any>': _type, _parse, _getType, _getOrReturnCtx, and 7 more.
src/ai/flows/summarize-reviews.ts(63,5): error TS2740: Type 'ZodNullable<ZodObject<{ summary: ZodString; pros: ZodArray<ZodString>; cons: ZodArray<ZodString>; reviewCount: ZodNumber; }, $strip>>' is missing the following properties from type 'ZodType<any, any, any>': _type, _parse, _getType, _getOrReturnCtx, and 7 more.
src/ai/flows/update-product-embeddings.ts(38,14): error TS2740: Type 'ZodObject<{ productName: ZodString; reviews: ZodArray<ZodString>; }, $strip>' is missing the following properties from type 'ZodType<any, any, any>': _type, _parse, _getType, _getOrReturnCtx, and 7 more.
src/ai/flows/update-product-embeddings.ts(39,15): error TS2740: Type 'ZodObject<{ summary: ZodString; }, $strip>' is missing the following properties from type 'ZodType<any, any, any>': _type, _parse, _getType, _getOrReturnCtx, and 7 more.
src/ai/flows/update-product-embeddings.ts(57,5): error TS2740: Type 'ZodObject<{ productName: ZodString; reviewTexts: ZodArray<ZodString>; }, $strip>' is missing the following properties from type 'ZodType<any, any, any>': _type, _parse, _getType, _getOrReturnCtx, and 7 more.
src/ai/flows/update-product-embeddings.ts(61,5): error TS2740: Type 'ZodObject<{ summary: ZodString; embedding: ZodArray<ZodNumber>; model: ZodString; }, $strip>' is missing the following properties from type 'ZodType<any, any, any>': _type, _parse, _getType, _getOrReturnCtx, and 7 more.
src/ai/generators/remotion-video.ts(104,52): error TS2345: Argument of type '{ renderId: string; bucketName: string; region: any; }' is not assignable to parameter of type 'GetRenderProgressInput'.
  Property 'functionName' is missing in type '{ renderId: string; bucketName: string; region: any; }' but required in type 'GetRenderProgressInput'.
src/ai/marketing-agent.ts(20,9): error TS2740: Type 'ZodObject<{ goal: ZodString; audience: ZodOptional<ZodString>; tone: ZodOptional<ZodString>; productContext: ZodOptional<ZodString>; }, $strip>' is missing the following properties from type 'ZodType<any, any, any>': _type, _parse, _getType, _getOrReturnCtx, and 7 more.
src/ai/marketing-agent.ts(27,15): error TS2740: Type 'ZodObject<{ subjectLines: ZodArray<ZodString>; emailBody: ZodString; previewText: ZodString; suggestedSegment: ZodString; }, $strip>' is missing the following properties from type 'ZodType<any, any, any>': _type, _parse, _getType, _getOrReturnCtx, and 7 more.
src/app/api/browser/session-capture/[serviceId]/route.ts(19,22): error TS2307: Cannot find module '@sparticuz/chromium' or its corresponding type declarations.
src/app/api/demo/import-menu/route.ts(69,52): error TS2339: Property 'errors' does not exist on type 'ZodError<unknown>'.
src/app/api/schemas.ts(203,14): error TS2554: Expected 2-3 arguments, but got 1.
src/app/api/schemas.ts(243,14): error TS2554: Expected 2-3 arguments, but got 1.
src/app/api/schemas.ts(253,16): error TS2554: Expected 2-3 arguments, but got 1.
src/app/api/schemas.ts(325,15): error TS2554: Expected 2-3 arguments, but got 1.
src/app/api/social-equity/apply/route.ts(27,20): error TS2769: No overload matches this call.
  Overload 1 of 2, '(values: readonly ["social_equity", "equity_applicant"], params?: string | { error?: string | $ZodErrorMap<$ZodIssueInvalidValue<unknown>> | undefined; message?: string | undefined; } | undefined): ZodEnum<...>', gave the following error.
    Object literal may only specify known properties, and 'errorMap' does not exist in type '{ error?: string | $ZodErrorMap<$ZodIssueInvalidValue<unknown>> | undefined; message?: string | undefined; }'.
  Overload 2 of 2, '(entries: Readonly<Record<string, EnumValue>>, params?: string | { error?: string | $ZodErrorMap<$ZodIssueInvalidValue<unknown>> | undefined; message?: string | undefined; } | undefined): ZodEnum<...>', gave the following error.
    Argument of type 'string[]' is not assignable to parameter of type 'Readonly<Record<string, EnumValue>>'.
      Index signature for type 'string' is missing in type 'string[]'.
src/app/api/training/execute/route.ts(54,87): error TS2339: Property 'errors' does not exist on type 'ZodError<{ challengeId: string; code: string; }>'.
src/lib/errors.ts(99,21): error TS2339: Property 'errors' does not exist on type 'ZodError<unknown>'.
src/lib/errors.ts(106,24): error TS2339: Property 'errors' does not exist on type 'ZodError<unknown>'.
src/lib/errors.ts(106,35): error TS7006: Parameter 'err' implicitly has an 'any' type.
src/lib/foot-traffic/checkout-router.ts(136,55): error TS2307: Cannot find module '@/server/services/availability-orchestrator' or its corresponding type declarations.
src/server/actions/academy-resources.ts(97,22): error TS2339: Property 'errors' does not exist on type 'ZodError<unknown>'.
src/server/actions/ai-settings.ts(103,38): error TS2339: Property 'errors' does not exist on type 'ZodError<{ customInstructions: string; tone: "professional" | "casual" | "friendly" | "formal"; responseLength: "auto" | "detailed" | "brief"; preferredLanguage: string; businessContext: string; ... 5 more ...; updatedBy?: string | undefined; }>'.
src/server/actions/ai-settings.ts(150,58): error TS2339: Property 'errors' does not exist on type 'ZodError<{ customInstructions: string; tone: "professional" | "casual" | "friendly" | "formal"; responseLength: "auto" | "detailed" | "brief"; preferredLanguage: string; businessContext: string; ... 5 more ...; updatedBy?: string | undefined; }>'.
src/server/actions/ai-settings.ts(150,69): error TS7006: Parameter 'e' implicitly has an 'any' type.
src/server/actions/ai-settings.ts(223,38): error TS2339: Property 'errors' does not exist on type 'ZodError<{ customInstructions: string; responseFormat: "auto" | "bullets" | "paragraphs" | "numbered"; experienceLevel: "beginner" | "intermediate" | "experienced"; accessibility: { simpleLanguage: boolean; avoidJargon: boolean; largerText: boolean; }; preferredTone?: "professional" | ... 3 more ... | undefined; def...'.
src/server/actions/ai-settings.ts(255,58): error TS2339: Property 'errors' does not exist on type 'ZodError<{ customInstructions: string; responseFormat: "auto" | "bullets" | "paragraphs" | "numbered"; experienceLevel: "beginner" | "intermediate" | "experienced"; accessibility: { simpleLanguage: boolean; avoidJargon: boolean; largerText: boolean; }; preferredTone?: "professional" | ... 3 more ... | undefined; def...'.
src/server/actions/ai-settings.ts(255,69): error TS7006: Parameter 'e' implicitly has an 'any' type.
src/server/actions/checkin-management.ts(157,51): error TS2339: Property 'errors' does not exist on type 'ZodError<unknown>'.
src/server/actions/driver.ts(156,51): error TS2339: Property 'errors' does not exist on type 'ZodError<unknown>'.
src/server/actions/driver.ts(240,51): error TS2339: Property 'errors' does not exist on type 'ZodError<unknown>'.
src/server/actions/inbox-launch.ts(60,9): error TS2740: Type 'ZodObject<{ prompt: ZodString; launchTypeLabel: ZodString; audienceLabel: ZodString; brandName: ZodOptional<ZodString>; }, $strip>' is missing the following properties from type 'ZodType<any, any, any>': _type, _parse, _getType, _getOrReturnCtx, and 7 more.
src/server/actions/inbox-launch.ts(67,15): error TS2740: Type 'ZodObject<{ title: ZodString; summary: ZodString; launchWindow: ZodString; offer: ZodString; heroMessage: ZodString; recommendedChannels: ZodArray<...>; timeline: ZodArray<...>; complianceNotes: ZodArray<...>; assetPrompts: ZodObject<...>; }, $strip>' is missing the following properties from type 'ZodType<any, any, any>': _type, _parse, _getType, _getOrReturnCtx, and 7 more.
src/server/actions/inbox-media.ts(83,9): error TS2740: Type 'ZodObject<{ prompt: ZodString; style: ZodString; platform: ZodEnum<{ instagram: "instagram"; tiktok: "tiktok"; }>; brandName: ZodOptional<ZodString>; }, $strip>' is missing the following properties from type 'ZodType<any, any, any>': _type, _parse, _getType, _getOrReturnCtx, and 7 more.
src/server/actions/inbox-media.ts(90,15): error TS2740: Type 'ZodObject<{ title: ZodString; hook: ZodString; visuals: ZodString; audio: ZodOptional<ZodString>; script: ZodString; caption: ZodOptional<...>; hashtags: ZodDefault<...>; generationPrompt: ZodString; }, $strip>' is missing the following properties from type 'ZodType<any, any, any>': _type, _parse, _getType, _getOrReturnCtx, and 7 more.
src/server/actions/loyalty-tablet.ts(727,69): error TS2339: Property 'errors' does not exist on type 'ZodError<unknown>'.
src/server/actions/post-purchase-feedback.ts(294,30): error TS2339: Property 'errors' does not exist on type 'ZodError<unknown>'.
src/server/actions/post-purchase-feedback.ts(432,30): error TS2339: Property 'errors' does not exist on type 'ZodError<unknown>'.
src/server/actions/public-review.ts(125,51): error TS2339: Property 'errors' does not exist on type 'ZodError<unknown>'.
src/server/actions/subscription.ts(420,30): error TS2339: Property 'errors' does not exist on type 'ZodError<unknown>'.
src/server/actions/subscription.ts(420,42): error TS7006: Parameter 'e' implicitly has an 'any' type.
src/server/actions/visitor-checkin.ts(913,30): error TS2339: Property 'errors' does not exist on type 'ZodError<unknown>'.
src/server/actions/visitor-checkin.ts(1016,30): error TS2339: Property 'errors' does not exist on type 'ZodError<unknown>'.
src/server/actions/visitor-checkin.ts(1342,30): error TS2339: Property 'errors' does not exist on type 'ZodError<unknown>'.
src/server/agents/bigworm.ts(75,33): error TS2554: Expected 2-3 arguments, but got 1.
src/server/agents/deebo.ts(157,31): error TS2769: No overload matches this call.
  Overload 1 of 3, '(strPrompt: string): Promise<GenerateResponse<any>>', gave the following error.
    Argument of type '{ prompt: string; model: string; output: { schema: z.ZodObject<{ status: z.ZodEnum<{ warning: "warning"; fail: "fail"; pass: "pass"; }>; violations: z.ZodArray<z.ZodString>; suggestions: z.ZodArray<z.ZodString>; }, z.core.$strip>; }; }' is not assignable to parameter of type 'string'.
  Overload 2 of 3, '(parts: ({ text: string; custom?: Record<string, unknown> | undefined; metadata?: Record<string, unknown> | undefined; media?: undefined; toolRequest?: undefined; toolResponse?: undefined; data?: unknown; reasoning?: undefined; resource?: undefined; } | ... 6 more ... | { ...; })[]): Promise<...>', gave the following error.
    Object literal may only specify known properties, and 'prompt' does not exist in type '({ text: string; custom?: Record<string, unknown> | undefined; metadata?: Record<string, unknown> | undefined; media?: undefined; toolRequest?: undefined; toolResponse?: undefined; data?: unknown; reasoning?: undefined; resource?: undefined; } | ... 6 more ... | { ...; })[]'.
  Overload 3 of 3, '(opts: GenerateOptions<ZodTypeAny, ZodObject<{ version: ZodOptional<ZodString>; temperature: ZodOptional<ZodNumber>; maxOutputTokens: ZodOptional<...>; topK: ZodOptional<...>; topP: ZodOptional<...>; stopSequences: ZodOptional<...>; apiKey: ZodOptional<...>; }, "passthrough", ZodTypeAny, objectOutputType<...>, objectInputType<...>>> | PromiseLike<...>): Promise<...>', gave the following error.
    Type 'ZodObject<{ status: ZodEnum<{ warning: "warning"; fail: "fail"; pass: "pass"; }>; violations: ZodArray<ZodString>; suggestions: ZodArray<ZodString>; }, $strip>' is missing the following properties from type 'ZodType<any, any, any>': _type, _parse, _getType, _getOrReturnCtx, and 7 more.
src/server/agents/executive.ts(195,29): error TS2554: Expected 2-3 arguments, but got 1.
src/server/agents/executive.ts(292,34): error TS2554: Expected 2-3 arguments, but got 1.
src/server/agents/ezal-team/scraper-agent.ts(233,31): error TS2769: No overload matches this call.
  Overload 1 of 3, '(strPrompt: string): Promise<GenerateResponse<any>>', gave the following error.
    Argument of type '{ model: string; prompt: string; output: { schema: z.ZodObject<{ products: z.ZodArray<z.ZodObject<{ name: z.ZodString; brand: z.ZodOptional<z.ZodString>; category: z.ZodOptional<z.ZodString>; price: z.ZodOptional<z.ZodNumber>; regularPrice: z.ZodOptional<...>; inStock: z.ZodOptional<...>; thc: z.ZodOptional<...>; cb...' is not assignable to parameter of type 'string'.
  Overload 2 of 3, '(parts: ({ text: string; custom?: Record<string, unknown> | undefined; metadata?: Record<string, unknown> | undefined; media?: undefined; toolRequest?: undefined; toolResponse?: undefined; data?: unknown; reasoning?: undefined; resource?: undefined; } | ... 6 more ... | { ...; })[]): Promise<...>', gave the following error.
    Object literal may only specify known properties, and 'model' does not exist in type '({ text: string; custom?: Record<string, unknown> | undefined; metadata?: Record<string, unknown> | undefined; media?: undefined; toolRequest?: undefined; toolResponse?: undefined; data?: unknown; reasoning?: undefined; resource?: undefined; } | ... 6 more ... | { ...; })[]'.
  Overload 3 of 3, '(opts: GenerateOptions<ZodTypeAny, ZodObject<{ version: ZodOptional<ZodString>; temperature: ZodOptional<ZodNumber>; maxOutputTokens: ZodOptional<...>; topK: ZodOptional<...>; topP: ZodOptional<...>; stopSequences: ZodOptional<...>; apiKey: ZodOptional<...>; }, "passthrough", ZodTypeAny, objectOutputType<...>, objectInputType<...>>> | PromiseLike<...>): Promise<...>', gave the following error.
    Type 'ZodObject<{ products: ZodArray<ZodObject<{ name: ZodString; brand: ZodOptional<ZodString>; category: ZodOptional<ZodString>; price: ZodOptional<ZodNumber>; regularPrice: ZodOptional<...>; inStock: ZodOptional<...>; thc: ZodOptional<...>; cbd: ZodOptional<...>; }, $strip>>; }, $strip>' is missing the following properties from type 'ZodType<any, any, any>': _type, _parse, _getType, _getOrReturnCtx, and 7 more.
src/server/agents/ezal-team/types.ts(30,15): error TS2554: Expected 2-3 arguments, but got 1.
src/server/agents/ezal-team/types.ts(57,17): error TS2554: Expected 2-3 arguments, but got 1.
src/server/agents/ezal-team/types.ts(95,11): error TS2554: Expected 2-3 arguments, but got 1.
src/server/agents/ezal-team/types.ts(106,14): error TS2554: Expected 2-3 arguments, but got 1.
src/server/agents/harness.ts(393,35): error TS2769: No overload matches this call.
  Overload 1 of 3, '(strPrompt: string): Promise<GenerateResponse<any>>', gave the following error.
    Argument of type '{ model: string; prompt: string; output: { schema: z.ZodObject<{ thought: z.ZodString; status: z.ZodEnum<{ CONTINUE: "CONTINUE"; COMPLETE: "COMPLETE"; BLOCKED: "BLOCKED"; }>; toolName: z.ZodNullable<z.ZodString>; args: z.ZodRecord<...>; }, z.core.$strip>; }; }' is not assignable to parameter of type 'string'.
  Overload 2 of 3, '(parts: ({ text: string; custom?: Record<string, unknown> | undefined; metadata?: Record<string, unknown> | undefined; media?: undefined; toolRequest?: undefined; toolResponse?: undefined; data?: unknown; reasoning?: undefined; resource?: undefined; } | ... 6 more ... | { ...; })[]): Promise<...>', gave the following error.
    Object literal may only specify known properties, and 'model' does not exist in type '({ text: string; custom?: Record<string, unknown> | undefined; metadata?: Record<string, unknown> | undefined; media?: undefined; toolRequest?: undefined; toolResponse?: undefined; data?: unknown; reasoning?: undefined; resource?: undefined; } | ... 6 more ... | { ...; })[]'.
  Overload 3 of 3, '(opts: GenerateOptions<ZodTypeAny, ZodObject<{ version: ZodOptional<ZodString>; temperature: ZodOptional<ZodNumber>; maxOutputTokens: ZodOptional<...>; topK: ZodOptional<...>; topP: ZodOptional<...>; stopSequences: ZodOptional<...>; apiKey: ZodOptional<...>; }, "passthrough", ZodTypeAny, objectOutputType<...>, objectInputType<...>>> | PromiseLike<...>): Promise<...>', gave the following error.
    Type 'ZodObject<{ thought: ZodString; status: ZodEnum<{ CONTINUE: "CONTINUE"; COMPLETE: "COMPLETE"; BLOCKED: "BLOCKED"; }>; toolName: ZodNullable<ZodString>; args: ZodRecord<...>; }, $strip>' is missing the following properties from type 'ZodType<any, any, any>': _type, _parse, _getType, _getOrReturnCtx, and 7 more.
src/server/agents/harness.ts(401,33): error TS2554: Expected 2-3 arguments, but got 1.
src/server/agents/harness.ts(730,31): error TS2769: No overload matches this call.
  Overload 1 of 3, '(strPrompt: string): Promise<GenerateResponse<any>>', gave the following error.
    Argument of type '{ model: string | undefined; prompt: string; output: { schema: z.ZodObject<{ thought: z.ZodString; status: z.ZodEnum<{ CONTINUE: "CONTINUE"; COMPLETE: "COMPLETE"; BLOCKED: "BLOCKED"; }>; toolName: z.ZodNullable<...>; args: z.ZodRecord<...>; }, z.core.$strip>; }; }' is not assignable to parameter of type 'string'.
  Overload 2 of 3, '(parts: ({ text: string; custom?: Record<string, unknown> | undefined; metadata?: Record<string, unknown> | undefined; media?: undefined; toolRequest?: undefined; toolResponse?: undefined; data?: unknown; reasoning?: undefined; resource?: undefined; } | ... 6 more ... | { ...; })[]): Promise<...>', gave the following error.
    Object literal may only specify known properties, and 'model' does not exist in type '({ text: string; custom?: Record<string, unknown> | undefined; metadata?: Record<string, unknown> | undefined; media?: undefined; toolRequest?: undefined; toolResponse?: undefined; data?: unknown; reasoning?: undefined; resource?: undefined; } | ... 6 more ... | { ...; })[]'.
  Overload 3 of 3, '(opts: GenerateOptions<ZodTypeAny, ZodObject<{ version: ZodOptional<ZodString>; temperature: ZodOptional<ZodNumber>; maxOutputTokens: ZodOptional<...>; topK: ZodOptional<...>; topP: ZodOptional<...>; stopSequences: ZodOptional<...>; apiKey: ZodOptional<...>; }, "passthrough", ZodTypeAny, objectOutputType<...>, objectInputType<...>>> | PromiseLike<...>): Promise<...>', gave the following error.
    Type 'ZodObject<{ thought: ZodString; status: ZodEnum<{ CONTINUE: "CONTINUE"; COMPLETE: "COMPLETE"; BLOCKED: "BLOCKED"; }>; toolName: ZodNullable<ZodString>; args: ZodRecord<...>; }, $strip>' is missing the following properties from type 'ZodType<any, any, any>': _type, _parse, _getType, _getOrReturnCtx, and 7 more.
src/server/agents/harness.ts(738,29): error TS2554: Expected 2-3 arguments, but got 1.
src/server/agents/intention/analyzer.ts(45,33): error TS2769: No overload matches this call.
  Overload 1 of 3, '(strPrompt: string): Promise<GenerateResponse<any>>', gave the following error.
    Argument of type '{ prompt: string; output: { schema: z.ZodObject<{ isAmbiguous: z.ZodBoolean; commit: z.ZodOptional<z.ZodObject<{ id: z.ZodString; agentId: z.ZodString; userQuery: z.ZodString; timestamp: z.ZodNumber; goal: z.ZodString; assumptions: z.ZodArray<...>; constraints: z.ZodArray<...>; plan: z.ZodArray<...>; status: z.ZodDe...' is not assignable to parameter of type 'string'.
  Overload 2 of 3, '(parts: ({ text: string; custom?: Record<string, unknown> | undefined; metadata?: Record<string, unknown> | undefined; media?: undefined; toolRequest?: undefined; toolResponse?: undefined; data?: unknown; reasoning?: undefined; resource?: undefined; } | ... 6 more ... | { ...; })[]): Promise<...>', gave the following error.
    Object literal may only specify known properties, and 'prompt' does not exist in type '({ text: string; custom?: Record<string, unknown> | undefined; metadata?: Record<string, unknown> | undefined; media?: undefined; toolRequest?: undefined; toolResponse?: undefined; data?: unknown; reasoning?: undefined; resource?: undefined; } | ... 6 more ... | { ...; })[]'.
  Overload 3 of 3, '(opts: GenerateOptions<ZodTypeAny, ZodObject<{ version: ZodOptional<ZodString>; temperature: ZodOptional<ZodNumber>; maxOutputTokens: ZodOptional<...>; topK: ZodOptional<...>; topP: ZodOptional<...>; stopSequences: ZodOptional<...>; apiKey: ZodOptional<...>; }, "passthrough", ZodTypeAny, objectOutputType<...>, objectInputType<...>>> | PromiseLike<...>): Promise<...>', gave the following error.
    Type 'ZodObject<{ isAmbiguous: ZodBoolean; commit: ZodOptional<ZodObject<{ id: ZodString; agentId: ZodString; userQuery: ZodString; timestamp: ZodNumber; goal: ZodString; assumptions: ZodArray<...>; constraints: ZodArray<...>; plan: ZodArray<...>; status: ZodDefault<...>; }, $strip>>; clarification: ZodOptional<...>; }, $...' is missing the following properties from type 'ZodType<any, any, any>': _type, _parse, _getType, _getOrReturnCtx, and 7 more.
src/server/agents/linus.ts(4756,69): error TS2339: Property 'id' does not exist on type 'GCPIncident'.
src/server/agents/mrsParker.ts(167,32): error TS2554: Expected 2-3 arguments, but got 1.
src/server/agents/pops.ts(215,35): error TS2769: No overload matches this call.
  Overload 1 of 3, '(strPrompt: string): Promise<GenerateResponse<any>>', gave the following error.
    Argument of type '{ model: string; prompt: string; output: { schema: z.ZodObject<{ thought: z.ZodString; toolName: z.ZodEnum<{ null: "null"; lettaSaveFact: "lettaSaveFact"; lettaUpdateCoreMemory: "lettaUpdateCoreMemory"; lettaMessageAgent: "lettaMessageAgent"; ... 10 more ...; detectAnomalies: "detectAnomalies"; }>; args: z.ZodRecord...' is not assignable to parameter of type 'string'.
  Overload 2 of 3, '(parts: ({ text: string; custom?: Record<string, unknown> | undefined; metadata?: Record<string, unknown> | undefined; media?: undefined; toolRequest?: undefined; toolResponse?: undefined; data?: unknown; reasoning?: undefined; resource?: undefined; } | ... 6 more ... | { ...; })[]): Promise<...>', gave the following error.
    Object literal may only specify known properties, and 'model' does not exist in type '({ text: string; custom?: Record<string, unknown> | undefined; metadata?: Record<string, unknown> | undefined; media?: undefined; toolRequest?: undefined; toolResponse?: undefined; data?: unknown; reasoning?: undefined; resource?: undefined; } | ... 6 more ... | { ...; })[]'.
  Overload 3 of 3, '(opts: GenerateOptions<ZodTypeAny, ZodObject<{ version: ZodOptional<ZodString>; temperature: ZodOptional<ZodNumber>; maxOutputTokens: ZodOptional<...>; topK: ZodOptional<...>; topP: ZodOptional<...>; stopSequences: ZodOptional<...>; apiKey: ZodOptional<...>; }, "passthrough", ZodTypeAny, objectOutputType<...>, objectInputType<...>>> | PromiseLike<...>): Promise<...>', gave the following error.
    Type 'ZodObject<{ thought: ZodString; toolName: ZodEnum<{ null: "null"; lettaSaveFact: "lettaSaveFact"; lettaUpdateCoreMemory: "lettaUpdateCoreMemory"; lettaMessageAgent: "lettaMessageAgent"; ... 10 more ...; detectAnomalies: "detectAnomalies"; }>; args: ZodRecord<...>; }, $strip>' is missing the following properties from type 'ZodType<any, any, any>': _type, _parse, _getType, _getOrReturnCtx, and 7 more.
src/server/agents/pops.ts(222,33): error TS2554: Expected 2-3 arguments, but got 1.
src/server/agents/schemas.ts(35,19): error TS2554: Expected 2-3 arguments, but got 1.
src/server/agents/schemas.ts(58,18): error TS2554: Expected 2-3 arguments, but got 1.
src/server/agents/schemas.ts(107,17): error TS2554: Expected 2-3 arguments, but got 1.
src/server/agents/schemas.ts(108,20): error TS2554: Expected 2-3 arguments, but got 1.
src/server/agents/schemas.ts(200,19): error TS2554: Expected 2-3 arguments, but got 1.
src/server/agents/schemas.ts(229,17): error TS2554: Expected 2-3 arguments, but got 1.
src/server/agents/schemas.ts(273,16): error TS2554: Expected 2-3 arguments, but got 1.
src/server/agents/schemas.ts(358,26): error TS2554: Expected 2-3 arguments, but got 1.
src/server/agents/schemas.ts(396,23): error TS2554: Expected 2-3 arguments, but got 1.
src/server/agents/schemas.ts(402,26): error TS2554: Expected 2-3 arguments, but got 1.
src/server/agents/schemas.ts(430,17): error TS2554: Expected 2-3 arguments, but got 1.
src/server/agents/tools/domain/build-monitor-tools.ts(15,42): error TS2769: No overload matches this call.
  Overload 2 of 2, '(config: ToolConfig<ZodTypeAny, ZodTypeAny>, fn?: ToolFn<ZodTypeAny, ZodTypeAny> | undefined): ToolAction<...>', gave the following error.
    Type 'ZodObject<{ limit: ZodDefault<ZodNumber>; }, $strip>' is missing the following properties from type 'ZodType<any, any, any>': _type, _parse, _getType, _getOrReturnCtx, and 7 more.
  Overload 2 of 2, '(config: ToolConfig<ZodTypeAny, ZodTypeAny>, fn?: ToolFn<ZodTypeAny, ZodTypeAny> | undefined): ToolAction<...>', gave the following error.
    Type 'ZodObject<{ builds: ZodArray<ZodObject<{ commitHash: ZodString; status: ZodEnum<{ success: "success"; pending: "pending"; failed: "failed"; building: "building"; }>; timestamp: ZodString; duration: ZodOptional<...>; errorMessage: ZodOptional<...>; notificationsSent: ZodObject<...>; }, $strip>>; failureCount: ZodNumb...' is missing the following properties from type 'ZodType<any, any, any>': _type, _parse, _getType, _getOrReturnCtx, and 7 more.
src/server/agents/tools/domain/build-monitor-tools.ts(56,46): error TS2769: No overload matches this call.
  Overload 2 of 2, '(config: ToolConfig<ZodTypeAny, ZodTypeAny>, fn?: ToolFn<ZodTypeAny, ZodTypeAny> | undefined): ToolAction<...>', gave the following error.
    Type 'ZodObject<{}, $strip>' is missing the following properties from type 'ZodType<any, any, any>': _type, _parse, _getType, _getOrReturnCtx, and 7 more.
  Overload 2 of 2, '(config: ToolConfig<ZodTypeAny, ZodTypeAny>, fn?: ToolFn<ZodTypeAny, ZodTypeAny> | undefined): ToolAction<...>', gave the following error.
    Type 'ZodNullable<ZodObject<{ commitHash: ZodString; status: ZodEnum<{ success: "success"; pending: "pending"; failed: "failed"; building: "building"; }>; timestamp: ZodString; duration: ZodOptional<...>; errorMessage: ZodOptional<...>; }, $strip>>' is missing the following properties from type 'ZodType<any, any, any>': _type, _parse, _getType, _getOrReturnCtx, and 7 more.
src/server/agents/tools/domain/build-monitor-tools.ts(85,47): error TS2769: No overload matches this call.
  Overload 2 of 2, '(config: ToolConfig<ZodTypeAny, ZodTypeAny>, fn?: ToolFn<ZodTypeAny, ZodTypeAny> | undefined): ToolAction<...>', gave the following error.
    Type 'ZodObject<{ commitHash: ZodString; errorMessage: ZodString; }, $strip>' is missing the following properties from type 'ZodType<any, any, any>': _type, _parse, _getType, _getOrReturnCtx, and 7 more.
  Overload 2 of 2, '(config: ToolConfig<ZodTypeAny, ZodTypeAny>, fn?: ToolFn<ZodTypeAny, ZodTypeAny> | undefined): ToolAction<...>', gave the following error.
    Type 'ZodObject<{ diagnosis: ZodString; commonCauses: ZodArray<ZodString>; suggestedActions: ZodArray<ZodString>; severity: ZodEnum<{ high: "high"; low: "low"; medium: "medium"; critical: "critical"; }>; }, $strip>' is missing the following properties from type 'ZodType<any, any, any>': _type, _parse, _getType, _getOrReturnCtx, and 7 more.
src/server/agents/tools/domain/build-monitor-tools.ts(162,46): error TS2769: No overload matches this call.
  Overload 2 of 2, '(config: ToolConfig<ZodTypeAny, ZodTypeAny>, fn?: ToolFn<ZodTypeAny, ZodTypeAny> | undefined): ToolAction<...>', gave the following error.
    Type 'ZodObject<{ commitHash: ZodString; errorMessage: ZodString; recipientEmail: ZodString; }, $strip>' is missing the following properties from type 'ZodType<any, any, any>': _type, _parse, _getType, _getOrReturnCtx, and 7 more.
  Overload 2 of 2, '(config: ToolConfig<ZodTypeAny, ZodTypeAny>, fn?: ToolFn<ZodTypeAny, ZodTypeAny> | undefined): ToolAction<...>', gave the following error.
    Type 'ZodObject<{ success: ZodBoolean; message: ZodString; }, $strip>' is missing the following properties from type 'ZodType<any, any, any>': _type, _parse, _getType, _getOrReturnCtx, and 7 more.
src/server/agents/tools/domain/build-monitor-tools.ts(196,45): error TS2769: No overload matches this call.
  Overload 2 of 2, '(config: ToolConfig<ZodTypeAny, ZodTypeAny>, fn?: ToolFn<ZodTypeAny, ZodTypeAny> | undefined): ToolAction<...>', gave the following error.
    Type 'ZodObject<{ commitHash: ZodString; status: ZodEnum<{ success: "success"; pending: "pending"; failed: "failed"; building: "building"; }>; duration: ZodNumber; errorMessage: ZodOptional<...>; }, $strip>' is missing the following properties from type 'ZodType<any, any, any>': _type, _parse, _getType, _getOrReturnCtx, and 7 more.
  Overload 2 of 2, '(config: ToolConfig<ZodTypeAny, ZodTypeAny>, fn?: ToolFn<ZodTypeAny, ZodTypeAny> | undefined): ToolAction<...>', gave the following error.
    Type 'ZodObject<{ success: ZodBoolean; message: ZodString; }, $strip>' is missing the following properties from type 'ZodType<any, any, any>': _type, _parse, _getType, _getOrReturnCtx, and 7 more.
src/server/agents/tools/domain/crm-full.ts(27,33): error TS2769: No overload matches this call.
  Overload 2 of 2, '(config: ToolConfig<ZodTypeAny, ZodTypeAny>, fn?: ToolFn<ZodTypeAny, ZodTypeAny> | undefined): ToolAction<...>', gave the following error.
    Type 'ZodObject<{ search: ZodOptional<ZodString>; lifecycleStage: ZodOptional<ZodEnum<{ customer: "customer"; vip: "vip"; churned: "churned"; winback: "winback"; prospect: "prospect"; contacted: "contacted"; demo_scheduled: "demo_scheduled"; trial: "trial"; }>>; limit: ZodOptional<...>; signedUpAfter: ZodOptional<...>; },...' is missing the following properties from type 'ZodType<any, any, any>': _type, _parse, _getType, _getOrReturnCtx, and 7 more.
  Overload 2 of 2, '(config: ToolConfig<ZodTypeAny, ZodTypeAny>, fn?: ToolFn<ZodTypeAny, ZodTypeAny> | undefined): ToolAction<...>', gave the following error.
    Type 'ZodObject<{ users: ZodArray<ZodObject<{ id: ZodString; email: ZodString; displayName: ZodString; accountType: ZodString; lifecycleStage: ZodString; plan: ZodString; mrr: ZodNumber; signupAt: ZodString; orgName: ZodNullable<...>; }, $strip>>; total: ZodNumber; }, $strip>' is missing the following properties from type 'ZodType<any, any, any>': _type, _parse, _getType, _getOrReturnCtx, and 7 more.
src/server/agents/tools/domain/crm-full.ts(80,32): error TS2769: No overload matches this call.
  Overload 2 of 2, '(config: ToolConfig<ZodTypeAny, ZodTypeAny>, fn?: ToolFn<ZodTypeAny, ZodTypeAny> | undefined): ToolAction<...>', gave the following error.
    Type 'ZodObject<{}, $strip>' is missing the following properties from type 'ZodType<any, any, any>': _type, _parse, _getType, _getOrReturnCtx, and 7 more.
  Overload 2 of 2, '(config: ToolConfig<ZodTypeAny, ZodTypeAny>, fn?: ToolFn<ZodTypeAny, ZodTypeAny> | undefined): ToolAction<...>', gave the following error.
    Type 'ZodObject<{ totalUsers: ZodNumber; activeUsers: ZodNumber; totalMRR: ZodNumber; byLifecycle: ZodRecord<ZodNumber, SomeType>; }, $strip>' is missing the following properties from type 'ZodType<any, any, any>': _type, _parse, _getType, _getOrReturnCtx, and 7 more.
src/server/agents/tools/domain/crm-full.ts(89,28): error TS2554: Expected 2-3 arguments, but got 1.
src/server/agents/tools/domain/crm-full.ts(104,39): error TS2769: No overload matches this call.
  Overload 2 of 2, '(config: ToolConfig<ZodTypeAny, ZodTypeAny>, fn?: ToolFn<ZodTypeAny, ZodTypeAny> | undefined): ToolAction<...>', gave the following error.
    Type 'ZodObject<{ userId: ZodString; stage: ZodEnum<{ customer: "customer"; vip: "vip"; churned: "churned"; winback: "winback"; prospect: "prospect"; contacted: "contacted"; demo_scheduled: "demo_scheduled"; trial: "trial"; }>; note: ZodOptional<...>; }, $strip>' is missing the following properties from type 'ZodType<any, any, any>': _type, _parse, _getType, _getOrReturnCtx, and 7 more.
  Overload 2 of 2, '(config: ToolConfig<ZodTypeAny, ZodTypeAny>, fn?: ToolFn<ZodTypeAny, ZodTypeAny> | undefined): ToolAction<...>', gave the following error.
    Type 'ZodObject<{ success: ZodBoolean; message: ZodString; }, $strip>' is missing the following properties from type 'ZodType<any, any, any>': _type, _parse, _getType, _getOrReturnCtx, and 7 more.
src/server/agents/tools/domain/crm-full.ts(135,31): error TS2769: No overload matches this call.
  Overload 2 of 2, '(config: ToolConfig<ZodTypeAny, ZodTypeAny>, fn?: ToolFn<ZodTypeAny, ZodTypeAny> | undefined): ToolAction<...>', gave the following error.
    Type 'ZodObject<{ userId: ZodString; note: ZodString; authorId: ZodOptional<ZodString>; }, $strip>' is missing the following properties from type 'ZodType<any, any, any>': _type, _parse, _getType, _getOrReturnCtx, and 7 more.
  Overload 2 of 2, '(config: ToolConfig<ZodTypeAny, ZodTypeAny>, fn?: ToolFn<ZodTypeAny, ZodTypeAny> | undefined): ToolAction<...>', gave the following error.
    Type 'ZodObject<{ success: ZodBoolean; message: ZodString; }, $strip>' is missing the following properties from type 'ZodType<any, any, any>': _type, _parse, _getType, _getOrReturnCtx, and 7 more.
src/server/agents/tools/domain/crm-full.ts(166,30): error TS2769: No overload matches this call.
  Overload 2 of 2, '(config: ToolConfig<ZodTypeAny, ZodTypeAny>, fn?: ToolFn<ZodTypeAny, ZodTypeAny> | undefined): ToolAction<...>', gave the following error.
    Type 'ZodObject<{ query: ZodString; limit: ZodOptional<ZodNumber>; }, $strip>' is missing the following properties from type 'ZodType<any, any, any>': _type, _parse, _getType, _getOrReturnCtx, and 7 more.
  Overload 2 of 2, '(config: ToolConfig<ZodTypeAny, ZodTypeAny>, fn?: ToolFn<ZodTypeAny, ZodTypeAny> | undefined): ToolAction<...>', gave the following error.
    Type 'ZodObject<{ users: ZodArray<ZodObject<{ id: ZodString; email: ZodString; displayName: ZodString; lifecycleStage: ZodString; }, $strip>>; brands: ZodArray<...>; dispensaries: ZodArray<...>; leads: ZodArray<...>; }, $strip>' is missing the following properties from type 'ZodType<any, any, any>': _type, _parse, _getType, _getOrReturnCtx, and 7 more.
src/server/agents/workflow/task-manager.ts(85,37): error TS2769: No overload matches this call.
  Overload 1 of 3, '(strPrompt: string): Promise<GenerateResponse<any>>', gave the following error.
    Argument of type '{ prompt: string; output: { format: string; schema: z.ZodObject<{ subtasks: z.ZodArray<z.ZodString>; }, z.core.$strip>; }; model: string; config?: Record<string, any>; }' is not assignable to parameter of type 'string'.
  Overload 2 of 3, '(parts: ({ text: string; custom?: Record<string, unknown> | undefined; metadata?: Record<string, unknown> | undefined; media?: undefined; toolRequest?: undefined; toolResponse?: undefined; data?: unknown; reasoning?: undefined; resource?: undefined; } | ... 6 more ... | { ...; })[]): Promise<...>', gave the following error.
    Object literal may only specify known properties, and 'prompt' does not exist in type '({ text: string; custom?: Record<string, unknown> | undefined; metadata?: Record<string, unknown> | undefined; media?: undefined; toolRequest?: undefined; toolResponse?: undefined; data?: unknown; reasoning?: undefined; resource?: undefined; } | ... 6 more ... | { ...; })[]'.
  Overload 3 of 3, '(opts: GenerateOptions<ZodTypeAny, ZodObject<{ version: ZodOptional<ZodString>; temperature: ZodOptional<ZodNumber>; maxOutputTokens: ZodOptional<...>; topK: ZodOptional<...>; topP: ZodOptional<...>; stopSequences: ZodOptional<...>; apiKey: ZodOptional<...>; }, "passthrough", ZodTypeAny, objectOutputType<...>, objectInputType<...>>> | PromiseLike<...>): Promise<...>', gave the following error.
    Type 'ZodObject<{ subtasks: ZodArray<ZodString>; }, $strip>' is missing the following properties from type 'ZodType<any, any, any>': _type, _parse, _getType, _getOrReturnCtx, and 7 more.
src/server/auth/api-key-auth.ts(8,47): error TS2307: Cannot find module '@/server/services/api-key-manager' or its corresponding type declarations.
src/server/grounding/role-loader.ts(202,38): error TS2339: Property 'errors' does not exist on type 'ZodError<{ metadata: { dispensary: string; address: string; version: string; created: string; last_updated: string; total_qa_pairs: number; author: string; brandId?: string | undefined; }; categories: Record<...>; ... 6 more ...; agent_personas?: Record<...> | undefined; }>'.
src/server/jobs/brand-discovery-job.ts(2,32): error TS2307: Cannot find module '@/server/services/brand-discovery' or its corresponding type declarations.
src/server/jobs/seo-generator.ts(2,38): error TS2307: Cannot find module '../services/mass-discovery' or its corresponding type declarations.
src/server/middleware/validation.ts(42,31): error TS2339: Property 'errors' does not exist on type 'ZodError<output<T>>'.
src/server/middleware/validation.ts(42,42): error TS7006: Parameter 'err' implicitly has an 'any' type.
src/server/middleware/validation.ts(117,31): error TS2339: Property 'errors' does not exist on type 'ZodError<output<T>>'.
src/server/middleware/validation.ts(117,42): error TS7006: Parameter 'err' implicitly has an 'any' type.
src/server/services/firecrawl.ts(424,40): error TS2339: Property 'description' does not exist on type '$ZodTypeDef'.
src/server/services/google-service-health.ts(66,3): error TS2345: Argument of type '() => Promise<GCPIncident[]>' is not assignable to parameter of type 'string'.
src/server/services/google-service-health.ts(81,27): error TS2349: This expression is not callable.
  Type 'Promise<unknown>' has no call signatures.
src/server/services/letta/memory-types.ts(35,17): error TS2554: Expected 2-3 arguments, but got 1.
src/server/services/letta/memory-types.ts(74,13): error TS2554: Expected 2-3 arguments, but got 1.
src/server/services/letta/procedural-memory.ts(83,17): error TS2322: Type 'WorkflowStep[]' is not assignable to type '{ stepNumber: number; toolName: string; args: Record<string | number | symbol, unknown>; result: unknown; success: boolean; duration_ms?: number | undefined; }[]'.
  Type 'WorkflowStep' is not assignable to type '{ stepNumber: number; toolName: string; args: Record<string | number | symbol, unknown>; result: unknown; success: boolean; duration_ms?: number | undefined; }'.
    Property 'result' is optional in type 'WorkflowStep' but required in type '{ stepNumber: number; toolName: string; args: Record<string | number | symbol, unknown>; result: unknown; success: boolean; duration_ms?: number | undefined; }'.
src/server/services/menu-import.ts(228,27): error TS2769: No overload matches this call.
  Overload 1 of 3, '(strPrompt: string): Promise<GenerateResponse<any>>', gave the following error.
    Argument of type '{ prompt: string; output: { format: string; schema: z.ZodObject<{ data: z.ZodObject<{ dispensary: z.ZodDefault<z.ZodObject<{ name: z.ZodOptional<z.ZodString>; tagline: z.ZodOptional<z.ZodString>; description: z.ZodOptional<z.ZodString>; ... 7 more ...; hours: z.ZodOptional<...>; }, z.core.$strip>>; products: z.ZodDe...' is not assignable to parameter of type 'string'.
  Overload 2 of 3, '(parts: ({ text: string; custom?: Record<string, unknown> | undefined; metadata?: Record<string, unknown> | undefined; media?: undefined; toolRequest?: undefined; toolResponse?: undefined; data?: unknown; reasoning?: undefined; resource?: undefined; } | ... 6 more ... | { ...; })[]): Promise<...>', gave the following error.
    Object literal may only specify known properties, and 'prompt' does not exist in type '({ text: string; custom?: Record<string, unknown> | undefined; metadata?: Record<string, unknown> | undefined; media?: undefined; toolRequest?: undefined; toolResponse?: undefined; data?: unknown; reasoning?: undefined; resource?: undefined; } | ... 6 more ... | { ...; })[]'.
  Overload 3 of 3, '(opts: GenerateOptions<ZodTypeAny, ZodObject<{ version: ZodOptional<ZodString>; temperature: ZodOptional<ZodNumber>; maxOutputTokens: ZodOptional<...>; topK: ZodOptional<...>; topP: ZodOptional<...>; stopSequences: ZodOptional<...>; apiKey: ZodOptional<...>; }, "passthrough", ZodTypeAny, objectOutputType<...>, objectInputType<...>>> | PromiseLike<...>): Promise<...>', gave the following error.
    Type 'ZodObject<{ data: ZodObject<{ dispensary: ZodDefault<ZodObject<{ name: ZodOptional<ZodString>; tagline: ZodOptional<ZodString>; description: ZodOptional<ZodString>; ... 7 more ...; hours: ZodOptional<...>; }, $strip>>; products: ZodDefault<...>; promotions: ZodOptional<...>; }, $strip>; }, $strip>' is missing the following properties from type 'ZodType<any, any, any>': _type, _parse, _getType, _getOrReturnCtx, and 7 more.
src/server/services/vision/receipt-scanner.ts(52,41): error TS2769: No overload matches this call.
  Overload 1 of 3, '(strPrompt: string): Promise<GenerateResponse<any>>', gave the following error.
    Argument of type '{ model: string; prompt: ({ text: string; } | { media: { url: string; }; })[]; output: { format: string; schema: z.ZodObject<{ merchantName: z.ZodString; totalAmount: z.ZodNumber; transactionDate: z.ZodOptional<z.ZodString>; items: z.ZodArray<...>; confidence: z.ZodDefault<...>; }, z.core.$strip>; }; }' is not assignable to parameter of type 'string'.
  Overload 2 of 3, '(parts: ({ text: string; custom?: Record<string, unknown> | undefined; metadata?: Record<string, unknown> | undefined; media?: undefined; toolRequest?: undefined; toolResponse?: undefined; data?: unknown; reasoning?: undefined; resource?: undefined; } | ... 6 more ... | { ...; })[]): Promise<...>', gave the following error.
    Object literal may only specify known properties, and 'model' does not exist in type '({ text: string; custom?: Record<string, unknown> | undefined; metadata?: Record<string, unknown> | undefined; media?: undefined; toolRequest?: undefined; toolResponse?: undefined; data?: unknown; reasoning?: undefined; resource?: undefined; } | ... 6 more ... | { ...; })[]'.
  Overload 3 of 3, '(opts: GenerateOptions<ZodTypeAny, ZodObject<{ version: ZodOptional<ZodString>; temperature: ZodOptional<ZodNumber>; maxOutputTokens: ZodOptional<...>; topK: ZodOptional<...>; topP: ZodOptional<...>; stopSequences: ZodOptional<...>; apiKey: ZodOptional<...>; }, "passthrough", ZodTypeAny, objectOutputType<...>, objectInputType<...>>> | PromiseLike<...>): Promise<...>', gave the following error.
    Type 'ZodObject<{ merchantName: ZodString; totalAmount: ZodNumber; transactionDate: ZodOptional<ZodString>; items: ZodArray<ZodObject<{ name: ZodString; price: ZodNumber; quantity: ZodOptional<...>; category: ZodOptional<...>; }, $strip>>; confidence: ZodDefault<...>; }, $strip>' is missing the following properties from type 'ZodType<any, any, any>': _type, _parse, _getType, _getOrReturnCtx, and 7 more.
src/server/tools/bash-tool.ts(109,28): error TS2769: No overload matches this call.
  Overload 2 of 2, '(config: ToolConfig<ZodTypeAny, ZodTypeAny>, fn?: ToolFn<ZodTypeAny, ZodTypeAny> | undefined): ToolAction<...>', gave the following error.
    Type 'ZodObject<{ command: ZodString; cwd: ZodOptional<ZodString>; timeout: ZodDefault<ZodOptional<ZodNumber>>; }, $strip>' is missing the following properties from type 'ZodType<any, any, any>': _type, _parse, _getType, _getOrReturnCtx, and 7 more.
  Overload 2 of 2, '(config: ToolConfig<ZodTypeAny, ZodTypeAny>, fn?: ToolFn<ZodTypeAny, ZodTypeAny> | undefined): ToolAction<...>', gave the following error.
    Type '_ZodType<$ZodAnyInternals>' is missing the following properties from type 'ZodType<any, any, any>': _type, _parse, _getType, _getOrReturnCtx, and 7 more.
src/server/tools/bash-tool.ts(189,28): error TS2769: No overload matches this call.
  Overload 2 of 2, '(config: ToolConfig<ZodTypeAny, ZodTypeAny>, fn?: ToolFn<ZodTypeAny, ZodTypeAny> | undefined): ToolAction<...>', gave the following error.
    Type 'ZodObject<{ path: ZodDefault<ZodOptional<ZodString>>; showHidden: ZodDefault<ZodOptional<ZodBoolean>>; }, $strip>' is missing the following properties from type 'ZodType<any, any, any>': _type, _parse, _getType, _getOrReturnCtx, and 7 more.
  Overload 2 of 2, '(config: ToolConfig<ZodTypeAny, ZodTypeAny>, fn?: ToolFn<ZodTypeAny, ZodTypeAny> | undefined): ToolAction<...>', gave the following error.
    Type '_ZodType<$ZodAnyInternals>' is missing the following properties from type 'ZodType<any, any, any>': _type, _parse, _getType, _getOrReturnCtx, and 7 more.
src/server/tools/bash-tool.ts(229,29): error TS2769: No overload matches this call.
  Overload 2 of 2, '(config: ToolConfig<ZodTypeAny, ZodTypeAny>, fn?: ToolFn<ZodTypeAny, ZodTypeAny> | undefined): ToolAction<...>', gave the following error.
    Type 'ZodObject<{ filePath: ZodString; maxLines: ZodDefault<ZodOptional<ZodNumber>>; }, $strip>' is missing the following properties from type 'ZodType<any, any, any>': _type, _parse, _getType, _getOrReturnCtx, and 7 more.
  Overload 2 of 2, '(config: ToolConfig<ZodTypeAny, ZodTypeAny>, fn?: ToolFn<ZodTypeAny, ZodTypeAny> | undefined): ToolAction<...>', gave the following error.
    Type '_ZodType<$ZodAnyInternals>' is missing the following properties from type 'ZodType<any, any, any>': _type, _parse, _getType, _getOrReturnCtx, and 7 more.
src/server/tools/browser.ts(19,22): error TS2307: Cannot find module '@sparticuz/chromium' or its corresponding type declarations.
src/server/tools/context-tools.ts(19,30): error TS2769: No overload matches this call.
  Overload 2 of 2, '(config: ToolConfig<ZodTypeAny, ZodTypeAny>, fn?: ToolFn<ZodTypeAny, ZodTypeAny> | undefined): ToolAction<...>', gave the following error.
    Type 'ZodObject<{ question: ZodString; }, $strip>' is missing the following properties from type 'ZodType<any, any, any>': _type, _parse, _getType, _getOrReturnCtx, and 7 more.
  Overload 2 of 2, '(config: ToolConfig<ZodTypeAny, ZodTypeAny>, fn?: ToolFn<ZodTypeAny, ZodTypeAny> | undefined): ToolAction<...>', gave the following error.
    Type 'ZodString' is missing the following properties from type 'ZodType<any, any, any>': _type, _parse, _getType, _getOrReturnCtx, and 7 more.
src/server/tools/context-tools.ts(66,35): error TS2769: No overload matches this call.
  Overload 2 of 2, '(config: ToolConfig<ZodTypeAny, ZodTypeAny>, fn?: ToolFn<ZodTypeAny, ZodTypeAny> | undefined): ToolAction<...>', gave the following error.
    Type 'ZodObject<{ decision: ZodString; reasoning: ZodString; category: ZodEnum<{ marketing: "marketing"; other: "other"; compliance: "compliance"; pricing: "pricing"; strategy: "strategy"; operations: "operations"; }>; }, $strip>' is missing the following properties from type 'ZodType<any, any, any>': _type, _parse, _getType, _getOrReturnCtx, and 7 more.
  Overload 2 of 2, '(config: ToolConfig<ZodTypeAny, ZodTypeAny>, fn?: ToolFn<ZodTypeAny, ZodTypeAny> | undefined): ToolAction<...>', gave the following error.
    Type 'ZodString' is missing the following properties from type 'ZodType<any, any, any>': _type, _parse, _getType, _getOrReturnCtx, and 7 more.
src/server/tools/context-tools.ts(103,39): error TS2769: No overload matches this call.
  Overload 2 of 2, '(config: ToolConfig<ZodTypeAny, ZodTypeAny>, fn?: ToolFn<ZodTypeAny, ZodTypeAny> | undefined): ToolAction<...>', gave the following error.
    Type 'ZodObject<{ agentId: ZodString; limit: ZodOptional<ZodNumber>; }, $strip>' is missing the following properties from type 'ZodType<any, any, any>': _type, _parse, _getType, _getOrReturnCtx, and 7 more.
  Overload 2 of 2, '(config: ToolConfig<ZodTypeAny, ZodTypeAny>, fn?: ToolFn<ZodTypeAny, ZodTypeAny> | undefined): ToolAction<...>', gave the following error.
    Type 'ZodString' is missing the following properties from type 'ZodType<any, any, any>': _type, _parse, _getType, _getOrReturnCtx, and 7 more.
src/server/tools/context-tools.ts(137,36): error TS2769: No overload matches this call.
  Overload 2 of 2, '(config: ToolConfig<ZodTypeAny, ZodTypeAny>, fn?: ToolFn<ZodTypeAny, ZodTypeAny> | undefined): ToolAction<...>', gave the following error.
    Type 'ZodObject<{ type: ZodEnum<{ brand: "brand"; customer: "customer"; product: "product"; campaign: "campaign"; competitor: "competitor"; regulation: "regulation"; }>; name: ZodString; attributes: ZodOptional<...>; }, $strip>' is missing the following properties from type 'ZodType<any, any, any>': _type, _parse, _getType, _getOrReturnCtx, and 7 more.
  Overload 2 of 2, '(config: ToolConfig<ZodTypeAny, ZodTypeAny>, fn?: ToolFn<ZodTypeAny, ZodTypeAny> | undefined): ToolAction<...>', gave the following error.
    Type 'ZodString' is missing the following properties from type 'ZodType<any, any, any>': _type, _parse, _getType, _getOrReturnCtx, and 7 more.
src/server/tools/context-tools.ts(143,19): error TS2554: Expected 2-3 arguments, but got 1.
src/server/tools/context-tools.ts(164,36): error TS2769: No overload matches this call.
  Overload 2 of 2, '(config: ToolConfig<ZodTypeAny, ZodTypeAny>, fn?: ToolFn<ZodTypeAny, ZodTypeAny> | undefined): ToolAction<...>', gave the following error.
    Type 'ZodObject<{ sourceType: ZodEnum<{ brand: "brand"; customer: "customer"; agent: "agent"; product: "product"; campaign: "campaign"; competitor: "competitor"; regulation: "regulation"; }>; sourceName: ZodString; relationship: ZodEnum<...>; targetType: ZodEnum<...>; targetName: ZodString; weight: ZodOptional<...>; }, $s...' is missing the following properties from type 'ZodType<any, any, any>': _type, _parse, _getType, _getOrReturnCtx, and 7 more.
  Overload 2 of 2, '(config: ToolConfig<ZodTypeAny, ZodTypeAny>, fn?: ToolFn<ZodTypeAny, ZodTypeAny> | undefined): ToolAction<...>', gave the following error.
    Type 'ZodString' is missing the following properties from type 'ZodType<any, any, any>': _type, _parse, _getType, _getOrReturnCtx, and 7 more.
src/server/tools/context-tools.ts(203,35): error TS2769: No overload matches this call.
  Overload 2 of 2, '(config: ToolConfig<ZodTypeAny, ZodTypeAny>, fn?: ToolFn<ZodTypeAny, ZodTypeAny> | undefined): ToolAction<...>', gave the following error.
    Type 'ZodObject<{ entityType: ZodEnum<{ brand: "brand"; customer: "customer"; agent: "agent"; product: "product"; campaign: "campaign"; competitor: "competitor"; regulation: "regulation"; }>; entityName: ZodString; maxDepth: ZodOptional<...>; minWeight: ZodOptional<...>; }, $strip>' is missing the following properties from type 'ZodType<any, any, any>': _type, _parse, _getType, _getOrReturnCtx, and 7 more.
  Overload 2 of 2, '(config: ToolConfig<ZodTypeAny, ZodTypeAny>, fn?: ToolFn<ZodTypeAny, ZodTypeAny> | undefined): ToolAction<...>', gave the following error.
    Type 'ZodString' is missing the following properties from type 'ZodType<any, any, any>': _type, _parse, _getType, _getOrReturnCtx, and 7 more.
src/server/tools/firecrawl-mcp.ts(23,35): error TS2769: No overload matches this call.
  Overload 2 of 2, '(config: ToolConfig<ZodTypeAny, ZodTypeAny>, fn: ToolFn<ZodTypeAny, ZodTypeAny>): ToolAction<ZodTypeAny, ZodTypeAny>', gave the following error.
    Type 'ZodObject<{ query: ZodString; }, $strip>' is missing the following properties from type 'ZodType<any, any, any>': _type, _parse, _getType, _getOrReturnCtx, and 7 more.
  Overload 2 of 2, '(config: ToolConfig<ZodTypeAny, ZodTypeAny>, fn: ToolFn<ZodTypeAny, ZodTypeAny>): ToolAction<ZodTypeAny, ZodTypeAny>', gave the following error.
    Type '_ZodType<$ZodAnyInternals>' is missing the following properties from type 'ZodType<any, any, any>': _type, _parse, _getType, _getOrReturnCtx, and 7 more.
src/server/tools/firecrawl-mcp.ts(45,40): error TS2769: No overload matches this call.
  Overload 2 of 2, '(config: ToolConfig<ZodTypeAny, ZodTypeAny>, fn: ToolFn<ZodTypeAny, ZodTypeAny>): ToolAction<ZodTypeAny, ZodTypeAny>', gave the following error.
    Type 'ZodObject<{ urls: ZodArray<ZodString>; format: ZodDefault<ZodOptional<ZodEnum<{ html: "html"; markdown: "markdown"; }>>>; }, $strip>' is missing the following properties from type 'ZodType<any, any, any>': _type, _parse, _getType, _getOrReturnCtx, and 7 more.
  Overload 2 of 2, '(config: ToolConfig<ZodTypeAny, ZodTypeAny>, fn: ToolFn<ZodTypeAny, ZodTypeAny>): ToolAction<ZodTypeAny, ZodTypeAny>', gave the following error.
    Type '_ZodType<$ZodAnyInternals>' is missing the following properties from type 'ZodType<any, any, any>': _type, _parse, _getType, _getOrReturnCtx, and 7 more.
src/server/tools/firecrawl-mcp.ts(59,29): error TS7006: Parameter 'url' implicitly has an 'any' type.
src/server/tools/firecrawl-mcp.ts(77,32): error TS2769: No overload matches this call.
  Overload 2 of 2, '(config: ToolConfig<ZodTypeAny, ZodTypeAny>, fn: ToolFn<ZodTypeAny, ZodTypeAny>): ToolAction<ZodTypeAny, ZodTypeAny>', gave the following error.
    Type 'ZodObject<{ url: ZodString; }, $strip>' is missing the following properties from type 'ZodType<any, any, any>': _type, _parse, _getType, _getOrReturnCtx, and 7 more.
  Overload 2 of 2, '(config: ToolConfig<ZodTypeAny, ZodTypeAny>, fn: ToolFn<ZodTypeAny, ZodTypeAny>): ToolAction<ZodTypeAny, ZodTypeAny>', gave the following error.
    Type '_ZodType<$ZodAnyInternals>' is missing the following properties from type 'ZodType<any, any, any>': _type, _parse, _getType, _getOrReturnCtx, and 7 more.
src/server/tools/firecrawl-mcp.ts(99,36): error TS2769: No overload matches this call.
  Overload 2 of 2, '(config: ToolConfig<ZodTypeAny, ZodTypeAny>, fn: ToolFn<ZodTypeAny, ZodTypeAny>): ToolAction<ZodTypeAny, ZodTypeAny>', gave the following error.
    Type 'ZodObject<{ url: ZodString; prompt: ZodString; }, $strip>' is missing the following properties from type 'ZodType<any, any, any>': _type, _parse, _getType, _getOrReturnCtx, and 7 more.
  Overload 2 of 2, '(config: ToolConfig<ZodTypeAny, ZodTypeAny>, fn: ToolFn<ZodTypeAny, ZodTypeAny>): ToolAction<ZodTypeAny, ZodTypeAny>', gave the following error.
    Type '_ZodType<$ZodAnyInternals>' is missing the following properties from type 'ZodType<any, any, any>': _type, _parse, _getType, _getOrReturnCtx, and 7 more.
src/server/tools/firecrawl-mcp.ts(126,39): error TS2769: No overload matches this call.
  Overload 2 of 2, '(config: ToolConfig<ZodTypeAny, ZodTypeAny>, fn: ToolFn<ZodTypeAny, ZodTypeAny>): ToolAction<ZodTypeAny, ZodTypeAny>', gave the following error.
    Type 'ZodObject<{ url: ZodString; waitMs: ZodDefault<ZodOptional<ZodNumber>>; }, $strip>' is missing the following properties from type 'ZodType<any, any, any>': _type, _parse, _getType, _getOrReturnCtx, and 7 more.
  Overload 2 of 2, '(config: ToolConfig<ZodTypeAny, ZodTypeAny>, fn: ToolFn<ZodTypeAny, ZodTypeAny>): ToolAction<ZodTypeAny, ZodTypeAny>', gave the following error.
    Type '_ZodType<$ZodAnyInternals>' is missing the following properties from type 'ZodType<any, any, any>': _type, _parse, _getType, _getOrReturnCtx, and 7 more.
src/server/tools/firecrawl-mcp.ts(195,46): error TS2769: No overload matches this call.
  Overload 2 of 2, '(config: ToolConfig<ZodTypeAny, ZodTypeAny>, fn: ToolFn<ZodTypeAny, ZodTypeAny>): ToolAction<ZodTypeAny, ZodTypeAny>', gave the following error.
    Type 'ZodObject<{ url: ZodString; actions: ZodArray<ZodObject<{ type: ZodEnum<{ type: "type"; scroll: "scroll"; click: "click"; wait: "wait"; }>; selector: ZodOptional<ZodString>; milliseconds: ZodOptional<...>; direction: ZodOptional<...>; amount: ZodOptional<...>; text: ZodOptional<...>; }, $strip>>; format: ZodDefault<...' is missing the following properties from type 'ZodType<any, any, any>': _type, _parse, _getType, _getOrReturnCtx, and 7 more.
  Overload 2 of 2, '(config: ToolConfig<ZodTypeAny, ZodTypeAny>, fn: ToolFn<ZodTypeAny, ZodTypeAny>): ToolAction<ZodTypeAny, ZodTypeAny>', gave the following error.
    Type '_ZodType<$ZodAnyInternals>' is missing the following properties from type 'ZodType<any, any, any>': _type, _parse, _getType, _getOrReturnCtx, and 7 more.
src/server/tools/firecrawl-mcp.ts(257,34): error TS2769: No overload matches this call.
  Overload 2 of 2, '(config: ToolConfig<ZodTypeAny, ZodTypeAny>, fn: ToolFn<ZodTypeAny, ZodTypeAny>): ToolAction<ZodTypeAny, ZodTypeAny>', gave the following error.
    Type 'ZodObject<{ prompt: ZodString; timeoutMs: ZodDefault<ZodOptional<ZodNumber>>; }, $strip>' is missing the following properties from type 'ZodType<any, any, any>': _type, _parse, _getType, _getOrReturnCtx, and 7 more.
  Overload 2 of 2, '(config: ToolConfig<ZodTypeAny, ZodTypeAny>, fn: ToolFn<ZodTypeAny, ZodTypeAny>): ToolAction<ZodTypeAny, ZodTypeAny>', gave the following error.
    Type '_ZodType<$ZodAnyInternals>' is missing the following properties from type 'ZodType<any, any, any>': _type, _parse, _getType, _getOrReturnCtx, and 7 more.
src/server/tools/intuition-tools.ts(23,44): error TS2769: No overload matches this call.
  Overload 2 of 2, '(config: ToolConfig<ZodTypeAny, ZodTypeAny>, fn?: ToolFn<ZodTypeAny, ZodTypeAny> | undefined): ToolAction<...>', gave the following error.
    Type 'ZodObject<{ customerProfile: ZodOptional<ZodObject<{ potencyTolerance: ZodOptional<ZodEnum<{ high: "high"; low: "low"; medium: "medium"; }>>; preferredEffects: ZodOptional<ZodArray<ZodString>>; preferredCategories: ZodOptional<...>; }, $strip>>; products: ZodOptional<...>; sessionContext: ZodOptional<...>; }, $strip>' is missing the following properties from type 'ZodType<any, any, any>': _type, _parse, _getType, _getOrReturnCtx, and 7 more.
  Overload 2 of 2, '(config: ToolConfig<ZodTypeAny, ZodTypeAny>, fn?: ToolFn<ZodTypeAny, ZodTypeAny> | undefined): ToolAction<...>', gave the following error.
    Type 'ZodObject<{ results: ZodArray<ZodAny>; filteredProducts: ZodArray<ZodAny>; heuristicsCoverage: ZodNumber; useFastPath: ZodBoolean; }, $strip>' is missing the following properties from type 'ZodType<any, any, any>': _type, _parse, _getType, _getOrReturnCtx, and 7 more.
src/server/tools/intuition-tools.ts(76,39): error TS2769: No overload matches this call.
  Overload 2 of 2, '(config: ToolConfig<ZodTypeAny, ZodTypeAny>, fn?: ToolFn<ZodTypeAny, ZodTypeAny> | undefined): ToolAction<...>', gave the following error.
    Type 'ZodObject<{ interactionCount: ZodNumber; heuristicsMatched: ZodNumber; totalHeuristics: ZodNumber; isAnomalous: ZodOptional<ZodBoolean>; }, $strip>' is missing the following properties from type 'ZodType<any, any, any>': _type, _parse, _getType, _getOrReturnCtx, and 7 more.
  Overload 2 of 2, '(config: ToolConfig<ZodTypeAny, ZodTypeAny>, fn?: ToolFn<ZodTypeAny, ZodTypeAny> | undefined): ToolAction<...>', gave the following error.
    Type 'ZodObject<{ score: ZodNumber; systemMode: ZodEnum<{ fast: "fast"; slow: "slow"; }>; factors: ZodObject<{ dataRecency: ZodNumber; dataDensity: ZodNumber; heuristicCoverage: ZodNumber; patternMatch: ZodNumber; anomalyScore: ZodNumber; }, $strip>; explanation: ZodString; }, $strip>' is missing the following properties from type 'ZodType<any, any, any>': _type, _parse, _getType, _getOrReturnCtx, and 7 more.
src/server/tools/intuition-tools.ts(151,36): error TS2769: No overload matches this call.
  Overload 2 of 2, '(config: ToolConfig<ZodTypeAny, ZodTypeAny>, fn?: ToolFn<ZodTypeAny, ZodTypeAny> | undefined): ToolAction<...>', gave the following error.
    Type 'ZodObject<{ heuristicId: ZodOptional<ZodString>; action: ZodString; outcome: ZodEnum<{ positive: "positive"; negative: "negative"; neutral: "neutral"; }>; recommendedProducts: ZodOptional<...>; selectedProduct: ZodOptional<...>; confidenceScore: ZodOptional<...>; }, $strip>' is missing the following properties from type 'ZodType<any, any, any>': _type, _parse, _getType, _getOrReturnCtx, and 7 more.
  Overload 2 of 2, '(config: ToolConfig<ZodTypeAny, ZodTypeAny>, fn?: ToolFn<ZodTypeAny, ZodTypeAny> | undefined): ToolAction<...>', gave the following error.
    Type 'ZodString' is missing the following properties from type 'ZodType<any, any, any>': _type, _parse, _getType, _getOrReturnCtx, and 7 more.
src/server/tools/letta-memory.ts(33,30): error TS2769: No overload matches this call.
  Overload 2 of 2, '(config: ToolConfig<ZodTypeAny, ZodTypeAny>, fn?: ToolFn<ZodTypeAny, ZodTypeAny> | undefined): ToolAction<...>', gave the following error.
    Type 'ZodObject<{ fact: ZodString; category: ZodOptional<ZodString>; }, $strip>' is missing the following properties from type 'ZodType<any, any, any>': _type, _parse, _getType, _getOrReturnCtx, and 7 more.
  Overload 2 of 2, '(config: ToolConfig<ZodTypeAny, ZodTypeAny>, fn?: ToolFn<ZodTypeAny, ZodTypeAny> | undefined): ToolAction<...>', gave the following error.
    Type 'ZodString' is missing the following properties from type 'ZodType<any, any, any>': _type, _parse, _getType, _getOrReturnCtx, and 7 more.
src/server/tools/letta-memory.ts(56,25): error TS2769: No overload matches this call.
  Overload 2 of 2, '(config: ToolConfig<ZodTypeAny, ZodTypeAny>, fn?: ToolFn<ZodTypeAny, ZodTypeAny> | undefined): ToolAction<...>', gave the following error.
    Type 'ZodObject<{ question: ZodString; }, $strip>' is missing the following properties from type 'ZodType<any, any, any>': _type, _parse, _getType, _getOrReturnCtx, and 7 more.
  Overload 2 of 2, '(config: ToolConfig<ZodTypeAny, ZodTypeAny>, fn?: ToolFn<ZodTypeAny, ZodTypeAny> | undefined): ToolAction<...>', gave the following error.
    Type 'ZodString' is missing the following properties from type 'ZodType<any, any, any>': _type, _parse, _getType, _getOrReturnCtx, and 7 more.
src/server/tools/letta-memory.ts(90,34): error TS2769: No overload matches this call.
  Overload 2 of 2, '(config: ToolConfig<ZodTypeAny, ZodTypeAny>, fn?: ToolFn<ZodTypeAny, ZodTypeAny> | undefined): ToolAction<...>', gave the following error.
    Type 'ZodObject<{ toAgent: ZodString; message: ZodString; }, $strip>' is missing the following properties from type 'ZodType<any, any, any>': _type, _parse, _getType, _getOrReturnCtx, and 7 more.
  Overload 2 of 2, '(config: ToolConfig<ZodTypeAny, ZodTypeAny>, fn?: ToolFn<ZodTypeAny, ZodTypeAny> | undefined): ToolAction<...>', gave the following error.
    Type 'ZodString' is missing the following properties from type 'ZodType<any, any, any>': _type, _parse, _getType, _getOrReturnCtx, and 7 more.
src/server/tools/letta-memory.ts(117,37): error TS2769: No overload matches this call.
  Overload 2 of 2, '(config: ToolConfig<ZodTypeAny, ZodTypeAny>, fn?: ToolFn<ZodTypeAny, ZodTypeAny> | undefined): ToolAction<...>', gave the following error.
    Type 'ZodObject<{ blockLabel: ZodString; }, $strip>' is missing the following properties from type 'ZodType<any, any, any>': _type, _parse, _getType, _getOrReturnCtx, and 7 more.
  Overload 2 of 2, '(config: ToolConfig<ZodTypeAny, ZodTypeAny>, fn?: ToolFn<ZodTypeAny, ZodTypeAny> | undefined): ToolAction<...>', gave the following error.
    Type 'ZodString' is missing the following properties from type 'ZodType<any, any, any>': _type, _parse, _getType, _getOrReturnCtx, and 7 more.
src/server/tools/letta-memory.ts(138,34): error TS2769: No overload matches this call.
  Overload 2 of 2, '(config: ToolConfig<ZodTypeAny, ZodTypeAny>, fn?: ToolFn<ZodTypeAny, ZodTypeAny> | undefined): ToolAction<...>', gave the following error.
    Type 'ZodObject<{ query: ZodString; }, $strip>' is missing the following properties from type 'ZodType<any, any, any>': _type, _parse, _getType, _getOrReturnCtx, and 7 more.
  Overload 2 of 2, '(config: ToolConfig<ZodTypeAny, ZodTypeAny>, fn?: ToolFn<ZodTypeAny, ZodTypeAny> | undefined): ToolAction<...>', gave the following error.
    Type 'ZodString' is missing the following properties from type 'ZodType<any, any, any>': _type, _parse, _getType, _getOrReturnCtx, and 7 more.
src/server/tools/letta-memory.ts(160,38): error TS2769: No overload matches this call.
  Overload 2 of 2, '(config: ToolConfig<ZodTypeAny, ZodTypeAny>, fn?: ToolFn<ZodTypeAny, ZodTypeAny> | undefined): ToolAction<...>', gave the following error.
    Type 'ZodObject<{ section: ZodEnum<{ persona: "persona"; human: "human"; }>; content: ZodString; }, $strip>' is missing the following properties from type 'ZodType<any, any, any>': _type, _parse, _getType, _getOrReturnCtx, and 7 more.
  Overload 2 of 2, '(config: ToolConfig<ZodTypeAny, ZodTypeAny>, fn?: ToolFn<ZodTypeAny, ZodTypeAny> | undefined): ToolAction<...>', gave the following error.
    Type 'ZodString' is missing the following properties from type 'ZodType<any, any, any>': _type, _parse, _getType, _getOrReturnCtx, and 7 more.
src/server/tools/letta-memory.ts(184,41): error TS2769: No overload matches this call.
  Overload 2 of 2, '(config: ToolConfig<ZodTypeAny, ZodTypeAny>, fn?: ToolFn<ZodTypeAny, ZodTypeAny> | undefined): ToolAction<...>', gave the following error.
    Type 'ZodObject<{ query: ZodString; daysBack: ZodOptional<ZodNumber>; limit: ZodOptional<ZodNumber>; }, $strip>' is missing the following properties from type 'ZodType<any, any, any>': _type, _parse, _getType, _getOrReturnCtx, and 7 more.
  Overload 2 of 2, '(config: ToolConfig<ZodTypeAny, ZodTypeAny>, fn?: ToolFn<ZodTypeAny, ZodTypeAny> | undefined): ToolAction<...>', gave the following error.
    Type 'ZodString' is missing the following properties from type 'ZodType<any, any, any>': _type, _parse, _getType, _getOrReturnCtx, and 7 more.
src/server/tools/letta-memory.ts(221,38): error TS2769: No overload matches this call.
  Overload 2 of 2, '(config: ToolConfig<ZodTypeAny, ZodTypeAny>, fn?: ToolFn<ZodTypeAny, ZodTypeAny> | undefined): ToolAction<...>', gave the following error.
    Type 'ZodObject<{ messageCount: ZodOptional<ZodNumber>; }, $strip>' is missing the following properties from type 'ZodType<any, any, any>': _type, _parse, _getType, _getOrReturnCtx, and 7 more.
  Overload 2 of 2, '(config: ToolConfig<ZodTypeAny, ZodTypeAny>, fn?: ToolFn<ZodTypeAny, ZodTypeAny> | undefined): ToolAction<...>', gave the following error.
    Type 'ZodString' is missing the following properties from type 'ZodType<any, any, any>': _type, _parse, _getType, _getOrReturnCtx, and 7 more.
src/server/tools/letta-memory.ts(249,34): error TS2769: No overload matches this call.
  Overload 2 of 2, '(config: ToolConfig<ZodTypeAny, ZodTypeAny>, fn?: ToolFn<ZodTypeAny, ZodTypeAny> | undefined): ToolAction<...>', gave the following error.
    Type 'ZodObject<{ taskDescription: ZodString; limit: ZodOptional<ZodNumber>; }, $strip>' is missing the following properties from type 'ZodType<any, any, any>': _type, _parse, _getType, _getOrReturnCtx, and 7 more.
  Overload 2 of 2, '(config: ToolConfig<ZodTypeAny, ZodTypeAny>, fn?: ToolFn<ZodTypeAny, ZodTypeAny> | undefined): ToolAction<...>', gave the following error.
    Type 'ZodString' is missing the following properties from type 'ZodType<any, any, any>': _type, _parse, _getType, _getOrReturnCtx, and 7 more.
src/server/tools/letta-memory.ts(281,37): error TS2769: No overload matches this call.
  Overload 2 of 2, '(config: ToolConfig<ZodTypeAny, ZodTypeAny>, fn?: ToolFn<ZodTypeAny, ZodTypeAny> | undefined): ToolAction<...>', gave the following error.
    Type 'ZodObject<{ toolNames: ZodArray<ZodString>; }, $strip>' is missing the following properties from type 'ZodType<any, any, any>': _type, _parse, _getType, _getOrReturnCtx, and 7 more.
  Overload 2 of 2, '(config: ToolConfig<ZodTypeAny, ZodTypeAny>, fn?: ToolFn<ZodTypeAny, ZodTypeAny> | undefined): ToolAction<...>', gave the following error.
    Type 'ZodString' is missing the following properties from type 'ZodType<any, any, any>': _type, _parse, _getType, _getOrReturnCtx, and 7 more.
src/server/tools/letta-memory.ts(314,41): error TS2769: No overload matches this call.
  Overload 2 of 2, '(config: ToolConfig<ZodTypeAny, ZodTypeAny>, fn?: ToolFn<ZodTypeAny, ZodTypeAny> | undefined): ToolAction<...>', gave the following error.
    Type 'ZodObject<{ memoryId: ZodString; relationTypes: ZodOptional<ZodArray<ZodString>>; minStrength: ZodOptional<ZodNumber>; }, $strip>' is missing the following properties from type 'ZodType<any, any, any>': _type, _parse, _getType, _getOrReturnCtx, and 7 more.
  Overload 2 of 2, '(config: ToolConfig<ZodTypeAny, ZodTypeAny>, fn?: ToolFn<ZodTypeAny, ZodTypeAny> | undefined): ToolAction<...>', gave the following error.
    Type 'ZodString' is missing the following properties from type 'ZodType<any, any, any>': _type, _parse, _getType, _getOrReturnCtx, and 7 more.
src/server/tools/letta-memory.ts(352,34): error TS2769: No overload matches this call.
  Overload 2 of 2, '(config: ToolConfig<ZodTypeAny, ZodTypeAny>, fn?: ToolFn<ZodTypeAny, ZodTypeAny> | undefined): ToolAction<...>', gave the following error.
    Type 'ZodObject<{ fromMemoryId: ZodString; toMemoryId: ZodString; relation: ZodEnum<{ similar_to: "similar_to"; followed_by: "followed_by"; caused: "caused"; referenced_in: "referenced_in"; contradicts: "contradicts"; supersedes: "supersedes"; }>; strength: ZodOptional<...>; }, $strip>' is missing the following properties from type 'ZodType<any, any, any>': _type, _parse, _getType, _getOrReturnCtx, and 7 more.
  Overload 2 of 2, '(config: ToolConfig<ZodTypeAny, ZodTypeAny>, fn?: ToolFn<ZodTypeAny, ZodTypeAny> | undefined): ToolAction<...>', gave the following error.
    Type 'ZodString' is missing the following properties from type 'ZodType<any, any, any>': _type, _parse, _getType, _getOrReturnCtx, and 7 more.
src/server/tools/letta-memory.ts(387,34): error TS2769: No overload matches this call.
  Overload 2 of 2, '(config: ToolConfig<ZodTypeAny, ZodTypeAny>, fn?: ToolFn<ZodTypeAny, ZodTypeAny> | undefined): ToolAction<...>', gave the following error.
    Type 'ZodObject<{ content: ZodString; tags: ZodArray<ZodString>; }, $strip>' is missing the following properties from type 'ZodType<any, any, any>': _type, _parse, _getType, _getOrReturnCtx, and 7 more.
  Overload 2 of 2, '(config: ToolConfig<ZodTypeAny, ZodTypeAny>, fn?: ToolFn<ZodTypeAny, ZodTypeAny> | undefined): ToolAction<...>', gave the following error.
    Type 'ZodString' is missing the following properties from type 'ZodType<any, any, any>': _type, _parse, _getType, _getOrReturnCtx, and 7 more.
src/server/tools/letta-memory.ts(413,34): error TS2769: No overload matches this call.
  Overload 2 of 2, '(config: ToolConfig<ZodTypeAny, ZodTypeAny>, fn?: ToolFn<ZodTypeAny, ZodTypeAny> | undefined): ToolAction<...>', gave the following error.
    Type 'ZodObject<{ tags: ZodArray<ZodString>; query: ZodOptional<ZodString>; requireAllTags: ZodOptional<ZodBoolean>; }, $strip>' is missing the following properties from type 'ZodType<any, any, any>': _type, _parse, _getType, _getOrReturnCtx, and 7 more.
  Overload 2 of 2, '(config: ToolConfig<ZodTypeAny, ZodTypeAny>, fn?: ToolFn<ZodTypeAny, ZodTypeAny> | undefined): ToolAction<...>', gave the following error.
    Type 'ZodString' is missing the following properties from type 'ZodType<any, any, any>': _type, _parse, _getType, _getOrReturnCtx, and 7 more.
src/server/tools/letta-memory.ts(444,33): error TS2769: No overload matches this call.
  Overload 2 of 2, '(config: ToolConfig<ZodTypeAny, ZodTypeAny>, fn?: ToolFn<ZodTypeAny, ZodTypeAny> | undefined): ToolAction<...>', gave the following error.
    Type 'ZodObject<{ content: ZodString; }, $strip>' is missing the following properties from type 'ZodType<any, any, any>': _type, _parse, _getType, _getOrReturnCtx, and 7 more.
  Overload 2 of 2, '(config: ToolConfig<ZodTypeAny, ZodTypeAny>, fn?: ToolFn<ZodTypeAny, ZodTypeAny> | undefined): ToolAction<...>', gave the following error.
    Type 'ZodString' is missing the following properties from type 'ZodType<any, any, any>': _type, _parse, _getType, _getOrReturnCtx, and 7 more.
src/server/tools/mcp-tools.ts(10,31): error TS2769: No overload matches this call.
  Overload 2 of 2, '(config: ToolConfig<ZodTypeAny, ZodTypeAny>, fn?: ToolFn<ZodTypeAny, ZodTypeAny> | undefined): ToolAction<...>', gave the following error.
    Type 'ZodObject<{}, $strip>' is missing the following properties from type 'ZodType<any, any, any>': _type, _parse, _getType, _getOrReturnCtx, and 7 more.
  Overload 2 of 2, '(config: ToolConfig<ZodTypeAny, ZodTypeAny>, fn?: ToolFn<ZodTypeAny, ZodTypeAny> | undefined): ToolAction<...>', gave the following error.
    Type 'ZodObject<{ servers: ZodArray<ZodObject<{ id: ZodString; status: ZodString; tools: ZodArray<ZodObject<{ name: ZodString; description: ZodString; }, $strip>>; }, $strip>>; }, $strip>' is missing the following properties from type 'ZodType<any, any, any>': _type, _parse, _getType, _getOrReturnCtx, and 7 more.
src/server/tools/mcp-tools.ts(52,28): error TS2769: No overload matches this call.
  Overload 2 of 2, '(config: ToolConfig<ZodTypeAny, ZodTypeAny>, fn?: ToolFn<ZodTypeAny, ZodTypeAny> | undefined): ToolAction<...>', gave the following error.
    Type 'ZodObject<{ serverId: ZodString; toolName: ZodString; args: ZodRecord<ZodAny, SomeType>; }, $strip>' is missing the following properties from type 'ZodType<any, any, any>': _type, _parse, _getType, _getOrReturnCtx, and 7 more.
  Overload 2 of 2, '(config: ToolConfig<ZodTypeAny, ZodTypeAny>, fn?: ToolFn<ZodTypeAny, ZodTypeAny> | undefined): ToolAction<...>', gave the following error.
    Type '_ZodType<$ZodAnyInternals>' is missing the following properties from type 'ZodType<any, any, any>': _type, _parse, _getType, _getOrReturnCtx, and 7 more.
src/server/tools/mcp-tools.ts(58,17): error TS2554: Expected 2-3 arguments, but got 1.
src/server/tools/system-health-tools.ts(16,36): error TS2349: This expression is not callable.
  Type 'Promise<unknown>' has no call signatures.
src/server/utils/zod-to-json.ts(48,38): error TS2345: Argument of type '$ZodType<unknown, unknown, $ZodTypeInternals<unknown, unknown>>' is not assignable to parameter of type 'ZodType<unknown, unknown, $ZodTypeInternals<unknown, unknown>>'.
  Type '$ZodType<unknown, unknown, $ZodTypeInternals<unknown, unknown>>' is missing the following properties from type 'ZodType<unknown, unknown, $ZodTypeInternals<unknown, unknown>>': def, type, _def, _output, and 42 more.
src/server/utils/zod-to-json.ts(56,31): error TS2339: Property 'values' does not exist on type '$ZodEnumDef<Readonly<Record<string, EnumValue>>>'.
src/server/utils/zod-to-json.ts(63,34): error TS2345: Argument of type '$ZodType<unknown, unknown, $ZodTypeInternals<unknown, unknown>>' is not assignable to parameter of type 'ZodType<unknown, unknown, $ZodTypeInternals<unknown, unknown>>'.
  Type '$ZodType<unknown, unknown, $ZodTypeInternals<unknown, unknown>>' is missing the following properties from type 'ZodType<unknown, unknown, $ZodTypeInternals<unknown, unknown>>': def, type, _def, _output, and 42 more.
src/types/agent-cognitive-state.ts(146,17): error TS2554: Expected 2-3 arguments, but got 1.
src/types/ai-settings.ts(71,16): error TS2769: No overload matches this call.
  Overload 1 of 2, '(def: { autoSuggestProducts: boolean; includeComplianceReminders: boolean; showConfidenceScores: boolean; enableVoiceResponses: boolean; }): ZodDefault<ZodObject<{ autoSuggestProducts: ZodDefault<ZodBoolean>; includeComplianceReminders: ZodDefault<...>; showConfidenceScores: ZodDefault<...>; enableVoiceResponses: ZodDefault<...>; }, $strip>>', gave the following error.
    Argument of type '{}' is not assignable to parameter of type '{ autoSuggestProducts: boolean; includeComplianceReminders: boolean; showConfidenceScores: boolean; enableVoiceResponses: boolean; }'.
      Type '{}' is missing the following properties from type '{ autoSuggestProducts: boolean; includeComplianceReminders: boolean; showConfidenceScores: boolean; enableVoiceResponses: boolean; }': autoSuggestProducts, includeComplianceReminders, showConfidenceScores, enableVoiceResponses
  Overload 2 of 2, '(def: () => { autoSuggestProducts: boolean; includeComplianceReminders: boolean; showConfidenceScores: boolean; enableVoiceResponses: boolean; }): ZodDefault<ZodObject<{ autoSuggestProducts: ZodDefault<ZodBoolean>; includeComplianceReminders: ZodDefault<...>; showConfidenceScores: ZodDefault<...>; enableVoiceResponses: ZodDefault<...>; }, $strip>>', gave the following error.
    Argument of type '{}' is not assignable to parameter of type '() => { autoSuggestProducts: boolean; includeComplianceReminders: boolean; showConfidenceScores: boolean; enableVoiceResponses: boolean; }'.
      Type '{}' provides no match for the signature '(): { autoSuggestProducts: boolean; includeComplianceReminders: boolean; showConfidenceScores: boolean; enableVoiceResponses: boolean; }'.
src/types/ai-settings.ts(115,16): error TS2769: No overload matches this call.
  Overload 1 of 2, '(def: { simpleLanguage: boolean; avoidJargon: boolean; largerText: boolean; }): ZodDefault<ZodObject<{ simpleLanguage: ZodDefault<ZodBoolean>; avoidJargon: ZodDefault<ZodBoolean>; largerText: ZodDefault<...>; }, $strip>>', gave the following error.
    Argument of type '{}' is not assignable to parameter of type '{ simpleLanguage: boolean; avoidJargon: boolean; largerText: boolean; }'.
      Type '{}' is missing the following properties from type '{ simpleLanguage: boolean; avoidJargon: boolean; largerText: boolean; }': simpleLanguage, avoidJargon, largerText
  Overload 2 of 2, '(def: () => { simpleLanguage: boolean; avoidJargon: boolean; largerText: boolean; }): ZodDefault<ZodObject<{ simpleLanguage: ZodDefault<ZodBoolean>; avoidJargon: ZodDefault<ZodBoolean>; largerText: ZodDefault<...>; }, $strip>>', gave the following error.
    Argument of type '{}' is not assignable to parameter of type '() => { simpleLanguage: boolean; avoidJargon: boolean; largerText: boolean; }'.
      Type '{}' provides no match for the signature '(): { simpleLanguage: boolean; avoidJargon: boolean; largerText: boolean; }'.
