src/app/dashboard/ceo/actions.ts(586,11): error TS2451: Cannot redeclare block-scoped variable 'firestore'.
src/app/dashboard/ceo/actions.ts(768,11): error TS2451: Cannot redeclare block-scoped variable 'firestore'.
src/app/dashboard/ceo/components/foot-traffic-tab.tsx(69,10): error TS2300: Duplicate identifier 'useMockData'.
src/app/dashboard/ceo/components/foot-traffic-tab.tsx(71,25): error TS2323: Cannot redeclare exported variable 'default'.
src/app/dashboard/ceo/components/foot-traffic-tab.tsx(71,25): error TS2393: Duplicate function implementation.
src/app/dashboard/ceo/components/foot-traffic-tab.tsx(318,64): error TS2339: Property 'updatedAt' does not exist on type 'LocalSEOPage'.
src/app/dashboard/ceo/components/foot-traffic-tab.tsx(372,53): error TS2322: Type '{ children: Element; variant: "ghost"; size: "sm"; padding: number; onClick: () => Promise<void>; }' is not assignable to type 'IntrinsicAttributes & ButtonProps & RefAttributes<HTMLButtonElement>'.
  Property 'padding' does not exist on type 'IntrinsicAttributes & ButtonProps & RefAttributes<HTMLButtonElement>'.
src/app/dashboard/ceo/components/foot-traffic-tab.tsx(527,10): error TS2300: Duplicate identifier 'useMockData'.
src/app/dashboard/ceo/components/foot-traffic-tab.tsx(531,25): error TS2323: Cannot redeclare exported variable 'default'.
src/app/dashboard/ceo/components/foot-traffic-tab.tsx(531,25): error TS2393: Duplicate function implementation.
src/app/dashboard/ceo/components/foot-traffic-tab.tsx(822,34): error TS2552: Cannot find name 'seedSeoPageAction'. Did you mean 'getSeoPagesAction'?
src/app/dashboard/ceo/components/foot-traffic-tab.tsx(996,26): error TS2304: Cannot find name 'TrendingUp'.
src/app/dashboard/ceo/components/foot-traffic-tab.tsx(1008,26): error TS2304: Cannot find name 'Bell'.
src/app/dashboard/ceo/components/foot-traffic-tab.tsx(1012,26): error TS2304: Cannot find name 'Tag'.
src/app/dashboard/ceo/components/foot-traffic-tab.tsx(1037,34): error TS2304: Cannot find name 'Bell'.
src/app/dashboard/ceo/components/foot-traffic-tab.tsx(1050,34): error TS2304: Cannot find name 'Tag'.
src/app/dashboard/ceo/components/foot-traffic-tab.tsx(1063,34): error TS2304: Cannot find name 'DollarSign'.
src/app/dashboard/ceo/components/foot-traffic-tab.tsx(1160,26): error TS2304: Cannot find name 'Dialog'.
src/app/dashboard/ceo/components/foot-traffic-tab.tsx(1161,30): error TS2304: Cannot find name 'DialogTrigger'.
src/app/dashboard/ceo/components/foot-traffic-tab.tsx(1166,31): error TS2304: Cannot find name 'DialogTrigger'.
src/app/dashboard/ceo/components/foot-traffic-tab.tsx(1167,30): error TS2304: Cannot find name 'DialogContent'.
src/app/dashboard/ceo/components/foot-traffic-tab.tsx(1168,34): error TS2304: Cannot find name 'DialogHeader'.
src/app/dashboard/ceo/components/foot-traffic-tab.tsx(1169,38): error TS2304: Cannot find name 'DialogTitle'.
src/app/dashboard/ceo/components/foot-traffic-tab.tsx(1169,71): error TS2304: Cannot find name 'DialogTitle'.
src/app/dashboard/ceo/components/foot-traffic-tab.tsx(1170,38): error TS2304: Cannot find name 'DialogDescription'.
src/app/dashboard/ceo/components/foot-traffic-tab.tsx(1172,39): error TS2304: Cannot find name 'DialogDescription'.
src/app/dashboard/ceo/components/foot-traffic-tab.tsx(1173,35): error TS2304: Cannot find name 'DialogHeader'.
src/app/dashboard/ceo/components/foot-traffic-tab.tsx(1187,42): error TS2304: Cannot find name 'Textarea'.
src/app/dashboard/ceo/components/foot-traffic-tab.tsx(1191,55): error TS7006: Parameter 'e' implicitly has an 'any' type.
src/app/dashboard/ceo/components/foot-traffic-tab.tsx(1198,46): error TS2304: Cannot find name 'Select'.
src/app/dashboard/ceo/components/foot-traffic-tab.tsx(1200,64): error TS7006: Parameter 'value' implicitly has an 'any' type.
src/app/dashboard/ceo/components/foot-traffic-tab.tsx(1202,50): error TS2304: Cannot find name 'SelectTrigger'.
src/app/dashboard/ceo/components/foot-traffic-tab.tsx(1203,54): error TS2304: Cannot find name 'SelectValue'.
src/app/dashboard/ceo/components/foot-traffic-tab.tsx(1204,51): error TS2304: Cannot find name 'SelectTrigger'.
src/app/dashboard/ceo/components/foot-traffic-tab.tsx(1205,50): error TS2304: Cannot find name 'SelectContent'.
src/app/dashboard/ceo/components/foot-traffic-tab.tsx(1206,54): error TS2304: Cannot find name 'SelectItem'.
src/app/dashboard/ceo/components/foot-traffic-tab.tsx(1206,88): error TS2304: Cannot find name 'SelectItem'.
src/app/dashboard/ceo/components/foot-traffic-tab.tsx(1207,54): error TS2304: Cannot find name 'SelectItem'.
src/app/dashboard/ceo/components/foot-traffic-tab.tsx(1207,86): error TS2304: Cannot find name 'SelectItem'.
src/app/dashboard/ceo/components/foot-traffic-tab.tsx(1208,54): error TS2304: Cannot find name 'SelectItem'.
src/app/dashboard/ceo/components/foot-traffic-tab.tsx(1208,86): error TS2304: Cannot find name 'SelectItem'.
src/app/dashboard/ceo/components/foot-traffic-tab.tsx(1209,54): error TS2304: Cannot find name 'SelectItem'.
src/app/dashboard/ceo/components/foot-traffic-tab.tsx(1209,86): error TS2304: Cannot find name 'SelectItem'.
src/app/dashboard/ceo/components/foot-traffic-tab.tsx(1210,54): error TS2304: Cannot find name 'SelectItem'.
src/app/dashboard/ceo/components/foot-traffic-tab.tsx(1210,84): error TS2304: Cannot find name 'SelectItem'.
src/app/dashboard/ceo/components/foot-traffic-tab.tsx(1211,54): error TS2304: Cannot find name 'SelectItem'.
src/app/dashboard/ceo/components/foot-traffic-tab.tsx(1211,84): error TS2304: Cannot find name 'SelectItem'.
src/app/dashboard/ceo/components/foot-traffic-tab.tsx(1212,54): error TS2304: Cannot find name 'SelectItem'.
src/app/dashboard/ceo/components/foot-traffic-tab.tsx(1212,88): error TS2304: Cannot find name 'SelectItem'.
src/app/dashboard/ceo/components/foot-traffic-tab.tsx(1213,51): error TS2304: Cannot find name 'SelectContent'.
src/app/dashboard/ceo/components/foot-traffic-tab.tsx(1214,47): error TS2304: Cannot find name 'Select'.
src/app/dashboard/ceo/components/foot-traffic-tab.tsx(1230,42): error TS2304: Cannot find name 'Textarea'.
src/app/dashboard/ceo/components/foot-traffic-tab.tsx(1234,55): error TS7006: Parameter 'e' implicitly has an 'any' type.
src/app/dashboard/ceo/components/foot-traffic-tab.tsx(1267,34): error TS2304: Cannot find name 'DialogFooter'.
src/app/dashboard/ceo/components/foot-traffic-tab.tsx(1272,56): error TS2304: Cannot find name 'Loader2'.
src/app/dashboard/ceo/components/foot-traffic-tab.tsx(1275,35): error TS2304: Cannot find name 'DialogFooter'.
src/app/dashboard/ceo/components/foot-traffic-tab.tsx(1276,31): error TS2304: Cannot find name 'DialogContent'.
src/app/dashboard/ceo/components/foot-traffic-tab.tsx(1277,27): error TS2304: Cannot find name 'Dialog'.
src/app/dashboard/ceo/components/foot-traffic-tab.tsx(1333,50): error TS2304: Cannot find name 'Switch'.
src/app/dashboard/ceo/components/foot-traffic-tab.tsx(1335,70): error TS7006: Parameter 'checked' implicitly has an 'any' type.
src/app/dashboard/ceo/components/foot-traffic-tab.tsx(1376,30): error TS2304: Cannot find name 'Dialog'.
src/app/dashboard/ceo/components/foot-traffic-tab.tsx(1377,34): error TS2304: Cannot find name 'DialogTrigger'.
src/app/dashboard/ceo/components/foot-traffic-tab.tsx(1382,35): error TS2304: Cannot find name 'DialogTrigger'.
src/app/dashboard/ceo/components/foot-traffic-tab.tsx(1383,34): error TS2304: Cannot find name 'DialogContent'.
src/app/dashboard/ceo/components/foot-traffic-tab.tsx(1384,38): error TS2304: Cannot find name 'DialogHeader'.
src/app/dashboard/ceo/components/foot-traffic-tab.tsx(1385,42): error TS2304: Cannot find name 'DialogTitle'.
src/app/dashboard/ceo/components/foot-traffic-tab.tsx(1385,73): error TS2304: Cannot find name 'DialogTitle'.
src/app/dashboard/ceo/components/foot-traffic-tab.tsx(1386,42): error TS2304: Cannot find name 'DialogDescription'.
src/app/dashboard/ceo/components/foot-traffic-tab.tsx(1388,43): error TS2304: Cannot find name 'DialogDescription'.
src/app/dashboard/ceo/components/foot-traffic-tab.tsx(1389,39): error TS2304: Cannot find name 'DialogHeader'.
src/app/dashboard/ceo/components/foot-traffic-tab.tsx(1411,38): error TS2304: Cannot find name 'DialogFooter'.
src/app/dashboard/ceo/components/foot-traffic-tab.tsx(1414,60): error TS2304: Cannot find name 'Loader2'.
src/app/dashboard/ceo/components/foot-traffic-tab.tsx(1417,39): error TS2304: Cannot find name 'DialogFooter'.
src/app/dashboard/ceo/components/foot-traffic-tab.tsx(1418,35): error TS2304: Cannot find name 'DialogContent'.
src/app/dashboard/ceo/components/foot-traffic-tab.tsx(1419,31): error TS2304: Cannot find name 'Dialog'.
src/app/dashboard/ceo/components/foot-traffic-tab.tsx(1504,60): error TS2304: Cannot find name 'Loader2'.
src/app/dashboard/ceo/components/foot-traffic-tab.tsx(1513,60): error TS2304: Cannot find name 'Loader2'.
src/app/dashboard/ceo/components/foot-traffic-tab.tsx(1527,56): error TS2304: Cannot find name 'Loader2'.
src/app/dashboard/ceo/components/foot-traffic-tab.tsx(1647,94): error TS2304: Cannot find name 'toggleSeoPagePublishAction'.
src/app/dashboard/ceo/components/foot-traffic-tab.tsx(1662,74): error TS2304: Cannot find name 'TrendingUp'.
src/app/dashboard/ceo/components/foot-traffic-tab.tsx(1686,42): error TS2304: Cannot find name 'Select'.
src/app/dashboard/ceo/components/foot-traffic-tab.tsx(1688,61): error TS7006: Parameter 'value' implicitly has an 'any' type.
src/app/dashboard/ceo/components/foot-traffic-tab.tsx(1693,46): error TS2304: Cannot find name 'SelectTrigger'.
src/app/dashboard/ceo/components/foot-traffic-tab.tsx(1694,50): error TS2304: Cannot find name 'SelectValue'.
src/app/dashboard/ceo/components/foot-traffic-tab.tsx(1695,47): error TS2304: Cannot find name 'SelectTrigger'.
src/app/dashboard/ceo/components/foot-traffic-tab.tsx(1696,46): error TS2304: Cannot find name 'SelectContent'.
src/app/dashboard/ceo/components/foot-traffic-tab.tsx(1697,50): error TS2304: Cannot find name 'SelectItem'.
src/app/dashboard/ceo/components/foot-traffic-tab.tsx(1697,76): error TS2304: Cannot find name 'SelectItem'.
src/app/dashboard/ceo/components/foot-traffic-tab.tsx(1698,50): error TS2304: Cannot find name 'SelectItem'.
src/app/dashboard/ceo/components/foot-traffic-tab.tsx(1698,76): error TS2304: Cannot find name 'SelectItem'.
src/app/dashboard/ceo/components/foot-traffic-tab.tsx(1699,50): error TS2304: Cannot find name 'SelectItem'.
src/app/dashboard/ceo/components/foot-traffic-tab.tsx(1699,76): error TS2304: Cannot find name 'SelectItem'.
src/app/dashboard/ceo/components/foot-traffic-tab.tsx(1700,50): error TS2304: Cannot find name 'SelectItem'.
src/app/dashboard/ceo/components/foot-traffic-tab.tsx(1700,78): error TS2304: Cannot find name 'SelectItem'.
src/app/dashboard/ceo/components/foot-traffic-tab.tsx(1701,47): error TS2304: Cannot find name 'SelectContent'.
src/app/dashboard/ceo/components/foot-traffic-tab.tsx(1702,43): error TS2304: Cannot find name 'Select'.
src/app/dashboard/ceo/components/foot-traffic-tab.tsx(1736,38): error TS2304: Cannot find name 'Sparkles'.
src/app/dashboard/ceo/components/foot-traffic-tab.tsx(1795,66): error TS2304: Cannot find name 'bulkPublishBrandPagesAction'.
src/app/dashboard/ceo/components/foot-traffic-tab.tsx(1850,74): error TS2304: Cannot find name 'Sparkles'.
src/app/dashboard/ceo/components/foot-traffic-tab.tsx(2016,54): error TS2304: Cannot find name 'Bell'.
src/app/dashboard/ceo/components/foot-traffic-tab.tsx(2031,50): error TS2304: Cannot find name 'Switch'.
src/app/dashboard/ceo/components/foot-traffic-tab.tsx(2157,58): error TS2304: Cannot find name 'AlertTriangle'.
src/components/chat/unified-agent-chat.tsx(86,7): error TS2739: Type '{ role: "customer"; title: string; subtitle: string; iconName: "sparkles"; themeColor: string; promptSuggestions: string[]; }' is missing the following properties from type 'RoleChatConfig': welcomeMessage, placeholder, agentPersona, enabledFeatures
src/components/landing/agent-playground.tsx(184,26): error TS2339: Property 'error' does not exist on type 'AgentResult'.
src/components/landing/agent-playground.tsx(185,42): error TS2339: Property 'error' does not exist on type 'AgentResult'.
