
> nextn@0.1.0 test
> jest --passWithNoTests --testPathIgnorePatterns=e2e|integration

node.exe : FAIL tests
/actions/brand-setup.
test.ts
At line:1 char:1
+ & "C:\Program Files
\nodejs/node.exe" 
"C:\Program 
Files\nodejs/node_mo 
...
+ ~~~~~~~~~~~~~~~~~~~
~~~~~~~~~~~~~~~~~~~~~
~~~~~~~~~~~~~~~~~~~~~
~~~~~~~~
    + CategoryInfo   
           : NotSpe  
  cified: (FAIL te   
 sts/actions/bran    
d-setup.test.ts:    
String) [], Remo    
teException
    + FullyQualified 
   ErrorId : Native  
  CommandError
 
  ΓùÅ Brand Setup 
Action ΓÇ║ should 
successfully setup a 
brand and trigger 
competitor discovery

    expect(received).
toBe(expected) // 
Object.is equality

    Expected: true
    Received: false

    [0m [90m 61 
|[39m         
[36mconst[39m 
result [33m=[39m 
[36mawait[39m setup
BrandAndCompetitors(f
ormData)[33m;[39m
     [90m 62 |[39m
    [31m[1m>[22m[
39m[90m 63 |[39m   
      expect(result[
33m.[39msuccess)[33
m.[39mtoBe([36mtrue
[39m)[33m;[39m
     [90m    |[39m 
                     
          
[31m[1m^[22m[39m
     [90m 64 |[39m 
        expect(result
[33m.[39mbrandId)[
33m.[39mtoBe([32m't
est-brand'[39m)[33m
;[39m
     [90m 65 |[39m 
        expect(result
[33m.[39mcompetitor
s)[33m.[39mtoHaveLe
ngth([35m2[39m)[33
m;[39m
     [90m 66 
|[39m[0m

      at Object.toBe 
(tests/actions/brand-
setup.test.ts:63:32)

  ΓùÅ Brand Setup 
Action ΓÇ║ should 
fail if required 
fields are missing

    expect(received).
toBe(expected) // 
Object.is equality

    Expected: "Brand 
name and ZIP code 
are required"
    Received: 
"Authentication 
required"

    [0m [90m 106 
|[39m
     [90m 107 
|[39m         expect
(result[33m.[39msuc
cess)[33m.[39mtoBe(
[36mfalse[39m)[33m
;[39m
    [31m[1m>[22m[
39m[90m 108 |[39m  
       expect(result
[33m.[39merror)[33m
.[39mtoBe([32m'Bran
d name and ZIP code 
are required'[39m)[
33m;[39m
     [90m     
|[39m               
               
[31m[1m^[22m[39m
     [90m 109 
|[39m     
})[33m;[39m
     [90m 110 
|[39m })[33m;[39m
     [90m 111 
|[39m[0m

      at Object.toBe 
(tests/actions/brand-
setup.test.ts:108:30)

FAIL tests/server/dee
bo-seo-review.test.ts
  ΓùÅ Deebo SEO 
Review ΓÇ║ 
calculateSEOScore 
ΓÇ║ should weight 
structured data 
appropriately

    expect(received).
toBe(expected) // 
Object.is equality

    Expected: 2
    Received: 1

    [0m [90m  96 
|[39m             
[36mconst[39m 
withoutScore 
[33m=[39m calculate
SEOScore(withoutStruc
turedData)[33m;[39m
     [90m  97 |[39m
    [31m[1m>[22m[
39m[90m  98 |[39m  
           
expect(withScore 
[33m-[39m withoutSc
ore)[33m.[39mtoBe(
[35m2[39m)[33m;[39
m [90m// 1.5 
rounded[39m
     [90m     
|[39m               
                     
          
[31m[1m^[22m[39m
     [90m  99 
|[39m         
})[33m;[39m
     [90m 100 
|[39m     
})[33m;[39m
     [90m 101 
|[39m[0m

      at Object.toBe 
(tests/server/deebo-s
eo-review.test.ts:98:
46)

FAIL src/lib/__tests_
_/utils.test.ts
  ΓùÅ utils library 
ΓÇ║ 
haversineDistance 
ΓÇ║ should correctly 
calculate the 
distance between two 
points

    expect(received).
toBeCloseTo(expected,
 precision)

    Expected: 1744.5
    Received: 
1742.326542428723

    Expected 
precision:    0
    Expected 
difference: < 0.5
    Received 
difference:   
2.173457571276913

    [0m [90m 16 
|[39m       [90m// 
Distance is approx. 
1745 miles[39m
     [90m 17 |[39m 
      
[36mconst[39m 
distance [33m=[39m 
haversineDistance(chi
cago[33m,[39m losAn
geles)[33m;[39m
    [31m[1m>[22m[
39m[90m 18 |[39m   
    expect(distance)
[33m.[39mtoBeCloseTo
([35m1744.5[39m[33
m,[39m [35m0[39m)
[33m;[39m
     [90m    |[39m 
                     
  
[31m[1m^[22m[39m
     [90m 19 |[39m 
    })[33m;[39m
     [90m 20 |[39m
     [90m 21 |[39m 
    it([32m'should 
handle coordinates 
across the equator'[
39m[33m,[39m () 
[33m=>[39m {[0m

      at 
Object.toBeCloseTo (s
rc/lib/__tests__/util
s.test.ts:18:24)

  ΓùÅ utils library 
ΓÇ║ 
haversineDistance 
ΓÇ║ should handle 
coordinates across 
the equator

    expect(received).
toBeCloseTo(expected,
 precision)

    Expected: 1380.9
    Received: 
1381.8818885590304

    Expected 
precision:    0
    Expected 
difference: < 0.5
    Received 
difference:   
0.9818885590302671

    [0m [90m 24 
|[39m         
[36mconst[39m 
distance [33m=[39m 
haversineDistance(poi
nt1[33m,[39m 
point2)[33m;[39m
     [90m 25 |[39m 
        [90m// 
Approx 1380 
miles[39m
    [31m[1m>[22m[
39m[90m 26 |[39m   
      expect(distance
)[33m.[39mtoBeClose
To([35m1380.9[39m[
33m,[39m [35m0[39m
)[33m;[39m
     [90m    |[39m 
                     
    
[31m[1m^[22m[39m
     [90m 27 |[39m 
    })[33m;[39m
     [90m 28 |[39m 
  })[33m;[39m
     [90m 29 
|[39m[0m

      at 
Object.toBeCloseTo (s
rc/lib/__tests__/util
s.test.ts:26:26)

FAIL tests/server/cov
erage-packs.test.ts
  ΓùÅ Coverage Packs 
ΓÇ║ 
COVERAGE_PACK_TIERS 
ΓÇ║ should have 
increasing prices

    expect(received).
toBeGreaterThan(expec
ted)

    Expected: > 699
    Received:   0

    [0m [90m 47 
|[39m             
[36mconst[39m 
prices [33m=[39m [
33mCOVERAGE_PACK_TIER
S[39m[33m.[39mmap(
t [33m=>[39m t[33m
.[39mpricePerMonth)
[33m;[39m
     [90m 48 |[39m 
            
[36mfor[39m 
([36mlet[39m i 
[33m=[39m [35m1[3
9m[33m;[39m i 
[33m<[39m prices[3
3m.[39mlength[33m;
[39m i[33m++[39m) {
    [31m[1m>[22m[
39m[90m 49 |[39m   
              expect(
prices[i])[33m.[39m
toBeGreaterThan(price
s[i [33m-[39m [35m
1[39m])[33m;[39m
     [90m    |[39m 
                     
             
[31m[1m^[22m[39m
     [90m 50 |[39m 
            }
     [90m 51 |[39m 
        })[33m;[39m
     [90m 52 |[39m 
    })[33m;[39m[0m

      at Object.toBeG
reaterThan (tests/ser
ver/coverage-packs.te
st.ts:49:35)

  ΓùÅ Coverage Packs 
ΓÇ║ calculateUpgradeV
alue ΓÇ║ should 
handle upgrade to 
unlimited

    expect(received).
toBe(expected) // 
Object.is equality

    Expected: 1000
    Received: 0

    [0m [90m 168 
|[39m             
[36mconst[39m 
value [33m=[39m cal
culateUpgradeValue([
32m'enterprise'[39m
[33m,[39m [32m'unli
mited'[39m[33m,[39
m [35m1000[39m)[33
m;[39m
     [90m 169 |[39m
    [31m[1m>[22m[
39m[90m 170 |[39m  
           expect(val
ue[33m.[39maddition
alZips)[33m.[39mtoB
e([35m1000[39m)[33
m;[39m [90m// All 
uncovered[39m
     [90m     
|[39m               
                     
      
[31m[1m^[22m[39m
     [90m 171 
|[39m             ex
pect(value[33m.[39m
priceIncrease)[33m.
[39mtoBe([35m400[39
m)[33m;[39m 
[90m// 999 - 
599[39m
     [90m 172 
|[39m         
})[33m;[39m
     [90m 173 
|[39m[0m

      at Object.toBe 
(tests/server/coverag
e-packs.test.ts:170:4
2)

FAIL tests/server/smo
key.test.ts
  ΓùÅ Smokey Agent 
ΓÇ║ act - 
Recommendation 
Policies ΓÇ║ should 
handle policy with 
no valid rankings

    expect(received).
toBe(expected) // 
Object.is equality

    Expected: 
"experimental"
    Received: 
"passing"

    [0m [90m 303 
|[39m       
[36mconst[39m 
result [33m=[39m 
[36mawait[39m smoke
yAgent[33m.[39mact(
brandMemory[33m,[39
m smokeyMemory[33m,
[39m [32m'policy_fai
l'[39m[33m,[39m 
mockTools)[33m;[39m
     [90m 304 |[39m
    [31m[1m>[22m[
39m[90m 305 |[39m  
     expect(result[3
3m.[39mupdatedMemory
[33m.[39mrec_polici
es[[35m0[39m][33m.
[39mstatus)[33m.[3
9mtoBe([32m'experime
ntal'[39m)[33m;[39
m
     [90m     
|[39m               
                     
                     
  
[31m[1m^[22m[39m
     [90m 306 
|[39m       expect(r
esult[33m.[39mlogEn
try[33m.[39mresult)
[33m.[39mtoContain(
[32m'Policy 
produced no valid ran
kings'[39m)[33m;[3
9m
     [90m 307 
|[39m     
})[33m;[39m
     [90m 308 
|[39m   
})[33m;[39m[0m

      at Object.toBe 
(tests/server/smokey.
test.ts:305:59)

FAIL tests/server/lea
fly-connector.test.ts
  ΓùÅ Console

    console.log
      {
        "timestamp": 
"2025-12-19T02:35:17.
696Z",
        "level": 
"info",
        "message": 
"Started Leafly scan 
for https://leafly.co
m/dispensary-info/tes
t-store",
        "data": {
          "runId": 
"run_abc123"
        }
      }

      at 
Logger.consoleMethod 
[as log] (src/lib/mon
itoring.ts:38:9)

    console.log
      {
        "timestamp": 
"2025-12-19T02:35:17.
739Z",
        "level": 
"info",
        "message": 
"Started Leafly 
state scan for 
michigan",
        "data": {
          "runId": 
"run_state_123",
          
"maxStores": 25
        }
      }

      at 
Logger.consoleMethod 
[as log] (src/lib/mon
itoring.ts:38:9)

  ΓùÅ Leafly 
Connector Service 
ΓÇ║ Pricing 
Intelligence ΓÇ║ 
should get pricing 
bands for state and 
category

    TypeError: firest
ore.collection(...).d
oc(...).collection(..
.).where is not a 
function

    [0m [90m 433 
|[39m         [33m.
[39mdoc([32m'leafly
'[39m)
     [90m 434 
|[39m         [33m.
[39mcollection([32m
'dispensaries'[39m)
    [31m[1m>[22m[
39m[90m 435 |[39m  
       [33m.[39mwhe
re([32m'state'[39m
[33m,[39m [32m'=='
[39m[33m,[39m state
[33m.[39mtoUpperCas
e())
     [90m     
|[39m          
[31m[1m^[22m[39m
     [90m 436 
|[39m         [33m.
[39m[36mget[39m()
[33m;[39m
     [90m 437 |[39m
     [90m 438 
|[39m     
[36mconst[39m 
prices[33m:[39m 
number[] [33m=[39m 
[][33m;[39m[0m

      at where (src/s
erver/services/leafly
-connector.ts:435:10)
      at Object.getPr
icingBands (tests/ser
ver/leafly-connector.
test.ts:185:33)

  ΓùÅ Leafly 
Connector Service 
ΓÇ║ Pricing 
Intelligence ΓÇ║ 
should get active 
promos

    TypeError: firest
ore.collection(...).d
oc(...).collection(..
.).where is not a 
function

    [0m [90m 483 
|[39m         [33m.
[39mdoc([32m'leafly
'[39m)
     [90m 484 
|[39m         [33m.
[39mcollection([32m
'dispensaries'[39m)
    [31m[1m>[22m[
39m[90m 485 |[39m  
       [33m.[39mwhe
re([32m'state'[39m
[33m,[39m [32m'=='
[39m[33m,[39m state
[33m.[39mtoUpperCas
e())
     [90m     
|[39m          
[31m[1m^[22m[39m
     [90m 486 
|[39m         [33m.
[39m[36mget[39m()
[33m;[39m
     [90m 487 |[39m
     [90m 488 
|[39m     
[36mconst[39m 
offers[33m:[39m [3
3mLeaflyOffer[39m[] 
[33m=[39m 
[][33m;[39m[0m

      at where (src/s
erver/services/leafly
-connector.ts:485:10)
      at Object.getAc
tivePromos (tests/ser
ver/leafly-connector.
test.ts:205:34)

  ΓùÅ Leafly 
Connector Service 
ΓÇ║ Local 
Competition ΓÇ║ 
should get local 
competition for 
state and city

    TypeError: firest
ore.collection(...).d
oc(...).collection(..
.).where is not a 
function

    [0m [90m 552 
|[39m         [33m.
[39mdoc([32m'leafly
'[39m)
     [90m 553 
|[39m         [33m.
[39mcollection([32m
'dispensaries'[39m)
    [31m[1m>[22m[
39m[90m 554 |[39m  
       [33m.[39mwhe
re([32m'state'[39m
[33m,[39m [32m'=='
[39m[33m,[39m norma
lizedState)[33m;[39
m
     [90m     
|[39m          
[31m[1m^[22m[39m
     [90m 555 |[39m
     [90m 556 
|[39m     
[36mconst[39m 
dispensariesSnap 
[33m=[39m 
[36mawait[39m dispe
nsariesQuery[33m.[3
9mlimit([35m50[39m)
[33m.[39m[36mget[
39m()[33m;[39m
     [90m 557 
|[39m[0m

      at where (src/s
erver/services/leafly
-connector.ts:554:10)
      at Object.getLo
calCompetition (tests
/server/leafly-connec
tor.test.ts:230:34)

FAIL src/components/f
oot-traffic/__tests__
/retailer-card.test.t
sx
  ΓùÅ RetailerCard 
ΓÇ║ shows "Own this 
listing" link for 
non-partners (P4.1)

    expect(received).
toContain(expected) 
// indexOf

    Expected 
substring: "/for-bran
ds?retailerId=r1"
    Received string: 
   "/claim?id=r1&name
=Test%20Dispensary"

    [0m [90m 32 
|[39m         
[36mconst[39m 
claimLink 
[33m=[39m screen[3
3m.[39mgetByText([3
5m/Own this business/
i[39m)[33m;[39m
     [90m 33 |[39m 
        expect(claimL
ink)[33m.[39mtoBeIn
TheDocument()[33m;[
39m
    [31m[1m>[22m[
39m[90m 34 |[39m   
      expect(claimLin
k[33m.[39mgetAttrib
ute([32m'href'[39m)
)[33m.[39mtoContain
([32m'/for-brands?re
tailerId=r1'[39m)[3
3m;[39m
     [90m    |[39m 
                     
                     
     
[31m[1m^[22m[39m
     [90m 35 |[39m 
    })[33m;[39m
     [90m 36 |[39m
     [90m 37 |[39m 
    it([32m'tracks "
claim_listing_click" 
when claim link is cl
icked'[39m[33m,[39
m () [33m=>[39m 
{[0m

      at 
Object.toContain (src
/components/foot-traf
fic/__tests__/retaile
r-card.test.tsx:34:48
)

PASS src/components/f
oot-traffic/__tests__
/local-product-card.t
est.tsx
FAIL tests/components
/national-rollout-com
ponents.test.tsx 
(5.009 s)
  ΓùÅ Analytics 
Charts ΓÇ║ 
DailyViewsChart ΓÇ║ 
should render chart 
bars when data exists

    expect(received).
toBeGreaterThan(expec
ted)

    Expected: > 0
    Received:   0

    [0m [90m 173 
|[39m             
[90m// Should have 
bar elements[39m
     [90m 174 
|[39m             
[36mconst[39m bars 
[33m=[39m container
[33m.[39mquerySelec
torAll([32m'[class*=
"bg-primary"]'[39m)
[33m;[39m
    [31m[1m>[22m[
39m[90m 175 |[39m  
           expect(bar
s[33m.[39mlength)[
33m.[39mtoBeGreaterT
han([35m0[39m)[33m
;[39m
     [90m     
|[39m               
                  
[31m[1m^[22m[39m
     [90m 176 
|[39m         
})[33m;[39m
     [90m 177 
|[39m     
})[33m;[39m
     [90m 178 
|[39m[0m

      at Object.toBeG
reaterThan (tests/com
ponents/national-roll
out-components.test.t
sx:175:33)

PASS tests/components
/dashboard/brand-setu
p-tab.test.tsx
PASS tests/components
/chat-widgets.test.ts
x
PASS tests/algorithms
/intuition-engine.tes
t.ts
  ΓùÅ Console

    console.log
      [INFO] 2025-12-
19T02:35:20.089Z 
[GlobalPriors] 
Initialized with 
bootstrap data

      at log (src/lib
/logger.ts:108:25)

    console.log
      [INFO] 2025-12-
19T02:35:20.131Z 
[GlobalPriors] 
Initialized with 
bootstrap data

      at log (src/lib
/logger.ts:108:25)

    console.log
      [INFO] 2025-12-
19T02:35:20.173Z 
[Intuition] 
Initialized 
cold-start intuition 
for brand test_bra

      at log (src/lib
/logger.ts:108:25)

    console.log
      [INFO] 2025-12-
19T02:35:20.184Z 
[Intuition] 
Initialized 
cold-start intuition 
for brand interact

      at log (src/lib
/logger.ts:108:25)

    console.log
      [INFO] 2025-12-
19T02:35:20.186Z 
[Intuition] 
Initialized 
cold-start intuition 
for brand stage_te

      at log (src/lib
/logger.ts:108:25)

    console.log
      [INFO] 2025-12-
19T02:35:20.187Z 
[Intuition] Brand 
stage_te reached 
WARMING stage

      at log (src/lib
/logger.ts:108:25)

FAIL tests/lib/brand-
data.test.ts (5.194 
s)
  ΓùÅ Console

    console.error
      [GeoDiscovery] 
Error in getRetailers
ByZipCode for 48201: 
TypeError: Cannot 
read properties of 
undefined (reading 
'toMillis')
          at 
toMillis (C:\Users\ma
rte\Baked for Brands\
bakedbot-for-brands\s
rc\server\services\ge
o-discovery.ts:347:62
)
          at processT
icksAndRejections (no
de:internal/process/t
ask_queues:103:5)
          at getRetai
lersByZipCode (C:\Use
rs\marte\Baked for Br
ands\bakedbot-for-bra
nds\src\server\servic
es\geo-discovery.ts:2
71:24)
          at fetchLoc
alBrandPageData (C:\U
sers\marte\Baked for 
Brands\bakedbot-for-b
rands\src\lib\brand-d
ata.ts:250:39)
          at 
Object.<anonymous> (C
:\Users\marte\Baked 
for Brands\bakedbot-f
or-brands\tests\lib\b
rand-data.test.ts:120
:28)

    [0m [90m 300 
|[39m         
}))[33m;[39m
     [90m 301 
|[39m     } 
[36mcatch[39m 
(error) {
    [31m[1m>[22m[
39m[90m 302 |[39m  
       console[33m.
[39merror([32m`[GeoD
iscovery] Error in ge
tRetailersByZipCode 
for ${zipCode}:`[39m
[33m,[39m 
error)[33m;[39m
     [90m     
|[39m               
  
[31m[1m^[22m[39m
     [90m 303 
|[39m         
[36mreturn[39m 
[][33m;[39m
     [90m 304 
|[39m     }
     [90m 305 
|[39m }[0m

      at error (src/s
erver/services/geo-di
scovery.ts:302:17)
      at fetchLocalBr
andPageData (src/lib/
brand-data.ts:250:39)
      at 
Object.<anonymous> (t
ests/lib/brand-data.t
est.ts:120:28)

  ΓùÅ brand-data ΓÇ║ 
fetchBrandPageData 
ΓÇ║ should fetch 
brand by ID if doc 
exists

    TypeError: 
Cannot read 
properties of 
undefined (reading 
'empty')

    [0m [90m 84 
|[39m             [
33m.[39m[36mget[39
m()[33m;[39m
     [90m 85 |[39m
    [31m[1m>[22m[
39m[90m 86 |[39m   
      [36mif[39m (
[33m![39mproductsQue
rySnake[33m.[39memp
ty) {
     [90m    |[39m 
                     
           
[31m[1m^[22m[39m
     [90m 87 |[39m 
            products 
[33m=[39m productsQ
uerySnake[33m.[39md
ocs[33m.[39mmap(doc
 [33m=>[39m ({ 
id[33m:[39m doc[33
m.[39mid[33m,[39m 
[33m...[39mdoc[33m
.[39mdata() } 
[36mas[39m [33mPro
duct[39m))[33m;[39
m
     [90m 88 |[39m 
        }
     [90m 89 |[39m 
    } [36melse[39m 
{[0m

      at empty (src/l
ib/brand-data.ts:86:3
3)
      at 
Object.<anonymous> (t
ests/lib/brand-data.t
est.ts:63:28)

  ΓùÅ brand-data ΓÇ║ 
fetchLocalBrandPageDa
ta ΓÇ║ should fetch 
local brand data 
with retailers

    expect(received).
toBe(expected) // 
Object.is equality

    Expected: 2
    Received: 0

    [0m [90m 122 
|[39m             ex
pect(result[33m.[39
mbrand)[33m.[39mtoB
eDefined()[33m;[39m
     [90m 123 
|[39m             
[90m// Should have 
2 retailers[39m
    [31m[1m>[22m[
39m[90m 124 |[39m  
           expect(res
ult[33m.[39mretaile
rs[33m.[39mlength)
[33m.[39mtoBe([35m2
[39m)[33m;[39m
     [90m     
|[39m               
                     
         
[31m[1m^[22m[39m
     [90m 125 |[39m
     [90m 126 
|[39m             
[90m// Check 
retailer names[39m
     [90m 127 
|[39m             
[36mconst[39m 
names [33m=[39m res
ult[33m.[39mretaile
rs[33m.[39mmap((r[
33m:[39m any) 
[33m=>[39m r[33m.
[39mname)[33m;[39m
[0m

      at Object.toBe 
(tests/lib/brand-data
.test.ts:124:45)

PASS tests/server/loy
alty.test.ts
PASS tests/components
/drop-alert-button.te
st.tsx
PASS tests/server/bla
ckleaf-migration.test
.ts
  ΓùÅ Console

    console.log
      [INFO] 2025-12-
19T02:35:20.908Z 
[SmsCompat] 
Forwarding SMS to 
BlackLeaf { to: 
'+15551234567' }

      at log (src/lib
/logger.ts:108:25)

    console.log
      [INFO] 2025-12-
19T02:35:20.923Z 
[SmsCompat] 
Forwarding SMS to 
BlackLeaf { to: 
'+15551234567' }

      at log (src/lib
/logger.ts:108:25)

PASS tests/app/api/dr
op-alerts.test.ts
PASS tests/dashboard/
widgets.test.tsx
PASS tests/server/nat
ional-rollout.test.ts
PASS tests/algorithms
/bandit.test.ts
PASS tests/server/ord
er-actions.test.ts
  ΓùÅ Console

    console.log
      {
        "timestamp": 
"2025-12-19T02:35:21.
066Z",
        "level": 
"info",
        "message": 
"Order accepted",
        "data": {
          "orderId": 
"order_123"
        }
      }

      at 
Logger.consoleMethod 
[as log] (src/lib/mon
itoring.ts:38:9)

    console.error
      {
        "timestamp": 
"2025-12-19T02:35:21.
122Z",
        "level": 
"error",
        "message": 
"Failed to send 
order notification:",
        "data": {
          "error": "f
irestore.collection(.
..).doc(...).withConv
erter is not a 
function",
          "stack": 
"TypeError: firestore
.collection(...).doc(
...).withConverter 
is not a function\n  
  at withConverter (C
:\\Users\\marte\\Bake
d for Brands\\bakedbo
t-for-brands\\src\\se
rver\\actions\\order-
notifications.ts:33:1
4)\n    at processTic
ksAndRejections (node
:internal/process/tas
k_queues:103:5)\n    
at acceptOrder (C:\\U
sers\\marte\\Baked 
for Brands\\bakedbot-
for-brands\\src\\serv
er\\actions\\order-ac
tions.ts:37:9)\n    
at 
Object.<anonymous> (C
:\\Users\\marte\\Bake
d for Brands\\bakedbo
t-for-brands\\tests\\
server\\order-actions
.test.ts:44:28)"
        }
      }

    [0m [90m 36 
|[39m               
  console[33m.[39ml
og[33m;[39m
     [90m 37 |[39m
    [31m[1m>[22m[
39m[90m 38 |[39m   
      consoleMethod(
[33mJSON[39m[33m.[
39mstringify(logEntry
[33m,[39m [36mnull
[39m[33m,[39m [35
m2[39m))[33m;[39m
     [90m    |[39m 
        
[31m[1m^[22m[39m
     [90m 39 |[39m
     [90m 40 |[39m 
        [90m// In 
production, send to 
Google Cloud 
Logging[39m
     [90m 41 |[39m 
        [36mif[39m 
(process[33m.[39men
v[33m.[39m[33mNODE
_ENV[39m 
[33m===[39m [32m'p
roduction'[39m 
[33m&&[39m 
[36mtypeof[39m 
window [33m===[39m 
[32m'undefined'[39m
) {[0m

      at 
Logger.consoleMethod 
[as log] (src/lib/mon
itoring.ts:38:9)
      at Logger.log 
[as error] (src/lib/m
onitoring.ts:84:14)
      at error (src/s
erver/actions/order-n
otifications.ts:91:16
)
      at acceptOrder 
(src/server/actions/o
rder-actions.ts:37:9)
      at 
Object.<anonymous> (t
ests/server/order-act
ions.test.ts:44:28)

    console.log
      {
        "timestamp": 
"2025-12-19T02:35:21.
139Z",
        "level": 
"info",
        "message": 
"Order ready",
        "data": {
          "orderId": 
"order_123"
        }
      }

      at 
Logger.consoleMethod 
[as log] (src/lib/mon
itoring.ts:38:9)

    console.error
      {
        "timestamp": 
"2025-12-19T02:35:21.
142Z",
        "level": 
"error",
        "message": 
"Failed to send 
order notification:",
        "data": {
          "error": "f
irestore.collection(.
..).doc(...).withConv
erter is not a 
function",
          "stack": 
"TypeError: firestore
.collection(...).doc(
...).withConverter 
is not a function\n  
  at withConverter (C
:\\Users\\marte\\Bake
d for Brands\\bakedbo
t-for-brands\\src\\se
rver\\actions\\order-
notifications.ts:33:1
4)\n    at processTic
ksAndRejections (node
:internal/process/tas
k_queues:103:5)\n    
at markOrderReady (C:
\\Users\\marte\\Baked
 for Brands\\bakedbot
-for-brands\\src\\ser
ver\\actions\\order-a
ctions.ts:74:9)\n    
at 
Object.<anonymous> (C
:\\Users\\marte\\Bake
d for Brands\\bakedbo
t-for-brands\\tests\\
server\\order-actions
.test.ts:78:28)"
        }
      }

    [0m [90m 36 
|[39m               
  console[33m.[39ml
og[33m;[39m
     [90m 37 |[39m
    [31m[1m>[22m[
39m[90m 38 |[39m   
      consoleMethod(
[33mJSON[39m[33m.[
39mstringify(logEntry
[33m,[39m [36mnull
[39m[33m,[39m [35
m2[39m))[33m;[39m
     [90m    |[39m 
        
[31m[1m^[22m[39m
     [90m 39 |[39m
     [90m 40 |[39m 
        [90m// In 
production, send to 
Google Cloud 
Logging[39m
     [90m 41 |[39m 
        [36mif[39m 
(process[33m.[39men
v[33m.[39m[33mNODE
_ENV[39m 
[33m===[39m [32m'p
roduction'[39m 
[33m&&[39m 
[36mtypeof[39m 
window [33m===[39m 
[32m'undefined'[39m
) {[0m

      at 
Logger.consoleMethod 
[as log] (src/lib/mon
itoring.ts:38:9)
      at Logger.log 
[as error] (src/lib/m
onitoring.ts:84:14)
      at error (src/s
erver/actions/order-n
otifications.ts:91:16
)
      at 
markOrderReady (src/s
erver/actions/order-a
ctions.ts:74:9)
      at 
Object.<anonymous> (t
ests/server/order-act
ions.test.ts:78:28)

    console.log
      {
        "timestamp": 
"2025-12-19T02:35:21.
150Z",
        "level": 
"info",
        "message": 
"Order fulfilled",
        "data": {
          "orderId": 
"order_123"
        }
      }

      at 
Logger.consoleMethod 
[as log] (src/lib/mon
itoring.ts:38:9)

    console.error
      {
        "timestamp": 
"2025-12-19T02:35:21.
152Z",
        "level": 
"error",
        "message": 
"Failed to send 
order notification:",
        "data": {
          "error": "f
irestore.collection(.
..).doc(...).withConv
erter is not a 
function",
          "stack": 
"TypeError: firestore
.collection(...).doc(
...).withConverter 
is not a function\n  
  at withConverter (C
:\\Users\\marte\\Bake
d for Brands\\bakedbo
t-for-brands\\src\\se
rver\\actions\\order-
notifications.ts:33:1
4)\n    at processTic
ksAndRejections (node
:internal/process/tas
k_queues:103:5)\n    
at fulfillOrder (C:\\
Users\\marte\\Baked 
for Brands\\bakedbot-
for-brands\\src\\serv
er\\actions\\order-ac
tions.ts:111:9)\n    
at 
Object.<anonymous> (C
:\\Users\\marte\\Bake
d for Brands\\bakedbo
t-for-brands\\tests\\
server\\order-actions
.test.ts:102:28)"
        }
      }

    [0m [90m 36 
|[39m               
  console[33m.[39ml
og[33m;[39m
     [90m 37 |[39m
    [31m[1m>[22m[
39m[90m 38 |[39m   
      consoleMethod(
[33mJSON[39m[33m.[
39mstringify(logEntry
[33m,[39m [36mnull
[39m[33m,[39m [35
m2[39m))[33m;[39m
     [90m    |[39m 
        
[31m[1m^[22m[39m
     [90m 39 |[39m
     [90m 40 |[39m 
        [90m// In 
production, send to 
Google Cloud 
Logging[39m
     [90m 41 |[39m 
        [36mif[39m 
(process[33m.[39men
v[33m.[39m[33mNODE
_ENV[39m 
[33m===[39m [32m'p
roduction'[39m 
[33m&&[39m 
[36mtypeof[39m 
window [33m===[39m 
[32m'undefined'[39m
) {[0m

      at 
Logger.consoleMethod 
[as log] (src/lib/mon
itoring.ts:38:9)
      at Logger.log 
[as error] (src/lib/m
onitoring.ts:84:14)
      at error (src/s
erver/actions/order-n
otifications.ts:91:16
)
      at 
fulfillOrder (src/ser
ver/actions/order-act
ions.ts:111:9)
      at 
Object.<anonymous> (t
ests/server/order-act
ions.test.ts:102:28)

    console.log
      {
        "timestamp": 
"2025-12-19T02:35:21.
159Z",
        "level": 
"info",
        "message": 
"Order fulfilled",
        "data": {
          "orderId": 
"order_123"
        }
      }

      at 
Logger.consoleMethod 
[as log] (src/lib/mon
itoring.ts:38:9)

    console.error
      {
        "timestamp": 
"2025-12-19T02:35:21.
163Z",
        "level": 
"error",
        "message": 
"Failed to send 
order notification:",
        "data": {
          "error": "f
irestore.collection(.
..).doc(...).withConv
erter is not a 
function",
          "stack": 
"TypeError: firestore
.collection(...).doc(
...).withConverter 
is not a function\n  
  at withConverter (C
:\\Users\\marte\\Bake
d for Brands\\bakedbo
t-for-brands\\src\\se
rver\\actions\\order-
notifications.ts:33:1
4)\n    at processTic
ksAndRejections (node
:internal/process/tas
k_queues:103:5)\n    
at fulfillOrder (C:\\
Users\\marte\\Baked 
for Brands\\bakedbot-
for-brands\\src\\serv
er\\actions\\order-ac
tions.ts:111:9)\n    
at 
Object.<anonymous> (C
:\\Users\\marte\\Bake
d for Brands\\bakedbo
t-for-brands\\tests\\
server\\order-actions
.test.ts:114:28)"
        }
      }

    [0m [90m 36 
|[39m               
  console[33m.[39ml
og[33m;[39m
     [90m 37 |[39m
    [31m[1m>[22m[
39m[90m 38 |[39m   
      consoleMethod(
[33mJSON[39m[33m.[
39mstringify(logEntry
[33m,[39m [36mnull
[39m[33m,[39m [35
m2[39m))[33m;[39m
     [90m    |[39m 
        
[31m[1m^[22m[39m
     [90m 39 |[39m
     [90m 40 |[39m 
        [90m// In 
production, send to 
Google Cloud 
Logging[39m
     [90m 41 |[39m 
        [36mif[39m 
(process[33m.[39men
v[33m.[39m[33mNODE
_ENV[39m 
[33m===[39m [32m'p
roduction'[39m 
[33m&&[39m 
[36mtypeof[39m 
window [33m===[39m 
[32m'undefined'[39m
) {[0m

      at 
Logger.consoleMethod 
[as log] (src/lib/mon
itoring.ts:38:9)
      at Logger.log 
[as error] (src/lib/m
onitoring.ts:84:14)
      at error (src/s
erver/actions/order-n
otifications.ts:91:16
)
      at 
fulfillOrder (src/ser
ver/actions/order-act
ions.ts:111:9)
      at 
Object.<anonymous> (t
ests/server/order-act
ions.test.ts:114:28)

    console.log
      {
        "timestamp": 
"2025-12-19T02:35:21.
172Z",
        "level": 
"info",
        "message": 
"Order cancelled",
        "data": {
          "orderId": 
"order_123",
          "reason": 
"Out of stock",
          
"cancelledBy": 
"dispensary"
        }
      }

      at 
Logger.consoleMethod 
[as log] (src/lib/mon
itoring.ts:38:9)

    console.error
      {
        "timestamp": 
"2025-12-19T02:35:21.
175Z",
        "level": 
"error",
        "message": 
"Failed to send 
order notification:",
        "data": {
          "error": "f
irestore.collection(.
..).doc(...).withConv
erter is not a 
function",
          "stack": 
"TypeError: firestore
.collection(...).doc(
...).withConverter 
is not a function\n  
  at withConverter (C
:\\Users\\marte\\Bake
d for Brands\\bakedbo
t-for-brands\\src\\se
rver\\actions\\order-
notifications.ts:33:1
4)\n    at processTic
ksAndRejections (node
:internal/process/tas
k_queues:103:5)\n    
at cancelOrder (C:\\U
sers\\marte\\Baked 
for Brands\\bakedbot-
for-brands\\src\\serv
er\\actions\\order-ac
tions.ts:154:9)\n    
at 
Object.<anonymous> (C
:\\Users\\marte\\Bake
d for Brands\\bakedbo
t-for-brands\\tests\\
server\\order-actions
.test.ts:135:28)"
        }
      }

    [0m [90m 36 
|[39m               
  console[33m.[39ml
og[33m;[39m
     [90m 37 |[39m
    [31m[1m>[22m[
39m[90m 38 |[39m   
      consoleMethod(
[33mJSON[39m[33m.[
39mstringify(logEntry
[33m,[39m [36mnull
[39m[33m,[39m [35
m2[39m))[33m;[39m
     [90m    |[39m 
        
[31m[1m^[22m[39m
     [90m 39 |[39m
     [90m 40 |[39m 
        [90m// In 
production, send to 
Google Cloud 
Logging[39m
     [90m 41 |[39m 
        [36mif[39m 
(process[33m.[39men
v[33m.[39m[33mNODE
_ENV[39m 
[33m===[39m [32m'p
roduction'[39m 
[33m&&[39m 
[36mtypeof[39m 
window [33m===[39m 
[32m'undefined'[39m
) {[0m

      at 
Logger.consoleMethod 
[as log] (src/lib/mon
itoring.ts:38:9)
      at Logger.log 
[as error] (src/lib/m
onitoring.ts:84:14)
      at error (src/s
erver/actions/order-n
otifications.ts:91:16
)
      at cancelOrder 
(src/server/actions/o
rder-actions.ts:154:9
)
      at 
Object.<anonymous> (t
ests/server/order-act
ions.test.ts:135:28)

    console.log
      {
        "timestamp": 
"2025-12-19T02:35:21.
181Z",
        "level": 
"info",
        "message": 
"Order cancelled",
        "data": {
          "orderId": 
"order_123",
          "reason": 
"Customer request",
          
"cancelledBy": 
"customer"
        }
      }

      at 
Logger.consoleMethod 
[as log] (src/lib/mon
itoring.ts:38:9)

    console.error
      {
        "timestamp": 
"2025-12-19T02:35:21.
183Z",
        "level": 
"error",
        "message": 
"Failed to send 
order notification:",
        "data": {
          "error": "f
irestore.collection(.
..).doc(...).withConv
erter is not a 
function",
          "stack": 
"TypeError: firestore
.collection(...).doc(
...).withConverter 
is not a function\n  
  at withConverter (C
:\\Users\\marte\\Bake
d for Brands\\bakedbo
t-for-brands\\src\\se
rver\\actions\\order-
notifications.ts:33:1
4)\n    at processTic
ksAndRejections (node
:internal/process/tas
k_queues:103:5)\n    
at cancelOrder (C:\\U
sers\\marte\\Baked 
for Brands\\bakedbot-
for-brands\\src\\serv
er\\actions\\order-ac
tions.ts:154:9)\n    
at 
Object.<anonymous> (C
:\\Users\\marte\\Bake
d for Brands\\bakedbo
t-for-brands\\tests\\
server\\order-actions
.test.ts:151:28)"
        }
      }

    [0m [90m 36 
|[39m               
  console[33m.[39ml
og[33m;[39m
     [90m 37 |[39m
    [31m[1m>[22m[
39m[90m 38 |[39m   
      consoleMethod(
[33mJSON[39m[33m.[
39mstringify(logEntry
[33m,[39m [36mnull
[39m[33m,[39m [35
m2[39m))[33m;[39m
     [90m    |[39m 
        
[31m[1m^[22m[39m
     [90m 39 |[39m
     [90m 40 |[39m 
        [90m// In 
production, send to 
Google Cloud 
Logging[39m
     [90m 41 |[39m 
        [36mif[39m 
(process[33m.[39men
v[33m.[39m[33mNODE
_ENV[39m 
[33m===[39m [32m'p
roduction'[39m 
[33m&&[39m 
[36mtypeof[39m 
window [33m===[39m 
[32m'undefined'[39m
) {[0m

      at 
Logger.consoleMethod 
[as log] (src/lib/mon
itoring.ts:38:9)
      at Logger.log 
[as error] (src/lib/m
onitoring.ts:84:14)
      at error (src/s
erver/actions/order-n
otifications.ts:91:16
)
      at cancelOrder 
(src/server/actions/o
rder-actions.ts:154:9
)
      at 
Object.<anonymous> (t
ests/server/order-act
ions.test.ts:151:28)

PASS tests/server/pha
se4-optimization.test
.ts
PASS tests/components
/brand-header.test.ts
x
  ΓùÅ Console

    console.error
      Warning: 
React.jsx: type is 
invalid -- expected 
a string (for 
built-in components) 
or a class/function 
(for composite 
components) but got: 
undefined. You 
likely forgot to 
export your 
component from the 
file it's defined 
in, or you might 
have mixed up 
default and named 
imports.
      
      Check the 
render method of 
`DialogContent`.
          at side (C:
\Users\marte\Baked 
for Brands\bakedbot-f
or-brands\src\compone
nts\ui\sheet.tsx:60:6
)
          at 
Provider (C:\Users\ma
rte\Baked for Brands\
bakedbot-for-brands\n
ode_modules\@radix-ui
\react-context\src\cr
eate-context.tsx:59:1
5)
          at Dialog (
C:\Users\marte\Baked 
for Brands\bakedbot-f
or-brands\node_module
s\@radix-ui\react-dia
log\src\dialog.tsx:52
:5)
          at div
          at div
          at header
          at 
brandName (C:\Users\m
arte\Baked for Brands
\bakedbot-for-brands\
src\components\brand\
brand-header.tsx:21:3
1)

    [0m [90m 68 
|[39m       
{children}
     [90m 69 |[39m 
      [33m<[39m[33
mSheetPrimitive[39m
[33m.[39m[33mClose
[39m className[33m=
[39m[32m"absolute 
right-4 top-4 
rounded-sm 
opacity-70 ring-offse
t-background 
transition-opacity 
hover:opacity-100 
focus:outline-none 
focus:ring-2 
focus:ring-ring 
focus:ring-offset-2 d
isabled:pointer-event
s-none data-[state=op
en]:bg-secondary"[39
m[33m>[39m
    [31m[1m>[22m[
39m[90m 70 |[39m   
      [33m<[39m[33
mX[39m className[33
m=[39m[32m"h-4 
w-4"[39m [33m/[39m
[33m>[39m
     [90m    |[39m 
        
[31m[1m^[22m[39m
     [90m 71 |[39m 
        [33m<[39m[
33mspan[39m classNam
e[33m=[39m[32m"sr-
only"[39m[33m>[39m
[33mClose[39m[33m<
[39m[33m/[39m[33m
span[39m[33m>[39m
     [90m 72 |[39m 
      [33m<[39m[33
m/[39m[33mSheetPrim
itive[39m[33m.[39m
[33mClose[39m[33m>
[39m
     [90m 73 |[39m 
    [33m<[39m[33m/
[39m[33mSheetPrimit
ive[39m[33m.[39m[
33mContent[39m[33m>
[39m[0m

      at 
printWarning (node_mo
dules/react/cjs/react
-jsx-runtime.developm
ent.js:87:30)
      at error (node_
modules/react/cjs/rea
ct-jsx-runtime.develo
pment.js:61:7)
      at 
jsxWithValidation (no
de_modules/react/cjs/
react-jsx-runtime.dev
elopment.js:1245:7)
      at jsxWithValid
ationDynamic (node_mo
dules/react/cjs/react
-jsx-runtime.developm
ent.js:1320:12)
      at src/componen
ts/ui/sheet.tsx:70:9
      at 
renderWithHooks (node
_modules/react-dom/cj
s/react-dom.developme
nt.js:15486:18)
      at 
updateForwardRef (nod
e_modules/react-dom/c
js/react-dom.developm
ent.js:19245:20)
      at beginWork (n
ode_modules/react-dom
/cjs/react-dom.develo
pment.js:21675:16)
      at beginWork$1 
(node_modules/react-d
om/cjs/react-dom.deve
lopment.js:27465:14)
      at 
performUnitOfWork (no
de_modules/react-dom/
cjs/react-dom.develop
ment.js:26599:12)
      at 
workLoopSync (node_mo
dules/react-dom/cjs/r
eact-dom.development.
js:26505:5)
      at 
renderRootSync (node_
modules/react-dom/cjs
/react-dom.developmen
t.js:26473:7)
      at performConcu
rrentWorkOnRoot (node
_modules/react-dom/cj
s/react-dom.developme
nt.js:25777:74)
      at 
flushActQueue (node_m
odules/react/cjs/reac
t.development.js:2667
:24)
      at act (node_mo
dules/react/cjs/react
.development.js:2582:
11)
      at node_modules
/@testing-library/rea
ct/dist/act-compat.js
:47:25
      at renderRoot (
node_modules/@testing
-library/react/dist/p
ure.js:190:26)
      at render (node
_modules/@testing-lib
rary/react/dist/pure.
js:292:10)
      at 
Object.<anonymous> (t
ests/components/brand
-header.test.tsx:35:1
5)

    console.error
      Warning: 
React.jsx: type is 
invalid -- expected 
a string (for 
built-in components) 
or a class/function 
(for composite 
components) but got: 
undefined. You 
likely forgot to 
export your 
component from the 
file it's defined 
in, or you might 
have mixed up 
default and named 
imports.
      
      Check the 
render method of 
`DialogContent`.
          at side (C:
\Users\marte\Baked 
for Brands\bakedbot-f
or-brands\src\compone
nts\ui\sheet.tsx:60:6
)
          at 
Provider (C:\Users\ma
rte\Baked for Brands\
bakedbot-for-brands\n
ode_modules\@radix-ui
\react-context\src\cr
eate-context.tsx:59:1
5)
          at Dialog (
C:\Users\marte\Baked 
for Brands\bakedbot-f
or-brands\node_module
s\@radix-ui\react-dia
log\src\dialog.tsx:52
:5)
          at div
          at div
          at header
          at 
brandName (C:\Users\m
arte\Baked for Brands
\bakedbot-for-brands\
src\components\brand\
brand-header.tsx:21:3
1)

    [0m [90m 68 
|[39m       
{children}
     [90m 69 |[39m 
      [33m<[39m[33
mSheetPrimitive[39m
[33m.[39m[33mClose
[39m className[33m=
[39m[32m"absolute 
right-4 top-4 
rounded-sm 
opacity-70 ring-offse
t-background 
transition-opacity 
hover:opacity-100 
focus:outline-none 
focus:ring-2 
focus:ring-ring 
focus:ring-offset-2 d
isabled:pointer-event
s-none data-[state=op
en]:bg-secondary"[39
m[33m>[39m
    [31m[1m>[22m[
39m[90m 70 |[39m   
      [33m<[39m[33
mX[39m className[33
m=[39m[32m"h-4 
w-4"[39m [33m/[39m
[33m>[39m
     [90m    |[39m 
        
[31m[1m^[22m[39m
     [90m 71 |[39m 
        [33m<[39m[
33mspan[39m classNam
e[33m=[39m[32m"sr-
only"[39m[33m>[39m
[33mClose[39m[33m<
[39m[33m/[39m[33m
span[39m[33m>[39m
     [90m 72 |[39m 
      [33m<[39m[33
m/[39m[33mSheetPrim
itive[39m[33m.[39m
[33mClose[39m[33m>
[39m
     [90m 73 |[39m 
    [33m<[39m[33m/
[39m[33mSheetPrimit
ive[39m[33m.[39m[
33mContent[39m[33m>
[39m[0m

      at 
printWarning (node_mo
dules/react/cjs/react
-jsx-runtime.developm
ent.js:87:30)
      at error (node_
modules/react/cjs/rea
ct-jsx-runtime.develo
pment.js:61:7)
      at 
jsxWithValidation (no
de_modules/react/cjs/
react-jsx-runtime.dev
elopment.js:1245:7)
      at jsxWithValid
ationDynamic (node_mo
dules/react/cjs/react
-jsx-runtime.developm
ent.js:1320:12)
      at src/componen
ts/ui/sheet.tsx:70:9
      at 
renderWithHooks (node
_modules/react-dom/cj
s/react-dom.developme
nt.js:15486:18)
      at 
updateForwardRef (nod
e_modules/react-dom/c
js/react-dom.developm
ent.js:19245:20)
      at beginWork (n
ode_modules/react-dom
/cjs/react-dom.develo
pment.js:21675:16)
      at beginWork$1 
(node_modules/react-d
om/cjs/react-dom.deve
lopment.js:27465:14)
      at 
performUnitOfWork (no
de_modules/react-dom/
cjs/react-dom.develop
ment.js:26599:12)
      at 
workLoopSync (node_mo
dules/react-dom/cjs/r
eact-dom.development.
js:26505:5)
      at 
renderRootSync (node_
modules/react-dom/cjs
/react-dom.developmen
t.js:26473:7)
      at performConcu
rrentWorkOnRoot (node
_modules/react-dom/cj
s/react-dom.developme
nt.js:25777:74)
      at 
flushActQueue (node_m
odules/react/cjs/reac
t.development.js:2667
:24)
      at act (node_mo
dules/react/cjs/react
.development.js:2582:
11)
      at node_modules
/@testing-library/rea
ct/dist/act-compat.js
:47:25
      at renderRoot (
node_modules/@testing
-library/react/dist/p
ure.js:190:26)
      at render (node
_modules/@testing-lib
rary/react/dist/pure.
js:292:10)
      at 
Object.<anonymous> (t
ests/components/brand
-header.test.tsx:41:1
5)

    console.error
      Warning: 
React.jsx: type is 
invalid -- expected 
a string (for 
built-in components) 
or a class/function 
(for composite 
components) but got: 
undefined. You 
likely forgot to 
export your 
component from the 
file it's defined 
in, or you might 
have mixed up 
default and named 
imports.
      
      Check the 
render method of 
`DialogContent`.
          at side (C:
\Users\marte\Baked 
for Brands\bakedbot-f
or-brands\src\compone
nts\ui\sheet.tsx:60:6
)
          at 
Provider (C:\Users\ma
rte\Baked for Brands\
bakedbot-for-brands\n
ode_modules\@radix-ui
\react-context\src\cr
eate-context.tsx:59:1
5)
          at Dialog (
C:\Users\marte\Baked 
for Brands\bakedbot-f
or-brands\node_module
s\@radix-ui\react-dia
log\src\dialog.tsx:52
:5)
          at div
          at div
          at header
          at 
brandName (C:\Users\m
arte\Baked for Brands
\bakedbot-for-brands\
src\components\brand\
brand-header.tsx:21:3
1)

    [0m [90m 68 
|[39m       
{children}
     [90m 69 |[39m 
      [33m<[39m[33
mSheetPrimitive[39m
[33m.[39m[33mClose
[39m className[33m=
[39m[32m"absolute 
right-4 top-4 
rounded-sm 
opacity-70 ring-offse
t-background 
transition-opacity 
hover:opacity-100 
focus:outline-none 
focus:ring-2 
focus:ring-ring 
focus:ring-offset-2 d
isabled:pointer-event
s-none data-[state=op
en]:bg-secondary"[39
m[33m>[39m
    [31m[1m>[22m[
39m[90m 70 |[39m   
      [33m<[39m[33
mX[39m className[33
m=[39m[32m"h-4 
w-4"[39m [33m/[39m
[33m>[39m
     [90m    |[39m 
        
[31m[1m^[22m[39m
     [90m 71 |[39m 
        [33m<[39m[
33mspan[39m classNam
e[33m=[39m[32m"sr-
only"[39m[33m>[39m
[33mClose[39m[33m<
[39m[33m/[39m[33m
span[39m[33m>[39m
     [90m 72 |[39m 
      [33m<[39m[33
m/[39m[33mSheetPrim
itive[39m[33m.[39m
[33mClose[39m[33m>
[39m
     [90m 73 |[39m 
    [33m<[39m[33m/
[39m[33mSheetPrimit
ive[39m[33m.[39m[
33mContent[39m[33m>
[39m[0m

      at 
printWarning (node_mo
dules/react/cjs/react
-jsx-runtime.developm
ent.js:87:30)
      at error (node_
modules/react/cjs/rea
ct-jsx-runtime.develo
pment.js:61:7)
      at 
jsxWithValidation (no
de_modules/react/cjs/
react-jsx-runtime.dev
elopment.js:1245:7)
      at jsxWithValid
ationDynamic (node_mo
dules/react/cjs/react
-jsx-runtime.developm
ent.js:1320:12)
      at src/componen
ts/ui/sheet.tsx:70:9
      at 
renderWithHooks (node
_modules/react-dom/cj
s/react-dom.developme
nt.js:15486:18)
      at 
updateForwardRef (nod
e_modules/react-dom/c
js/react-dom.developm
ent.js:19245:20)
      at beginWork (n
ode_modules/react-dom
/cjs/react-dom.develo
pment.js:21675:16)
      at beginWork$1 
(node_modules/react-d
om/cjs/react-dom.deve
lopment.js:27465:14)
      at 
performUnitOfWork (no
de_modules/react-dom/
cjs/react-dom.develop
ment.js:26599:12)
      at 
workLoopSync (node_mo
dules/react-dom/cjs/r
eact-dom.development.
js:26505:5)
      at 
renderRootSync (node_
modules/react-dom/cjs
/react-dom.developmen
t.js:26473:7)
      at performSyncW
orkOnRoot (node_modul
es/react-dom/cjs/reac
t-dom.development.js:
26124:20)
      at 
flushSyncCallbacks (n
ode_modules/react-dom
/cjs/react-dom.develo
pment.js:12042:22)
      at flushSync (n
ode_modules/react-dom
/cjs/react-dom.develo
pment.js:26240:7)
      at 
finishEventHandler (n
ode_modules/react-dom
/cjs/react-dom.develo
pment.js:3976:5)
      at 
batchedUpdates (node_
modules/react-dom/cjs
/react-dom.developmen
t.js:3994:5)
      at dispatchEven
tForPluginEventSystem
 (node_modules/react-
dom/cjs/react-dom.dev
elopment.js:9287:3)
      at dispatchEven
tWithEnableCapturePha
seSelectiveHydrationW
ithoutDiscreteEventRe
play (node_modules/re
act-dom/cjs/react-dom
.development.js:6465:
5)
      at 
dispatchEvent (node_m
odules/react-dom/cjs/
react-dom.development
.js:6457:5)
      at dispatchDisc
reteEvent (node_modul
es/react-dom/cjs/reac
t-dom.development.js:
6430:5)
      at HTMLDivEleme
nt.callTheUserObjects
Operation (node_modul
es/jsdom/lib/jsdom/li
ving/generated/EventL
istener.js:26:30)
      at innerInvokeE
ventListeners (node_m
odules/jsdom/lib/jsdo
m/living/events/Event
Target-impl.js:350:25
)
      at 
invokeEventListeners 
(node_modules/jsdom/l
ib/jsdom/living/event
s/EventTarget-impl.js
:286:3)
      at HTMLInputEle
mentImpl._dispatch (n
ode_modules/jsdom/lib
/jsdom/living/events/
EventTarget-impl.js:2
33:9)
      at HTMLInputEle
mentImpl.dispatchEven
t (node_modules/jsdom
/lib/jsdom/living/eve
nts/EventTarget-impl.
js:104:17)
      at HTMLInputEle
ment.dispatchEvent (n
ode_modules/jsdom/lib
/jsdom/living/generat
ed/EventTarget.js:241
:34)
      at node_modules
/@testing-library/dom
/dist/events.js:19:20
      at node_modules
/@testing-library/rea
ct/dist/pure.js:108:1
6
      at node_modules
/@testing-library/rea
ct/dist/act-compat.js
:48:24
      at act (node_mo
dules/react/cjs/react
.development.js:2512:
16)
      at node_modules
/@testing-library/rea
ct/dist/act-compat.js
:47:25
      at 
Object.eventWrapper (
node_modules/@testing
-library/react/dist/p
ure.js:107:28)
      at fireEvent (n
ode_modules/@testing-
library/dom/dist/even
ts.js:12:35)
      at 
fireEvent.<computed> 
[as change] (node_mod
ules/@testing-library
/dom/dist/events.js:1
10:36)
      at 
fireEvent.<computed> 
[as change] (node_mod
ules/@testing-library
/react/dist/fire-even
t.js:15:52)
      at 
Object.change (tests/
components/brand-head
er.test.tsx:43:19)

    console.error
      Warning: 
React.jsx: type is 
invalid -- expected 
a string (for 
built-in components) 
or a class/function 
(for composite 
components) but got: 
undefined. You 
likely forgot to 
export your 
component from the 
file it's defined 
in, or you might 
have mixed up 
default and named 
imports.
      
      Check the 
render method of 
`DialogContent`.
          at side (C:
\Users\marte\Baked 
for Brands\bakedbot-f
or-brands\src\compone
nts\ui\sheet.tsx:60:6
)
          at 
Provider (C:\Users\ma
rte\Baked for Brands\
bakedbot-for-brands\n
ode_modules\@radix-ui
\react-context\src\cr
eate-context.tsx:59:1
5)
          at Dialog (
C:\Users\marte\Baked 
for Brands\bakedbot-f
or-brands\node_module
s\@radix-ui\react-dia
log\src\dialog.tsx:52
:5)
          at div
          at div
          at header
          at 
brandName (C:\Users\m
arte\Baked for Brands
\bakedbot-for-brands\
src\components\brand\
brand-header.tsx:21:3
1)

    [0m [90m 68 
|[39m       
{children}
     [90m 69 |[39m 
      [33m<[39m[33
mSheetPrimitive[39m
[33m.[39m[33mClose
[39m className[33m=
[39m[32m"absolute 
right-4 top-4 
rounded-sm 
opacity-70 ring-offse
t-background 
transition-opacity 
hover:opacity-100 
focus:outline-none 
focus:ring-2 
focus:ring-ring 
focus:ring-offset-2 d
isabled:pointer-event
s-none data-[state=op
en]:bg-secondary"[39
m[33m>[39m
    [31m[1m>[22m[
39m[90m 70 |[39m   
      [33m<[39m[33
mX[39m className[33
m=[39m[32m"h-4 
w-4"[39m [33m/[39m
[33m>[39m
     [90m    |[39m 
        
[31m[1m^[22m[39m
     [90m 71 |[39m 
        [33m<[39m[
33mspan[39m classNam
e[33m=[39m[32m"sr-
only"[39m[33m>[39m
[33mClose[39m[33m<
[39m[33m/[39m[33m
span[39m[33m>[39m
     [90m 72 |[39m 
      [33m<[39m[33
m/[39m[33mSheetPrim
itive[39m[33m.[39m
[33mClose[39m[33m>
[39m
     [90m 73 |[39m 
    [33m<[39m[33m/
[39m[33mSheetPrimit
ive[39m[33m.[39m[
33mContent[39m[33m>
[39m[0m

      at 
printWarning (node_mo
dules/react/cjs/react
-jsx-runtime.developm
ent.js:87:30)
      at error (node_
modules/react/cjs/rea
ct-jsx-runtime.develo
pment.js:61:7)
      at 
jsxWithValidation (no
de_modules/react/cjs/
react-jsx-runtime.dev
elopment.js:1245:7)
      at jsxWithValid
ationDynamic (node_mo
dules/react/cjs/react
-jsx-runtime.developm
ent.js:1320:12)
      at src/componen
ts/ui/sheet.tsx:70:9
      at 
renderWithHooks (node
_modules/react-dom/cj
s/react-dom.developme
nt.js:15486:18)
      at 
updateForwardRef (nod
e_modules/react-dom/c
js/react-dom.developm
ent.js:19245:20)
      at beginWork (n
ode_modules/react-dom
/cjs/react-dom.develo
pment.js:21675:16)
      at beginWork$1 
(node_modules/react-d
om/cjs/react-dom.deve
lopment.js:27465:14)
      at 
performUnitOfWork (no
de_modules/react-dom/
cjs/react-dom.develop
ment.js:26599:12)
      at 
workLoopSync (node_mo
dules/react-dom/cjs/r
eact-dom.development.
js:26505:5)
      at 
renderRootSync (node_
modules/react-dom/cjs
/react-dom.developmen
t.js:26473:7)
      at performConcu
rrentWorkOnRoot (node
_modules/react-dom/cj
s/react-dom.developme
nt.js:25777:74)
      at 
flushActQueue (node_m
odules/react/cjs/reac
t.development.js:2667
:24)
      at act (node_mo
dules/react/cjs/react
.development.js:2582:
11)
      at node_modules
/@testing-library/rea
ct/dist/act-compat.js
:47:25
      at renderRoot (
node_modules/@testing
-library/react/dist/p
ure.js:190:26)
      at render (node
_modules/@testing-lib
rary/react/dist/pure.
js:292:10)
      at 
Object.<anonymous> (t
ests/components/brand
-header.test.tsx:48:1
5)

    console.error
      Warning: 
React.jsx: type is 
invalid -- expected 
a string (for 
built-in components) 
or a class/function 
(for composite 
components) but got: 
undefined. You 
likely forgot to 
export your 
component from the 
file it's defined 
in, or you might 
have mixed up 
default and named 
imports.
      
      Check the 
render method of 
`DialogContent`.
          at side (C:
\Users\marte\Baked 
for Brands\bakedbot-f
or-brands\src\compone
nts\ui\sheet.tsx:60:6
)
          at 
Provider (C:\Users\ma
rte\Baked for Brands\
bakedbot-for-brands\n
ode_modules\@radix-ui
\react-context\src\cr
eate-context.tsx:59:1
5)
          at Dialog (
C:\Users\marte\Baked 
for Brands\bakedbot-f
or-brands\node_module
s\@radix-ui\react-dia
log\src\dialog.tsx:52
:5)
          at div
          at div
          at header
          at 
brandName (C:\Users\m
arte\Baked for Brands
\bakedbot-for-brands\
src\components\brand\
brand-header.tsx:21:3
1)

    [0m [90m 68 
|[39m       
{children}
     [90m 69 |[39m 
      [33m<[39m[33
mSheetPrimitive[39m
[33m.[39m[33mClose
[39m className[33m=
[39m[32m"absolute 
right-4 top-4 
rounded-sm 
opacity-70 ring-offse
t-background 
transition-opacity 
hover:opacity-100 
focus:outline-none 
focus:ring-2 
focus:ring-ring 
focus:ring-offset-2 d
isabled:pointer-event
s-none data-[state=op
en]:bg-secondary"[39
m[33m>[39m
    [31m[1m>[22m[
39m[90m 70 |[39m   
      [33m<[39m[33
mX[39m className[33
m=[39m[32m"h-4 
w-4"[39m [33m/[39m
[33m>[39m
     [90m    |[39m 
        
[31m[1m^[22m[39m
     [90m 71 |[39m 
        [33m<[39m[
33mspan[39m classNam
e[33m=[39m[32m"sr-
only"[39m[33m>[39m
[33mClose[39m[33m<
[39m[33m/[39m[33m
span[39m[33m>[39m
     [90m 72 |[39m 
      [33m<[39m[33
m/[39m[33mSheetPrim
itive[39m[33m.[39m
[33mClose[39m[33m>
[39m
     [90m 73 |[39m 
    [33m<[39m[33m/
[39m[33mSheetPrimit
ive[39m[33m.[39m[
33mContent[39m[33m>
[39m[0m

      at 
printWarning (node_mo
dules/react/cjs/react
-jsx-runtime.developm
ent.js:87:30)
      at error (node_
modules/react/cjs/rea
ct-jsx-runtime.develo
pment.js:61:7)
      at 
jsxWithValidation (no
de_modules/react/cjs/
react-jsx-runtime.dev
elopment.js:1245:7)
      at jsxWithValid
ationDynamic (node_mo
dules/react/cjs/react
-jsx-runtime.developm
ent.js:1320:12)
      at src/componen
ts/ui/sheet.tsx:70:9
      at 
renderWithHooks (node
_modules/react-dom/cj
s/react-dom.developme
nt.js:15486:18)
      at 
updateForwardRef (nod
e_modules/react-dom/c
js/react-dom.developm
ent.js:19245:20)
      at beginWork (n
ode_modules/react-dom
/cjs/react-dom.develo
pment.js:21675:16)
      at beginWork$1 
(node_modules/react-d
om/cjs/react-dom.deve
lopment.js:27465:14)
      at 
performUnitOfWork (no
de_modules/react-dom/
cjs/react-dom.develop
ment.js:26599:12)
      at 
workLoopSync (node_mo
dules/react-dom/cjs/r
eact-dom.development.
js:26505:5)
      at 
renderRootSync (node_
modules/react-dom/cjs
/react-dom.developmen
t.js:26473:7)
      at performSyncW
orkOnRoot (node_modul
es/react-dom/cjs/reac
t-dom.development.js:
26124:20)
      at 
flushSyncCallbacks (n
ode_modules/react-dom
/cjs/react-dom.develo
pment.js:12042:22)
      at flushSync (n
ode_modules/react-dom
/cjs/react-dom.develo
pment.js:26240:7)
      at 
finishEventHandler (n
ode_modules/react-dom
/cjs/react-dom.develo
pment.js:3976:5)
      at 
batchedUpdates (node_
modules/react-dom/cjs
/react-dom.developmen
t.js:3994:5)
      at dispatchEven
tForPluginEventSystem
 (node_modules/react-
dom/cjs/react-dom.dev
elopment.js:9287:3)
      at dispatchEven
tWithEnableCapturePha
seSelectiveHydrationW
ithoutDiscreteEventRe
play (node_modules/re
act-dom/cjs/react-dom
.development.js:6465:
5)
      at 
dispatchEvent (node_m
odules/react-dom/cjs/
react-dom.development
.js:6457:5)
      at dispatchDisc
reteEvent (node_modul
es/react-dom/cjs/reac
t-dom.development.js:
6430:5)
      at HTMLDivEleme
nt.callTheUserObjects
Operation (node_modul
es/jsdom/lib/jsdom/li
ving/generated/EventL
istener.js:26:30)
      at innerInvokeE
ventListeners (node_m
odules/jsdom/lib/jsdo
m/living/events/Event
Target-impl.js:350:25
)
      at 
invokeEventListeners 
(node_modules/jsdom/l
ib/jsdom/living/event
s/EventTarget-impl.js
:286:3)
      at HTMLInputEle
mentImpl._dispatch (n
ode_modules/jsdom/lib
/jsdom/living/events/
EventTarget-impl.js:2
33:9)
      at HTMLInputEle
mentImpl.dispatchEven
t (node_modules/jsdom
/lib/jsdom/living/eve
nts/EventTarget-impl.
js:104:17)
      at HTMLInputEle
ment.dispatchEvent (n
ode_modules/jsdom/lib
/jsdom/living/generat
ed/EventTarget.js:241
:34)
      at node_modules
/@testing-library/dom
/dist/events.js:19:20
      at node_modules
/@testing-library/rea
ct/dist/pure.js:108:1
6
      at node_modules
/@testing-library/rea
ct/dist/act-compat.js
:48:24
      at act (node_mo
dules/react/cjs/react
.development.js:2512:
16)
      at node_modules
/@testing-library/rea
ct/dist/act-compat.js
:47:25
      at 
Object.eventWrapper (
node_modules/@testing
-library/react/dist/p
ure.js:107:28)
      at fireEvent (n
ode_modules/@testing-
library/dom/dist/even
ts.js:12:35)
      at 
fireEvent.<computed> 
[as change] (node_mod
ules/@testing-library
/dom/dist/events.js:1
10:36)
      at 
fireEvent.<computed> 
[as change] (node_mod
ules/@testing-library
/react/dist/fire-even
t.js:15:52)
      at 
Object.change (tests/
components/brand-head
er.test.tsx:52:19)

    console.error
      Warning: 
React.jsx: type is 
invalid -- expected 
a string (for 
built-in components) 
or a class/function 
(for composite 
components) but got: 
undefined. You 
likely forgot to 
export your 
component from the 
file it's defined 
in, or you might 
have mixed up 
default and named 
imports.
      
      Check the 
render method of 
`DialogContent`.
          at side (C:
\Users\marte\Baked 
for Brands\bakedbot-f
or-brands\src\compone
nts\ui\sheet.tsx:60:6
)
          at 
Provider (C:\Users\ma
rte\Baked for Brands\
bakedbot-for-brands\n
ode_modules\@radix-ui
\react-context\src\cr
eate-context.tsx:59:1
5)
          at Dialog (
C:\Users\marte\Baked 
for Brands\bakedbot-f
or-brands\node_module
s\@radix-ui\react-dia
log\src\dialog.tsx:52
:5)
          at div
          at div
          at header
          at 
brandName (C:\Users\m
arte\Baked for Brands
\bakedbot-for-brands\
src\components\brand\
brand-header.tsx:21:3
1)

    [0m [90m 68 
|[39m       
{children}
     [90m 69 |[39m 
      [33m<[39m[33
mSheetPrimitive[39m
[33m.[39m[33mClose
[39m className[33m=
[39m[32m"absolute 
right-4 top-4 
rounded-sm 
opacity-70 ring-offse
t-background 
transition-opacity 
hover:opacity-100 
focus:outline-none 
focus:ring-2 
focus:ring-ring 
focus:ring-offset-2 d
isabled:pointer-event
s-none data-[state=op
en]:bg-secondary"[39
m[33m>[39m
    [31m[1m>[22m[
39m[90m 70 |[39m   
      [33m<[39m[33
mX[39m className[33
m=[39m[32m"h-4 
w-4"[39m [33m/[39m
[33m>[39m
     [90m    |[39m 
        
[31m[1m^[22m[39m
     [90m 71 |[39m 
        [33m<[39m[
33mspan[39m classNam
e[33m=[39m[32m"sr-
only"[39m[33m>[39m
[33mClose[39m[33m<
[39m[33m/[39m[33m
span[39m[33m>[39m
     [90m 72 |[39m 
      [33m<[39m[33
m/[39m[33mSheetPrim
itive[39m[33m.[39m
[33mClose[39m[33m>
[39m
     [90m 73 |[39m 
    [33m<[39m[33m/
[39m[33mSheetPrimit
ive[39m[33m.[39m[
33mContent[39m[33m>
[39m[0m

      at 
printWarning (node_mo
dules/react/cjs/react
-jsx-runtime.developm
ent.js:87:30)
      at error (node_
modules/react/cjs/rea
ct-jsx-runtime.develo
pment.js:61:7)
      at 
jsxWithValidation (no
de_modules/react/cjs/
react-jsx-runtime.dev
elopment.js:1245:7)
      at jsxWithValid
ationDynamic (node_mo
dules/react/cjs/react
-jsx-runtime.developm
ent.js:1320:12)
      at src/componen
ts/ui/sheet.tsx:70:9
      at 
renderWithHooks (node
_modules/react-dom/cj
s/react-dom.developme
nt.js:15486:18)
      at 
updateForwardRef (nod
e_modules/react-dom/c
js/react-dom.developm
ent.js:19245:20)
      at beginWork (n
ode_modules/react-dom
/cjs/react-dom.develo
pment.js:21675:16)
      at beginWork$1 
(node_modules/react-d
om/cjs/react-dom.deve
lopment.js:27465:14)
      at 
performUnitOfWork (no
de_modules/react-dom/
cjs/react-dom.develop
ment.js:26599:12)
      at 
workLoopSync (node_mo
dules/react-dom/cjs/r
eact-dom.development.
js:26505:5)
      at 
renderRootSync (node_
modules/react-dom/cjs
/react-dom.developmen
t.js:26473:7)
      at performConcu
rrentWorkOnRoot (node
_modules/react-dom/cj
s/react-dom.developme
nt.js:25777:74)
      at 
flushActQueue (node_m
odules/react/cjs/reac
t.development.js:2667
:24)
      at act (node_mo
dules/react/cjs/react
.development.js:2582:
11)
      at node_modules
/@testing-library/rea
ct/dist/act-compat.js
:47:25
      at renderRoot (
node_modules/@testing
-library/react/dist/p
ure.js:190:26)
      at render (node
_modules/@testing-lib
rary/react/dist/pure.
js:292:10)
      at 
Object.<anonymous> (t
ests/components/brand
-header.test.tsx:62:1
5)

    console.error
      Warning: 
React.jsx: type is 
invalid -- expected 
a string (for 
built-in components) 
or a class/function 
(for composite 
components) but got: 
undefined. You 
likely forgot to 
export your 
component from the 
file it's defined 
in, or you might 
have mixed up 
default and named 
imports.
      
      Check the 
render method of 
`DialogContent`.
          at side (C:
\Users\marte\Baked 
for Brands\bakedbot-f
or-brands\src\compone
nts\ui\sheet.tsx:60:6
)
          at 
Provider (C:\Users\ma
rte\Baked for Brands\
bakedbot-for-brands\n
ode_modules\@radix-ui
\react-context\src\cr
eate-context.tsx:59:1
5)
          at Dialog (
C:\Users\marte\Baked 
for Brands\bakedbot-f
or-brands\node_module
s\@radix-ui\react-dia
log\src\dialog.tsx:52
:5)
          at div
          at div
          at header
          at 
brandName (C:\Users\m
arte\Baked for Brands
\bakedbot-for-brands\
src\components\brand\
brand-header.tsx:21:3
1)

    [0m [90m 68 
|[39m       
{children}
     [90m 69 |[39m 
      [33m<[39m[33
mSheetPrimitive[39m
[33m.[39m[33mClose
[39m className[33m=
[39m[32m"absolute 
right-4 top-4 
rounded-sm 
opacity-70 ring-offse
t-background 
transition-opacity 
hover:opacity-100 
focus:outline-none 
focus:ring-2 
focus:ring-ring 
focus:ring-offset-2 d
isabled:pointer-event
s-none data-[state=op
en]:bg-secondary"[39
m[33m>[39m
    [31m[1m>[22m[
39m[90m 70 |[39m   
      [33m<[39m[33
mX[39m className[33
m=[39m[32m"h-4 
w-4"[39m [33m/[39m
[33m>[39m
     [90m    |[39m 
        
[31m[1m^[22m[39m
     [90m 71 |[39m 
        [33m<[39m[
33mspan[39m classNam
e[33m=[39m[32m"sr-
only"[39m[33m>[39m
[33mClose[39m[33m<
[39m[33m/[39m[33m
span[39m[33m>[39m
     [90m 72 |[39m 
      [33m<[39m[33
m/[39m[33mSheetPrim
itive[39m[33m.[39m
[33mClose[39m[33m>
[39m
     [90m 73 |[39m 
    [33m<[39m[33m/
[39m[33mSheetPrimit
ive[39m[33m.[39m[
33mContent[39m[33m>
[39m[0m

      at 
printWarning (node_mo
dules/react/cjs/react
-jsx-runtime.developm
ent.js:87:30)
      at error (node_
modules/react/cjs/rea
ct-jsx-runtime.develo
pment.js:61:7)
      at 
jsxWithValidation (no
de_modules/react/cjs/
react-jsx-runtime.dev
elopment.js:1245:7)
      at jsxWithValid
ationDynamic (node_mo
dules/react/cjs/react
-jsx-runtime.developm
ent.js:1320:12)
      at src/componen
ts/ui/sheet.tsx:70:9
      at 
renderWithHooks (node
_modules/react-dom/cj
s/react-dom.developme
nt.js:15486:18)
      at 
updateForwardRef (nod
e_modules/react-dom/c
js/react-dom.developm
ent.js:19245:20)
      at beginWork (n
ode_modules/react-dom
/cjs/react-dom.develo
pment.js:21675:16)
      at beginWork$1 
(node_modules/react-d
om/cjs/react-dom.deve
lopment.js:27465:14)
      at 
performUnitOfWork (no
de_modules/react-dom/
cjs/react-dom.develop
ment.js:26599:12)
      at 
workLoopSync (node_mo
dules/react-dom/cjs/r
eact-dom.development.
js:26505:5)
      at 
renderRootSync (node_
modules/react-dom/cjs
/react-dom.developmen
t.js:26473:7)
      at performSyncW
orkOnRoot (node_modul
es/react-dom/cjs/reac
t-dom.development.js:
26124:20)
      at 
flushSyncCallbacks (n
ode_modules/react-dom
/cjs/react-dom.develo
pment.js:12042:22)
      at flushSync (n
ode_modules/react-dom
/cjs/react-dom.develo
pment.js:26240:7)
      at 
finishEventHandler (n
ode_modules/react-dom
/cjs/react-dom.develo
pment.js:3976:5)
      at 
batchedUpdates (node_
modules/react-dom/cjs
/react-dom.developmen
t.js:3994:5)
      at dispatchEven
tForPluginEventSystem
 (node_modules/react-
dom/cjs/react-dom.dev
elopment.js:9287:3)
      at dispatchEven
tWithEnableCapturePha
seSelectiveHydrationW
ithoutDiscreteEventRe
play (node_modules/re
act-dom/cjs/react-dom
.development.js:6465:
5)
      at 
dispatchEvent (node_m
odules/react-dom/cjs/
react-dom.development
.js:6457:5)
      at dispatchDisc
reteEvent (node_modul
es/react-dom/cjs/reac
t-dom.development.js:
6430:5)
      at HTMLDivEleme
nt.callTheUserObjects
Operation (node_modul
es/jsdom/lib/jsdom/li
ving/generated/EventL
istener.js:26:30)
      at innerInvokeE
ventListeners (node_m
odules/jsdom/lib/jsdo
m/living/events/Event
Target-impl.js:350:25
)
      at 
invokeEventListeners 
(node_modules/jsdom/l
ib/jsdom/living/event
s/EventTarget-impl.js
:286:3)
      at HTMLInputEle
mentImpl._dispatch (n
ode_modules/jsdom/lib
/jsdom/living/events/
EventTarget-impl.js:2
33:9)
      at HTMLInputEle
mentImpl.dispatchEven
t (node_modules/jsdom
/lib/jsdom/living/eve
nts/EventTarget-impl.
js:104:17)
      at HTMLInputEle
ment.dispatchEvent (n
ode_modules/jsdom/lib
/jsdom/living/generat
ed/EventTarget.js:241
:34)
      at node_modules
/@testing-library/dom
/dist/events.js:19:20
      at node_modules
/@testing-library/rea
ct/dist/pure.js:108:1
6
      at node_modules
/@testing-library/rea
ct/dist/act-compat.js
:48:24
      at act (node_mo
dules/react/cjs/react
.development.js:2512:
16)
      at node_modules
/@testing-library/rea
ct/dist/act-compat.js
:47:25
      at 
Object.eventWrapper (
node_modules/@testing
-library/react/dist/p
ure.js:107:28)
      at fireEvent (n
ode_modules/@testing-
library/dom/dist/even
ts.js:12:35)
      at 
fireEvent.<computed> 
[as change] (node_mod
ules/@testing-library
/dom/dist/events.js:1
10:36)
      at 
fireEvent.<computed> 
[as change] (node_mod
ules/@testing-library
/react/dist/fire-even
t.js:15:52)
      at 
Object.change (tests/
components/brand-head
er.test.tsx:69:19)

PASS tests/lib/intuit
ion/runtime.test.ts
PASS src/lib/__tests_
_/cannmenus-api.test.
ts
  ΓùÅ Console

    console.warn
      [CannMenus] 
State is required 
for v1/products but 
not provided. 
Defaulting to 
California.

    [0m [90m 177 
|[39m             
[90m// Fallback or 
error? For now, 
let's try 
'California' as 
fallback if not 
provided, [39m
     [90m 178 
|[39m             
[90m// but ideally 
the caller passes 
it.[39m
    [31m[1m>[22m[
39m[90m 179 |[39m  
           console[3
3m.[39mwarn([32m'[C
annMenus] State is 
required for 
v1/products but not 
provided. Defaulting 
to California.'[39m)
[33m;[39m
     [90m     
|[39m               
      
[31m[1m^[22m[39m
     [90m 180 
|[39m             pa
rams[33m.[39mappend
([32m'states'[39m[
33m,[39m [32m'Calif
ornia'[39m)[33m;[3
9m
     [90m 181 
|[39m         }
     [90m 182 
|[39m[0m

      at warn (src/li
b/cannmenus-api.ts:17
9:21)
      at 
Object.<anonymous> (s
rc/lib/__tests__/cann
menus-api.test.ts:62:
38)

PASS tests/components
/dashboard/super-admi
n-playbooks-tab.test.
tsx
  ΓùÅ Console

    console.error
      Warning: 
React.jsx: type is 
invalid -- expected 
a string (for 
built-in components) 
or a class/function 
(for composite 
components) but got: 
undefined. You 
likely forgot to 
export your 
component from the 
file it's defined 
in, or you might 
have mixed up 
default and named 
imports.
      
      Check the 
render method of 
`DialogContent`.
          at 
className (C:\Users\m
arte\Baked for Brands
\bakedbot-for-brands\
src\components\ui\dia
log.tsx:36:6)
          at 
Provider (C:\Users\ma
rte\Baked for Brands\
bakedbot-for-brands\n
ode_modules\@radix-ui
\react-context\src\cr
eate-context.tsx:59:1
5)
          at Dialog (
C:\Users\marte\Baked 
for Brands\bakedbot-f
or-brands\node_module
s\@radix-ui\react-dia
log\src\dialog.tsx:52
:5)
          at div
          at div
          at SuperAdm
inPlaybooksTab (C:\Us
ers\marte\Baked for B
rands\bakedbot-for-br
ands\src\app\dashboar
d\ceo\components\supe
r-admin-playbooks-tab
.tsx:174:47)

    [0m [90m 47 
|[39m       
{children}
     [90m 48 |[39m 
      [33m<[39m[33
mDialogPrimitive[39m
[33m.[39m[33mClose
[39m className[33m=
[39m[32m"absolute 
right-4 top-4 
rounded-sm 
opacity-70 ring-offse
t-background 
transition-opacity 
hover:opacity-100 
focus:outline-none 
focus:ring-2 
focus:ring-ring 
focus:ring-offset-2 d
isabled:pointer-event
s-none data-[state=op
en]:bg-accent data-[s
tate=open]:text-muted
-foreground"[39m[33
m>[39m
    [31m[1m>[22m[
39m[90m 49 |[39m   
      [33m<[39m[33
mX[39m className[33
m=[39m[32m"h-4 
w-4"[39m [33m/[39m
[33m>[39m
     [90m    |[39m 
        
[31m[1m^[22m[39m
     [90m 50 |[39m 
        [33m<[39m[
33mspan[39m classNam
e[33m=[39m[32m"sr-
only"[39m[33m>[39m
[33mClose[39m[33m<
[39m[33m/[39m[33m
span[39m[33m>[39m
     [90m 51 |[39m 
      [33m<[39m[33
m/[39m[33mDialogPri
mitive[39m[33m.[39
m[33mClose[39m[33m
>[39m
     [90m 52 |[39m 
    [33m<[39m[33m/
[39m[33mDialogPrimi
tive[39m[33m.[39m
[33mContent[39m[33m
>[39m[0m

      at 
printWarning (node_mo
dules/react/cjs/react
-jsx-runtime.developm
ent.js:87:30)
      at error (node_
modules/react/cjs/rea
ct-jsx-runtime.develo
pment.js:61:7)
      at 
jsxWithValidation (no
de_modules/react/cjs/
react-jsx-runtime.dev
elopment.js:1245:7)
      at jsxWithValid
ationDynamic (node_mo
dules/react/cjs/react
-jsx-runtime.developm
ent.js:1320:12)
      at src/componen
ts/ui/dialog.tsx:49:9
      at 
renderWithHooks (node
_modules/react-dom/cj
s/react-dom.developme
nt.js:15486:18)
      at 
updateForwardRef (nod
e_modules/react-dom/c
js/react-dom.developm
ent.js:19245:20)
      at beginWork (n
ode_modules/react-dom
/cjs/react-dom.develo
pment.js:21675:16)
      at beginWork$1 
(node_modules/react-d
om/cjs/react-dom.deve
lopment.js:27465:14)
      at 
performUnitOfWork (no
de_modules/react-dom/
cjs/react-dom.develop
ment.js:26599:12)
      at 
workLoopSync (node_mo
dules/react-dom/cjs/r
eact-dom.development.
js:26505:5)
      at 
renderRootSync (node_
modules/react-dom/cjs
/react-dom.developmen
t.js:26473:7)
      at performConcu
rrentWorkOnRoot (node
_modules/react-dom/cj
s/react-dom.developme
nt.js:25777:74)
      at 
flushActQueue (node_m
odules/react/cjs/reac
t.development.js:2667
:24)
      at act (node_mo
dules/react/cjs/react
.development.js:2582:
11)
      at node_modules
/@testing-library/rea
ct/dist/act-compat.js
:47:25
      at renderRoot (
node_modules/@testing
-library/react/dist/p
ure.js:190:26)
      at render (node
_modules/@testing-lib
rary/react/dist/pure.
js:292:10)
      at 
Object.<anonymous> (t
ests/components/dashb
oard/super-admin-play
books-tab.test.tsx:55
:15)

    console.error
      Warning: 
React.jsx: type is 
invalid -- expected 
a string (for 
built-in components) 
or a class/function 
(for composite 
components) but got: 
undefined. You 
likely forgot to 
export your 
component from the 
file it's defined 
in, or you might 
have mixed up 
default and named 
imports.
      
      Check the 
render method of 
`DialogContent`.
          at 
className (C:\Users\m
arte\Baked for Brands
\bakedbot-for-brands\
src\components\ui\dia
log.tsx:36:6)
          at 
Provider (C:\Users\ma
rte\Baked for Brands\
bakedbot-for-brands\n
ode_modules\@radix-ui
\react-context\src\cr
eate-context.tsx:59:1
5)
          at Dialog (
C:\Users\marte\Baked 
for Brands\bakedbot-f
or-brands\node_module
s\@radix-ui\react-dia
log\src\dialog.tsx:52
:5)
          at div
          at div
          at SuperAdm
inPlaybooksTab (C:\Us
ers\marte\Baked for B
rands\bakedbot-for-br
ands\src\app\dashboar
d\ceo\components\supe
r-admin-playbooks-tab
.tsx:174:47)

    [0m [90m 47 
|[39m       
{children}
     [90m 48 |[39m 
      [33m<[39m[33
mDialogPrimitive[39m
[33m.[39m[33mClose
[39m className[33m=
[39m[32m"absolute 
right-4 top-4 
rounded-sm 
opacity-70 ring-offse
t-background 
transition-opacity 
hover:opacity-100 
focus:outline-none 
focus:ring-2 
focus:ring-ring 
focus:ring-offset-2 d
isabled:pointer-event
s-none data-[state=op
en]:bg-accent data-[s
tate=open]:text-muted
-foreground"[39m[33
m>[39m
    [31m[1m>[22m[
39m[90m 49 |[39m   
      [33m<[39m[33
mX[39m className[33
m=[39m[32m"h-4 
w-4"[39m [33m/[39m
[33m>[39m
     [90m    |[39m 
        
[31m[1m^[22m[39m
     [90m 50 |[39m 
        [33m<[39m[
33mspan[39m classNam
e[33m=[39m[32m"sr-
only"[39m[33m>[39m
[33mClose[39m[33m<
[39m[33m/[39m[33m
span[39m[33m>[39m
     [90m 51 |[39m 
      [33m<[39m[33
m/[39m[33mDialogPri
mitive[39m[33m.[39
m[33mClose[39m[33m
>[39m
     [90m 52 |[39m 
    [33m<[39m[33m/
[39m[33mDialogPrimi
tive[39m[33m.[39m
[33mContent[39m[33m
>[39m[0m

      at 
printWarning (node_mo
dules/react/cjs/react
-jsx-runtime.developm
ent.js:87:30)
      at error (node_
modules/react/cjs/rea
ct-jsx-runtime.develo
pment.js:61:7)
      at 
jsxWithValidation (no
de_modules/react/cjs/
react-jsx-runtime.dev
elopment.js:1245:7)
      at jsxWithValid
ationDynamic (node_mo
dules/react/cjs/react
-jsx-runtime.developm
ent.js:1320:12)
      at src/componen
ts/ui/dialog.tsx:49:9
      at 
renderWithHooks (node
_modules/react-dom/cj
s/react-dom.developme
nt.js:15486:18)
      at 
updateForwardRef (nod
e_modules/react-dom/c
js/react-dom.developm
ent.js:19245:20)
      at beginWork (n
ode_modules/react-dom
/cjs/react-dom.develo
pment.js:21675:16)
      at beginWork$1 
(node_modules/react-d
om/cjs/react-dom.deve
lopment.js:27465:14)
      at 
performUnitOfWork (no
de_modules/react-dom/
cjs/react-dom.develop
ment.js:26599:12)
      at 
workLoopSync (node_mo
dules/react-dom/cjs/r
eact-dom.development.
js:26505:5)
      at 
renderRootSync (node_
modules/react-dom/cjs
/react-dom.developmen
t.js:26473:7)
      at performConcu
rrentWorkOnRoot (node
_modules/react-dom/cj
s/react-dom.developme
nt.js:25777:74)
      at 
flushActQueue (node_m
odules/react/cjs/reac
t.development.js:2667
:24)
      at act (node_mo
dules/react/cjs/react
.development.js:2582:
11)
      at node_modules
/@testing-library/rea
ct/dist/act-compat.js
:47:25
      at renderRoot (
node_modules/@testing
-library/react/dist/p
ure.js:190:26)
      at render (node
_modules/@testing-lib
rary/react/dist/pure.
js:292:10)
      at 
Object.<anonymous> (t
ests/components/dashb
oard/super-admin-play
books-tab.test.tsx:55
:15)

PASS tests/dashboard/
default-layouts.test.
ts
PASS tests/types/plac
es.test.ts
PASS tests/actions/bu
ndles.test.ts
PASS tests/intuition/
heuristics.test.ts
PASS src/server/tools
/__tests__/leaflink.t
est.ts
  ΓùÅ Console

    console.error
      
[leaflinkAction] 
Error: Error: 
LeafLink API error: 
Internal Server Error
          at 
leaflinkAction (C:\Us
ers\marte\Baked for B
rands\bakedbot-for-br
ands\src\server\tools
\leaflink.ts:70:42)
          at processT
icksAndRejections (no
de:internal/process/t
ask_queues:103:5)
          at 
Object.<anonymous> (C
:\Users\marte\Baked 
for Brands\bakedbot-f
or-brands\src\server\
tools\__tests__\leafl
ink.test.ts:125:24)

    [0m [90m 128 
|[39m         }
     [90m 129 
|[39m     } 
[36mcatch[39m 
(error[33m:[39m 
any) {
    [31m[1m>[22m[
39m[90m 130 |[39m  
       console[33m.
[39merror([32m'[leaf
linkAction] Error:'[
39m[33m,[39m 
error)[33m;[39m
     [90m     
|[39m               
  
[31m[1m^[22m[39m
     [90m 131 
|[39m         
[36mreturn[39m { 
success[33m:[39m [
36mfalse[39m[33m,[
39m error[33m:[39m 
error[33m.[39mmessa
ge }[33m;[39m
     [90m 132 
|[39m     }
     [90m 133 
|[39m }[0m

      at error (src/s
erver/tools/leaflink.
ts:130:17)
      at 
Object.<anonymous> (s
rc/server/tools/__tes
ts__/leaflink.test.ts
:125:24)

PASS tests/components
/dashboard/competitiv
e-intel-snapshot.test
.tsx
PASS tests/server/pla
ces-connector.test.ts
PASS src/components/f
oot-traffic/__tests__
/local-search-bar.tes
t.tsx
  ΓùÅ Console

    console.log
      [Analytics] 
search_used { query: 
'blue dream', zip: 
'90001', source: 
'local_page' }

      at log (src/lib
/analytics.ts:53:17)

PASS tests/dashboard/
widget-registry.test.
ts
PASS tests/actions/ca
rousels.test.ts
PASS tests/server/pop
s-forecast.test.ts
PASS tests/server/dat
aset-indexes.test.ts
PASS tests/server/cre
ate-claim-subscriptio
n.test.ts
PASS tests/components
/shop-filters.test.ts
PASS tests/dev/set-pa
ge-status.test.ts
PASS tests/actions/bu
lk-import.test.ts
PASS tests/server/ihe
art.test.ts
PASS tests/server/man
ual-page-creation.tes
t.ts
PASS tests/server/too
ls/email-tool.test.ts
PASS src/lib/payments
/__tests__/config.tes
t.ts
PASS tests/components
/dashboard/brand-kpis
.test.tsx
PASS tests/server/rev
iews.test.ts
PASS tests/server/ale
rt-evaluator.test.ts
PASS tests/server/seo
-data.test.ts
PASS tests/server/smo
key-actions.test.ts
PASS tests/dashboard/
layout-persistence.te
st.ts
  ΓùÅ Console

    console.log
      Layout version 
mismatch, resetting 
to defaults

      at log (src/lib
/dashboard/layout-per
sistence.ts:58:21)

    console.error
      Failed to 
import layout: 
SyntaxError: 
Unexpected token 
'o', 
"not-valid-json" is 
not valid JSON
          at 
JSON.parse 
(<anonymous>)
          at parse (C
:\Users\marte\Baked 
for Brands\bakedbot-f
or-brands\src\lib\das
hboard\layout-persist
ence.ts:123:46)
          at 
Object.<anonymous> (C
:\Users\marte\Baked 
for Brands\bakedbot-f
or-brands\tests\dashb
oard\layout-persisten
ce.test.ts:189:40)
          at Promise.
then.completed (C:\Us
ers\marte\Baked for B
rands\bakedbot-for-br
ands\node_modules\jes
t-circus\build\utils.
js:298:28)
          at new 
Promise (<anonymous>)
          at 
callAsyncCircusFn (C:
\Users\marte\Baked 
for Brands\bakedbot-f
or-brands\node_module
s\jest-circus\build\u
tils.js:231:10)
          at 
_callCircusTest (C:\U
sers\marte\Baked for 
Brands\bakedbot-for-b
rands\node_modules\je
st-circus\build\run.j
s:316:40)
          at processT
icksAndRejections (no
de:internal/process/t
ask_queues:103:5)
          at 
_runTest (C:\Users\ma
rte\Baked for Brands\
bakedbot-for-brands\n
ode_modules\jest-circ
us\build\run.js:252:3
)
          at _runTest
sForDescribeBlock (C:
\Users\marte\Baked 
for Brands\bakedbot-f
or-brands\node_module
s\jest-circus\build\r
un.js:126:9)
          at _runTest
sForDescribeBlock (C:
\Users\marte\Baked 
for Brands\bakedbot-f
or-brands\node_module
s\jest-circus\build\r
un.js:121:9)
          at _runTest
sForDescribeBlock (C:
\Users\marte\Baked 
for Brands\bakedbot-f
or-brands\node_module
s\jest-circus\build\r
un.js:121:9)
          at run (C:\
Users\marte\Baked 
for Brands\bakedbot-f
or-brands\node_module
s\jest-circus\build\r
un.js:71:3)
          at runAndTr
ansformResultsToJestF
ormat (C:\Users\marte
\Baked for Brands\bak
edbot-for-brands\node
_modules\jest-circus\
build\legacy-code-tod
o-rewrite\jestAdapter
Init.js:122:21)
          at 
jestAdapter (C:\Users
\marte\Baked for Bran
ds\bakedbot-for-brand
s\node_modules\jest-c
ircus\build\legacy-co
de-todo-rewrite\jestA
dapter.js:79:19)
          at 
runTestInternal (C:\U
sers\marte\Baked for 
Brands\bakedbot-for-b
rands\node_modules\je
st-runner\build\runTe
st.js:367:16)
          at runTest 
(C:\Users\marte\Baked
 for Brands\bakedbot-
for-brands\node_modul
es\jest-runner\build\
runTest.js:444:34)
          at 
Object.worker (C:\Use
rs\marte\Baked for Br
ands\bakedbot-for-bra
nds\node_modules\jest
-runner\build\testWor
ker.js:106:12)

    [0m [90m 136 
|[39m         
[36mreturn[39m [36
mtrue[39m[33m;[39m
     [90m 137 
|[39m     } 
[36mcatch[39m 
(error) {
    [31m[1m>[22m[
39m[90m 138 |[39m  
       console[33m.
[39merror([32m'Faile
d to import layout:'
[39m[33m,[39m 
error)[33m;[39m
     [90m     
|[39m               
  
[31m[1m^[22m[39m
     [90m 139 
|[39m         
[36mreturn[39m [36
mfalse[39m[33m;[39
m
     [90m 140 
|[39m     }
     [90m 141 
|[39m }[0m

      at error (src/l
ib/dashboard/layout-p
ersistence.ts:138:17)
      at 
Object.<anonymous> (t
ests/dashboard/layout
-persistence.test.ts:
189:40)

    console.error
      Failed to 
import layout: 
Error: Invalid 
layout format
          at 
importLayout (C:\User
s\marte\Baked for Bra
nds\bakedbot-for-bran
ds\src\lib\dashboard\
layout-persistence.ts
:127:19)
          at 
Object.<anonymous> (C
:\Users\marte\Baked 
for Brands\bakedbot-f
or-brands\tests\dashb
oard\layout-persisten
ce.test.ts:194:40)
          at Promise.
then.completed (C:\Us
ers\marte\Baked for B
rands\bakedbot-for-br
ands\node_modules\jes
t-circus\build\utils.
js:298:28)
          at new 
Promise (<anonymous>)
          at 
callAsyncCircusFn (C:
\Users\marte\Baked 
for Brands\bakedbot-f
or-brands\node_module
s\jest-circus\build\u
tils.js:231:10)
          at 
_callCircusTest (C:\U
sers\marte\Baked for 
Brands\bakedbot-for-b
rands\node_modules\je
st-circus\build\run.j
s:316:40)
          at processT
icksAndRejections (no
de:internal/process/t
ask_queues:103:5)
          at 
_runTest (C:\Users\ma
rte\Baked for Brands\
bakedbot-for-brands\n
ode_modules\jest-circ
us\build\run.js:252:3
)
          at _runTest
sForDescribeBlock (C:
\Users\marte\Baked 
for Brands\bakedbot-f
or-brands\node_module
s\jest-circus\build\r
un.js:126:9)
          at _runTest
sForDescribeBlock (C:
\Users\marte\Baked 
for Brands\bakedbot-f
or-brands\node_module
s\jest-circus\build\r
un.js:121:9)
          at _runTest
sForDescribeBlock (C:
\Users\marte\Baked 
for Brands\bakedbot-f
or-brands\node_module
s\jest-circus\build\r
un.js:121:9)
          at run (C:\
Users\marte\Baked 
for Brands\bakedbot-f
or-brands\node_module
s\jest-circus\build\r
un.js:71:3)
          at runAndTr
ansformResultsToJestF
ormat (C:\Users\marte
\Baked for Brands\bak
edbot-for-brands\node
_modules\jest-circus\
build\legacy-code-tod
o-rewrite\jestAdapter
Init.js:122:21)
          at 
jestAdapter (C:\Users
\marte\Baked for Bran
ds\bakedbot-for-brand
s\node_modules\jest-c
ircus\build\legacy-co
de-todo-rewrite\jestA
dapter.js:79:19)
          at 
runTestInternal (C:\U
sers\marte\Baked for 
Brands\bakedbot-for-b
rands\node_modules\je
st-runner\build\runTe
st.js:367:16)
          at runTest 
(C:\Users\marte\Baked
 for Brands\bakedbot-
for-brands\node_modul
es\jest-runner\build\
runTest.js:444:34)
          at 
Object.worker (C:\Use
rs\marte\Baked for Br
ands\bakedbot-for-bra
nds\node_modules\jest
-runner\build\testWor
ker.js:106:12)

    [0m [90m 136 
|[39m         
[36mreturn[39m [36
mtrue[39m[33m;[39m
     [90m 137 
|[39m     } 
[36mcatch[39m 
(error) {
    [31m[1m>[22m[
39m[90m 138 |[39m  
       console[33m.
[39merror([32m'Faile
d to import layout:'
[39m[33m,[39m 
error)[33m;[39m
     [90m     
|[39m               
  
[31m[1m^[22m[39m
     [90m 139 
|[39m         
[36mreturn[39m [36
mfalse[39m[33m;[39
m
     [90m 140 
|[39m     }
     [90m 141 
|[39m }[0m

      at error (src/l
ib/dashboard/layout-p
ersistence.ts:138:17)
      at 
Object.<anonymous> (t
ests/dashboard/layout
-persistence.test.ts:
194:40)

PASS tests/actions/pa
ge-generation.test.ts
PASS tests/server/geo
-discovery.test.ts
  ΓùÅ Console

    console.error
      [GeoDiscovery] 
Failed to geocode 
ZIP: 99999

    [0m [90m 272 
|[39m
     [90m 273 
|[39m         
[36mif[39m 
([33m![39mcoords) {
    [31m[1m>[22m[
39m[90m 274 |[39m  
           console[3
3m.[39merror([32m`[
GeoDiscovery] Failed 
to geocode ZIP: ${zip
Code}`[39m)[33m;[3
9m
     [90m     
|[39m               
      
[31m[1m^[22m[39m
     [90m 275 
|[39m             
[36mreturn[39m 
[][33m;[39m
     [90m 276 
|[39m         }
     [90m 277 
|[39m[0m

      at error (src/s
erver/services/geo-di
scovery.ts:274:21)
      at 
Object.<anonymous> (t
ests/server/geo-disco
very.test.ts:479:22)

PASS tests/server/cra
ig-bandit.test.ts
PASS tests/lib/claim-
exclusivity.test.ts
PASS src/app/dashboar
d/ceo/agents/__tests_
_/personas.test.ts
PASS tests/algorithms
/craig-priority.test.
ts
PASS tests/components
/chatbot-context.test
.ts
PASS tests/lib/role-c
hat-config.test.ts
PASS tests/server/seo
-kpis.test.ts
PASS tests/server/tre
asury/policy.test.ts
PASS tests/server/mon
eymike-elasticity.tes
t.ts
PASS tests/server/cla
im-status.test.ts
PASS tests/dashboard/
modular-dashboard.tes
t.tsx
PASS tests/server/smo
key-learning.test.ts
PASS tests/actions/cl
aims.test.ts
  ΓùÅ Console

    console.error
      Error 
submitting claim: 
Error: DB Error
          at 
Object.<anonymous> (C
:\Users\marte\Baked 
for Brands\bakedbot-f
or-brands\tests\actio
ns\claims.test.ts:74:
39)
          at Promise.
then.completed (C:\Us
ers\marte\Baked for B
rands\bakedbot-for-br
ands\node_modules\jes
t-circus\build\utils.
js:298:28)
          at new 
Promise (<anonymous>)
          at 
callAsyncCircusFn (C:
\Users\marte\Baked 
for Brands\bakedbot-f
or-brands\node_module
s\jest-circus\build\u
tils.js:231:10)
          at 
_callCircusTest (C:\U
sers\marte\Baked for 
Brands\bakedbot-for-b
rands\node_modules\je
st-circus\build\run.j
s:316:40)
          at processT
icksAndRejections (no
de:internal/process/t
ask_queues:103:5)
          at 
_runTest (C:\Users\ma
rte\Baked for Brands\
bakedbot-for-brands\n
ode_modules\jest-circ
us\build\run.js:252:3
)
          at _runTest
sForDescribeBlock (C:
\Users\marte\Baked 
for Brands\bakedbot-f
or-brands\node_module
s\jest-circus\build\r
un.js:126:9)
          at _runTest
sForDescribeBlock (C:
\Users\marte\Baked 
for Brands\bakedbot-f
or-brands\node_module
s\jest-circus\build\r
un.js:121:9)
          at _runTest
sForDescribeBlock (C:
\Users\marte\Baked 
for Brands\bakedbot-f
or-brands\node_module
s\jest-circus\build\r
un.js:121:9)
          at run (C:\
Users\marte\Baked 
for Brands\bakedbot-f
or-brands\node_module
s\jest-circus\build\r
un.js:71:3)
          at runAndTr
ansformResultsToJestF
ormat (C:\Users\marte
\Baked for Brands\bak
edbot-for-brands\node
_modules\jest-circus\
build\legacy-code-tod
o-rewrite\jestAdapter
Init.js:122:21)
          at 
jestAdapter (C:\Users
\marte\Baked for Bran
ds\bakedbot-for-brand
s\node_modules\jest-c
ircus\build\legacy-co
de-todo-rewrite\jestA
dapter.js:79:19)
          at 
runTestInternal (C:\U
sers\marte\Baked for 
Brands\bakedbot-for-b
rands\node_modules\je
st-runner\build\runTe
st.js:367:16)
          at runTest 
(C:\Users\marte\Baked
 for Brands\bakedbot-
for-brands\node_modul
es\jest-runner\build\
runTest.js:444:34)
          at 
Object.worker (C:\Use
rs\marte\Baked for Br
ands\bakedbot-for-bra
nds\node_modules\jest
-runner\build\testWor
ker.js:106:12)

    [0m [90m 40 
|[39m         
}[33m;[39m
     [90m 41 |[39m 
    } 
[36mcatch[39m 
(error) {
    [31m[1m>[22m[
39m[90m 42 |[39m   
      console[33m.[
39merror([32m'Error 
submitting claim:'[3
9m[33m,[39m 
error)[33m;[39m
     [90m    |[39m 
                
[31m[1m^[22m[39m
     [90m 43 |[39m 
        
[36mreturn[39m { 
success[33m:[39m [
36mfalse[39m[33m,[
39m 
message[33m:[39m 
[32m'Failed to 
submit claim. Please 
try again.'[39m 
}[33m;[39m
     [90m 44 |[39m 
    }
     [90m 45 |[39m 
}[0m

      at error (src/s
erver/actions/claims.
ts:42:17)
      at 
Object.<anonymous> (t
ests/actions/claims.t
est.ts:85:28)

PASS tests/dashboard/
super-user-agent-chat
.test.ts
PASS tests/server/gma
ps-connector.test.ts
  ΓùÅ Console

    console.log
      {
        "timestamp": 
"2025-12-19T02:35:23.
871Z",
        "level": 
"info",
        "message": 
"Started Google Maps 
scan for Detroit, 
MI",
        "data": {
          "runId": 
"gmaps_run_123",
          
"searchTerms": [
            
"dispensary"
          ]
        }
      }

      at 
Logger.consoleMethod 
[as log] (src/lib/mon
itoring.ts:38:9)

    console.log
      {
        "timestamp": 
"2025-12-19T02:35:23.
902Z",
        "level": 
"info",
        "message": 
"Started Google Maps 
scan for Los 
Angeles, CA",
        "data": {
          "runId": 
"gmaps_run_456",
          
"searchTerms": [
            
"dispensary",
            
"cannabis store"
          ]
        }
      }

      at 
Logger.consoleMethod 
[as log] (src/lib/mon
itoring.ts:38:9)

    console.log
      {
        "timestamp": 
"2025-12-19T02:35:23.
977Z",
        "level": 
"info",
        "message": 
"Started Google Maps 
geo scan",
        "data": {
          "runId": 
"geo_run_789",
          
"searchTerms": [
            
"dispensary"
          ]
        }
      }

      at 
Logger.consoleMethod 
[as log] (src/lib/mon
itoring.ts:38:9)

    console.log
      {
        "timestamp": 
"2025-12-19T02:35:23.
980Z",
        "level": 
"info",
        "message": 
"Ingested Google 
Maps dataset",
        "data": {
          "runId": 
"run_123",
          
"placesFound": 1,
          
"placesIngested": 1
        }
      }

      at 
Logger.consoleMethod 
[as log] (src/lib/mon
itoring.ts:38:9)

    console.log
      {
        "timestamp": 
"2025-12-19T02:35:23.
983Z",
        "level": 
"info",
        "message": 
"Ingested Google 
Maps dataset",
        "data": {
          "runId": 
"run_xyz",
          
"placesFound": 2,
          
"placesIngested": 1
        }
      }

      at 
Logger.consoleMethod 
[as log] (src/lib/mon
itoring.ts:38:9)

    console.log
      {
        "timestamp": 
"2025-12-19T02:35:23.
985Z",
        "level": 
"info",
        "message": 
"Ingested Google 
Maps dataset",
        "data": {
          "runId": 
"run_closed",
          
"placesFound": 1,
          
"placesIngested": 0
        }
      }

      at 
Logger.consoleMethod 
[as log] (src/lib/mon
itoring.ts:38:9)

PASS tests/dev/scan_l
eafly.test.ts
PASS tests/ceo/page-s
tatus-actions.test.ts
PASS tests/api/smokey
-routes.test.ts
PASS tests/server/ord
er-notifications.test
.ts
PASS src/server/tools
/__tests__/sheets.tes
t.ts
PASS tests/actions/lo
yalty.test.ts
PASS tests/actions/in
ventory.test.ts
  ΓùÅ Console

    console.error
      Failed to sync 
inventory: Error: 
Crash
          at 
Object.<anonymous> (C
:\Users\marte\Baked 
for Brands\bakedbot-f
or-brands\tests\actio
ns\inventory.test.ts:
63:73)
          at Promise.
then.completed (C:\Us
ers\marte\Baked for B
rands\bakedbot-for-br
ands\node_modules\jes
t-circus\build\utils.
js:298:28)
          at new 
Promise (<anonymous>)
          at 
callAsyncCircusFn (C:
\Users\marte\Baked 
for Brands\bakedbot-f
or-brands\node_module
s\jest-circus\build\u
tils.js:231:10)
          at 
_callCircusTest (C:\U
sers\marte\Baked for 
Brands\bakedbot-for-b
rands\node_modules\je
st-circus\build\run.j
s:316:40)
          at processT
icksAndRejections (no
de:internal/process/t
ask_queues:103:5)
          at 
_runTest (C:\Users\ma
rte\Baked for Brands\
bakedbot-for-brands\n
ode_modules\jest-circ
us\build\run.js:252:3
)
          at _runTest
sForDescribeBlock (C:
\Users\marte\Baked 
for Brands\bakedbot-f
or-brands\node_module
s\jest-circus\build\r
un.js:126:9)
          at _runTest
sForDescribeBlock (C:
\Users\marte\Baked 
for Brands\bakedbot-f
or-brands\node_module
s\jest-circus\build\r
un.js:121:9)
          at _runTest
sForDescribeBlock (C:
\Users\marte\Baked 
for Brands\bakedbot-f
or-brands\node_module
s\jest-circus\build\r
un.js:121:9)
          at run (C:\
Users\marte\Baked 
for Brands\bakedbot-f
or-brands\node_module
s\jest-circus\build\r
un.js:71:3)
          at runAndTr
ansformResultsToJestF
ormat (C:\Users\marte
\Baked for Brands\bak
edbot-for-brands\node
_modules\jest-circus\
build\legacy-code-tod
o-rewrite\jestAdapter
Init.js:122:21)
          at 
jestAdapter (C:\Users
\marte\Baked for Bran
ds\bakedbot-for-brand
s\node_modules\jest-c
ircus\build\legacy-co
de-todo-rewrite\jestA
dapter.js:79:19)
          at 
runTestInternal (C:\U
sers\marte\Baked for 
Brands\bakedbot-for-b
rands\node_modules\je
st-runner\build\runTe
st.js:367:16)
          at runTest 
(C:\Users\marte\Baked
 for Brands\bakedbot-
for-brands\node_modul
es\jest-runner\build\
runTest.js:444:34)
          at 
Object.worker (C:\Use
rs\marte\Baked for Br
ands\bakedbot-for-bra
nds\node_modules\jest
-runner\build\testWor
ker.js:106:12)

    [0m [90m 18 
|[39m         
[36mreturn[39m 
result[33m;[39m
     [90m 19 |[39m 
    } 
[36mcatch[39m 
(error) {
    [31m[1m>[22m[
39m[90m 20 |[39m   
      console[33m.[
39merror([32m"Failed
 to sync inventory:"
[39m[33m,[39m 
error)[33m;[39m
     [90m    |[39m 
                
[31m[1m^[22m[39m
     [90m 21 |[39m 
        
[36mreturn[39m { 
success[33m:[39m [
36mfalse[39m[33m,[
39m count[33m:[39m 
[35m0[39m[33m,[39
m error[33m:[39m [
33mString[39m(error)
 }[33m;[39m
     [90m 22 |[39m 
    }
     [90m 23 |[39m 
}[0m

      at error (src/a
pp/actions/inventory.
ts:20:17)
      at 
Object.<anonymous> (t
ests/actions/inventor
y.test.ts:65:28)

PASS tests/algorithms
/smokey-scoring.test.
ts
PASS tests/lib/plans.
test.ts
PASS tests/lib/with-a
uth-session.test.ts
PASS src/server/servi
ces/__tests__/geo-dis
covery.test.ts
PASS tests/server/pag
e-claims.test.ts
PASS tests/components
/shop/shop-client.tes
t.ts
PASS tests/server/cla
im-conversion.test.ts
PASS tests/intuition/
confidence.test.ts
  ΓùÅ Console

    console.log
      [DEBUG] 2025-12
-19T02:35:24.744Z 
[Confidence] Score: 
1.00, Mode: fast

      at log (src/lib
/logger.ts:108:25)

    console.log
      [DEBUG] 2025-12
-19T02:35:24.862Z 
[Confidence] Score: 
0.15, Mode: slow

      at log (src/lib
/logger.ts:108:25)

    console.log
      [DEBUG] 2025-12
-19T02:35:24.875Z 
[Confidence] Score: 
0.90, Mode: fast

      at log (src/lib
/logger.ts:108:25)

PASS tests/lib/intuit
ion/primitives.test.t
s
PASS tests/algorithms
/pops-anomaly.test.ts
PASS tests/server/alg
orithms.test.ts
PASS tests/components
/cart-label.test.ts
PASS tests/server/pha
se3-global-priors.tes
t.ts
FAIL tests/lib/intuit
ion/memory.test.ts
  ΓùÅ Test suite 
failed to run

    ReferenceError: 
Cannot access 
'mockCollection' 
before initialization

    [0m [90m 12 
|[39m     createServ
erClient[33m:[39m j
est[33m.[39mfn()[3
3m.[39mmockResolvedV
alue({
     [90m 13 |[39m 
        
firestore[33m:[39m 
{
    [31m[1m>[22m[
39m[90m 14 |[39m   
          collection
[33m:[39m mockCollec
tion[33m,[39m
     [90m    |[39m 
                     
   
[31m[1m^[22m[39m
     [90m 15 |[39m 
            
doc[33m:[39m 
mockDoc
     [90m 16 |[39m 
        }
     [90m 17 |[39m 
    })[0m

      at 
mockCollection (tests
/lib/intuition/memory
.test.ts:14:25)
      at 
Object.<anonymous> (s
rc/lib/intuition/doma
in-memory.ts:11:23)
      at 
Object.<anonymous> (t
ests/lib/intuition/me
mory.test.ts:19:23)

FAIL tests/components
/dashboard/brand-play
books-view.test.tsx
  ΓùÅ Test suite 
failed to run

    Cannot find 
module './brand-playb
ooks-list' from 'test
s/components/dashboar
d/brand-playbooks-vie
w.test.tsx'

    [0m [90m 21 
|[39m
     [90m 22 |[39m 
[90m// Mock the 
nested list 
component to keep 
tests focused[39m
    [31m[1m>[22m[
39m[90m 23 |[39m je
st[33m.[39mmock([3
2m'./brand-playbooks-
list'[39m[33m,[39m
 () [33m=>[39m ({
     [90m    |[39m 
     
[31m[1m^[22m[39m
     [90m 24 |[39m 
    [33mBrandPlayboo
ksList[39m[33m:[39
m () [33m=>[39m [3
3m<[39m[33mdiv[39m
 data[33m-[39mtesti
d[33m=[39m[32m"pla
ybooks-list-mock"[39
m[33m>[39m[33mMock
[39m [33mLibrary[3
9m[33m<[39m[33m/[
39m[33mdiv[39m[33m
>[39m
     [90m 25 |[39m 
}))[33m;[39m
     [90m 26 
|[39m[0m

      at Resolver._th
rowModNotFoundError (
node_modules/jest-res
olve/build/resolver.j
s:427:11)
      at Object.mock 
(tests/components/das
hboard/brand-playbook
s-view.test.tsx:23:6)

FAIL tests/treasury/s
trategies.test.ts
  ΓùÅ Test suite 
failed to run

    TypeError: 
Expected input type 
is Uint8Array (got 
object)

    [0m [90m  9 
|[39m     
[36mconst[39m 
config[33m:[39m 
any [33m=[39m {
     [90m 10 |[39m 
        [32m'enableR
ateLimit'[39m[33m:
[39m [36mtrue[39m[
33m,[39m
    [31m[1m>[22m[
39m[90m 11 |[39m   
      [32m'options'
[39m[33m:[39m {
     [90m    |[39m 
                     
                   
[31m[1m^[22m[39m
     [90m 12 |[39m 
            [32m'adj
ustForTimeDifference'
[39m[33m:[39m [36
mtrue[39m[33m,[39m
     [90m 13 |[39m 
        }
     [90m 14 |[39m 
    }[33m;[39m[0m

      at toBytes (nod
e_modules/ccxt/dist/c
js/src/static_depende
ncies/noble-hashes/ut
ils.js:62:15)
      at 
Object.hashC [as 
sha256] (node_modules
/ccxt/dist/cjs/src/st
atic_dependencies/nob
le-hashes/utils.js:99
:57)
      at poseidonRoun
dConstant (node_modul
es/ccxt/dist/cjs/src/
static_dependencies/s
cure-starknet/index.j
s:209:37)
      at 
poseidonBasic (node_m
odules/ccxt/dist/cjs/
src/static_dependenci
es/scure-starknet/ind
ex.js:227:22)
      at 
Object.<anonymous> (n
ode_modules/ccxt/dist
/cjs/src/static_depen
dencies/scure-starkne
t/index.js:243:23)
      at 
Object.<anonymous> (n
ode_modules/ccxt/dist
/cjs/src/base/Exchang
e.js:25:15)
      at 
Object.<anonymous> (n
ode_modules/ccxt/dist
/cjs/ccxt.js:7:16)
      at 
Object.<anonymous> (n
ode_modules/ccxt/dist
/ccxt.cjs:1:116)
      at 
Object.<anonymous> (s
rc/treasury/lib/krake
n.ts:11:55)
      at 
Object.<anonymous> (s
rc/treasury/strategie
s/basis-kraken-btc/in
dex.ts:11:17)
      at 
Object.<anonymous> (t
ests/treasury/strateg
ies.test.ts:5:25)

FAIL tests/server/crm
-service.test.ts
  ΓùÅ Test suite 
failed to run

    Jest encountered 
an unexpected token

    Jest failed to 
parse a file. This 
happens e.g. when 
your code or its 
dependencies use 
non-standard 
JavaScript syntax, 
or when Jest is not 
configured to 
support such syntax.

    Out of the box 
Jest supports Babel, 
which will be used 
to transform your 
files into valid JS 
based on your Babel 
configuration.

    By default 
"node_modules" 
folder is ignored by 
transformers.

    Here's what you 
can do:
     ΓÇó If you are 
trying to use 
ECMAScript Modules, 
see https://jestjs.io
/docs/ecmascript-modu
les for how to 
enable it.
     ΓÇó If you are 
trying to use 
TypeScript, see https
://jestjs.io/docs/get
ting-started#using-ty
pescript
     ΓÇó To have 
some of your 
"node_modules" files 
transformed, you can 
specify a custom "tra
nsformIgnorePatterns"
 in your config.
     ΓÇó If you need 
a custom 
transformation 
specify a 
"transform" option 
in your config.
     ΓÇó If you 
simply want to mock 
your non-JS modules 
(e.g. binary assets) 
you can stub them 
out with the 
"moduleNameMapper" 
config option.

    You'll find more 
details and examples 
of these config 
options in the docs:
    https://jestjs.io
/docs/configuration
    For information 
about custom 
transformations, see:
    https://jestjs.io
/docs/code-transforma
tion

    Details:

    
C:\Users\marte\Baked 
for Brands\bakedbot-f
or-brands\node_module
s\jose\dist\browser\i
ndex.js:1
    ({"Object.<anonym
ous>":function(module
,exports,require,__di
rname,__filename,jest
){export { 
compactDecrypt } 
from './jwe/compact/d
ecrypt.js';
                     
                     
                     
                     
  ^^^^^^

    SyntaxError: 
Unexpected token 
'export'

    [0m [90m 19 
|[39m 
[36mexport[39m 
[36mfunction[39m 
getAdminFirestore() {
     [90m 20 |[39m 
    [36mif[39m (get
Apps()[33m.[39mleng
th [33m===[39m 
[35m0[39m) {
    [31m[1m>[22m[
39m[90m 21 |[39m   
      
[36mconst[39m 
serviceAccount 
[33m=[39m getServic
eAccount()[33m;[39m
     [90m    |[39m 
              
[31m[1m^[22m[39m
     [90m 22 |[39m 
        [36mif[39m 
(serviceAccount) {
     [90m 23 |[39m 
            
initializeApp({
     [90m 24 |[39m 
                crede
ntial[33m:[39m cert
(serviceAccount)[0m

      at Runtime.crea
teScriptFromCode (nod
e_modules/jest-runtim
e/build/index.js:1505
:14)
      at 
Object.<anonymous> (n
ode_modules/jwks-rsa/
src/utils.js:1:116)
      at 
Object.<anonymous> (n
ode_modules/jwks-rsa/
src/JwksClient.js:2:3
3)
      at 
Object.<anonymous> (n
ode_modules/jwks-rsa/
src/index.js:1:126)
      at 
Object.<anonymous> (n
ode_modules/firebase-
admin/lib/utils/jwt.j
s:24:14)
      at 
Object.<anonymous> (n
ode_modules/firebase-
admin/lib/auth/token-
verifier.js:26:15)
      at 
Object.<anonymous> (n
ode_modules/firebase-
admin/lib/auth/base-a
uth.js:26:26)
      at 
Object.<anonymous> (n
ode_modules/firebase-
admin/lib/auth/tenant
-manager.js:23:21)
      at 
Object.<anonymous> (n
ode_modules/firebase-
admin/lib/auth/auth.j
s:22:26)
      at 
Object.<anonymous> (n
ode_modules/firebase-
admin/lib/auth/index.
js:27:16)
      at 
Object.<anonymous> (s
rc/firebase/admin.ts:
21:15)
      at 
Object.<anonymous> (s
rc/server/services/cr
m-service.ts:29:16)
      at 
Object.<anonymous> (t
ests/server/crm-servi
ce.test.ts:9:21)

FAIL tests/treasury/p
olicy.test.ts
  ΓùÅ Test suite 
failed to run

    Jest encountered 
an unexpected token

    Jest failed to 
parse a file. This 
happens e.g. when 
your code or its 
dependencies use 
non-standard 
JavaScript syntax, 
or when Jest is not 
configured to 
support such syntax.

    Out of the box 
Jest supports Babel, 
which will be used 
to transform your 
files into valid JS 
based on your Babel 
configuration.

    By default 
"node_modules" 
folder is ignored by 
transformers.

    Here's what you 
can do:
     ΓÇó If you are 
trying to use 
ECMAScript Modules, 
see https://jestjs.io
/docs/ecmascript-modu
les for how to 
enable it.
     ΓÇó If you are 
trying to use 
TypeScript, see https
://jestjs.io/docs/get
ting-started#using-ty
pescript
     ΓÇó To have 
some of your 
"node_modules" files 
transformed, you can 
specify a custom "tra
nsformIgnorePatterns"
 in your config.
     ΓÇó If you need 
a custom 
transformation 
specify a 
"transform" option 
in your config.
     ΓÇó If you 
simply want to mock 
your non-JS modules 
(e.g. binary assets) 
you can stub them 
out with the 
"moduleNameMapper" 
config option.

    You'll find more 
details and examples 
of these config 
options in the docs:
    https://jestjs.io
/docs/configuration
    For information 
about custom 
transformations, see:
    https://jestjs.io
/docs/code-transforma
tion

    Details:

    
C:\Users\marte\Baked 
for Brands\bakedbot-f
or-brands\node_module
s\jose\dist\browser\i
ndex.js:1
    ({"Object.<anonym
ous>":function(module
,exports,require,__di
rname,__filename,jest
){export { 
compactDecrypt } 
from './jwe/compact/d
ecrypt.js';
                     
                     
                     
                     
  ^^^^^^

    SyntaxError: 
Unexpected token 
'export'

    [0m [90m 19 
|[39m 
[36mexport[39m 
[36mfunction[39m 
getAdminFirestore() {
     [90m 20 |[39m 
    [36mif[39m (get
Apps()[33m.[39mleng
th [33m===[39m 
[35m0[39m) {
    [31m[1m>[22m[
39m[90m 21 |[39m   
      
[36mconst[39m 
serviceAccount 
[33m=[39m getServic
eAccount()[33m;[39m
     [90m    |[39m 
              
[31m[1m^[22m[39m
     [90m 22 |[39m 
        [36mif[39m 
(serviceAccount) {
     [90m 23 |[39m 
            
initializeApp({
     [90m 24 |[39m 
                crede
ntial[33m:[39m cert
(serviceAccount)[0m

      at Runtime.crea
teScriptFromCode (nod
e_modules/jest-runtim
e/build/index.js:1505
:14)
      at 
Object.<anonymous> (n
ode_modules/jwks-rsa/
src/utils.js:1:116)
      at 
Object.<anonymous> (n
ode_modules/jwks-rsa/
src/JwksClient.js:2:3
3)
      at 
Object.<anonymous> (n
ode_modules/jwks-rsa/
src/index.js:1:126)
      at 
Object.<anonymous> (n
ode_modules/firebase-
admin/lib/utils/jwt.j
s:24:14)
      at 
Object.<anonymous> (n
ode_modules/firebase-
admin/lib/auth/token-
verifier.js:26:15)
      at 
Object.<anonymous> (n
ode_modules/firebase-
admin/lib/auth/base-a
uth.js:26:26)
      at 
Object.<anonymous> (n
ode_modules/firebase-
admin/lib/auth/tenant
-manager.js:23:21)
      at 
Object.<anonymous> (n
ode_modules/firebase-
admin/lib/auth/auth.j
s:22:26)
      at 
Object.<anonymous> (n
ode_modules/firebase-
admin/lib/auth/index.
js:27:16)
      at 
Object.<anonymous> (s
rc/firebase/admin.ts:
21:15)
      at 
Object.<anonymous> (s
rc/treasury/memory/fi
restore-adapter.ts:11
:16)
      at 
Object.<anonymous> (s
rc/treasury/memory/ad
apter.ts:21:27)
      at 
Object.<anonymous> (s
rc/treasury/policy/po
licy-engine.ts:19:18)
      at 
Object.<anonymous> (t
ests/treasury/policy.
test.ts:5:23)

FAIL tests/server/eza
l-lite.test.ts
  ΓùÅ Test suite 
failed to run

    Jest encountered 
an unexpected token

    Jest failed to 
parse a file. This 
happens e.g. when 
your code or its 
dependencies use 
non-standard 
JavaScript syntax, 
or when Jest is not 
configured to 
support such syntax.

    Out of the box 
Jest supports Babel, 
which will be used 
to transform your 
files into valid JS 
based on your Babel 
configuration.

    By default 
"node_modules" 
folder is ignored by 
transformers.

    Here's what you 
can do:
     ΓÇó If you are 
trying to use 
ECMAScript Modules, 
see https://jestjs.io
/docs/ecmascript-modu
les for how to 
enable it.
     ΓÇó If you are 
trying to use 
TypeScript, see https
://jestjs.io/docs/get
ting-started#using-ty
pescript
     ΓÇó To have 
some of your 
"node_modules" files 
transformed, you can 
specify a custom "tra
nsformIgnorePatterns"
 in your config.
     ΓÇó If you need 
a custom 
transformation 
specify a 
"transform" option 
in your config.
     ΓÇó If you 
simply want to mock 
your non-JS modules 
(e.g. binary assets) 
you can stub them 
out with the 
"moduleNameMapper" 
config option.

    You'll find more 
details and examples 
of these config 
options in the docs:
    https://jestjs.io
/docs/configuration
    For information 
about custom 
transformations, see:
    https://jestjs.io
/docs/code-transforma
tion

    Details:

    
C:\Users\marte\Baked 
for Brands\bakedbot-f
or-brands\node_module
s\jose\dist\browser\i
ndex.js:1
    ({"Object.<anonym
ous>":function(module
,exports,require,__di
rname,__filename,jest
){export { 
compactDecrypt } 
from './jwe/compact/d
ecrypt.js';
                     
                     
                     
                     
  ^^^^^^

    SyntaxError: 
Unexpected token 
'export'

    [0m [90m 19 
|[39m 
[36mexport[39m 
[36mfunction[39m 
getAdminFirestore() {
     [90m 20 |[39m 
    [36mif[39m (get
Apps()[33m.[39mleng
th [33m===[39m 
[35m0[39m) {
    [31m[1m>[22m[
39m[90m 21 |[39m   
      
[36mconst[39m 
serviceAccount 
[33m=[39m getServic
eAccount()[33m;[39m
     [90m    |[39m 
              
[31m[1m^[22m[39m
     [90m 22 |[39m 
        [36mif[39m 
(serviceAccount) {
     [90m 23 |[39m 
            
initializeApp({
     [90m 24 |[39m 
                crede
ntial[33m:[39m cert
(serviceAccount)[0m

      at Runtime.crea
teScriptFromCode (nod
e_modules/jest-runtim
e/build/index.js:1505
:14)
      at 
Object.<anonymous> (n
ode_modules/jwks-rsa/
src/utils.js:1:116)
      at 
Object.<anonymous> (n
ode_modules/jwks-rsa/
src/JwksClient.js:2:3
3)
      at 
Object.<anonymous> (n
ode_modules/jwks-rsa/
src/index.js:1:126)
      at 
Object.<anonymous> (n
ode_modules/firebase-
admin/lib/utils/jwt.j
s:24:14)
      at 
Object.<anonymous> (n
ode_modules/firebase-
admin/lib/auth/token-
verifier.js:26:15)
      at 
Object.<anonymous> (n
ode_modules/firebase-
admin/lib/auth/base-a
uth.js:26:26)
      at 
Object.<anonymous> (n
ode_modules/firebase-
admin/lib/auth/tenant
-manager.js:23:21)
      at 
Object.<anonymous> (n
ode_modules/firebase-
admin/lib/auth/auth.j
s:22:26)
      at 
Object.<anonymous> (n
ode_modules/firebase-
admin/lib/auth/index.
js:27:16)
      at 
Object.<anonymous> (s
rc/firebase/admin.ts:
21:15)
      at 
Object.<anonymous> (s
rc/server/services/ez
al-lite-connector.ts:
35:16)
      at 
Object.<anonymous> (t
ests/server/ezal-lite
.test.ts:9:28)

FAIL tests/server/can
nmenus.test.ts
  ΓùÅ Test suite 
failed to run

    Jest encountered 
an unexpected token

    Jest failed to 
parse a file. This 
happens e.g. when 
your code or its 
dependencies use 
non-standard 
JavaScript syntax, 
or when Jest is not 
configured to 
support such syntax.

    Out of the box 
Jest supports Babel, 
which will be used 
to transform your 
files into valid JS 
based on your Babel 
configuration.

    By default 
"node_modules" 
folder is ignored by 
transformers.

    Here's what you 
can do:
     ΓÇó If you are 
trying to use 
ECMAScript Modules, 
see https://jestjs.io
/docs/ecmascript-modu
les for how to 
enable it.
     ΓÇó If you are 
trying to use 
TypeScript, see https
://jestjs.io/docs/get
ting-started#using-ty
pescript
     ΓÇó To have 
some of your 
"node_modules" files 
transformed, you can 
specify a custom "tra
nsformIgnorePatterns"
 in your config.
     ΓÇó If you need 
a custom 
transformation 
specify a 
"transform" option 
in your config.
     ΓÇó If you 
simply want to mock 
your non-JS modules 
(e.g. binary assets) 
you can stub them 
out with the 
"moduleNameMapper" 
config option.

    You'll find more 
details and examples 
of these config 
options in the docs:
    https://jestjs.io
/docs/configuration
    For information 
about custom 
transformations, see:
    https://jestjs.io
/docs/code-transforma
tion

    Details:

    
C:\Users\marte\Baked 
for Brands\bakedbot-f
or-brands\node_module
s\jose\dist\browser\i
ndex.js:1
    ({"Object.<anonym
ous>":function(module
,exports,require,__di
rname,__filename,jest
){export { 
compactDecrypt } 
from './jwe/compact/d
ecrypt.js';
                     
                     
                     
                     
  ^^^^^^

    SyntaxError: 
Unexpected token 
'export'

    [0m [90m 32 
|[39m     
[36mthrow[39m 
[36mnew[39m [33mEr
ror[39m([32m"FIREBA
SE_SERVICE_ACCOUNT_KE
Y is not a valid 
Base64-encoded JSON s
tring."[39m)[33m;[
39m
     [90m 33 |[39m 
  }
    [31m[1m>[22m[
39m[90m 34 |[39m }
     [90m    |[39m 
 [31m[1m^[22m[39m
     [90m 35 |[39m
     [90m 36 |[39m 
[90m/**[39m
     [90m 37 |[39m 
[90m * Creates a 
server-side Firebase 
client (admin 
SDK).[39m[0m

      at Runtime.crea
teScriptFromCode (nod
e_modules/jest-runtim
e/build/index.js:1505
:14)
      at 
Object.<anonymous> (n
ode_modules/jwks-rsa/
src/utils.js:1:116)
      at 
Object.<anonymous> (n
ode_modules/jwks-rsa/
src/JwksClient.js:2:3
3)
      at 
Object.<anonymous> (n
ode_modules/jwks-rsa/
src/index.js:1:126)
      at 
Object.<anonymous> (n
ode_modules/firebase-
admin/lib/utils/jwt.j
s:24:14)
      at 
Object.<anonymous> (n
ode_modules/firebase-
admin/lib/auth/token-
verifier.js:26:15)
      at 
Object.<anonymous> (n
ode_modules/firebase-
admin/lib/auth/base-a
uth.js:26:26)
      at 
Object.<anonymous> (n
ode_modules/firebase-
admin/lib/auth/tenant
-manager.js:23:21)
      at 
Object.<anonymous> (n
ode_modules/firebase-
admin/lib/auth/auth.j
s:22:26)
      at 
Object.<anonymous> (n
ode_modules/firebase-
admin/lib/auth/index.
js:27:16)
      at 
Object.<anonymous> (s
rc/firebase/server-cl
ient.ts:34:15)
      at 
Object.<anonymous> (s
rc/server/services/ca
nnmenus.ts:19:23)
      at 
Object.<anonymous> (t
ests/server/cannmenus
.test.ts:46:20)

FAIL tests/components
/dashboard/dispensary
-dashboard.test.tsx
  ΓùÅ Test suite 
failed to run

    Jest encountered 
an unexpected token

    Jest failed to 
parse a file. This 
happens e.g. when 
your code or its 
dependencies use 
non-standard 
JavaScript syntax, 
or when Jest is not 
configured to 
support such syntax.

    Out of the box 
Jest supports Babel, 
which will be used 
to transform your 
files into valid JS 
based on your Babel 
configuration.

    By default 
"node_modules" 
folder is ignored by 
transformers.

    Here's what you 
can do:
     ΓÇó If you are 
trying to use 
ECMAScript Modules, 
see https://jestjs.io
/docs/ecmascript-modu
les for how to 
enable it.
     ΓÇó If you are 
trying to use 
TypeScript, see https
://jestjs.io/docs/get
ting-started#using-ty
pescript
     ΓÇó To have 
some of your 
"node_modules" files 
transformed, you can 
specify a custom "tra
nsformIgnorePatterns"
 in your config.
     ΓÇó If you need 
a custom 
transformation 
specify a 
"transform" option 
in your config.
     ΓÇó If you 
simply want to mock 
your non-JS modules 
(e.g. binary assets) 
you can stub them 
out with the 
"moduleNameMapper" 
config option.

    You'll find more 
details and examples 
of these config 
options in the docs:
    https://jestjs.io
/docs/configuration
    For information 
about custom 
transformations, see:
    https://jestjs.io
/docs/code-transforma
tion

    Details:

    
C:\Users\marte\Baked 
for Brands\bakedbot-f
or-brands\node_module
s\jose\dist\browser\i
ndex.js:1
    ({"Object.<anonym
ous>":function(module
,exports,require,__di
rname,__filename,jest
){export { 
compactDecrypt } 
from './jwe/compact/d
ecrypt.js';
                     
                     
                     
                     
  ^^^^^^

    SyntaxError: 
Unexpected token 
'export'

    [0m [90m 19 
|[39m 
[36mexport[39m 
[36mfunction[39m 
getAdminFirestore() {
     [90m 20 |[39m 
    [36mif[39m (get
Apps()[33m.[39mleng
th [33m===[39m 
[35m0[39m) {
    [31m[1m>[22m[
39m[90m 21 |[39m   
      
[36mconst[39m 
serviceAccount 
[33m=[39m getServic
eAccount()[33m;[39m
     [90m    |[39m 
              
[31m[1m^[22m[39m
     [90m 22 |[39m 
        [36mif[39m 
(serviceAccount) {
     [90m 23 |[39m 
            
initializeApp({
     [90m 24 |[39m 
                crede
ntial[33m:[39m cert
(serviceAccount)[0m

      at Runtime.crea
teScriptFromCode (nod
e_modules/jest-runtim
e/build/index.js:1505
:14)
      at 
Object.<anonymous> (n
ode_modules/jwks-rsa/
src/utils.js:1:116)
      at 
Object.<anonymous> (n
ode_modules/jwks-rsa/
src/JwksClient.js:2:3
3)
      at 
Object.<anonymous> (n
ode_modules/jwks-rsa/
src/index.js:1:126)
      at 
Object.<anonymous> (n
ode_modules/firebase-
admin/lib/utils/jwt.j
s:24:14)
      at 
Object.<anonymous> (n
ode_modules/firebase-
admin/lib/auth/token-
verifier.js:26:15)
      at 
Object.<anonymous> (n
ode_modules/firebase-
admin/lib/auth/base-a
uth.js:26:26)
      at 
Object.<anonymous> (n
ode_modules/firebase-
admin/lib/auth/tenant
-manager.js:23:21)
      at 
Object.<anonymous> (n
ode_modules/firebase-
admin/lib/auth/auth.j
s:22:26)
      at 
Object.<anonymous> (n
ode_modules/firebase-
admin/lib/auth/index.
js:27:16)
      at 
Object.<anonymous> (s
rc/firebase/admin.ts:
21:15)
      at 
Object.<anonymous> (s
rc/server/services/ez
al-lite-connector.ts:
35:16)
      at 
Object.<anonymous> (s
rc/components/dashboa
rd/ezal-snapshot-card
.tsx:20:28)
      at 
Object.<anonymous> (s
rc/app/dashboard/disp
ensary/components/dis
pensary-right-sidebar
.tsx:17:27)
      at 
Object.<anonymous> (s
rc/app/dashboard/disp
ensary/dashboard-clie
nt.tsx:15:33)
      at 
Object.<anonymous> (t
ests/components/dashb
oard/dispensary-dashb
oard.test.tsx:141:65)

FAIL tests/server/pag
e-generator.test.ts
  ΓùÅ Test suite 
failed to run

    Jest encountered 
an unexpected token

    Jest failed to 
parse a file. This 
happens e.g. when 
your code or its 
dependencies use 
non-standard 
JavaScript syntax, 
or when Jest is not 
configured to 
support such syntax.

    Out of the box 
Jest supports Babel, 
which will be used 
to transform your 
files into valid JS 
based on your Babel 
configuration.

    By default 
"node_modules" 
folder is ignored by 
transformers.

    Here's what you 
can do:
     ΓÇó If you are 
trying to use 
ECMAScript Modules, 
see https://jestjs.io
/docs/ecmascript-modu
les for how to 
enable it.
     ΓÇó If you are 
trying to use 
TypeScript, see https
://jestjs.io/docs/get
ting-started#using-ty
pescript
     ΓÇó To have 
some of your 
"node_modules" files 
transformed, you can 
specify a custom "tra
nsformIgnorePatterns"
 in your config.
     ΓÇó If you need 
a custom 
transformation 
specify a 
"transform" option 
in your config.
     ΓÇó If you 
simply want to mock 
your non-JS modules 
(e.g. binary assets) 
you can stub them 
out with the 
"moduleNameMapper" 
config option.

    You'll find more 
details and examples 
of these config 
options in the docs:
    https://jestjs.io
/docs/configuration
    For information 
about custom 
transformations, see:
    https://jestjs.io
/docs/code-transforma
tion

    Details:

    
C:\Users\marte\Baked 
for Brands\bakedbot-f
or-brands\node_module
s\jose\dist\browser\i
ndex.js:1
    ({"Object.<anonym
ous>":function(module
,exports,require,__di
rname,__filename,jest
){export { 
compactDecrypt } 
from './jwe/compact/d
ecrypt.js';
                     
                     
                     
                     
  ^^^^^^

    SyntaxError: 
Unexpected token 
'export'

    [0m [90m 32 
|[39m     
[36mthrow[39m 
[36mnew[39m [33mEr
ror[39m([32m"FIREBA
SE_SERVICE_ACCOUNT_KE
Y is not a valid 
Base64-encoded JSON s
tring."[39m)[33m;[
39m
     [90m 33 |[39m 
  }
    [31m[1m>[22m[
39m[90m 34 |[39m }
     [90m    |[39m 
 [31m[1m^[22m[39m
     [90m 35 |[39m
     [90m 36 |[39m 
[90m/**[39m
     [90m 37 |[39m 
[90m * Creates a 
server-side Firebase 
client (admin 
SDK).[39m[0m

      at Runtime.crea
teScriptFromCode (nod
e_modules/jest-runtim
e/build/index.js:1505
:14)
      at 
Object.<anonymous> (n
ode_modules/jwks-rsa/
src/utils.js:1:116)
      at 
Object.<anonymous> (n
ode_modules/jwks-rsa/
src/JwksClient.js:2:3
3)
      at 
Object.<anonymous> (n
ode_modules/jwks-rsa/
src/index.js:1:126)
      at 
Object.<anonymous> (n
ode_modules/firebase-
admin/lib/utils/jwt.j
s:24:14)
      at 
Object.<anonymous> (n
ode_modules/firebase-
admin/lib/auth/token-
verifier.js:26:15)
      at 
Object.<anonymous> (n
ode_modules/firebase-
admin/lib/auth/base-a
uth.js:26:26)
      at 
Object.<anonymous> (n
ode_modules/firebase-
admin/lib/auth/tenant
-manager.js:23:21)
      at 
Object.<anonymous> (n
ode_modules/firebase-
admin/lib/auth/auth.j
s:22:26)
      at 
Object.<anonymous> (n
ode_modules/firebase-
admin/lib/auth/index.
js:27:16)
      at 
Object.<anonymous> (s
rc/firebase/server-cl
ient.ts:34:15)
      at 
Object.<anonymous> (s
rc/server/services/ca
nnmenus.ts:19:23)
      at 
Object.<anonymous> (s
rc/server/services/pa
ge-generator.ts:11:20
)
      at 
Object.<anonymous> (t
ests/server/page-gene
rator.test.ts:5:24)

FAIL tests/components
/dashboard/brand-over
view-view.test.tsx
  ΓùÅ Test suite 
failed to run

    Jest encountered 
an unexpected token

    Jest failed to 
parse a file. This 
happens e.g. when 
your code or its 
dependencies use 
non-standard 
JavaScript syntax, 
or when Jest is not 
configured to 
support such syntax.

    Out of the box 
Jest supports Babel, 
which will be used 
to transform your 
files into valid JS 
based on your Babel 
configuration.

    By default 
"node_modules" 
folder is ignored by 
transformers.

    Here's what you 
can do:
     ΓÇó If you are 
trying to use 
ECMAScript Modules, 
see https://jestjs.io
/docs/ecmascript-modu
les for how to 
enable it.
     ΓÇó If you are 
trying to use 
TypeScript, see https
://jestjs.io/docs/get
ting-started#using-ty
pescript
     ΓÇó To have 
some of your 
"node_modules" files 
transformed, you can 
specify a custom "tra
nsformIgnorePatterns"
 in your config.
     ΓÇó If you need 
a custom 
transformation 
specify a 
"transform" option 
in your config.
     ΓÇó If you 
simply want to mock 
your non-JS modules 
(e.g. binary assets) 
you can stub them 
out with the 
"moduleNameMapper" 
config option.

    You'll find more 
details and examples 
of these config 
options in the docs:
    https://jestjs.io
/docs/configuration
    For information 
about custom 
transformations, see:
    https://jestjs.io
/docs/code-transforma
tion

    Details:

    
C:\Users\marte\Baked 
for Brands\bakedbot-f
or-brands\node_module
s\jose\dist\browser\i
ndex.js:1
    ({"Object.<anonym
ous>":function(module
,exports,require,__di
rname,__filename,jest
){export { 
compactDecrypt } 
from './jwe/compact/d
ecrypt.js';
                     
                     
                     
                     
  ^^^^^^

    SyntaxError: 
Unexpected token 
'export'

    [0m [90m 32 
|[39m     
[36mthrow[39m 
[36mnew[39m [33mEr
ror[39m([32m"FIREBA
SE_SERVICE_ACCOUNT_KE
Y is not a valid 
Base64-encoded JSON s
tring."[39m)[33m;[
39m
     [90m 33 |[39m 
  }
    [31m[1m>[22m[
39m[90m 34 |[39m }
     [90m    |[39m 
 [31m[1m^[22m[39m
     [90m 35 |[39m
     [90m 36 |[39m 
[90m/**[39m
     [90m 37 |[39m 
[90m * Creates a 
server-side Firebase 
client (admin 
SDK).[39m[0m

      at Runtime.crea
teScriptFromCode (nod
e_modules/jest-runtim
e/build/index.js:1505
:14)
      at 
Object.<anonymous> (n
ode_modules/jwks-rsa/
src/utils.js:1:116)
      at 
Object.<anonymous> (n
ode_modules/jwks-rsa/
src/JwksClient.js:2:3
3)
      at 
Object.<anonymous> (n
ode_modules/jwks-rsa/
src/index.js:1:126)
      at 
Object.<anonymous> (n
ode_modules/firebase-
admin/lib/utils/jwt.j
s:24:14)
      at 
Object.<anonymous> (n
ode_modules/firebase-
admin/lib/auth/token-
verifier.js:26:15)
      at 
Object.<anonymous> (n
ode_modules/firebase-
admin/lib/auth/base-a
uth.js:26:26)
      at 
Object.<anonymous> (n
ode_modules/firebase-
admin/lib/auth/tenant
-manager.js:23:21)
      at 
Object.<anonymous> (n
ode_modules/firebase-
admin/lib/auth/auth.j
s:22:26)
      at 
Object.<anonymous> (n
ode_modules/firebase-
admin/lib/auth/index.
js:27:16)
      at 
Object.<anonymous> (s
rc/firebase/server-cl
ient.ts:34:15)
      at 
Object.<anonymous> (s
rc/app/dashboard/bran
d/actions.ts:12:23)
      at 
Object.<anonymous> (s
rc/app/dashboard/bran
d/components/brand-ov
erview-view.tsx:23:18
)
      at 
Object.<anonymous> (t
ests/components/dashb
oard/brand-overview-v
iew.test.tsx:50:28)

FAIL tests/firestore-
rules/orders.spec.ts
  ΓùÅ Test suite 
failed to run

    Cannot find 
module '@firebase/rul
es-unit-testing' 
from 'tests/firestore
-rules/setup.ts'

    Require stack:
      tests/firestore
-rules/setup.ts
      tests/firestore
-rules/orders.spec.ts

    [0m [90m 48 
|[39m }
     [90m 49 |[39m
    [31m[1m>[22m[
39m[90m 50 |[39m 
[90m/**[39m
     [90m    |[39m 
             
[31m[1m^[22m[39m
     [90m 51 |[39m 
[90m * Get 
Firestore instance 
for unauthenticated 
user[39m
     [90m 52 |[39m 
[90m */[39m
     [90m 53 |[39m 
[36mexport[39m 
[36mfunction[39m ge
tUnauthenticatedFires
tore() {[0m

      at Resolver._th
rowModNotFoundError (
node_modules/jest-res
olve/build/resolver.j
s:427:11)
      at 
Object.<anonymous> (t
ests/firestore-rules/
setup.ts:50:27)
      at 
Object.<anonymous> (t
ests/firestore-rules/
orders.spec.ts:10:16)

FAIL tests/firestore-
rules/customers.spec.
ts
  ΓùÅ Test suite 
failed to run

    Cannot find 
module '@firebase/rul
es-unit-testing' 
from 'tests/firestore
-rules/setup.ts'

    Require stack:
      tests/firestore
-rules/setup.ts
      tests/firestore
-rules/customers.spec
.ts

    [0m [90m 48 
|[39m }
     [90m 49 |[39m
    [31m[1m>[22m[
39m[90m 50 |[39m 
[90m/**[39m
     [90m    |[39m 
             
[31m[1m^[22m[39m
     [90m 51 |[39m 
[90m * Get 
Firestore instance 
for unauthenticated 
user[39m
     [90m 52 |[39m 
[90m */[39m
     [90m 53 |[39m 
[36mexport[39m 
[36mfunction[39m ge
tUnauthenticatedFires
tore() {[0m

      at Resolver._th
rowModNotFoundError (
node_modules/jest-res
olve/build/resolver.j
s:427:11)
      at 
Object.<anonymous> (t
ests/firestore-rules/
setup.ts:50:27)
      at 
Object.<anonymous> (t
ests/firestore-rules/
customers.spec.ts:10:
16)

FAIL tests/firestore-
rules/products.spec.t
s
  ΓùÅ Test suite 
failed to run

    Cannot find 
module '@firebase/rul
es-unit-testing' 
from 'tests/firestore
-rules/setup.ts'

    Require stack:
      tests/firestore
-rules/setup.ts
      tests/firestore
-rules/products.spec.
ts

    [0m [90m 48 
|[39m }
     [90m 49 |[39m
    [31m[1m>[22m[
39m[90m 50 |[39m 
[90m/**[39m
     [90m    |[39m 
             
[31m[1m^[22m[39m
     [90m 51 |[39m 
[90m * Get 
Firestore instance 
for unauthenticated 
user[39m
     [90m 52 |[39m 
[90m */[39m
     [90m 53 |[39m 
[36mexport[39m 
[36mfunction[39m ge
tUnauthenticatedFires
tore() {[0m

      at Resolver._th
rowModNotFoundError (
node_modules/jest-res
olve/build/resolver.j
s:427:11)
      at 
Object.<anonymous> (t
ests/firestore-rules/
setup.ts:50:27)
      at 
Object.<anonymous> (t
ests/firestore-rules/
products.spec.ts:10:1
6)

FAIL tests/firestore-
rules/brands.spec.ts
  ΓùÅ Test suite 
failed to run

    Cannot find 
module '@firebase/rul
es-unit-testing' 
from 'tests/firestore
-rules/setup.ts'

    Require stack:
      tests/firestore
-rules/setup.ts
      tests/firestore
-rules/brands.spec.ts

    [0m [90m 48 
|[39m }
     [90m 49 |[39m
    [31m[1m>[22m[
39m[90m 50 |[39m 
[90m/**[39m
     [90m    |[39m 
             
[31m[1m^[22m[39m
     [90m 51 |[39m 
[90m * Get 
Firestore instance 
for unauthenticated 
user[39m
     [90m 52 |[39m 
[90m */[39m
     [90m 53 |[39m 
[36mexport[39m 
[36mfunction[39m ge
tUnauthenticatedFires
tore() {[0m

      at Resolver._th
rowModNotFoundError (
node_modules/jest-res
olve/build/resolver.j
s:427:11)
      at 
Object.<anonymous> (t
ests/firestore-rules/
setup.ts:50:27)
      at 
Object.<anonymous> (t
ests/firestore-rules/
brands.spec.ts:10:16)

FAIL tests/app/page.t
est.tsx
  ΓùÅ Test suite 
failed to run

    Jest encountered 
an unexpected token

    Jest failed to 
parse a file. This 
happens e.g. when 
your code or its 
dependencies use 
non-standard 
JavaScript syntax, 
or when Jest is not 
configured to 
support such syntax.

    Out of the box 
Jest supports Babel, 
which will be used 
to transform your 
files into valid JS 
based on your Babel 
configuration.

    By default 
"node_modules" 
folder is ignored by 
transformers.

    Here's what you 
can do:
     ΓÇó If you are 
trying to use 
ECMAScript Modules, 
see https://jestjs.io
/docs/ecmascript-modu
les for how to 
enable it.
     ΓÇó If you are 
trying to use 
TypeScript, see https
://jestjs.io/docs/get
ting-started#using-ty
pescript
     ΓÇó To have 
some of your 
"node_modules" files 
transformed, you can 
specify a custom "tra
nsformIgnorePatterns"
 in your config.
     ΓÇó If you need 
a custom 
transformation 
specify a 
"transform" option 
in your config.
     ΓÇó If you 
simply want to mock 
your non-JS modules 
(e.g. binary assets) 
you can stub them 
out with the 
"moduleNameMapper" 
config option.

    You'll find more 
details and examples 
of these config 
options in the docs:
    https://jestjs.io
/docs/configuration
    For information 
about custom 
transformations, see:
    https://jestjs.io
/docs/code-transforma
tion

    Details:

    
C:\Users\marte\Baked 
for Brands\bakedbot-f
or-brands\node_module
s\jose\dist\browser\i
ndex.js:1
    ({"Object.<anonym
ous>":function(module
,exports,require,__di
rname,__filename,jest
){export { 
compactDecrypt } 
from './jwe/compact/d
ecrypt.js';
                     
                     
                     
                     
  ^^^^^^

    SyntaxError: 
Unexpected token 
'export'

    [0m [90m 32 
|[39m     
[36mthrow[39m 
[36mnew[39m [33mEr
ror[39m([32m"FIREBA
SE_SERVICE_ACCOUNT_KE
Y is not a valid 
Base64-encoded JSON s
tring."[39m)[33m;[
39m
     [90m 33 |[39m 
  }
    [31m[1m>[22m[
39m[90m 34 |[39m }
     [90m    |[39m 
 [31m[1m^[22m[39m
     [90m 35 |[39m
     [90m 36 |[39m 
[90m/**[39m
     [90m 37 |[39m 
[90m * Creates a 
server-side Firebase 
client (admin 
SDK).[39m[0m

      at Runtime.crea
teScriptFromCode (nod
e_modules/jest-runtim
e/build/index.js:1505
:14)
      at 
Object.<anonymous> (n
ode_modules/jwks-rsa/
src/utils.js:1:116)
      at 
Object.<anonymous> (n
ode_modules/jwks-rsa/
src/JwksClient.js:2:3
3)
      at 
Object.<anonymous> (n
ode_modules/jwks-rsa/
src/index.js:1:126)
      at 
Object.<anonymous> (n
ode_modules/firebase-
admin/lib/utils/jwt.j
s:24:14)
      at 
Object.<anonymous> (n
ode_modules/firebase-
admin/lib/auth/token-
verifier.js:26:15)
      at 
Object.<anonymous> (n
ode_modules/firebase-
admin/lib/auth/base-a
uth.js:26:26)
      at 
Object.<anonymous> (n
ode_modules/firebase-
admin/lib/auth/tenant
-manager.js:23:21)
      at 
Object.<anonymous> (n
ode_modules/firebase-
admin/lib/auth/auth.j
s:22:26)
      at 
Object.<anonymous> (n
ode_modules/firebase-
admin/lib/auth/index.
js:27:16)
      at 
Object.<anonymous> (s
rc/firebase/server-cl
ient.ts:34:15)
      at 
Object.<anonymous> (s
rc/server/actions/sta
ts.ts:12:23)
      at 
Object.<anonymous> (s
rc/components/landing
/live-stats.tsx:14:16
)
      at 
Object.<anonymous> (s
rc/app/page.tsx:22:20
)
      at 
Object.<anonymous> (t
ests/app/page.test.ts
x:8:54)

FAIL tests/server/age
nts/deebo.spec.ts
  ΓùÅ Test suite 
failed to run

    Jest encountered 
an unexpected token

    Jest failed to 
parse a file. This 
happens e.g. when 
your code or its 
dependencies use 
non-standard 
JavaScript syntax, 
or when Jest is not 
configured to 
support such syntax.

    Out of the box 
Jest supports Babel, 
which will be used 
to transform your 
files into valid JS 
based on your Babel 
configuration.

    By default 
"node_modules" 
folder is ignored by 
transformers.

    Here's what you 
can do:
     ΓÇó If you are 
trying to use 
ECMAScript Modules, 
see https://jestjs.io
/docs/ecmascript-modu
les for how to 
enable it.
     ΓÇó If you are 
trying to use 
TypeScript, see https
://jestjs.io/docs/get
ting-started#using-ty
pescript
     ΓÇó To have 
some of your 
"node_modules" files 
transformed, you can 
specify a custom "tra
nsformIgnorePatterns"
 in your config.
     ΓÇó If you need 
a custom 
transformation 
specify a 
"transform" option 
in your config.
     ΓÇó If you 
simply want to mock 
your non-JS modules 
(e.g. binary assets) 
you can stub them 
out with the 
"moduleNameMapper" 
config option.

    You'll find more 
details and examples 
of these config 
options in the docs:
    https://jestjs.io
/docs/configuration
    For information 
about custom 
transformations, see:
    https://jestjs.io
/docs/code-transforma
tion

    Details:

    
C:\Users\marte\Baked 
for Brands\bakedbot-f
or-brands\node_module
s\dotprompt\node_modu
les\yaml\browser\inde
x.js:3
    import * as YAML 
from 
'./dist/index.js'
    ^^^^^^

    SyntaxError: 
Cannot use import 
statement outside a 
module

    [0m [90m 19 
|[39m   
plugins[33m:[39m [
     [90m 20 |[39m 
    googleAI({ 
apiKey })[33m,[39m
    [31m[1m>[22m[
39m[90m 21 |[39m   
][33m,[39m
     [90m    |[39m 
              
[31m[1m^[22m[39m
     [90m 22 |[39m 
  model[33m:[39m [
32m'googleai/gemini-2
.0-flash'[39m[33m,
[39m
     [90m 23 |[39m 
})[33m;[39m
     [90m 24 
|[39m[0m

      at Runtime.crea
teScriptFromCode (nod
e_modules/jest-runtim
e/build/index.js:1505
:14)
      at 
Object.<anonymous> (n
ode_modules/dotprompt
/dist/index.js:82:19)
      at 
Object.<anonymous> (n
ode_modules/@genkit-a
i/core/src/registry.t
s:17:27)
      at 
Object.<anonymous> (n
ode_modules/@genkit-a
i/ai/src/generate.ts:
30:26)
      at 
Object.<anonymous> (n
ode_modules/@genkit-a
i/ai/src/index.ts:63:
8)
      at 
Object.<anonymous> (n
ode_modules/genkit/sr
c/common.ts:113:8)
      at 
Object.<anonymous> (n
ode_modules/genkit/sr
c/index.ts:28:15)
      at 
Object.<anonymous> (s
rc/ai/genkit.ts:21:17
)
      at 
Object.<anonymous> (s
rc/server/agents/deeb
o.ts:38:17)
      at 
Object.<anonymous> (t
ests/server/agents/de
ebo.spec.ts:16:16)

FAIL tests/server/age
nts/deebo-states.spec
.ts
  ΓùÅ Test suite 
failed to run

    Jest encountered 
an unexpected token

    Jest failed to 
parse a file. This 
happens e.g. when 
your code or its 
dependencies use 
non-standard 
JavaScript syntax, 
or when Jest is not 
configured to 
support such syntax.

    Out of the box 
Jest supports Babel, 
which will be used 
to transform your 
files into valid JS 
based on your Babel 
configuration.

    By default 
"node_modules" 
folder is ignored by 
transformers.

    Here's what you 
can do:
     ΓÇó If you are 
trying to use 
ECMAScript Modules, 
see https://jestjs.io
/docs/ecmascript-modu
les for how to 
enable it.
     ΓÇó If you are 
trying to use 
TypeScript, see https
://jestjs.io/docs/get
ting-started#using-ty
pescript
     ΓÇó To have 
some of your 
"node_modules" files 
transformed, you can 
specify a custom "tra
nsformIgnorePatterns"
 in your config.
     ΓÇó If you need 
a custom 
transformation 
specify a 
"transform" option 
in your config.
     ΓÇó If you 
simply want to mock 
your non-JS modules 
(e.g. binary assets) 
you can stub them 
out with the 
"moduleNameMapper" 
config option.

    You'll find more 
details and examples 
of these config 
options in the docs:
    https://jestjs.io
/docs/configuration
    For information 
about custom 
transformations, see:
    https://jestjs.io
/docs/code-transforma
tion

    Details:

    
C:\Users\marte\Baked 
for Brands\bakedbot-f
or-brands\node_module
s\dotprompt\node_modu
les\yaml\browser\inde
x.js:3
    import * as YAML 
from 
'./dist/index.js'
    ^^^^^^

    SyntaxError: 
Cannot use import 
statement outside a 
module

    [0m [90m 19 
|[39m   
plugins[33m:[39m [
     [90m 20 |[39m 
    googleAI({ 
apiKey })[33m,[39m
    [31m[1m>[22m[
39m[90m 21 |[39m   
][33m,[39m
     [90m    |[39m 
              
[31m[1m^[22m[39m
     [90m 22 |[39m 
  model[33m:[39m [
32m'googleai/gemini-2
.0-flash'[39m[33m,
[39m
     [90m 23 |[39m 
})[33m;[39m
     [90m 24 
|[39m[0m

      at Runtime.crea
teScriptFromCode (nod
e_modules/jest-runtim
e/build/index.js:1505
:14)
      at 
Object.<anonymous> (n
ode_modules/dotprompt
/dist/index.js:82:19)
      at 
Object.<anonymous> (n
ode_modules/@genkit-a
i/core/src/registry.t
s:17:27)
      at 
Object.<anonymous> (n
ode_modules/@genkit-a
i/ai/src/generate.ts:
30:26)
      at 
Object.<anonymous> (n
ode_modules/@genkit-a
i/ai/src/index.ts:63:
8)
      at 
Object.<anonymous> (n
ode_modules/genkit/sr
c/common.ts:113:8)
      at 
Object.<anonymous> (n
ode_modules/genkit/sr
c/index.ts:28:15)
      at 
Object.<anonymous> (s
rc/ai/genkit.ts:21:17
)
      at 
Object.<anonymous> (s
rc/server/agents/deeb
o.ts:38:17)
      at 
Object.<anonymous> (t
ests/server/agents/de
ebo-states.spec.ts:16
:16)

FAIL tests/components
/playbooks/agent-chat
.test.tsx
  ΓùÅ Test suite 
failed to run

    Jest encountered 
an unexpected token

    Jest failed to 
parse a file. This 
happens e.g. when 
your code or its 
dependencies use 
non-standard 
JavaScript syntax, 
or when Jest is not 
configured to 
support such syntax.

    Out of the box 
Jest supports Babel, 
which will be used 
to transform your 
files into valid JS 
based on your Babel 
configuration.

    By default 
"node_modules" 
folder is ignored by 
transformers.

    Here's what you 
can do:
     ΓÇó If you are 
trying to use 
ECMAScript Modules, 
see https://jestjs.io
/docs/ecmascript-modu
les for how to 
enable it.
     ΓÇó If you are 
trying to use 
TypeScript, see https
://jestjs.io/docs/get
ting-started#using-ty
pescript
     ΓÇó To have 
some of your 
"node_modules" files 
transformed, you can 
specify a custom "tra
nsformIgnorePatterns"
 in your config.
     ΓÇó If you need 
a custom 
transformation 
specify a 
"transform" option 
in your config.
     ΓÇó If you 
simply want to mock 
your non-JS modules 
(e.g. binary assets) 
you can stub them 
out with the 
"moduleNameMapper" 
config option.

    You'll find more 
details and examples 
of these config 
options in the docs:
    https://jestjs.io
/docs/configuration
    For information 
about custom 
transformations, see:
    https://jestjs.io
/docs/code-transforma
tion

    Details:

    
C:\Users\marte\Baked 
for Brands\bakedbot-f
or-brands\node_module
s\dotprompt\node_modu
les\yaml\browser\inde
x.js:3
    import * as YAML 
from 
'./dist/index.js'
    ^^^^^^

    SyntaxError: 
Cannot use import 
statement outside a 
module

    [0m [90m 19 
|[39m   
plugins[33m:[39m [
     [90m 20 |[39m 
    googleAI({ 
apiKey })[33m,[39m
    [31m[1m>[22m[
39m[90m 21 |[39m   
][33m,[39m
     [90m    |[39m 
              
[31m[1m^[22m[39m
     [90m 22 |[39m 
  model[33m:[39m [
32m'googleai/gemini-2
.0-flash'[39m[33m,
[39m
     [90m 23 |[39m 
})[33m;[39m
     [90m 24 
|[39m[0m

      at Runtime.crea
teScriptFromCode (nod
e_modules/jest-runtim
e/build/index.js:1505
:14)
      at 
Object.<anonymous> (n
ode_modules/dotprompt
/dist/index.js:82:19)
      at 
Object.<anonymous> (n
ode_modules/@genkit-a
i/core/src/registry.t
s:17:27)
      at 
Object.<anonymous> (n
ode_modules/@genkit-a
i/ai/src/generate.ts:
30:26)
      at 
Object.<anonymous> (n
ode_modules/@genkit-a
i/ai/src/index.ts:63:
8)
      at 
Object.<anonymous> (n
ode_modules/genkit/sr
c/common.ts:113:8)
      at 
Object.<anonymous> (n
ode_modules/genkit/sr
c/index.ts:28:15)
      at 
Object.<anonymous> (s
rc/ai/genkit.ts:21:17
)
      at 
Object.<anonymous> (s
rc/server/agents/deeb
o.ts:38:17)
      at 
Object.<anonymous> (s
rc/app/dashboard/ceo/
agents/actions.ts:26:
16)
      at 
Object.<anonymous> (s
rc/app/dashboard/play
books/components/agen
t-chat.tsx:22:18)
      at 
Object.<anonymous> (t
ests/components/playb
ooks/agent-chat.test.
tsx:19:20)

FAIL tests/actions/de
lete-seo-page.test.ts
  ΓùÅ Test suite 
failed to run

    Jest encountered 
an unexpected token

    Jest failed to 
parse a file. This 
happens e.g. when 
your code or its 
dependencies use 
non-standard 
JavaScript syntax, 
or when Jest is not 
configured to 
support such syntax.

    Out of the box 
Jest supports Babel, 
which will be used 
to transform your 
files into valid JS 
based on your Babel 
configuration.

    By default 
"node_modules" 
folder is ignored by 
transformers.

    Here's what you 
can do:
     ΓÇó If you are 
trying to use 
ECMAScript Modules, 
see https://jestjs.io
/docs/ecmascript-modu
les for how to 
enable it.
     ΓÇó If you are 
trying to use 
TypeScript, see https
://jestjs.io/docs/get
ting-started#using-ty
pescript
     ΓÇó To have 
some of your 
"node_modules" files 
transformed, you can 
specify a custom "tra
nsformIgnorePatterns"
 in your config.
     ΓÇó If you need 
a custom 
transformation 
specify a 
"transform" option 
in your config.
     ΓÇó If you 
simply want to mock 
your non-JS modules 
(e.g. binary assets) 
you can stub them 
out with the 
"moduleNameMapper" 
config option.

    You'll find more 
details and examples 
of these config 
options in the docs:
    https://jestjs.io
/docs/configuration
    For information 
about custom 
transformations, see:
    https://jestjs.io
/docs/code-transforma
tion

    Details:

    
C:\Users\marte\Baked 
for Brands\bakedbot-f
or-brands\node_module
s\dotprompt\node_modu
les\yaml\browser\inde
x.js:3
    import * as YAML 
from 
'./dist/index.js'
    ^^^^^^

    SyntaxError: 
Cannot use import 
statement outside a 
module

    [0m [90m 19 
|[39m   
plugins[33m:[39m [
     [90m 20 |[39m 
    googleAI({ 
apiKey })[33m,[39m
    [31m[1m>[22m[
39m[90m 21 |[39m   
][33m,[39m
     [90m    |[39m 
              
[31m[1m^[22m[39m
     [90m 22 |[39m 
  model[33m:[39m [
32m'googleai/gemini-2
.0-flash'[39m[33m,
[39m
     [90m 23 |[39m 
})[33m;[39m
     [90m 24 
|[39m[0m

      at Runtime.crea
teScriptFromCode (nod
e_modules/jest-runtim
e/build/index.js:1505
:14)
      at 
Object.<anonymous> (n
ode_modules/dotprompt
/dist/index.js:82:19)
      at 
Object.<anonymous> (n
ode_modules/@genkit-a
i/core/src/registry.t
s:17:27)
      at 
Object.<anonymous> (n
ode_modules/@genkit-a
i/ai/src/generate.ts:
30:26)
      at 
Object.<anonymous> (n
ode_modules/@genkit-a
i/ai/src/index.ts:63:
8)
      at 
Object.<anonymous> (n
ode_modules/genkit/sr
c/common.ts:113:8)
      at 
Object.<anonymous> (n
ode_modules/genkit/sr
c/index.ts:28:15)
      at 
Object.<anonymous> (s
rc/ai/genkit.ts:21:17
)
      at 
Object.<anonymous> (s
rc/ai/utils/generate-
embedding.ts:12:17)
      at 
Object.<anonymous> (s
rc/server/repos/produ
ctRepo.ts:12:28)
      at 
Object.<anonymous> (s
rc/server/actions/can
nmenus.ts:20:22)
      at 
Object.<anonymous> (s
rc/app/dashboard/ceo/
actions.ts:123:20)
      at 
Object.<anonymous> (t
ests/actions/delete-s
eo-page.test.ts:16:18
)

Summary of all 
failing tests
FAIL tests/actions/br
and-setup.test.ts
  ΓùÅ Brand Setup 
Action ΓÇ║ should 
successfully setup a 
brand and trigger 
competitor discovery

    expect(received).
toBe(expected) // 
Object.is equality

    Expected: true
    Received: false

    [0m [90m 61 
|[39m         
[36mconst[39m 
result [33m=[39m 
[36mawait[39m setup
BrandAndCompetitors(f
ormData)[33m;[39m
     [90m 62 |[39m
    [31m[1m>[22m[
39m[90m 63 |[39m   
      expect(result[
33m.[39msuccess)[33
m.[39mtoBe([36mtrue
[39m)[33m;[39m
     [90m    |[39m 
                     
          
[31m[1m^[22m[39m
     [90m 64 |[39m 
        expect(result
[33m.[39mbrandId)[
33m.[39mtoBe([32m't
est-brand'[39m)[33m
;[39m
     [90m 65 |[39m 
        expect(result
[33m.[39mcompetitor
s)[33m.[39mtoHaveLe
ngth([35m2[39m)[33
m;[39m
     [90m 66 
|[39m[0m

      at Object.toBe 
(tests/actions/brand-
setup.test.ts:63:32)

  ΓùÅ Brand Setup 
Action ΓÇ║ should 
fail if required 
fields are missing

    expect(received).
toBe(expected) // 
Object.is equality

    Expected: "Brand 
name and ZIP code 
are required"
    Received: 
"Authentication 
required"

    [0m [90m 106 
|[39m
     [90m 107 
|[39m         expect
(result[33m.[39msuc
cess)[33m.[39mtoBe(
[36mfalse[39m)[33m
;[39m
    [31m[1m>[22m[
39m[90m 108 |[39m  
       expect(result
[33m.[39merror)[33m
.[39mtoBe([32m'Bran
d name and ZIP code 
are required'[39m)[
33m;[39m
     [90m     
|[39m               
               
[31m[1m^[22m[39m
     [90m 109 
|[39m     
})[33m;[39m
     [90m 110 
|[39m })[33m;[39m
     [90m 111 
|[39m[0m

      at Object.toBe 
(tests/actions/brand-
setup.test.ts:108:30)

FAIL tests/server/dee
bo-seo-review.test.ts
  ΓùÅ Deebo SEO 
Review ΓÇ║ 
calculateSEOScore 
ΓÇ║ should weight 
structured data 
appropriately

    expect(received).
toBe(expected) // 
Object.is equality

    Expected: 2
    Received: 1

    [0m [90m  96 
|[39m             
[36mconst[39m 
withoutScore 
[33m=[39m calculate
SEOScore(withoutStruc
turedData)[33m;[39m
     [90m  97 |[39m
    [31m[1m>[22m[
39m[90m  98 |[39m  
           
expect(withScore 
[33m-[39m withoutSc
ore)[33m.[39mtoBe(
[35m2[39m)[33m;[39
m [90m// 1.5 
rounded[39m
     [90m     
|[39m               
                     
          
[31m[1m^[22m[39m
     [90m  99 
|[39m         
})[33m;[39m
     [90m 100 
|[39m     
})[33m;[39m
     [90m 101 
|[39m[0m

      at Object.toBe 
(tests/server/deebo-s
eo-review.test.ts:98:
46)

FAIL src/lib/__tests_
_/utils.test.ts
  ΓùÅ utils library 
ΓÇ║ 
haversineDistance 
ΓÇ║ should correctly 
calculate the 
distance between two 
points

    expect(received).
toBeCloseTo(expected,
 precision)

    Expected: 1744.5
    Received: 
1742.326542428723

    Expected 
precision:    0
    Expected 
difference: < 0.5
    Received 
difference:   
2.173457571276913

    [0m [90m 16 
|[39m       [90m// 
Distance is approx. 
1745 miles[39m
     [90m 17 |[39m 
      
[36mconst[39m 
distance [33m=[39m 
haversineDistance(chi
cago[33m,[39m losAn
geles)[33m;[39m
    [31m[1m>[22m[
39m[90m 18 |[39m   
    expect(distance)
[33m.[39mtoBeCloseTo
([35m1744.5[39m[33
m,[39m [35m0[39m)
[33m;[39m
     [90m    |[39m 
                     
  
[31m[1m^[22m[39m
     [90m 19 |[39m 
    })[33m;[39m
     [90m 20 |[39m
     [90m 21 |[39m 
    it([32m'should 
handle coordinates 
across the equator'[
39m[33m,[39m () 
[33m=>[39m {[0m

      at 
Object.toBeCloseTo (s
rc/lib/__tests__/util
s.test.ts:18:24)

  ΓùÅ utils library 
ΓÇ║ 
haversineDistance 
ΓÇ║ should handle 
coordinates across 
the equator

    expect(received).
toBeCloseTo(expected,
 precision)

    Expected: 1380.9
    Received: 
1381.8818885590304

    Expected 
precision:    0
    Expected 
difference: < 0.5
    Received 
difference:   
0.9818885590302671

    [0m [90m 24 
|[39m         
[36mconst[39m 
distance [33m=[39m 
haversineDistance(poi
nt1[33m,[39m 
point2)[33m;[39m
     [90m 25 |[39m 
        [90m// 
Approx 1380 
miles[39m
    [31m[1m>[22m[
39m[90m 26 |[39m   
      expect(distance
)[33m.[39mtoBeClose
To([35m1380.9[39m[
33m,[39m [35m0[39m
)[33m;[39m
     [90m    |[39m 
                     
    
[31m[1m^[22m[39m
     [90m 27 |[39m 
    })[33m;[39m
     [90m 28 |[39m 
  })[33m;[39m
     [90m 29 
|[39m[0m

      at 
Object.toBeCloseTo (s
rc/lib/__tests__/util
s.test.ts:26:26)

FAIL tests/server/cov
erage-packs.test.ts
  ΓùÅ Coverage Packs 
ΓÇ║ 
COVERAGE_PACK_TIERS 
ΓÇ║ should have 
increasing prices

    expect(received).
toBeGreaterThan(expec
ted)

    Expected: > 699
    Received:   0

    [0m [90m 47 
|[39m             
[36mconst[39m 
prices [33m=[39m [
33mCOVERAGE_PACK_TIER
S[39m[33m.[39mmap(
t [33m=>[39m t[33m
.[39mpricePerMonth)
[33m;[39m
     [90m 48 |[39m 
            
[36mfor[39m 
([36mlet[39m i 
[33m=[39m [35m1[3
9m[33m;[39m i 
[33m<[39m prices[3
3m.[39mlength[33m;
[39m i[33m++[39m) {
    [31m[1m>[22m[
39m[90m 49 |[39m   
              expect(
prices[i])[33m.[39m
toBeGreaterThan(price
s[i [33m-[39m [35m
1[39m])[33m;[39m
     [90m    |[39m 
                     
             
[31m[1m^[22m[39m
     [90m 50 |[39m 
            }
     [90m 51 |[39m 
        })[33m;[39m
     [90m 52 |[39m 
    })[33m;[39m[0m

      at Object.toBeG
reaterThan (tests/ser
ver/coverage-packs.te
st.ts:49:35)

  ΓùÅ Coverage Packs 
ΓÇ║ calculateUpgradeV
alue ΓÇ║ should 
handle upgrade to 
unlimited

    expect(received).
toBe(expected) // 
Object.is equality

    Expected: 1000
    Received: 0

    [0m [90m 168 
|[39m             
[36mconst[39m 
value [33m=[39m cal
culateUpgradeValue([
32m'enterprise'[39m
[33m,[39m [32m'unli
mited'[39m[33m,[39
m [35m1000[39m)[33
m;[39m
     [90m 169 |[39m
    [31m[1m>[22m[
39m[90m 170 |[39m  
           expect(val
ue[33m.[39maddition
alZips)[33m.[39mtoB
e([35m1000[39m)[33
m;[39m [90m// All 
uncovered[39m
     [90m     
|[39m               
                     
      
[31m[1m^[22m[39m
     [90m 171 
|[39m             ex
pect(value[33m.[39m
priceIncrease)[33m.
[39mtoBe([35m400[39
m)[33m;[39m 
[90m// 999 - 
599[39m
     [90m 172 
|[39m         
})[33m;[39m
     [90m 173 
|[39m[0m

      at Object.toBe 
(tests/server/coverag
e-packs.test.ts:170:4
2)

FAIL tests/server/smo
key.test.ts
  ΓùÅ Smokey Agent 
ΓÇ║ act - 
Recommendation 
Policies ΓÇ║ should 
handle policy with 
no valid rankings

    expect(received).
toBe(expected) // 
Object.is equality

    Expected: 
"experimental"
    Received: 
"passing"

    [0m [90m 303 
|[39m       
[36mconst[39m 
result [33m=[39m 
[36mawait[39m smoke
yAgent[33m.[39mact(
brandMemory[33m,[39
m smokeyMemory[33m,
[39m [32m'policy_fai
l'[39m[33m,[39m 
mockTools)[33m;[39m
     [90m 304 |[39m
    [31m[1m>[22m[
39m[90m 305 |[39m  
     expect(result[3
3m.[39mupdatedMemory
[33m.[39mrec_polici
es[[35m0[39m][33m.
[39mstatus)[33m.[3
9mtoBe([32m'experime
ntal'[39m)[33m;[39
m
     [90m     
|[39m               
                     
                     
  
[31m[1m^[22m[39m
     [90m 306 
|[39m       expect(r
esult[33m.[39mlogEn
try[33m.[39mresult)
[33m.[39mtoContain(
[32m'Policy 
produced no valid ran
kings'[39m)[33m;[3
9m
     [90m 307 
|[39m     
})[33m;[39m
     [90m 308 
|[39m   
})[33m;[39m[0m

      at Object.toBe 
(tests/server/smokey.
test.ts:305:59)

FAIL tests/server/lea
fly-connector.test.ts
  ΓùÅ Leafly 
Connector Service 
ΓÇ║ Pricing 
Intelligence ΓÇ║ 
should get pricing 
bands for state and 
category

    TypeError: firest
ore.collection(...).d
oc(...).collection(..
.).where is not a 
function

    [0m [90m 433 
|[39m         [33m.
[39mdoc([32m'leafly
'[39m)
     [90m 434 
|[39m         [33m.
[39mcollection([32m
'dispensaries'[39m)
    [31m[1m>[22m[
39m[90m 435 |[39m  
       [33m.[39mwhe
re([32m'state'[39m
[33m,[39m [32m'=='
[39m[33m,[39m state
[33m.[39mtoUpperCas
e())
     [90m     
|[39m          
[31m[1m^[22m[39m
     [90m 436 
|[39m         [33m.
[39m[36mget[39m()
[33m;[39m
     [90m 437 |[39m
     [90m 438 
|[39m     
[36mconst[39m 
prices[33m:[39m 
number[] [33m=[39m 
[][33m;[39m[0m

      at where (src/s
erver/services/leafly
-connector.ts:435:10)
      at Object.getPr
icingBands (tests/ser
ver/leafly-connector.
test.ts:185:33)

  ΓùÅ Leafly 
Connector Service 
ΓÇ║ Pricing 
Intelligence ΓÇ║ 
should get active 
promos

    TypeError: firest
ore.collection(...).d
oc(...).collection(..
.).where is not a 
function

    [0m [90m 483 
|[39m         [33m.
[39mdoc([32m'leafly
'[39m)
     [90m 484 
|[39m         [33m.
[39mcollection([32m
'dispensaries'[39m)
    [31m[1m>[22m[
39m[90m 485 |[39m  
       [33m.[39mwhe
re([32m'state'[39m
[33m,[39m [32m'=='
[39m[33m,[39m state
[33m.[39mtoUpperCas
e())
     [90m     
|[39m          
[31m[1m^[22m[39m
     [90m 486 
|[39m         [33m.
[39m[36mget[39m()
[33m;[39m
     [90m 487 |[39m
     [90m 488 
|[39m     
[36mconst[39m 
offers[33m:[39m [3
3mLeaflyOffer[39m[] 
[33m=[39m 
[][33m;[39m[0m

      at where (src/s
erver/services/leafly
-connector.ts:485:10)
      at Object.getAc
tivePromos (tests/ser
ver/leafly-connector.
test.ts:205:34)

  ΓùÅ Leafly 
Connector Service 
ΓÇ║ Local 
Competition ΓÇ║ 
should get local 
competition for 
state and city

    TypeError: firest
ore.collection(...).d
oc(...).collection(..
.).where is not a 
function

    [0m [90m 552 
|[39m         [33m.
[39mdoc([32m'leafly
'[39m)
     [90m 553 
|[39m         [33m.
[39mcollection([32m
'dispensaries'[39m)
    [31m[1m>[22m[
39m[90m 554 |[39m  
       [33m.[39mwhe
re([32m'state'[39m
[33m,[39m [32m'=='
[39m[33m,[39m norma
lizedState)[33m;[39
m
     [90m     
|[39m          
[31m[1m^[22m[39m
     [90m 555 |[39m
     [90m 556 
|[39m     
[36mconst[39m 
dispensariesSnap 
[33m=[39m 
[36mawait[39m dispe
nsariesQuery[33m.[3
9mlimit([35m50[39m)
[33m.[39m[36mget[
39m()[33m;[39m
     [90m 557 
|[39m[0m

      at where (src/s
erver/services/leafly
-connector.ts:554:10)
      at Object.getLo
calCompetition (tests
/server/leafly-connec
tor.test.ts:230:34)

FAIL src/components/f
oot-traffic/__tests__
/retailer-card.test.t
sx
  ΓùÅ RetailerCard 
ΓÇ║ shows "Own this 
listing" link for 
non-partners (P4.1)

    expect(received).
toContain(expected) 
// indexOf

    Expected 
substring: "/for-bran
ds?retailerId=r1"
    Received string: 
   "/claim?id=r1&name
=Test%20Dispensary"

    [0m [90m 32 
|[39m         
[36mconst[39m 
claimLink 
[33m=[39m screen[3
3m.[39mgetByText([3
5m/Own this business/
i[39m)[33m;[39m
     [90m 33 |[39m 
        expect(claimL
ink)[33m.[39mtoBeIn
TheDocument()[33m;[
39m
    [31m[1m>[22m[
39m[90m 34 |[39m   
      expect(claimLin
k[33m.[39mgetAttrib
ute([32m'href'[39m)
)[33m.[39mtoContain
([32m'/for-brands?re
tailerId=r1'[39m)[3
3m;[39m
     [90m    |[39m 
                     
                     
     
[31m[1m^[22m[39m
     [90m 35 |[39m 
    })[33m;[39m
     [90m 36 |[39m
     [90m 37 |[39m 
    it([32m'tracks "
claim_listing_click" 
when claim link is cl
icked'[39m[33m,[39
m () [33m=>[39m 
{[0m

      at 
Object.toContain (src
/components/foot-traf
fic/__tests__/retaile
r-card.test.tsx:34:48
)

FAIL tests/components
/national-rollout-com
ponents.test.tsx 
(5.009 s)
  ΓùÅ Analytics 
Charts ΓÇ║ 
DailyViewsChart ΓÇ║ 
should render chart 
bars when data exists

    expect(received).
toBeGreaterThan(expec
ted)

    Expected: > 0
    Received:   0

    [0m [90m 173 
|[39m             
[90m// Should have 
bar elements[39m
     [90m 174 
|[39m             
[36mconst[39m bars 
[33m=[39m container
[33m.[39mquerySelec
torAll([32m'[class*=
"bg-primary"]'[39m)
[33m;[39m
    [31m[1m>[22m[
39m[90m 175 |[39m  
           expect(bar
s[33m.[39mlength)[
33m.[39mtoBeGreaterT
han([35m0[39m)[33m
;[39m
     [90m     
|[39m               
                  
[31m[1m^[22m[39m
     [90m 176 
|[39m         
})[33m;[39m
     [90m 177 
|[39m     
})[33m;[39m
     [90m 178 
|[39m[0m

      at Object.toBeG
reaterThan (tests/com
ponents/national-roll
out-components.test.t
sx:175:33)

FAIL tests/lib/brand-
data.test.ts (5.194 
s)
  ΓùÅ brand-data ΓÇ║ 
fetchBrandPageData 
ΓÇ║ should fetch 
brand by ID if doc 
exists

    TypeError: 
Cannot read 
properties of 
undefined (reading 
'empty')

    [0m [90m 84 
|[39m             [
33m.[39m[36mget[39
m()[33m;[39m
     [90m 85 |[39m
    [31m[1m>[22m[
39m[90m 86 |[39m   
      [36mif[39m (
[33m![39mproductsQue
rySnake[33m.[39memp
ty) {
     [90m    |[39m 
                     
           
[31m[1m^[22m[39m
     [90m 87 |[39m 
            products 
[33m=[39m productsQ
uerySnake[33m.[39md
ocs[33m.[39mmap(doc
 [33m=>[39m ({ 
id[33m:[39m doc[33
m.[39mid[33m,[39m 
[33m...[39mdoc[33m
.[39mdata() } 
[36mas[39m [33mPro
duct[39m))[33m;[39
m
     [90m 88 |[39m 
        }
     [90m 89 |[39m 
    } [36melse[39m 
{[0m

      at empty (src/l
ib/brand-data.ts:86:3
3)
      at 
Object.<anonymous> (t
ests/lib/brand-data.t
est.ts:63:28)

  ΓùÅ brand-data ΓÇ║ 
fetchLocalBrandPageDa
ta ΓÇ║ should fetch 
local brand data 
with retailers

    expect(received).
toBe(expected) // 
Object.is equality

    Expected: 2
    Received: 0

    [0m [90m 122 
|[39m             ex
pect(result[33m.[39
mbrand)[33m.[39mtoB
eDefined()[33m;[39m
     [90m 123 
|[39m             
[90m// Should have 
2 retailers[39m
    [31m[1m>[22m[
39m[90m 124 |[39m  
           expect(res
ult[33m.[39mretaile
rs[33m.[39mlength)
[33m.[39mtoBe([35m2
[39m)[33m;[39m
     [90m     
|[39m               
                     
         
[31m[1m^[22m[39m
     [90m 125 |[39m
     [90m 126 
|[39m             
[90m// Check 
retailer names[39m
     [90m 127 
|[39m             
[36mconst[39m 
names [33m=[39m res
ult[33m.[39mretaile
rs[33m.[39mmap((r[
33m:[39m any) 
[33m=>[39m r[33m.
[39mname)[33m;[39m
[0m

      at Object.toBe 
(tests/lib/brand-data
.test.ts:124:45)

FAIL tests/lib/intuit
ion/memory.test.ts
  ΓùÅ Test suite 
failed to run

    ReferenceError: 
Cannot access 
'mockCollection' 
before initialization

    [0m [90m 12 
|[39m     createServ
erClient[33m:[39m j
est[33m.[39mfn()[3
3m.[39mmockResolvedV
alue({
     [90m 13 |[39m 
        
firestore[33m:[39m 
{
    [31m[1m>[22m[
39m[90m 14 |[39m   
          collection
[33m:[39m mockCollec
tion[33m,[39m
     [90m    |[39m 
                     
   
[31m[1m^[22m[39m
     [90m 15 |[39m 
            
doc[33m:[39m 
mockDoc
     [90m 16 |[39m 
        }
     [90m 17 |[39m 
    })[0m

      at 
mockCollection (tests
/lib/intuition/memory
.test.ts:14:25)
      at 
Object.<anonymous> (s
rc/lib/intuition/doma
in-memory.ts:11:23)
      at 
Object.<anonymous> (t
ests/lib/intuition/me
mory.test.ts:19:23)

FAIL tests/components
/dashboard/brand-play
books-view.test.tsx
  ΓùÅ Test suite 
failed to run

    Cannot find 
module './brand-playb
ooks-list' from 'test
s/components/dashboar
d/brand-playbooks-vie
w.test.tsx'

    [0m [90m 21 
|[39m
     [90m 22 |[39m 
[90m// Mock the 
nested list 
component to keep 
tests focused[39m
    [31m[1m>[22m[
39m[90m 23 |[39m je
st[33m.[39mmock([3
2m'./brand-playbooks-
list'[39m[33m,[39m
 () [33m=>[39m ({
     [90m    |[39m 
     
[31m[1m^[22m[39m
     [90m 24 |[39m 
    [33mBrandPlayboo
ksList[39m[33m:[39
m () [33m=>[39m [3
3m<[39m[33mdiv[39m
 data[33m-[39mtesti
d[33m=[39m[32m"pla
ybooks-list-mock"[39
m[33m>[39m[33mMock
[39m [33mLibrary[3
9m[33m<[39m[33m/[
39m[33mdiv[39m[33m
>[39m
     [90m 25 |[39m 
}))[33m;[39m
     [90m 26 
|[39m[0m

      at Resolver._th
rowModNotFoundError (
node_modules/jest-res
olve/build/resolver.j
s:427:11)
      at Object.mock 
(tests/components/das
hboard/brand-playbook
s-view.test.tsx:23:6)

FAIL tests/treasury/s
trategies.test.ts
  ΓùÅ Test suite 
failed to run

    TypeError: 
Expected input type 
is Uint8Array (got 
object)

    [0m [90m  9 
|[39m     
[36mconst[39m 
config[33m:[39m 
any [33m=[39m {
     [90m 10 |[39m 
        [32m'enableR
ateLimit'[39m[33m:
[39m [36mtrue[39m[
33m,[39m
    [31m[1m>[22m[
39m[90m 11 |[39m   
      [32m'options'
[39m[33m:[39m {
     [90m    |[39m 
                     
                   
[31m[1m^[22m[39m
     [90m 12 |[39m 
            [32m'adj
ustForTimeDifference'
[39m[33m:[39m [36
mtrue[39m[33m,[39m
     [90m 13 |[39m 
        }
     [90m 14 |[39m 
    }[33m;[39m[0m

      at toBytes (nod
e_modules/ccxt/dist/c
js/src/static_depende
ncies/noble-hashes/ut
ils.js:62:15)
      at 
Object.hashC [as 
sha256] (node_modules
/ccxt/dist/cjs/src/st
atic_dependencies/nob
le-hashes/utils.js:99
:57)
      at poseidonRoun
dConstant (node_modul
es/ccxt/dist/cjs/src/
static_dependencies/s
cure-starknet/index.j
s:209:37)
      at 
poseidonBasic (node_m
odules/ccxt/dist/cjs/
src/static_dependenci
es/scure-starknet/ind
ex.js:227:22)
      at 
Object.<anonymous> (n
ode_modules/ccxt/dist
/cjs/src/static_depen
dencies/scure-starkne
t/index.js:243:23)
      at 
Object.<anonymous> (n
ode_modules/ccxt/dist
/cjs/src/base/Exchang
e.js:25:15)
      at 
Object.<anonymous> (n
ode_modules/ccxt/dist
/cjs/ccxt.js:7:16)
      at 
Object.<anonymous> (n
ode_modules/ccxt/dist
/ccxt.cjs:1:116)
      at 
Object.<anonymous> (s
rc/treasury/lib/krake
n.ts:11:55)
      at 
Object.<anonymous> (s
rc/treasury/strategie
s/basis-kraken-btc/in
dex.ts:11:17)
      at 
Object.<anonymous> (t
ests/treasury/strateg
ies.test.ts:5:25)

FAIL tests/server/crm
-service.test.ts
  ΓùÅ Test suite 
failed to run

    Jest encountered 
an unexpected token

    Jest failed to 
parse a file. This 
happens e.g. when 
your code or its 
dependencies use 
non-standard 
JavaScript syntax, 
or when Jest is not 
configured to 
support such syntax.

    Out of the box 
Jest supports Babel, 
which will be used 
to transform your 
files into valid JS 
based on your Babel 
configuration.

    By default 
"node_modules" 
folder is ignored by 
transformers.

    Here's what you 
can do:
     ΓÇó If you are 
trying to use 
ECMAScript Modules, 
see https://jestjs.io
/docs/ecmascript-modu
les for how to 
enable it.
     ΓÇó If you are 
trying to use 
TypeScript, see https
://jestjs.io/docs/get
ting-started#using-ty
pescript
     ΓÇó To have 
some of your 
"node_modules" files 
transformed, you can 
specify a custom "tra
nsformIgnorePatterns"
 in your config.
     ΓÇó If you need 
a custom 
transformation 
specify a 
"transform" option 
in your config.
     ΓÇó If you 
simply want to mock 
your non-JS modules 
(e.g. binary assets) 
you can stub them 
out with the 
"moduleNameMapper" 
config option.

    You'll find more 
details and examples 
of these config 
options in the docs:
    https://jestjs.io
/docs/configuration
    For information 
about custom 
transformations, see:
    https://jestjs.io
/docs/code-transforma
tion

    Details:

    
C:\Users\marte\Baked 
for Brands\bakedbot-f
or-brands\node_module
s\jose\dist\browser\i
ndex.js:1
    ({"Object.<anonym
ous>":function(module
,exports,require,__di
rname,__filename,jest
){export { 
compactDecrypt } 
from './jwe/compact/d
ecrypt.js';
                     
                     
                     
                     
  ^^^^^^

    SyntaxError: 
Unexpected token 
'export'

    [0m [90m 19 
|[39m 
[36mexport[39m 
[36mfunction[39m 
getAdminFirestore() {
     [90m 20 |[39m 
    [36mif[39m (get
Apps()[33m.[39mleng
th [33m===[39m 
[35m0[39m) {
    [31m[1m>[22m[
39m[90m 21 |[39m   
      
[36mconst[39m 
serviceAccount 
[33m=[39m getServic
eAccount()[33m;[39m
     [90m    |[39m 
              
[31m[1m^[22m[39m
     [90m 22 |[39m 
        [36mif[39m 
(serviceAccount) {
     [90m 23 |[39m 
            
initializeApp({
     [90m 24 |[39m 
                crede
ntial[33m:[39m cert
(serviceAccount)[0m

      at Runtime.crea
teScriptFromCode (nod
e_modules/jest-runtim
e/build/index.js:1505
:14)
      at 
Object.<anonymous> (n
ode_modules/jwks-rsa/
src/utils.js:1:116)
      at 
Object.<anonymous> (n
ode_modules/jwks-rsa/
src/JwksClient.js:2:3
3)
      at 
Object.<anonymous> (n
ode_modules/jwks-rsa/
src/index.js:1:126)
      at 
Object.<anonymous> (n
ode_modules/firebase-
admin/lib/utils/jwt.j
s:24:14)
      at 
Object.<anonymous> (n
ode_modules/firebase-
admin/lib/auth/token-
verifier.js:26:15)
      at 
Object.<anonymous> (n
ode_modules/firebase-
admin/lib/auth/base-a
uth.js:26:26)
      at 
Object.<anonymous> (n
ode_modules/firebase-
admin/lib/auth/tenant
-manager.js:23:21)
      at 
Object.<anonymous> (n
ode_modules/firebase-
admin/lib/auth/auth.j
s:22:26)
      at 
Object.<anonymous> (n
ode_modules/firebase-
admin/lib/auth/index.
js:27:16)
      at 
Object.<anonymous> (s
rc/firebase/admin.ts:
21:15)
      at 
Object.<anonymous> (s
rc/server/services/cr
m-service.ts:29:16)
      at 
Object.<anonymous> (t
ests/server/crm-servi
ce.test.ts:9:21)

FAIL tests/treasury/p
olicy.test.ts
  ΓùÅ Test suite 
failed to run

    Jest encountered 
an unexpected token

    Jest failed to 
parse a file. This 
happens e.g. when 
your code or its 
dependencies use 
non-standard 
JavaScript syntax, 
or when Jest is not 
configured to 
support such syntax.

    Out of the box 
Jest supports Babel, 
which will be used 
to transform your 
files into valid JS 
based on your Babel 
configuration.

    By default 
"node_modules" 
folder is ignored by 
transformers.

    Here's what you 
can do:
     ΓÇó If you are 
trying to use 
ECMAScript Modules, 
see https://jestjs.io
/docs/ecmascript-modu
les for how to 
enable it.
     ΓÇó If you are 
trying to use 
TypeScript, see https
://jestjs.io/docs/get
ting-started#using-ty
pescript
     ΓÇó To have 
some of your 
"node_modules" files 
transformed, you can 
specify a custom "tra
nsformIgnorePatterns"
 in your config.
     ΓÇó If you need 
a custom 
transformation 
specify a 
"transform" option 
in your config.
     ΓÇó If you 
simply want to mock 
your non-JS modules 
(e.g. binary assets) 
you can stub them 
out with the 
"moduleNameMapper" 
config option.

    You'll find more 
details and examples 
of these config 
options in the docs:
    https://jestjs.io
/docs/configuration
    For information 
about custom 
transformations, see:
    https://jestjs.io
/docs/code-transforma
tion

    Details:

    
C:\Users\marte\Baked 
for Brands\bakedbot-f
or-brands\node_module
s\jose\dist\browser\i
ndex.js:1
    ({"Object.<anonym
ous>":function(module
,exports,require,__di
rname,__filename,jest
){export { 
compactDecrypt } 
from './jwe/compact/d
ecrypt.js';
                     
                     
                     
                     
  ^^^^^^

    SyntaxError: 
Unexpected token 
'export'

    [0m [90m 19 
|[39m 
[36mexport[39m 
[36mfunction[39m 
getAdminFirestore() {
     [90m 20 |[39m 
    [36mif[39m (get
Apps()[33m.[39mleng
th [33m===[39m 
[35m0[39m) {
    [31m[1m>[22m[
39m[90m 21 |[39m   
      
[36mconst[39m 
serviceAccount 
[33m=[39m getServic
eAccount()[33m;[39m
     [90m    |[39m 
              
[31m[1m^[22m[39m
     [90m 22 |[39m 
        [36mif[39m 
(serviceAccount) {
     [90m 23 |[39m 
            
initializeApp({
     [90m 24 |[39m 
                crede
ntial[33m:[39m cert
(serviceAccount)[0m

      at Runtime.crea
teScriptFromCode (nod
e_modules/jest-runtim
e/build/index.js:1505
:14)
      at 
Object.<anonymous> (n
ode_modules/jwks-rsa/
src/utils.js:1:116)
      at 
Object.<anonymous> (n
ode_modules/jwks-rsa/
src/JwksClient.js:2:3
3)
      at 
Object.<anonymous> (n
ode_modules/jwks-rsa/
src/index.js:1:126)
      at 
Object.<anonymous> (n
ode_modules/firebase-
admin/lib/utils/jwt.j
s:24:14)
      at 
Object.<anonymous> (n
ode_modules/firebase-
admin/lib/auth/token-
verifier.js:26:15)
      at 
Object.<anonymous> (n
ode_modules/firebase-
admin/lib/auth/base-a
uth.js:26:26)
      at 
Object.<anonymous> (n
ode_modules/firebase-
admin/lib/auth/tenant
-manager.js:23:21)
      at 
Object.<anonymous> (n
ode_modules/firebase-
admin/lib/auth/auth.j
s:22:26)
      at 
Object.<anonymous> (n
ode_modules/firebase-
admin/lib/auth/index.
js:27:16)
      at 
Object.<anonymous> (s
rc/firebase/admin.ts:
21:15)
      at 
Object.<anonymous> (s
rc/treasury/memory/fi
restore-adapter.ts:11
:16)
      at 
Object.<anonymous> (s
rc/treasury/memory/ad
apter.ts:21:27)
      at 
Object.<anonymous> (s
rc/treasury/policy/po
licy-engine.ts:19:18)
      at 
Object.<anonymous> (t
ests/treasury/policy.
test.ts:5:23)

FAIL tests/server/eza
l-lite.test.ts
  ΓùÅ Test suite 
failed to run

    Jest encountered 
an unexpected token

    Jest failed to 
parse a file. This 
happens e.g. when 
your code or its 
dependencies use 
non-standard 
JavaScript syntax, 
or when Jest is not 
configured to 
support such syntax.

    Out of the box 
Jest supports Babel, 
which will be used 
to transform your 
files into valid JS 
based on your Babel 
configuration.

    By default 
"node_modules" 
folder is ignored by 
transformers.

    Here's what you 
can do:
     ΓÇó If you are 
trying to use 
ECMAScript Modules, 
see https://jestjs.io
/docs/ecmascript-modu
les for how to 
enable it.
     ΓÇó If you are 
trying to use 
TypeScript, see https
://jestjs.io/docs/get
ting-started#using-ty
pescript
     ΓÇó To have 
some of your 
"node_modules" files 
transformed, you can 
specify a custom "tra
nsformIgnorePatterns"
 in your config.
     ΓÇó If you need 
a custom 
transformation 
specify a 
"transform" option 
in your config.
     ΓÇó If you 
simply want to mock 
your non-JS modules 
(e.g. binary assets) 
you can stub them 
out with the 
"moduleNameMapper" 
config option.

    You'll find more 
details and examples 
of these config 
options in the docs:
    https://jestjs.io
/docs/configuration
    For information 
about custom 
transformations, see:
    https://jestjs.io
/docs/code-transforma
tion

    Details:

    
C:\Users\marte\Baked 
for Brands\bakedbot-f
or-brands\node_module
s\jose\dist\browser\i
ndex.js:1
    ({"Object.<anonym
ous>":function(module
,exports,require,__di
rname,__filename,jest
){export { 
compactDecrypt } 
from './jwe/compact/d
ecrypt.js';
                     
                     
                     
                     
  ^^^^^^

    SyntaxError: 
Unexpected token 
'export'

    [0m [90m 19 
|[39m 
[36mexport[39m 
[36mfunction[39m 
getAdminFirestore() {
     [90m 20 |[39m 
    [36mif[39m (get
Apps()[33m.[39mleng
th [33m===[39m 
[35m0[39m) {
    [31m[1m>[22m[
39m[90m 21 |[39m   
      
[36mconst[39m 
serviceAccount 
[33m=[39m getServic
eAccount()[33m;[39m
     [90m    |[39m 
              
[31m[1m^[22m[39m
     [90m 22 |[39m 
        [36mif[39m 
(serviceAccount) {
     [90m 23 |[39m 
            
initializeApp({
     [90m 24 |[39m 
                crede
ntial[33m:[39m cert
(serviceAccount)[0m

      at Runtime.crea
teScriptFromCode (nod
e_modules/jest-runtim
e/build/index.js:1505
:14)
      at 
Object.<anonymous> (n
ode_modules/jwks-rsa/
src/utils.js:1:116)
      at 
Object.<anonymous> (n
ode_modules/jwks-rsa/
src/JwksClient.js:2:3
3)
      at 
Object.<anonymous> (n
ode_modules/jwks-rsa/
src/index.js:1:126)
      at 
Object.<anonymous> (n
ode_modules/firebase-
admin/lib/utils/jwt.j
s:24:14)
      at 
Object.<anonymous> (n
ode_modules/firebase-
admin/lib/auth/token-
verifier.js:26:15)
      at 
Object.<anonymous> (n
ode_modules/firebase-
admin/lib/auth/base-a
uth.js:26:26)
      at 
Object.<anonymous> (n
ode_modules/firebase-
admin/lib/auth/tenant
-manager.js:23:21)
      at 
Object.<anonymous> (n
ode_modules/firebase-
admin/lib/auth/auth.j
s:22:26)
      at 
Object.<anonymous> (n
ode_modules/firebase-
admin/lib/auth/index.
js:27:16)
      at 
Object.<anonymous> (s
rc/firebase/admin.ts:
21:15)
      at 
Object.<anonymous> (s
rc/server/services/ez
al-lite-connector.ts:
35:16)
      at 
Object.<anonymous> (t
ests/server/ezal-lite
.test.ts:9:28)

FAIL tests/server/can
nmenus.test.ts
  ΓùÅ Test suite 
failed to run

    Jest encountered 
an unexpected token

    Jest failed to 
parse a file. This 
happens e.g. when 
your code or its 
dependencies use 
non-standard 
JavaScript syntax, 
or when Jest is not 
configured to 
support such syntax.

    Out of the box 
Jest supports Babel, 
which will be used 
to transform your 
files into valid JS 
based on your Babel 
configuration.

    By default 
"node_modules" 
folder is ignored by 
transformers.

    Here's what you 
can do:
     ΓÇó If you are 
trying to use 
ECMAScript Modules, 
see https://jestjs.io
/docs/ecmascript-modu
les for how to 
enable it.
     ΓÇó If you are 
trying to use 
TypeScript, see https
://jestjs.io/docs/get
ting-started#using-ty
pescript
     ΓÇó To have 
some of your 
"node_modules" files 
transformed, you can 
specify a custom "tra
nsformIgnorePatterns"
 in your config.
     ΓÇó If you need 
a custom 
transformation 
specify a 
"transform" option 
in your config.
     ΓÇó If you 
simply want to mock 
your non-JS modules 
(e.g. binary assets) 
you can stub them 
out with the 
"moduleNameMapper" 
config option.

    You'll find more 
details and examples 
of these config 
options in the docs:
    https://jestjs.io
/docs/configuration
    For information 
about custom 
transformations, see:
    https://jestjs.io
/docs/code-transforma
tion

    Details:

    
C:\Users\marte\Baked 
for Brands\bakedbot-f
or-brands\node_module
s\jose\dist\browser\i
ndex.js:1
    ({"Object.<anonym
ous>":function(module
,exports,require,__di
rname,__filename,jest
){export { 
compactDecrypt } 
from './jwe/compact/d
ecrypt.js';
                     
                     
                     
                     
  ^^^^^^

    SyntaxError: 
Unexpected token 
'export'

    [0m [90m 32 
|[39m     
[36mthrow[39m 
[36mnew[39m [33mEr
ror[39m([32m"FIREBA
SE_SERVICE_ACCOUNT_KE
Y is not a valid 
Base64-encoded JSON s
tring."[39m)[33m;[
39m
     [90m 33 |[39m 
  }
    [31m[1m>[22m[
39m[90m 34 |[39m }
     [90m    |[39m 
 [31m[1m^[22m[39m
     [90m 35 |[39m
     [90m 36 |[39m 
[90m/**[39m
     [90m 37 |[39m 
[90m * Creates a 
server-side Firebase 
client (admin 
SDK).[39m[0m

      at Runtime.crea
teScriptFromCode (nod
e_modules/jest-runtim
e/build/index.js:1505
:14)
      at 
Object.<anonymous> (n
ode_modules/jwks-rsa/
src/utils.js:1:116)
      at 
Object.<anonymous> (n
ode_modules/jwks-rsa/
src/JwksClient.js:2:3
3)
      at 
Object.<anonymous> (n
ode_modules/jwks-rsa/
src/index.js:1:126)
      at 
Object.<anonymous> (n
ode_modules/firebase-
admin/lib/utils/jwt.j
s:24:14)
      at 
Object.<anonymous> (n
ode_modules/firebase-
admin/lib/auth/token-
verifier.js:26:15)
      at 
Object.<anonymous> (n
ode_modules/firebase-
admin/lib/auth/base-a
uth.js:26:26)
      at 
Object.<anonymous> (n
ode_modules/firebase-
admin/lib/auth/tenant
-manager.js:23:21)
      at 
Object.<anonymous> (n
ode_modules/firebase-
admin/lib/auth/auth.j
s:22:26)
      at 
Object.<anonymous> (n
ode_modules/firebase-
admin/lib/auth/index.
js:27:16)
      at 
Object.<anonymous> (s
rc/firebase/server-cl
ient.ts:34:15)
      at 
Object.<anonymous> (s
rc/server/services/ca
nnmenus.ts:19:23)
      at 
Object.<anonymous> (t
ests/server/cannmenus
.test.ts:46:20)

FAIL tests/components
/dashboard/dispensary
-dashboard.test.tsx
  ΓùÅ Test suite 
failed to run

    Jest encountered 
an unexpected token

    Jest failed to 
parse a file. This 
happens e.g. when 
your code or its 
dependencies use 
non-standard 
JavaScript syntax, 
or when Jest is not 
configured to 
support such syntax.

    Out of the box 
Jest supports Babel, 
which will be used 
to transform your 
files into valid JS 
based on your Babel 
configuration.

    By default 
"node_modules" 
folder is ignored by 
transformers.

    Here's what you 
can do:
     ΓÇó If you are 
trying to use 
ECMAScript Modules, 
see https://jestjs.io
/docs/ecmascript-modu
les for how to 
enable it.
     ΓÇó If you are 
trying to use 
TypeScript, see https
://jestjs.io/docs/get
ting-started#using-ty
pescript
     ΓÇó To have 
some of your 
"node_modules" files 
transformed, you can 
specify a custom "tra
nsformIgnorePatterns"
 in your config.
     ΓÇó If you need 
a custom 
transformation 
specify a 
"transform" option 
in your config.
     ΓÇó If you 
simply want to mock 
your non-JS modules 
(e.g. binary assets) 
you can stub them 
out with the 
"moduleNameMapper" 
config option.

    You'll find more 
details and examples 
of these config 
options in the docs:
    https://jestjs.io
/docs/configuration
    For information 
about custom 
transformations, see:
    https://jestjs.io
/docs/code-transforma
tion

    Details:

    
C:\Users\marte\Baked 
for Brands\bakedbot-f
or-brands\node_module
s\jose\dist\browser\i
ndex.js:1
    ({"Object.<anonym
ous>":function(module
,exports,require,__di
rname,__filename,jest
){export { 
compactDecrypt } 
from './jwe/compact/d
ecrypt.js';
                     
                     
                     
                     
  ^^^^^^

    SyntaxError: 
Unexpected token 
'export'

    [0m [90m 19 
|[39m 
[36mexport[39m 
[36mfunction[39m 
getAdminFirestore() {
     [90m 20 |[39m 
    [36mif[39m (get
Apps()[33m.[39mleng
th [33m===[39m 
[35m0[39m) {
    [31m[1m>[22m[
39m[90m 21 |[39m   
      
[36mconst[39m 
serviceAccount 
[33m=[39m getServic
eAccount()[33m;[39m
     [90m    |[39m 
              
[31m[1m^[22m[39m
     [90m 22 |[39m 
        [36mif[39m 
(serviceAccount) {
     [90m 23 |[39m 
            
initializeApp({
     [90m 24 |[39m 
                crede
ntial[33m:[39m cert
(serviceAccount)[0m

      at Runtime.crea
teScriptFromCode (nod
e_modules/jest-runtim
e/build/index.js:1505
:14)
      at 
Object.<anonymous> (n
ode_modules/jwks-rsa/
src/utils.js:1:116)
      at 
Object.<anonymous> (n
ode_modules/jwks-rsa/
src/JwksClient.js:2:3
3)
      at 
Object.<anonymous> (n
ode_modules/jwks-rsa/
src/index.js:1:126)
      at 
Object.<anonymous> (n
ode_modules/firebase-
admin/lib/utils/jwt.j
s:24:14)
      at 
Object.<anonymous> (n
ode_modules/firebase-
admin/lib/auth/token-
verifier.js:26:15)
      at 
Object.<anonymous> (n
ode_modules/firebase-
admin/lib/auth/base-a
uth.js:26:26)
      at 
Object.<anonymous> (n
ode_modules/firebase-
admin/lib/auth/tenant
-manager.js:23:21)
      at 
Object.<anonymous> (n
ode_modules/firebase-
admin/lib/auth/auth.j
s:22:26)
      at 
Object.<anonymous> (n
ode_modules/firebase-
admin/lib/auth/index.
js:27:16)
      at 
Object.<anonymous> (s
rc/firebase/admin.ts:
21:15)
      at 
Object.<anonymous> (s
rc/server/services/ez
al-lite-connector.ts:
35:16)
      at 
Object.<anonymous> (s
rc/components/dashboa
rd/ezal-snapshot-card
.tsx:20:28)
      at 
Object.<anonymous> (s
rc/app/dashboard/disp
ensary/components/dis
pensary-right-sidebar
.tsx:17:27)
      at 
Object.<anonymous> (s
rc/app/dashboard/disp
ensary/dashboard-clie
nt.tsx:15:33)
      at 
Object.<anonymous> (t
ests/components/dashb
oard/dispensary-dashb
oard.test.tsx:141:65)

FAIL tests/server/pag
e-generator.test.ts
  ΓùÅ Test suite 
failed to run

    Jest encountered 
an unexpected token

    Jest failed to 
parse a file. This 
happens e.g. when 
your code or its 
dependencies use 
non-standard 
JavaScript syntax, 
or when Jest is not 
configured to 
support such syntax.

    Out of the box 
Jest supports Babel, 
which will be used 
to transform your 
files into valid JS 
based on your Babel 
configuration.

    By default 
"node_modules" 
folder is ignored by 
transformers.

    Here's what you 
can do:
     ΓÇó If you are 
trying to use 
ECMAScript Modules, 
see https://jestjs.io
/docs/ecmascript-modu
les for how to 
enable it.
     ΓÇó If you are 
trying to use 
TypeScript, see https
://jestjs.io/docs/get
ting-started#using-ty
pescript
     ΓÇó To have 
some of your 
"node_modules" files 
transformed, you can 
specify a custom "tra
nsformIgnorePatterns"
 in your config.
     ΓÇó If you need 
a custom 
transformation 
specify a 
"transform" option 
in your config.
     ΓÇó If you 
simply want to mock 
your non-JS modules 
(e.g. binary assets) 
you can stub them 
out with the 
"moduleNameMapper" 
config option.

    You'll find more 
details and examples 
of these config 
options in the docs:
    https://jestjs.io
/docs/configuration
    For information 
about custom 
transformations, see:
    https://jestjs.io
/docs/code-transforma
tion

    Details:

    
C:\Users\marte\Baked 
for Brands\bakedbot-f
or-brands\node_module
s\jose\dist\browser\i
ndex.js:1
    ({"Object.<anonym
ous>":function(module
,exports,require,__di
rname,__filename,jest
){export { 
compactDecrypt } 
from './jwe/compact/d
ecrypt.js';
                     
                     
                     
                     
  ^^^^^^

    SyntaxError: 
Unexpected token 
'export'

    [0m [90m 32 
|[39m     
[36mthrow[39m 
[36mnew[39m [33mEr
ror[39m([32m"FIREBA
SE_SERVICE_ACCOUNT_KE
Y is not a valid 
Base64-encoded JSON s
tring."[39m)[33m;[
39m
     [90m 33 |[39m 
  }
    [31m[1m>[22m[
39m[90m 34 |[39m }
     [90m    |[39m 
 [31m[1m^[22m[39m
     [90m 35 |[39m
     [90m 36 |[39m 
[90m/**[39m
     [90m 37 |[39m 
[90m * Creates a 
server-side Firebase 
client (admin 
SDK).[39m[0m

      at Runtime.crea
teScriptFromCode (nod
e_modules/jest-runtim
e/build/index.js:1505
:14)
      at 
Object.<anonymous> (n
ode_modules/jwks-rsa/
src/utils.js:1:116)
      at 
Object.<anonymous> (n
ode_modules/jwks-rsa/
src/JwksClient.js:2:3
3)
      at 
Object.<anonymous> (n
ode_modules/jwks-rsa/
src/index.js:1:126)
      at 
Object.<anonymous> (n
ode_modules/firebase-
admin/lib/utils/jwt.j
s:24:14)
      at 
Object.<anonymous> (n
ode_modules/firebase-
admin/lib/auth/token-
verifier.js:26:15)
      at 
Object.<anonymous> (n
ode_modules/firebase-
admin/lib/auth/base-a
uth.js:26:26)
      at 
Object.<anonymous> (n
ode_modules/firebase-
admin/lib/auth/tenant
-manager.js:23:21)
      at 
Object.<anonymous> (n
ode_modules/firebase-
admin/lib/auth/auth.j
s:22:26)
      at 
Object.<anonymous> (n
ode_modules/firebase-
admin/lib/auth/index.
js:27:16)
      at 
Object.<anonymous> (s
rc/firebase/server-cl
ient.ts:34:15)
      at 
Object.<anonymous> (s
rc/server/services/ca
nnmenus.ts:19:23)
      at 
Object.<anonymous> (s
rc/server/services/pa
ge-generator.ts:11:20
)
      at 
Object.<anonymous> (t
ests/server/page-gene
rator.test.ts:5:24)

FAIL tests/components
/dashboard/brand-over
view-view.test.tsx
  ΓùÅ Test suite 
failed to run

    Jest encountered 
an unexpected token

    Jest failed to 
parse a file. This 
happens e.g. when 
your code or its 
dependencies use 
non-standard 
JavaScript syntax, 
or when Jest is not 
configured to 
support such syntax.

    Out of the box 
Jest supports Babel, 
which will be used 
to transform your 
files into valid JS 
based on your Babel 
configuration.

    By default 
"node_modules" 
folder is ignored by 
transformers.

    Here's what you 
can do:
     ΓÇó If you are 
trying to use 
ECMAScript Modules, 
see https://jestjs.io
/docs/ecmascript-modu
les for how to 
enable it.
     ΓÇó If you are 
trying to use 
TypeScript, see https
://jestjs.io/docs/get
ting-started#using-ty
pescript
     ΓÇó To have 
some of your 
"node_modules" files 
transformed, you can 
specify a custom "tra
nsformIgnorePatterns"
 in your config.
     ΓÇó If you need 
a custom 
transformation 
specify a 
"transform" option 
in your config.
     ΓÇó If you 
simply want to mock 
your non-JS modules 
(e.g. binary assets) 
you can stub them 
out with the 
"moduleNameMapper" 
config option.

    You'll find more 
details and examples 
of these config 
options in the docs:
    https://jestjs.io
/docs/configuration
    For information 
about custom 
transformations, see:
    https://jestjs.io
/docs/code-transforma
tion

    Details:

    
C:\Users\marte\Baked 
for Brands\bakedbot-f
or-brands\node_module
s\jose\dist\browser\i
ndex.js:1
    ({"Object.<anonym
ous>":function(module
,exports,require,__di
rname,__filename,jest
){export { 
compactDecrypt } 
from './jwe/compact/d
ecrypt.js';
                     
                     
                     
                     
  ^^^^^^

    SyntaxError: 
Unexpected token 
'export'

    [0m [90m 32 
|[39m     
[36mthrow[39m 
[36mnew[39m [33mEr
ror[39m([32m"FIREBA
SE_SERVICE_ACCOUNT_KE
Y is not a valid 
Base64-encoded JSON s
tring."[39m)[33m;[
39m
     [90m 33 |[39m 
  }
    [31m[1m>[22m[
39m[90m 34 |[39m }
     [90m    |[39m 
 [31m[1m^[22m[39m
     [90m 35 |[39m
     [90m 36 |[39m 
[90m/**[39m
     [90m 37 |[39m 
[90m * Creates a 
server-side Firebase 
client (admin 
SDK).[39m[0m

      at Runtime.crea
teScriptFromCode (nod
e_modules/jest-runtim
e/build/index.js:1505
:14)
      at 
Object.<anonymous> (n
ode_modules/jwks-rsa/
src/utils.js:1:116)
      at 
Object.<anonymous> (n
ode_modules/jwks-rsa/
src/JwksClient.js:2:3
3)
      at 
Object.<anonymous> (n
ode_modules/jwks-rsa/
src/index.js:1:126)
      at 
Object.<anonymous> (n
ode_modules/firebase-
admin/lib/utils/jwt.j
s:24:14)
      at 
Object.<anonymous> (n
ode_modules/firebase-
admin/lib/auth/token-
verifier.js:26:15)
      at 
Object.<anonymous> (n
ode_modules/firebase-
admin/lib/auth/base-a
uth.js:26:26)
      at 
Object.<anonymous> (n
ode_modules/firebase-
admin/lib/auth/tenant
-manager.js:23:21)
      at 
Object.<anonymous> (n
ode_modules/firebase-
admin/lib/auth/auth.j
s:22:26)
      at 
Object.<anonymous> (n
ode_modules/firebase-
admin/lib/auth/index.
js:27:16)
      at 
Object.<anonymous> (s
rc/firebase/server-cl
ient.ts:34:15)
      at 
Object.<anonymous> (s
rc/app/dashboard/bran
d/actions.ts:12:23)
      at 
Object.<anonymous> (s
rc/app/dashboard/bran
d/components/brand-ov
erview-view.tsx:23:18
)
      at 
Object.<anonymous> (t
ests/components/dashb
oard/brand-overview-v
iew.test.tsx:50:28)

FAIL tests/firestore-
rules/orders.spec.ts
  ΓùÅ Test suite 
failed to run

    Cannot find 
module '@firebase/rul
es-unit-testing' 
from 'tests/firestore
-rules/setup.ts'

    Require stack:
      tests/firestore
-rules/setup.ts
      tests/firestore
-rules/orders.spec.ts

    [0m [90m 48 
|[39m }
     [90m 49 |[39m
    [31m[1m>[22m[
39m[90m 50 |[39m 
[90m/**[39m
     [90m    |[39m 
             
[31m[1m^[22m[39m
     [90m 51 |[39m 
[90m * Get 
Firestore instance 
for unauthenticated 
user[39m
     [90m 52 |[39m 
[90m */[39m
     [90m 53 |[39m 
[36mexport[39m 
[36mfunction[39m ge
tUnauthenticatedFires
tore() {[0m

      at Resolver._th
rowModNotFoundError (
node_modules/jest-res
olve/build/resolver.j
s:427:11)
      at 
Object.<anonymous> (t
ests/firestore-rules/
setup.ts:50:27)
      at 
Object.<anonymous> (t
ests/firestore-rules/
orders.spec.ts:10:16)

FAIL tests/firestore-
rules/customers.spec.
ts
  ΓùÅ Test suite 
failed to run

    Cannot find 
module '@firebase/rul
es-unit-testing' 
from 'tests/firestore
-rules/setup.ts'

    Require stack:
      tests/firestore
-rules/setup.ts
      tests/firestore
-rules/customers.spec
.ts

    [0m [90m 48 
|[39m }
     [90m 49 |[39m
    [31m[1m>[22m[
39m[90m 50 |[39m 
[90m/**[39m
     [90m    |[39m 
             
[31m[1m^[22m[39m
     [90m 51 |[39m 
[90m * Get 
Firestore instance 
for unauthenticated 
user[39m
     [90m 52 |[39m 
[90m */[39m
     [90m 53 |[39m 
[36mexport[39m 
[36mfunction[39m ge
tUnauthenticatedFires
tore() {[0m

      at Resolver._th
rowModNotFoundError (
node_modules/jest-res
olve/build/resolver.j
s:427:11)
      at 
Object.<anonymous> (t
ests/firestore-rules/
setup.ts:50:27)
      at 
Object.<anonymous> (t
ests/firestore-rules/
customers.spec.ts:10:
16)

FAIL tests/firestore-
rules/products.spec.t
s
  ΓùÅ Test suite 
failed to run

    Cannot find 
module '@firebase/rul
es-unit-testing' 
from 'tests/firestore
-rules/setup.ts'

    Require stack:
      tests/firestore
-rules/setup.ts
      tests/firestore
-rules/products.spec.
ts

    [0m [90m 48 
|[39m }
     [90m 49 |[39m
    [31m[1m>[22m[
39m[90m 50 |[39m 
[90m/**[39m
     [90m    |[39m 
             
[31m[1m^[22m[39m
     [90m 51 |[39m 
[90m * Get 
Firestore instance 
for unauthenticated 
user[39m
     [90m 52 |[39m 
[90m */[39m
     [90m 53 |[39m 
[36mexport[39m 
[36mfunction[39m ge
tUnauthenticatedFires
tore() {[0m

      at Resolver._th
rowModNotFoundError (
node_modules/jest-res
olve/build/resolver.j
s:427:11)
      at 
Object.<anonymous> (t
ests/firestore-rules/
setup.ts:50:27)
      at 
Object.<anonymous> (t
ests/firestore-rules/
products.spec.ts:10:1
6)

FAIL tests/firestore-
rules/brands.spec.ts
  ΓùÅ Test suite 
failed to run

    Cannot find 
module '@firebase/rul
es-unit-testing' 
from 'tests/firestore
-rules/setup.ts'

    Require stack:
      tests/firestore
-rules/setup.ts
      tests/firestore
-rules/brands.spec.ts

    [0m [90m 48 
|[39m }
     [90m 49 |[39m
    [31m[1m>[22m[
39m[90m 50 |[39m 
[90m/**[39m
     [90m    |[39m 
             
[31m[1m^[22m[39m
     [90m 51 |[39m 
[90m * Get 
Firestore instance 
for unauthenticated 
user[39m
     [90m 52 |[39m 
[90m */[39m
     [90m 53 |[39m 
[36mexport[39m 
[36mfunction[39m ge
tUnauthenticatedFires
tore() {[0m

      at Resolver._th
rowModNotFoundError (
node_modules/jest-res
olve/build/resolver.j
s:427:11)
      at 
Object.<anonymous> (t
ests/firestore-rules/
setup.ts:50:27)
      at 
Object.<anonymous> (t
ests/firestore-rules/
brands.spec.ts:10:16)

FAIL tests/app/page.t
est.tsx
  ΓùÅ Test suite 
failed to run

    Jest encountered 
an unexpected token

    Jest failed to 
parse a file. This 
happens e.g. when 
your code or its 
dependencies use 
non-standard 
JavaScript syntax, 
or when Jest is not 
configured to 
support such syntax.

    Out of the box 
Jest supports Babel, 
which will be used 
to transform your 
files into valid JS 
based on your Babel 
configuration.

    By default 
"node_modules" 
folder is ignored by 
transformers.

    Here's what you 
can do:
     ΓÇó If you are 
trying to use 
ECMAScript Modules, 
see https://jestjs.io
/docs/ecmascript-modu
les for how to 
enable it.
     ΓÇó If you are 
trying to use 
TypeScript, see https
://jestjs.io/docs/get
ting-started#using-ty
pescript
     ΓÇó To have 
some of your 
"node_modules" files 
transformed, you can 
specify a custom "tra
nsformIgnorePatterns"
 in your config.
     ΓÇó If you need 
a custom 
transformation 
specify a 
"transform" option 
in your config.
     ΓÇó If you 
simply want to mock 
your non-JS modules 
(e.g. binary assets) 
you can stub them 
out with the 
"moduleNameMapper" 
config option.

    You'll find more 
details and examples 
of these config 
options in the docs:
    https://jestjs.io
/docs/configuration
    For information 
about custom 
transformations, see:
    https://jestjs.io
/docs/code-transforma
tion

    Details:

    
C:\Users\marte\Baked 
for Brands\bakedbot-f
or-brands\node_module
s\jose\dist\browser\i
ndex.js:1
    ({"Object.<anonym
ous>":function(module
,exports,require,__di
rname,__filename,jest
){export { 
compactDecrypt } 
from './jwe/compact/d
ecrypt.js';
                     
                     
                     
                     
  ^^^^^^

    SyntaxError: 
Unexpected token 
'export'

    [0m [90m 32 
|[39m     
[36mthrow[39m 
[36mnew[39m [33mEr
ror[39m([32m"FIREBA
SE_SERVICE_ACCOUNT_KE
Y is not a valid 
Base64-encoded JSON s
tring."[39m)[33m;[
39m
     [90m 33 |[39m 
  }
    [31m[1m>[22m[
39m[90m 34 |[39m }
     [90m    |[39m 
 [31m[1m^[22m[39m
     [90m 35 |[39m
     [90m 36 |[39m 
[90m/**[39m
     [90m 37 |[39m 
[90m * Creates a 
server-side Firebase 
client (admin 
SDK).[39m[0m

      at Runtime.crea
teScriptFromCode (nod
e_modules/jest-runtim
e/build/index.js:1505
:14)
      at 
Object.<anonymous> (n
ode_modules/jwks-rsa/
src/utils.js:1:116)
      at 
Object.<anonymous> (n
ode_modules/jwks-rsa/
src/JwksClient.js:2:3
3)
      at 
Object.<anonymous> (n
ode_modules/jwks-rsa/
src/index.js:1:126)
      at 
Object.<anonymous> (n
ode_modules/firebase-
admin/lib/utils/jwt.j
s:24:14)
      at 
Object.<anonymous> (n
ode_modules/firebase-
admin/lib/auth/token-
verifier.js:26:15)
      at 
Object.<anonymous> (n
ode_modules/firebase-
admin/lib/auth/base-a
uth.js:26:26)
      at 
Object.<anonymous> (n
ode_modules/firebase-
admin/lib/auth/tenant
-manager.js:23:21)
      at 
Object.<anonymous> (n
ode_modules/firebase-
admin/lib/auth/auth.j
s:22:26)
      at 
Object.<anonymous> (n
ode_modules/firebase-
admin/lib/auth/index.
js:27:16)
      at 
Object.<anonymous> (s
rc/firebase/server-cl
ient.ts:34:15)
      at 
Object.<anonymous> (s
rc/server/actions/sta
ts.ts:12:23)
      at 
Object.<anonymous> (s
rc/components/landing
/live-stats.tsx:14:16
)
      at 
Object.<anonymous> (s
rc/app/page.tsx:22:20
)
      at 
Object.<anonymous> (t
ests/app/page.test.ts
x:8:54)

FAIL tests/server/age
nts/deebo.spec.ts
  ΓùÅ Test suite 
failed to run

    Jest encountered 
an unexpected token

    Jest failed to 
parse a file. This 
happens e.g. when 
your code or its 
dependencies use 
non-standard 
JavaScript syntax, 
or when Jest is not 
configured to 
support such syntax.

    Out of the box 
Jest supports Babel, 
which will be used 
to transform your 
files into valid JS 
based on your Babel 
configuration.

    By default 
"node_modules" 
folder is ignored by 
transformers.

    Here's what you 
can do:
     ΓÇó If you are 
trying to use 
ECMAScript Modules, 
see https://jestjs.io
/docs/ecmascript-modu
les for how to 
enable it.
     ΓÇó If you are 
trying to use 
TypeScript, see https
://jestjs.io/docs/get
ting-started#using-ty
pescript
     ΓÇó To have 
some of your 
"node_modules" files 
transformed, you can 
specify a custom "tra
nsformIgnorePatterns"
 in your config.
     ΓÇó If you need 
a custom 
transformation 
specify a 
"transform" option 
in your config.
     ΓÇó If you 
simply want to mock 
your non-JS modules 
(e.g. binary assets) 
you can stub them 
out with the 
"moduleNameMapper" 
config option.

    You'll find more 
details and examples 
of these config 
options in the docs:
    https://jestjs.io
/docs/configuration
    For information 
about custom 
transformations, see:
    https://jestjs.io
/docs/code-transforma
tion

    Details:

    
C:\Users\marte\Baked 
for Brands\bakedbot-f
or-brands\node_module
s\dotprompt\node_modu
les\yaml\browser\inde
x.js:3
    import * as YAML 
from 
'./dist/index.js'
    ^^^^^^

    SyntaxError: 
Cannot use import 
statement outside a 
module

    [0m [90m 19 
|[39m   
plugins[33m:[39m [
     [90m 20 |[39m 
    googleAI({ 
apiKey })[33m,[39m
    [31m[1m>[22m[
39m[90m 21 |[39m   
][33m,[39m
     [90m    |[39m 
              
[31m[1m^[22m[39m
     [90m 22 |[39m 
  model[33m:[39m [
32m'googleai/gemini-2
.0-flash'[39m[33m,
[39m
     [90m 23 |[39m 
})[33m;[39m
     [90m 24 
|[39m[0m

      at Runtime.crea
teScriptFromCode (nod
e_modules/jest-runtim
e/build/index.js:1505
:14)
      at 
Object.<anonymous> (n
ode_modules/dotprompt
/dist/index.js:82:19)
      at 
Object.<anonymous> (n
ode_modules/@genkit-a
i/core/src/registry.t
s:17:27)
      at 
Object.<anonymous> (n
ode_modules/@genkit-a
i/ai/src/generate.ts:
30:26)
      at 
Object.<anonymous> (n
ode_modules/@genkit-a
i/ai/src/index.ts:63:
8)
      at 
Object.<anonymous> (n
ode_modules/genkit/sr
c/common.ts:113:8)
      at 
Object.<anonymous> (n
ode_modules/genkit/sr
c/index.ts:28:15)
      at 
Object.<anonymous> (s
rc/ai/genkit.ts:21:17
)
      at 
Object.<anonymous> (s
rc/server/agents/deeb
o.ts:38:17)
      at 
Object.<anonymous> (t
ests/server/agents/de
ebo.spec.ts:16:16)

FAIL tests/server/age
nts/deebo-states.spec
.ts
  ΓùÅ Test suite 
failed to run

    Jest encountered 
an unexpected token

    Jest failed to 
parse a file. This 
happens e.g. when 
your code or its 
dependencies use 
non-standard 
JavaScript syntax, 
or when Jest is not 
configured to 
support such syntax.

    Out of the box 
Jest supports Babel, 
which will be used 
to transform your 
files into valid JS 
based on your Babel 
configuration.

    By default 
"node_modules" 
folder is ignored by 
transformers.

    Here's what you 
can do:
     ΓÇó If you are 
trying to use 
ECMAScript Modules, 
see https://jestjs.io
/docs/ecmascript-modu
les for how to 
enable it.
     ΓÇó If you are 
trying to use 
TypeScript, see https
://jestjs.io/docs/get
ting-started#using-ty
pescript
     ΓÇó To have 
some of your 
"node_modules" files 
transformed, you can 
specify a custom "tra
nsformIgnorePatterns"
 in your config.
     ΓÇó If you need 
a custom 
transformation 
specify a 
"transform" option 
in your config.
     ΓÇó If you 
simply want to mock 
your non-JS modules 
(e.g. binary assets) 
you can stub them 
out with the 
"moduleNameMapper" 
config option.

    You'll find more 
details and examples 
of these config 
options in the docs:
    https://jestjs.io
/docs/configuration
    For information 
about custom 
transformations, see:
    https://jestjs.io
/docs/code-transforma
tion

    Details:

    
C:\Users\marte\Baked 
for Brands\bakedbot-f
or-brands\node_module
s\dotprompt\node_modu
les\yaml\browser\inde
x.js:3
    import * as YAML 
from 
'./dist/index.js'
    ^^^^^^

    SyntaxError: 
Cannot use import 
statement outside a 
module

    [0m [90m 19 
|[39m   
plugins[33m:[39m [
     [90m 20 |[39m 
    googleAI({ 
apiKey })[33m,[39m
    [31m[1m>[22m[
39m[90m 21 |[39m   
][33m,[39m
     [90m    |[39m 
              
[31m[1m^[22m[39m
     [90m 22 |[39m 
  model[33m:[39m [
32m'googleai/gemini-2
.0-flash'[39m[33m,
[39m
     [90m 23 |[39m 
})[33m;[39m
     [90m 24 
|[39m[0m

      at Runtime.crea
teScriptFromCode (nod
e_modules/jest-runtim
e/build/index.js:1505
:14)
      at 
Object.<anonymous> (n
ode_modules/dotprompt
/dist/index.js:82:19)
      at 
Object.<anonymous> (n
ode_modules/@genkit-a
i/core/src/registry.t
s:17:27)
      at 
Object.<anonymous> (n
ode_modules/@genkit-a
i/ai/src/generate.ts:
30:26)
      at 
Object.<anonymous> (n
ode_modules/@genkit-a
i/ai/src/index.ts:63:
8)
      at 
Object.<anonymous> (n
ode_modules/genkit/sr
c/common.ts:113:8)
      at 
Object.<anonymous> (n
ode_modules/genkit/sr
c/index.ts:28:15)
      at 
Object.<anonymous> (s
rc/ai/genkit.ts:21:17
)
      at 
Object.<anonymous> (s
rc/server/agents/deeb
o.ts:38:17)
      at 
Object.<anonymous> (t
ests/server/agents/de
ebo-states.spec.ts:16
:16)

FAIL tests/components
/playbooks/agent-chat
.test.tsx
  ΓùÅ Test suite 
failed to run

    Jest encountered 
an unexpected token

    Jest failed to 
parse a file. This 
happens e.g. when 
your code or its 
dependencies use 
non-standard 
JavaScript syntax, 
or when Jest is not 
configured to 
support such syntax.

    Out of the box 
Jest supports Babel, 
which will be used 
to transform your 
files into valid JS 
based on your Babel 
configuration.

    By default 
"node_modules" 
folder is ignored by 
transformers.

    Here's what you 
can do:
     ΓÇó If you are 
trying to use 
ECMAScript Modules, 
see https://jestjs.io
/docs/ecmascript-modu
les for how to 
enable it.
     ΓÇó If you are 
trying to use 
TypeScript, see https
://jestjs.io/docs/get
ting-started#using-ty
pescript
     ΓÇó To have 
some of your 
"node_modules" files 
transformed, you can 
specify a custom "tra
nsformIgnorePatterns"
 in your config.
     ΓÇó If you need 
a custom 
transformation 
specify a 
"transform" option 
in your config.
     ΓÇó If you 
simply want to mock 
your non-JS modules 
(e.g. binary assets) 
you can stub them 
out with the 
"moduleNameMapper" 
config option.

    You'll find more 
details and examples 
of these config 
options in the docs:
    https://jestjs.io
/docs/configuration
    For information 
about custom 
transformations, see:
    https://jestjs.io
/docs/code-transforma
tion

    Details:

    
C:\Users\marte\Baked 
for Brands\bakedbot-f
or-brands\node_module
s\dotprompt\node_modu
les\yaml\browser\inde
x.js:3
    import * as YAML 
from 
'./dist/index.js'
    ^^^^^^

    SyntaxError: 
Cannot use import 
statement outside a 
module

    [0m [90m 19 
|[39m   
plugins[33m:[39m [
     [90m 20 |[39m 
    googleAI({ 
apiKey })[33m,[39m
    [31m[1m>[22m[
39m[90m 21 |[39m   
][33m,[39m
     [90m    |[39m 
              
[31m[1m^[22m[39m
     [90m 22 |[39m 
  model[33m:[39m [
32m'googleai/gemini-2
.0-flash'[39m[33m,
[39m
     [90m 23 |[39m 
})[33m;[39m
     [90m 24 
|[39m[0m

      at Runtime.crea
teScriptFromCode (nod
e_modules/jest-runtim
e/build/index.js:1505
:14)
      at 
Object.<anonymous> (n
ode_modules/dotprompt
/dist/index.js:82:19)
      at 
Object.<anonymous> (n
ode_modules/@genkit-a
i/core/src/registry.t
s:17:27)
      at 
Object.<anonymous> (n
ode_modules/@genkit-a
i/ai/src/generate.ts:
30:26)
      at 
Object.<anonymous> (n
ode_modules/@genkit-a
i/ai/src/index.ts:63:
8)
      at 
Object.<anonymous> (n
ode_modules/genkit/sr
c/common.ts:113:8)
      at 
Object.<anonymous> (n
ode_modules/genkit/sr
c/index.ts:28:15)
      at 
Object.<anonymous> (s
rc/ai/genkit.ts:21:17
)
      at 
Object.<anonymous> (s
rc/server/agents/deeb
o.ts:38:17)
      at 
Object.<anonymous> (s
rc/app/dashboard/ceo/
agents/actions.ts:26:
16)
      at 
Object.<anonymous> (s
rc/app/dashboard/play
books/components/agen
t-chat.tsx:22:18)
      at 
Object.<anonymous> (t
ests/components/playb
ooks/agent-chat.test.
tsx:19:20)

FAIL tests/actions/de
lete-seo-page.test.ts
  ΓùÅ Test suite 
failed to run

    Jest encountered 
an unexpected token

    Jest failed to 
parse a file. This 
happens e.g. when 
your code or its 
dependencies use 
non-standard 
JavaScript syntax, 
or when Jest is not 
configured to 
support such syntax.

    Out of the box 
Jest supports Babel, 
which will be used 
to transform your 
files into valid JS 
based on your Babel 
configuration.

    By default 
"node_modules" 
folder is ignored by 
transformers.

    Here's what you 
can do:
     ΓÇó If you are 
trying to use 
ECMAScript Modules, 
see https://jestjs.io
/docs/ecmascript-modu
les for how to 
enable it.
     ΓÇó If you are 
trying to use 
TypeScript, see https
://jestjs.io/docs/get
ting-started#using-ty
pescript
     ΓÇó To have 
some of your 
"node_modules" files 
transformed, you can 
specify a custom "tra
nsformIgnorePatterns"
 in your config.
     ΓÇó If you need 
a custom 
transformation 
specify a 
"transform" option 
in your config.
     ΓÇó If you 
simply want to mock 
your non-JS modules 
(e.g. binary assets) 
you can stub them 
out with the 
"moduleNameMapper" 
config option.

    You'll find more 
details and examples 
of these config 
options in the docs:
    https://jestjs.io
/docs/configuration
    For information 
about custom 
transformations, see:
    https://jestjs.io
/docs/code-transforma
tion

    Details:

    
C:\Users\marte\Baked 
for Brands\bakedbot-f
or-brands\node_module
s\dotprompt\node_modu
les\yaml\browser\inde
x.js:3
    import * as YAML 
from 
'./dist/index.js'
    ^^^^^^

    SyntaxError: 
Cannot use import 
statement outside a 
module

    [0m [90m 19 
|[39m   
plugins[33m:[39m [
     [90m 20 |[39m 
    googleAI({ 
apiKey })[33m,[39m
    [31m[1m>[22m[
39m[90m 21 |[39m   
][33m,[39m
     [90m    |[39m 
              
[31m[1m^[22m[39m
     [90m 22 |[39m 
  model[33m:[39m [
32m'googleai/gemini-2
.0-flash'[39m[33m,
[39m
     [90m 23 |[39m 
})[33m;[39m
     [90m 24 
|[39m[0m

      at Runtime.crea
teScriptFromCode (nod
e_modules/jest-runtim
e/build/index.js:1505
:14)
      at 
Object.<anonymous> (n
ode_modules/dotprompt
/dist/index.js:82:19)
      at 
Object.<anonymous> (n
ode_modules/@genkit-a
i/core/src/registry.t
s:17:27)
      at 
Object.<anonymous> (n
ode_modules/@genkit-a
i/ai/src/generate.ts:
30:26)
      at 
Object.<anonymous> (n
ode_modules/@genkit-a
i/ai/src/index.ts:63:
8)
      at 
Object.<anonymous> (n
ode_modules/genkit/sr
c/common.ts:113:8)
      at 
Object.<anonymous> (n
ode_modules/genkit/sr
c/index.ts:28:15)
      at 
Object.<anonymous> (s
rc/ai/genkit.ts:21:17
)
      at 
Object.<anonymous> (s
rc/ai/utils/generate-
embedding.ts:12:17)
      at 
Object.<anonymous> (s
rc/server/repos/produ
ctRepo.ts:12:28)
      at 
Object.<anonymous> (s
rc/server/actions/can
nmenus.ts:20:22)
      at 
Object.<anonymous> (s
rc/app/dashboard/ceo/
actions.ts:123:20)
      at 
Object.<anonymous> (t
ests/actions/delete-s
eo-page.test.ts:16:18
)


Test Suites: 28 
failed, 2 skipped, 
80 passed, 108 of 
110 total
Tests:       15 
failed, 4 skipped, 
958 passed, 977 total
Snapshots:   0 total
Time:        19.784 s
Ran all test suites.
