  console.warn
    [Demo/Chat] Intention Analyzer failed (Shadow Mode) SyntaxError: Cannot use import statement outside a module
        at <unknown> (https://jestjs.io/docs/configuration)
        at <unknown> (https://jestjs.io/docs/code-transformation)
        at Object.<anonymous> (C:\Users\marte\Baked for Brands\bakedbot-for-brands\src\ai\genkit.ts:22:22)
        at Object.<anonymous> (C:\Users\marte\Baked for Brands\bakedbot-for-brands\src\server\agents\intention\analyzer.ts:11:17)
        at <unknown> (C:\Users\marte\Baked for Brands\bakedbot-for-brands\src\app\api\demo\agent\route.ts:228:45)
        at POST (C:\Users\marte\Baked for Brands\bakedbot-for-brands\src\app\api\demo\agent\route.ts:228:39)
        at Object.<anonymous> (C:\Users\marte\Baked for Brands\bakedbot-for-brands\src\app\api\demo\agent\__tests__\unified-route.test.ts:75:21)

    [0m [90m 244 |[39m             }
     [90m 245 |[39m         } [36mcatch[39m (e) {
    [31m[1m>[22m[39m[90m 246 |[39m             console[33m.[39mwarn([32m'[Demo/Chat] Intention Analyzer failed (Shadow Mode)'[39m[33m,[39m e)[33m;[39m
     [90m     |[39m                     [31m[1m^[22m[39m
     [90m 247 |[39m         }
     [90m 248 |[39m         [90m// -------------------------[39m
     [90m 249 |[39m[0m

      at warn (src/app/api/demo/agent/route.ts:246:21)
      at Object.<anonymous> (src/app/api/demo/agent/__tests__/unified-route.test.ts:75:21)

  console.warn
    [Demo/Chat] Intention Analyzer failed (Shadow Mode) SyntaxError: Cannot use import statement outside a module
        at <unknown> (https://jestjs.io/docs/configuration)
        at <unknown> (https://jestjs.io/docs/code-transformation)
        at Object.<anonymous> (C:\Users\marte\Baked for Brands\bakedbot-for-brands\src\ai\genkit.ts:22:22)
        at Object.<anonymous> (C:\Users\marte\Baked for Brands\bakedbot-for-brands\src\server\agents\intention\analyzer.ts:11:17)
        at <unknown> (C:\Users\marte\Baked for Brands\bakedbot-for-brands\src\app\api\demo\agent\route.ts:228:45)
        at POST (C:\Users\marte\Baked for Brands\bakedbot-for-brands\src\app\api\demo\agent\route.ts:228:39)
        at Object.<anonymous> (C:\Users\marte\Baked for Brands\bakedbot-for-brands\src\app\api\demo\agent\__tests__\unified-route.test.ts:92:21)

    [0m [90m 244 |[39m             }
     [90m 245 |[39m         } [36mcatch[39m (e) {
    [31m[1m>[22m[39m[90m 246 |[39m             console[33m.[39mwarn([32m'[Demo/Chat] Intention Analyzer failed (Shadow Mode)'[39m[33m,[39m e)[33m;[39m
     [90m     |[39m                     [31m[1m^[22m[39m
     [90m 247 |[39m         }
     [90m 248 |[39m         [90m// -------------------------[39m
     [90m 249 |[39m[0m

      at warn (src/app/api/demo/agent/route.ts:246:21)
      at Object.<anonymous> (src/app/api/demo/agent/__tests__/unified-route.test.ts:92:21)

  console.warn
    [Demo/Chat] Intention Analyzer failed (Shadow Mode) SyntaxError: Cannot use import statement outside a module
        at <unknown> (https://jestjs.io/docs/configuration)
        at <unknown> (https://jestjs.io/docs/code-transformation)
        at Object.<anonymous> (C:\Users\marte\Baked for Brands\bakedbot-for-brands\src\ai\genkit.ts:22:22)
        at Object.<anonymous> (C:\Users\marte\Baked for Brands\bakedbot-for-brands\src\server\agents\intention\analyzer.ts:11:17)
        at <unknown> (C:\Users\marte\Baked for Brands\bakedbot-for-brands\src\app\api\demo\agent\route.ts:228:45)
        at POST (C:\Users\marte\Baked for Brands\bakedbot-for-brands\src\app\api\demo\agent\route.ts:228:39)
        at Object.<anonymous> (C:\Users\marte\Baked for Brands\bakedbot-for-brands\src\app\api\demo\agent\__tests__\unified-route.test.ts:105:21)

    [0m [90m 244 |[39m             }
     [90m 245 |[39m         } [36mcatch[39m (e) {
    [31m[1m>[22m[39m[90m 246 |[39m             console[33m.[39mwarn([32m'[Demo/Chat] Intention Analyzer failed (Shadow Mode)'[39m[33m,[39m e)[33m;[39m
     [90m     |[39m                     [31m[1m^[22m[39m
     [90m 247 |[39m         }
     [90m 248 |[39m         [90m// -------------------------[39m
     [90m 249 |[39m[0m

      at warn (src/app/api/demo/agent/route.ts:246:21)
      at Object.<anonymous> (src/app/api/demo/agent/__tests__/unified-route.test.ts:105:21)

  console.warn
    [Demo/Chat] Intention Analyzer failed (Shadow Mode) SyntaxError: Cannot use import statement outside a module
        at <unknown> (https://jestjs.io/docs/configuration)
        at <unknown> (https://jestjs.io/docs/code-transformation)
        at Object.<anonymous> (C:\Users\marte\Baked for Brands\bakedbot-for-brands\src\ai\genkit.ts:22:22)
        at Object.<anonymous> (C:\Users\marte\Baked for Brands\bakedbot-for-brands\src\server\agents\intention\analyzer.ts:11:17)
        at <unknown> (C:\Users\marte\Baked for Brands\bakedbot-for-brands\src\app\api\demo\agent\route.ts:228:45)
        at POST (C:\Users\marte\Baked for Brands\bakedbot-for-brands\src\app\api\demo\agent\route.ts:228:39)
        at Object.<anonymous> (C:\Users\marte\Baked for Brands\bakedbot-for-brands\src\app\api\demo\agent\__tests__\unified-route.test.ts:124:21)

    [0m [90m 244 |[39m             }
     [90m 245 |[39m         } [36mcatch[39m (e) {
    [31m[1m>[22m[39m[90m 246 |[39m             console[33m.[39mwarn([32m'[Demo/Chat] Intention Analyzer failed (Shadow Mode)'[39m[33m,[39m e)[33m;[39m
     [90m     |[39m                     [31m[1m^[22m[39m
     [90m 247 |[39m         }
     [90m 248 |[39m         [90m// -------------------------[39m
     [90m 249 |[39m[0m

      at warn (src/app/api/demo/agent/route.ts:246:21)
      at Object.<anonymous> (src/app/api/demo/agent/__tests__/unified-route.test.ts:124:21)

node.exe : FAIL src/a
pp/api/demo/agent/__t
ests__/unified-route.
test.ts
At line:1 char:1
+ & "C:\Program Files
\nodejs/node.exe" 
"C:\Program 
Files\nodejs/node_mo 
...
+ ~~~~~~~~~~~~~~~~~~~
~~~~~~~~~~~~~~~~~~~~~
~~~~~~~~~~~~~~~~~~~~~
~~~~~~~~
    + CategoryInfo   
           : NotSpe  
  cified: (FAIL sr   
 c/app/ap...d-rou    
te.test.ts:Strin    
g) [], RemoteExc    
eption
    + FullyQualified 
   ErrorId : Native  
  CommandError
 
  Unified Demo API - 
New Features
    ├ù routes 
"pricing model" 
queries to Money 
Mike (805 ms)
    ΓêÜ prioritizes 
image generation 
when "image" is in 
the prompt (7 ms)
    ΓêÜ detects 
email in prompt and 
triggers 
EmailDispatcher (7 
ms)
    ΓêÜ detects 
phone number in 
prompt and triggers 
BlackleafService (14 
ms)

  ΓùÅ Unified Demo 
API - New Features 
ΓÇ║ routes "pricing 
model" queries to 
Money Mike

    expect(received).
toBe(expected) // 
Object.is equality

    Expected: 
"moneymike"
    Received: "hq"

    [0m [90m 75 
|[39m         
[36mconst[39m res 
[33m=[39m 
[36mawait[39m [33m
POST[39m(req)[33m;
[39m
     [90m 76 |[39m 
        [90m// 
Expect Moneymike[39m
    [31m[1m>[22m[
39m[90m 77 |[39m   
      expect(res[33m
.[39magent)[33m.[3
9mtoBe([32m'moneymik
e'[39m)[33m;[39m
     [90m    |[39m 
                     
     
[31m[1m^[22m[39m
     [90m 78 |[39m 
        expect(res[3
3m.[39mitems)[33m.
[39mtoBeDefined()[33
m;[39m
     [90m 79 |[39m 
        expect(res[3
3m.[39mitems[33m.[
39mlength)[33m.[39m
toBeGreaterThan([35m
0[39m)[33m;[39m
     [90m 80 |[39m 
        expect(res[3
3m.[39mitems[[35m0
[39m][33m.[39mtitle
)[33m.[39mtoBe([32
m'National Discovery 
Pricing'[39m)[33m;
[39m[0m

      at Object.toBe 
(src/app/api/demo/age
nt/__tests__/unified-
route.test.ts:77:27)

Test Suites: 1 
failed, 1 total
Tests:       1 
failed, 3 passed, 4 
total
Snapshots:   0 total
Time:        2.29 s, 
estimated 3 s
Ran all test suites 
matching /src\\app\\a
pi\\demo\\agent\\__te
sts__\\unified-route.
test.ts/i.
