node.exe : npm warn 
Unknown cli config 
"--watchAll". This 
will stop working in 
the next major 
version of npm.
At line:1 char:1
+ & "C:\Program Files
\nodejs/node.exe" 
"C:\Program 
Files\nodejs/node_mo 
...
+ ~~~~~~~~~~~~~~~~~~~
~~~~~~~~~~~~~~~~~~~~~
~~~~~~~~~~~~~~~~~~~~~
~~~~~~~~
    + CategoryInfo   
           : NotSpe  
  cified: (npm war   
 n Unknow...versi    
on of npm.:Strin    
g) [], RemoteExc    
eption
    + FullyQualified 
   ErrorId : Native  
  CommandError
 

> nextn@0.1.0 test
> jest tests/components/playbook-setup-wizard.test.tsx

  console.error
    Warning: React.jsx: type is invalid -- expected a string (for built-in components) or a class/function (for composite components) but got: undefined. You likely forgot to export your component from the file it's defined in, or you might have mixed up default and named imports.
    
    Check the render method of `PlaybookSetupWizard`.
        at playbook (C:\Users\marte\Baked for Brands\bakedbot-for-brands\src\app\dashboard\playbooks\components\playbook-setup-wizard.tsx:92:5)

    [0m [90m 185 |[39m                     [33m<[39m[33mdiv[39m className[33m=[39m[32m"space-y-4 py-4"[39m[33m>[39m
     [90m 186 |[39m                         [33m<[39m[33mdiv[39m className[33m=[39m[32m"flex items-center gap-2 text-sm text-muted-foreground"[39m[33m>[39m
    [31m[1m>[22m[39m[90m 187 |[39m                             [33m<[39m[33mShield[39m className[33m=[39m[32m"h-4 w-4"[39m [33m/[39m[33m>[39m
     [90m     |[39m                             [31m[1m^[22m[39m
     [90m 188 |[39m                             [33m<[39m[33mspan[39m[33m>[39m[33mThis[39m playbook requires access to[33m:[39m[33m<[39m[33m/[39m[33mspan[39m[33m>[39m
     [90m 189 |[39m                         [33m<[39m[33m/[39m[33mdiv[39m[33m>[39m
     [90m 190 |[39m                         [33m<[39m[33mdiv[39m className[33m=[39m[32m"space-y-3"[39m[33m>[39m[0m

      at printWarning (node_modules/react/cjs/react-jsx-runtime.development.js:87:30)
      at error (node_modules/react/cjs/react-jsx-runtime.development.js:61:7)
      at jsxWithValidation (node_modules/react/cjs/react-jsx-runtime.development.js:1245:7)
      at jsxWithValidationDynamic (node_modules/react/cjs/react-jsx-runtime.development.js:1320:12)
      at PlaybookSetupWizard (src/app/dashboard/playbooks/components/playbook-setup-wizard.tsx:187:29)
      at renderWithHooks (node_modules/react-dom/cjs/react-dom.development.js:15486:18)
      at mountIndeterminateComponent (node_modules/react-dom/cjs/react-dom.development.js:20103:13)
      at beginWork (node_modules/react-dom/cjs/react-dom.development.js:21626:16)
      at beginWork$1 (node_modules/react-dom/cjs/react-dom.development.js:27465:14)
      at performUnitOfWork (node_modules/react-dom/cjs/react-dom.development.js:26599:12)
      at workLoopSync (node_modules/react-dom/cjs/react-dom.development.js:26505:5)
      at renderRootSync (node_modules/react-dom/cjs/react-dom.development.js:26473:7)
      at performConcurrentWorkOnRoot (node_modules/react-dom/cjs/react-dom.development.js:25777:74)
      at flushActQueue (node_modules/react/cjs/react.development.js:2667:24)
      at act (node_modules/react/cjs/react.development.js:2582:11)
      at node_modules/@testing-library/react/dist/act-compat.js:47:25
      at renderRoot (node_modules/@testing-library/react/dist/pure.js:190:26)
      at render (node_modules/@testing-library/react/dist/pure.js:292:10)
      at Object.<anonymous> (tests/components/playbook-setup-wizard.test.tsx:40:11)

  console.error
    Warning: React.jsx: type is invalid -- expected a string (for built-in components) or a class/function (for composite components) but got: undefined. You likely forgot to export your component from the file it's defined in, or you might have mixed up default and named imports.
    
    Check the render method of `PlaybookSetupWizard`.
        at playbook (C:\Users\marte\Baked for Brands\bakedbot-for-brands\src\app\dashboard\playbooks\components\playbook-setup-wizard.tsx:92:5)

    [0m [90m 359 |[39m                         [33m>[39m
     [90m 360 |[39m                             [33mContinue[39m
    [31m[1m>[22m[39m[90m 361 |[39m                             [33m<[39m[33mArrowRight[39m className[33m=[39m[32m"h-4 w-4 ml-2"[39m [33m/[39m[33m>[39m
     [90m     |[39m                             [31m[1m^[22m[39m
     [90m 362 |[39m                         [33m<[39m[33m/[39m[33mButton[39m[33m>[39m
     [90m 363 |[39m                     )}
     [90m 364 |[39m                 [33m<[39m[33m/[39m[33mDialogFooter[39m[33m>[39m[0m

      at printWarning (node_modules/react/cjs/react-jsx-runtime.development.js:87:30)
      at error (node_modules/react/cjs/react-jsx-runtime.development.js:61:7)
      at jsxWithValidation (node_modules/react/cjs/react-jsx-runtime.development.js:1245:7)
      at jsxWithValidationDynamic (node_modules/react/cjs/react-jsx-runtime.development.js:1320:12)
      at PlaybookSetupWizard (src/app/dashboard/playbooks/components/playbook-setup-wizard.tsx:361:29)
      at renderWithHooks (node_modules/react-dom/cjs/react-dom.development.js:15486:18)
      at mountIndeterminateComponent (node_modules/react-dom/cjs/react-dom.development.js:20103:13)
      at beginWork (node_modules/react-dom/cjs/react-dom.development.js:21626:16)
      at beginWork$1 (node_modules/react-dom/cjs/react-dom.development.js:27465:14)
      at performUnitOfWork (node_modules/react-dom/cjs/react-dom.development.js:26599:12)
      at workLoopSync (node_modules/react-dom/cjs/react-dom.development.js:26505:5)
      at renderRootSync (node_modules/react-dom/cjs/react-dom.development.js:26473:7)
      at performConcurrentWorkOnRoot (node_modules/react-dom/cjs/react-dom.development.js:25777:74)
      at flushActQueue (node_modules/react/cjs/react.development.js:2667:24)
      at act (node_modules/react/cjs/react.development.js:2582:11)
      at node_modules/@testing-library/react/dist/act-compat.js:47:25
      at renderRoot (node_modules/@testing-library/react/dist/pure.js:190:26)
      at render (node_modules/@testing-library/react/dist/pure.js:292:10)
      at Object.<anonymous> (tests/components/playbook-setup-wizard.test.tsx:40:11)

  console.error
    Error: Uncaught [Error: Element type is invalid: expected a string (for built-in components) or a class/function (for composite components) but got: undefined. You likely forgot to export your component from the file it's defined in, or you might have mixed up default and named imports.
    
    Check the render method of `PlaybookSetupWizard`.]
        at Object.<anonymous> (C:\Users\marte\Baked for Brands\bakedbot-for-brands\tests\components\playbook-setup-wizard.test.tsx:40:11)
        at new Promise (<anonymous>) {
      detail: Error: Element type is invalid: expected a string (for built-in components) or a class/function (for composite components) but got: undefined. You likely forgot to export your component from the file it's defined in, or you might have mixed up default and named imports.
      
      Check the render method of `PlaybookSetupWizard`.
          at createFiberFromTypeAndProps (C:\Users\marte\Baked for Brands\bakedbot-for-brands\node_modules\react-dom\cjs\react-dom.development.js:28478:17)
          at createFiberFromElement (C:\Users\marte\Baked for Brands\bakedbot-for-brands\node_modules\react-dom\cjs\react-dom.development.js:28504:15)
          at createChild (C:\Users\marte\Baked for Brands\bakedbot-for-brands\node_modules\react-dom\cjs\react-dom.development.js:13345:28)
          at reconcileChildrenArray (C:\Users\marte\Baked for Brands\bakedbot-for-brands\node_modules\react-dom\cjs\react-dom.development.js:13640:25)
          at reconcileChildFibers (C:\Users\marte\Baked for Brands\bakedbot-for-brands\node_modules\react-dom\cjs\react-dom.development.js:14057:16)
          at reconcileChildren (C:\Users\marte\Baked for Brands\bakedbot-for-brands\node_modules\react-dom\cjs\react-dom.development.js:19186:28)
          at updateHostComponent (C:\Users\marte\Baked for Brands\bakedbot-for-brands\node_modules\react-dom\cjs\react-dom.development.js:19953:3)
          at beginWork (C:\Users\marte\Baked for Brands\bakedbot-for-brands\node_modules\react-dom\cjs\react-dom.development.js:21657:14)
          at HTMLUnknownElement.callCallback (C:\Users\marte\Baked for Brands\bakedbot-for-brands\node_modules\react-dom\cjs\react-dom.development.js:4164:14)
          at HTMLUnknownElement.callTheUserObjectsOperation (C:\Users\marte\Baked for Brands\bakedbot-for-brands\node_modules\jsdom\lib\jsdom\living\generated\EventListener.js:26:30)
          at innerInvokeEventListeners (C:\Users\marte\Baked for Brands\bakedbot-for-brands\node_modules\jsdom\lib\jsdom\living\events\EventTarget-impl.js:350:25)
          at invokeEventListeners (C:\Users\marte\Baked for Brands\bakedbot-for-brands\node_modules\jsdom\lib\jsdom\living\events\EventTarget-impl.js:286:3)
          at HTMLUnknownElementImpl._dispatch (C:\Users\marte\Baked for Brands\bakedbot-for-brands\node_modules\jsdom\lib\jsdom\living\events\EventTarget-impl.js:233:9)
          at HTMLUnknownElementImpl.dispatchEvent (C:\Users\marte\Baked for Brands\bakedbot-for-brands\node_modules\jsdom\lib\jsdom\living\events\EventTarget-impl.js:104:17)
          at HTMLUnknownElement.dispatchEvent (C:\Users\marte\Baked for Brands\bakedbot-for-brands\node_modules\jsdom\lib\jsdom\living\generated\EventTarget.js:241:34)
          at Object.invokeGuardedCallbackDev (C:\Users\marte\Baked for Brands\bakedbot-for-brands\node_modules\react-dom\cjs\react-dom.development.js:4213:16)
          at invokeGuardedCallback (C:\Users\marte\Baked for Brands\bakedbot-for-brands\node_modules\react-dom\cjs\react-dom.development.js:4277:31)
          at beginWork$1 (C:\Users\marte\Baked for Brands\bakedbot-for-brands\node_modules\react-dom\cjs\react-dom.development.js:27490:7)
          at performUnitOfWork (C:\Users\marte\Baked for Brands\bakedbot-for-brands\node_modules\react-dom\cjs\react-dom.development.js:26599:12)
          at workLoopSync (C:\Users\marte\Baked for Brands\bakedbot-for-brands\node_modules\react-dom\cjs\react-dom.development.js:26505:5)
          at renderRootSync (C:\Users\marte\Baked for Brands\bakedbot-for-brands\node_modules\react-dom\cjs\react-dom.development.js:26473:7)
          at performConcurrentWorkOnRoot (C:\Users\marte\Baked for Brands\bakedbot-for-brands\node_modules\react-dom\cjs\react-dom.development.js:25777:74)
          at flushActQueue (C:\Users\marte\Baked for Brands\bakedbot-for-brands\node_modules\react\cjs\react.development.js:2667:24)
          at act (C:\Users\marte\Baked for Brands\bakedbot-for-brands\node_modules\react\cjs\react.development.js:2582:11)
          at C:\Users\marte\Baked for Brands\bakedbot-for-brands\node_modules\@testing-library\react\dist\act-compat.js:47:25
          at renderRoot (C:\Users\marte\Baked for Brands\bakedbot-for-brands\node_modules\@testing-library\react\dist\pure.js:190:26)
          at render (C:\Users\marte\Baked for Brands\bakedbot-for-brands\node_modules\@testing-library\react\dist\pure.js:292:10)
          at Object.<anonymous> (C:\Users\marte\Baked for Brands\bakedbot-for-brands\tests\components\playbook-setup-wizard.test.tsx:40:11)
          at Promise.then.completed (C:\Users\marte\Baked for Brands\bakedbot-for-brands\node_modules\jest-circus\build\utils.js:298:28)
          at new Promise (<anonymous>)
          at callAsyncCircusFn (C:\Users\marte\Baked for Brands\bakedbot-for-brands\node_modules\jest-circus\build\utils.js:231:10)
          at _callCircusTest (C:\Users\marte\Baked for Brands\bakedbot-for-brands\node_modules\jest-circus\build\run.js:316:40)
          at _runTest (C:\Users\marte\Baked for Brands\bakedbot-for-brands\node_modules\jest-circus\build\run.js:252:3)
          at _runTestsForDescribeBlock (C:\Users\marte\Baked for Brands\bakedbot-for-brands\node_modules\jest-circus\build\run.js:126:9)
          at _runTestsForDescribeBlock (C:\Users\marte\Baked for Brands\bakedbot-for-brands\node_modules\jest-circus\build\run.js:121:9)
          at run (C:\Users\marte\Baked for Brands\bakedbot-for-brands\node_modules\jest-circus\build\run.js:71:3)
          at runAndTransformResultsToJestFormat (C:\Users\marte\Baked for Brands\bakedbot-for-brands\node_modules\jest-circus\build\legacy-code-todo-rewrite\jestAdapterInit.js:122:21)
          at jestAdapter (C:\Users\marte\Baked for Brands\bakedbot-for-brands\node_modules\jest-circus\build\legacy-code-todo-rewrite\jestAdapter.js:79:19)
          at runTestInternal (C:\Users\marte\Baked for Brands\bakedbot-for-brands\node_modules\jest-runner\build\runTest.js:367:16)
          at runTest (C:\Users\marte\Baked for Brands\bakedbot-for-brands\node_modules\jest-runner\build\runTest.js:444:34),
      type: 'unhandled exception'
    }

    [0m [90m 38 |[39m     [36mconst[39m onCancel [33m=[39m jest[33m.[39mfn()[33m;[39m
     [90m 39 |[39m
    [31m[1m>[22m[39m[90m 40 |[39m     render(
     [90m    |[39m           [31m[1m^[22m[39m
     [90m 41 |[39m       [33m<[39m[33mPlaybookSetupWizard[39m
     [90m 42 |[39m         playbook[33m=[39m{mockPlaybook}
     [90m 43 |[39m         open[33m=[39m{[36mtrue[39m}[0m

      at VirtualConsole.<anonymous> (node_modules/jest-environment-jsdom/build/index.js:63:23)
      at reportException (node_modules/jsdom/lib/jsdom/living/helpers/runtime-script-errors.js:70:28)
      at innerInvokeEventListeners (node_modules/jsdom/lib/jsdom/living/events/EventTarget-impl.js:353:9)
      at invokeEventListeners (node_modules/jsdom/lib/jsdom/living/events/EventTarget-impl.js:286:3)
      at HTMLUnknownElementImpl._dispatch (node_modules/jsdom/lib/jsdom/living/events/EventTarget-impl.js:233:9)
      at HTMLUnknownElementImpl.dispatchEvent (node_modules/jsdom/lib/jsdom/living/events/EventTarget-impl.js:104:17)
      at HTMLUnknownElement.dispatchEvent (node_modules/jsdom/lib/jsdom/living/generated/EventTarget.js:241:34)
      at Object.invokeGuardedCallbackDev (node_modules/react-dom/cjs/react-dom.development.js:4213:16)
      at invokeGuardedCallback (node_modules/react-dom/cjs/react-dom.development.js:4277:31)
      at beginWork$1 (node_modules/react-dom/cjs/react-dom.development.js:27490:7)
      at performUnitOfWork (node_modules/react-dom/cjs/react-dom.development.js:26599:12)
      at workLoopSync (node_modules/react-dom/cjs/react-dom.development.js:26505:5)
      at renderRootSync (node_modules/react-dom/cjs/react-dom.development.js:26473:7)
      at performConcurrentWorkOnRoot (node_modules/react-dom/cjs/react-dom.development.js:25777:74)
      at flushActQueue (node_modules/react/cjs/react.development.js:2667:24)
      at act (node_modules/react/cjs/react.development.js:2582:11)
      at node_modules/@testing-library/react/dist/act-compat.js:47:25
      at renderRoot (node_modules/@testing-library/react/dist/pure.js:190:26)
      at render (node_modules/@testing-library/react/dist/pure.js:292:10)
      at Object.<anonymous> (tests/components/playbook-setup-wizard.test.tsx:40:11)

  console.error
    Warning: React.jsx: type is invalid -- expected a string (for built-in components) or a class/function (for composite components) but got: undefined. You likely forgot to export your component from the file it's defined in, or you might have mixed up default and named imports.
    
    Check the render method of `Checkbox`.
        at className (C:\Users\marte\Baked for Brands\bakedbot-for-brands\src\components\ui\checkbox.tsx:13:6)
        at div
        at div
        at div
        at div
        at children (C:\Users\marte\Baked for Brands\bakedbot-for-brands\tests\components\playbook-setup-wizard.test.tsx:9:21)
        at div
        at children (C:\Users\marte\Baked for Brands\bakedbot-for-brands\tests\components\playbook-setup-wizard.test.tsx:8:14)
        at playbook (C:\Users\marte\Baked for Brands\bakedbot-for-brands\src\app\dashboard\playbooks\components\playbook-setup-wizard.tsx:92:5)

    [0m [90m 23 |[39m       className[33m=[39m{cn([32m"flex items-center justify-center text-current"[39m)}
     [90m 24 |[39m     [33m>[39m
    [31m[1m>[22m[39m[90m 25 |[39m       [33m<[39m[33mCheck[39m className[33m=[39m[32m"h-4 w-4"[39m [33m/[39m[33m>[39m
     [90m    |[39m       [31m[1m^[22m[39m
     [90m 26 |[39m     [33m<[39m[33m/[39m[33mCheckboxPrimitive[39m[33m.[39m[33mIndicator[39m[33m>[39m
     [90m 27 |[39m   [33m<[39m[33m/[39m[33mCheckboxPrimitive[39m[33m.[39m[33mRoot[39m[33m>[39m
     [90m 28 |[39m ))[0m

      at printWarning (node_modules/react/cjs/react-jsx-runtime.development.js:87:30)
      at error (node_modules/react/cjs/react-jsx-runtime.development.js:61:7)
      at jsxWithValidation (node_modules/react/cjs/react-jsx-runtime.development.js:1245:7)
      at jsxWithValidationDynamic (node_modules/react/cjs/react-jsx-runtime.development.js:1320:12)
      at src/components/ui/checkbox.tsx:25:7
      at renderWithHooks (node_modules/react-dom/cjs/react-dom.development.js:15486:18)
      at updateForwardRef (node_modules/react-dom/cjs/react-dom.development.js:19245:20)
      at beginWork (node_modules/react-dom/cjs/react-dom.development.js:21675:16)
      at beginWork$1 (node_modules/react-dom/cjs/react-dom.development.js:27465:14)
      at performUnitOfWork (node_modules/react-dom/cjs/react-dom.development.js:26599:12)
      at workLoopSync (node_modules/react-dom/cjs/react-dom.development.js:26505:5)
      at renderRootSync (node_modules/react-dom/cjs/react-dom.development.js:26473:7)
      at performConcurrentWorkOnRoot (node_modules/react-dom/cjs/react-dom.development.js:25777:74)
      at flushActQueue (node_modules/react/cjs/react.development.js:2667:24)
      at act (node_modules/react/cjs/react.development.js:2582:11)
      at node_modules/@testing-library/react/dist/act-compat.js:47:25
      at renderRoot (node_modules/@testing-library/react/dist/pure.js:190:26)
      at render (node_modules/@testing-library/react/dist/pure.js:292:10)
      at Object.<anonymous> (tests/components/playbook-setup-wizard.test.tsx:40:11)

  console.error
    Warning: React.jsx: type is invalid -- expected a string (for built-in components) or a class/function (for composite components) but got: undefined. You likely forgot to export your component from the file it's defined in, or you might have mixed up default and named imports.
    
    Check the render method of `Checkbox`.
        at className (C:\Users\marte\Baked for Brands\bakedbot-for-brands\src\components\ui\checkbox.tsx:13:6)
        at div
        at div
        at div
        at div
        at children (C:\Users\marte\Baked for Brands\bakedbot-for-brands\tests\components\playbook-setup-wizard.test.tsx:9:21)
        at div
        at children (C:\Users\marte\Baked for Brands\bakedbot-for-brands\tests\components\playbook-setup-wizard.test.tsx:8:14)
        at playbook (C:\Users\marte\Baked for Brands\bakedbot-for-brands\src\app\dashboard\playbooks\components\playbook-setup-wizard.tsx:92:5)

    [0m [90m 23 |[39m       className[33m=[39m{cn([32m"flex items-center justify-center text-current"[39m)}
     [90m 24 |[39m     [33m>[39m
    [31m[1m>[22m[39m[90m 25 |[39m       [33m<[39m[33mCheck[39m className[33m=[39m[32m"h-4 w-4"[39m [33m/[39m[33m>[39m
     [90m    |[39m       [31m[1m^[22m[39m
     [90m 26 |[39m     [33m<[39m[33m/[39m[33mCheckboxPrimitive[39m[33m.[39m[33mIndicator[39m[33m>[39m
     [90m 27 |[39m   [33m<[39m[33m/[39m[33mCheckboxPrimitive[39m[33m.[39m[33mRoot[39m[33m>[39m
     [90m 28 |[39m ))[0m

      at printWarning (node_modules/react/cjs/react-jsx-runtime.development.js:87:30)
      at error (node_modules/react/cjs/react-jsx-runtime.development.js:61:7)
      at jsxWithValidation (node_modules/react/cjs/react-jsx-runtime.development.js:1245:7)
      at jsxWithValidationDynamic (node_modules/react/cjs/react-jsx-runtime.development.js:1320:12)
      at src/components/ui/checkbox.tsx:25:7
      at renderWithHooks (node_modules/react-dom/cjs/react-dom.development.js:15486:18)
      at updateForwardRef (node_modules/react-dom/cjs/react-dom.development.js:19245:20)
      at beginWork (node_modules/react-dom/cjs/react-dom.development.js:21675:16)
      at beginWork$1 (node_modules/react-dom/cjs/react-dom.development.js:27465:14)
      at performUnitOfWork (node_modules/react-dom/cjs/react-dom.development.js:26599:12)
      at workLoopSync (node_modules/react-dom/cjs/react-dom.development.js:26505:5)
      at renderRootSync (node_modules/react-dom/cjs/react-dom.development.js:26473:7)
      at performConcurrentWorkOnRoot (node_modules/react-dom/cjs/react-dom.development.js:25777:74)
      at flushActQueue (node_modules/react/cjs/react.development.js:2667:24)
      at act (node_modules/react/cjs/react.development.js:2582:11)
      at node_modules/@testing-library/react/dist/act-compat.js:47:25
      at renderRoot (node_modules/@testing-library/react/dist/pure.js:190:26)
      at render (node_modules/@testing-library/react/dist/pure.js:292:10)
      at Object.<anonymous> (tests/components/playbook-setup-wizard.test.tsx:40:11)

  console.error
    Error: Uncaught [Error: Element type is invalid: expected a string (for built-in components) or a class/function (for composite components) but got: undefined. You likely forgot to export your component from the file it's defined in, or you might have mixed up default and named imports.
    
    Check the render method of `PlaybookSetupWizard`.]
        at Object.<anonymous> (C:\Users\marte\Baked for Brands\bakedbot-for-brands\tests\components\playbook-setup-wizard.test.tsx:40:11)
        at new Promise (<anonymous>) {
      detail: Error: Element type is invalid: expected a string (for built-in components) or a class/function (for composite components) but got: undefined. You likely forgot to export your component from the file it's defined in, or you might have mixed up default and named imports.
      
      Check the render method of `PlaybookSetupWizard`.
          at createFiberFromTypeAndProps (C:\Users\marte\Baked for Brands\bakedbot-for-brands\node_modules\react-dom\cjs\react-dom.development.js:28478:17)
          at createFiberFromElement (C:\Users\marte\Baked for Brands\bakedbot-for-brands\node_modules\react-dom\cjs\react-dom.development.js:28504:15)
          at createChild (C:\Users\marte\Baked for Brands\bakedbot-for-brands\node_modules\react-dom\cjs\react-dom.development.js:13345:28)
          at reconcileChildrenArray (C:\Users\marte\Baked for Brands\bakedbot-for-brands\node_modules\react-dom\cjs\react-dom.development.js:13640:25)
          at reconcileChildFibers (C:\Users\marte\Baked for Brands\bakedbot-for-brands\node_modules\react-dom\cjs\react-dom.development.js:14057:16)
          at reconcileChildren (C:\Users\marte\Baked for Brands\bakedbot-for-brands\node_modules\react-dom\cjs\react-dom.development.js:19186:28)
          at updateHostComponent (C:\Users\marte\Baked for Brands\bakedbot-for-brands\node_modules\react-dom\cjs\react-dom.development.js:19953:3)
          at beginWork (C:\Users\marte\Baked for Brands\bakedbot-for-brands\node_modules\react-dom\cjs\react-dom.development.js:21657:14)
          at HTMLUnknownElement.callCallback (C:\Users\marte\Baked for Brands\bakedbot-for-brands\node_modules\react-dom\cjs\react-dom.development.js:4164:14)
          at HTMLUnknownElement.callTheUserObjectsOperation (C:\Users\marte\Baked for Brands\bakedbot-for-brands\node_modules\jsdom\lib\jsdom\living\generated\EventListener.js:26:30)
          at innerInvokeEventListeners (C:\Users\marte\Baked for Brands\bakedbot-for-brands\node_modules\jsdom\lib\jsdom\living\events\EventTarget-impl.js:350:25)
          at invokeEventListeners (C:\Users\marte\Baked for Brands\bakedbot-for-brands\node_modules\jsdom\lib\jsdom\living\events\EventTarget-impl.js:286:3)
          at HTMLUnknownElementImpl._dispatch (C:\Users\marte\Baked for Brands\bakedbot-for-brands\node_modules\jsdom\lib\jsdom\living\events\EventTarget-impl.js:233:9)
          at HTMLUnknownElementImpl.dispatchEvent (C:\Users\marte\Baked for Brands\bakedbot-for-brands\node_modules\jsdom\lib\jsdom\living\events\EventTarget-impl.js:104:17)
          at HTMLUnknownElement.dispatchEvent (C:\Users\marte\Baked for Brands\bakedbot-for-brands\node_modules\jsdom\lib\jsdom\living\generated\EventTarget.js:241:34)
          at Object.invokeGuardedCallbackDev (C:\Users\marte\Baked for Brands\bakedbot-for-brands\node_modules\react-dom\cjs\react-dom.development.js:4213:16)
          at invokeGuardedCallback (C:\Users\marte\Baked for Brands\bakedbot-for-brands\node_modules\react-dom\cjs\react-dom.development.js:4277:31)
          at beginWork$1 (C:\Users\marte\Baked for Brands\bakedbot-for-brands\node_modules\react-dom\cjs\react-dom.development.js:27490:7)
          at performUnitOfWork (C:\Users\marte\Baked for Brands\bakedbot-for-brands\node_modules\react-dom\cjs\react-dom.development.js:26599:12)
          at workLoopSync (C:\Users\marte\Baked for Brands\bakedbot-for-brands\node_modules\react-dom\cjs\react-dom.development.js:26505:5)
          at renderRootSync (C:\Users\marte\Baked for Brands\bakedbot-for-brands\node_modules\react-dom\cjs\react-dom.development.js:26473:7)
          at performConcurrentWorkOnRoot (C:\Users\marte\Baked for Brands\bakedbot-for-brands\node_modules\react-dom\cjs\react-dom.development.js:25777:74)
          at flushActQueue (C:\Users\marte\Baked for Brands\bakedbot-for-brands\node_modules\react\cjs\react.development.js:2667:24)
          at act (C:\Users\marte\Baked for Brands\bakedbot-for-brands\node_modules\react\cjs\react.development.js:2582:11)
          at C:\Users\marte\Baked for Brands\bakedbot-for-brands\node_modules\@testing-library\react\dist\act-compat.js:47:25
          at renderRoot (C:\Users\marte\Baked for Brands\bakedbot-for-brands\node_modules\@testing-library\react\dist\pure.js:190:26)
          at render (C:\Users\marte\Baked for Brands\bakedbot-for-brands\node_modules\@testing-library\react\dist\pure.js:292:10)
          at Object.<anonymous> (C:\Users\marte\Baked for Brands\bakedbot-for-brands\tests\components\playbook-setup-wizard.test.tsx:40:11)
          at Promise.then.completed (C:\Users\marte\Baked for Brands\bakedbot-for-brands\node_modules\jest-circus\build\utils.js:298:28)
          at new Promise (<anonymous>)
          at callAsyncCircusFn (C:\Users\marte\Baked for Brands\bakedbot-for-brands\node_modules\jest-circus\build\utils.js:231:10)
          at _callCircusTest (C:\Users\marte\Baked for Brands\bakedbot-for-brands\node_modules\jest-circus\build\run.js:316:40)
          at _runTest (C:\Users\marte\Baked for Brands\bakedbot-for-brands\node_modules\jest-circus\build\run.js:252:3)
          at _runTestsForDescribeBlock (C:\Users\marte\Baked for Brands\bakedbot-for-brands\node_modules\jest-circus\build\run.js:126:9)
          at _runTestsForDescribeBlock (C:\Users\marte\Baked for Brands\bakedbot-for-brands\node_modules\jest-circus\build\run.js:121:9)
          at run (C:\Users\marte\Baked for Brands\bakedbot-for-brands\node_modules\jest-circus\build\run.js:71:3)
          at runAndTransformResultsToJestFormat (C:\Users\marte\Baked for Brands\bakedbot-for-brands\node_modules\jest-circus\build\legacy-code-todo-rewrite\jestAdapterInit.js:122:21)
          at jestAdapter (C:\Users\marte\Baked for Brands\bakedbot-for-brands\node_modules\jest-circus\build\legacy-code-todo-rewrite\jestAdapter.js:79:19)
          at runTestInternal (C:\Users\marte\Baked for Brands\bakedbot-for-brands\node_modules\jest-runner\build\runTest.js:367:16)
          at runTest (C:\Users\marte\Baked for Brands\bakedbot-for-brands\node_modules\jest-runner\build\runTest.js:444:34),
      type: 'unhandled exception'
    }

    [0m [90m 38 |[39m     [36mconst[39m onCancel [33m=[39m jest[33m.[39mfn()[33m;[39m
     [90m 39 |[39m
    [31m[1m>[22m[39m[90m 40 |[39m     render(
     [90m    |[39m           [31m[1m^[22m[39m
     [90m 41 |[39m       [33m<[39m[33mPlaybookSetupWizard[39m
     [90m 42 |[39m         playbook[33m=[39m{mockPlaybook}
     [90m 43 |[39m         open[33m=[39m{[36mtrue[39m}[0m

      at VirtualConsole.<anonymous> (node_modules/jest-environment-jsdom/build/index.js:63:23)
      at reportException (node_modules/jsdom/lib/jsdom/living/helpers/runtime-script-errors.js:70:28)
      at innerInvokeEventListeners (node_modules/jsdom/lib/jsdom/living/events/EventTarget-impl.js:353:9)
      at invokeEventListeners (node_modules/jsdom/lib/jsdom/living/events/EventTarget-impl.js:286:3)
      at HTMLUnknownElementImpl._dispatch (node_modules/jsdom/lib/jsdom/living/events/EventTarget-impl.js:233:9)
      at HTMLUnknownElementImpl.dispatchEvent (node_modules/jsdom/lib/jsdom/living/events/EventTarget-impl.js:104:17)
      at HTMLUnknownElement.dispatchEvent (node_modules/jsdom/lib/jsdom/living/generated/EventTarget.js:241:34)
      at Object.invokeGuardedCallbackDev (node_modules/react-dom/cjs/react-dom.development.js:4213:16)
      at invokeGuardedCallback (node_modules/react-dom/cjs/react-dom.development.js:4277:31)
      at beginWork$1 (node_modules/react-dom/cjs/react-dom.development.js:27490:7)
      at performUnitOfWork (node_modules/react-dom/cjs/react-dom.development.js:26599:12)
      at workLoopSync (node_modules/react-dom/cjs/react-dom.development.js:26505:5)
      at renderRootSync (node_modules/react-dom/cjs/react-dom.development.js:26473:7)
      at performConcurrentWorkOnRoot (node_modules/react-dom/cjs/react-dom.development.js:25777:74)
      at flushActQueue (node_modules/react/cjs/react.development.js:2667:24)
      at act (node_modules/react/cjs/react.development.js:2582:11)
      at node_modules/@testing-library/react/dist/act-compat.js:47:25
      at renderRoot (node_modules/@testing-library/react/dist/pure.js:190:26)
      at render (node_modules/@testing-library/react/dist/pure.js:292:10)
      at Object.<anonymous> (tests/components/playbook-setup-wizard.test.tsx:40:11)

  console.error
    Warning: React.jsx: type is invalid -- expected a string (for built-in components) or a class/function (for composite components) but got: undefined. You likely forgot to export your component from the file it's defined in, or you might have mixed up default and named imports.
    
    Check the render method of `PlaybookSetupWizard`.
        at playbook (C:\Users\marte\Baked for Brands\bakedbot-for-brands\src\app\dashboard\playbooks\components\playbook-setup-wizard.tsx:92:5)

    [0m [90m 185 |[39m                     [33m<[39m[33mdiv[39m className[33m=[39m[32m"space-y-4 py-4"[39m[33m>[39m
     [90m 186 |[39m                         [33m<[39m[33mdiv[39m className[33m=[39m[32m"flex items-center gap-2 text-sm text-muted-foreground"[39m[33m>[39m
    [31m[1m>[22m[39m[90m 187 |[39m                             [33m<[39m[33mShield[39m className[33m=[39m[32m"h-4 w-4"[39m [33m/[39m[33m>[39m
     [90m     |[39m                             [31m[1m^[22m[39m
     [90m 188 |[39m                             [33m<[39m[33mspan[39m[33m>[39m[33mThis[39m playbook requires access to[33m:[39m[33m<[39m[33m/[39m[33mspan[39m[33m>[39m
     [90m 189 |[39m                         [33m<[39m[33m/[39m[33mdiv[39m[33m>[39m
     [90m 190 |[39m                         [33m<[39m[33mdiv[39m className[33m=[39m[32m"space-y-3"[39m[33m>[39m[0m

      at printWarning (node_modules/react/cjs/react-jsx-runtime.development.js:87:30)
      at error (node_modules/react/cjs/react-jsx-runtime.development.js:61:7)
      at jsxWithValidation (node_modules/react/cjs/react-jsx-runtime.development.js:1245:7)
      at jsxWithValidationDynamic (node_modules/react/cjs/react-jsx-runtime.development.js:1320:12)
      at PlaybookSetupWizard (src/app/dashboard/playbooks/components/playbook-setup-wizard.tsx:187:29)
      at renderWithHooks (node_modules/react-dom/cjs/react-dom.development.js:15486:18)
      at mountIndeterminateComponent (node_modules/react-dom/cjs/react-dom.development.js:20103:13)
      at beginWork (node_modules/react-dom/cjs/react-dom.development.js:21626:16)
      at beginWork$1 (node_modules/react-dom/cjs/react-dom.development.js:27465:14)
      at performUnitOfWork (node_modules/react-dom/cjs/react-dom.development.js:26599:12)
      at workLoopSync (node_modules/react-dom/cjs/react-dom.development.js:26505:5)
      at renderRootSync (node_modules/react-dom/cjs/react-dom.development.js:26473:7)
      at recoverFromConcurrentError (node_modules/react-dom/cjs/react-dom.development.js:25889:20)
      at performConcurrentWorkOnRoot (node_modules/react-dom/cjs/react-dom.development.js:25789:22)
      at flushActQueue (node_modules/react/cjs/react.development.js:2667:24)
      at act (node_modules/react/cjs/react.development.js:2582:11)
      at node_modules/@testing-library/react/dist/act-compat.js:47:25
      at renderRoot (node_modules/@testing-library/react/dist/pure.js:190:26)
      at render (node_modules/@testing-library/react/dist/pure.js:292:10)
      at Object.<anonymous> (tests/components/playbook-setup-wizard.test.tsx:40:11)

  console.error
    Warning: React.jsx: type is invalid -- expected a string (for built-in components) or a class/function (for composite components) but got: undefined. You likely forgot to export your component from the file it's defined in, or you might have mixed up default and named imports.
    
    Check the render method of `PlaybookSetupWizard`.
        at playbook (C:\Users\marte\Baked for Brands\bakedbot-for-brands\src\app\dashboard\playbooks\components\playbook-setup-wizard.tsx:92:5)

    [0m [90m 359 |[39m                         [33m>[39m
     [90m 360 |[39m                             [33mContinue[39m
    [31m[1m>[22m[39m[90m 361 |[39m                             [33m<[39m[33mArrowRight[39m className[33m=[39m[32m"h-4 w-4 ml-2"[39m [33m/[39m[33m>[39m
     [90m     |[39m                             [31m[1m^[22m[39m
     [90m 362 |[39m                         [33m<[39m[33m/[39m[33mButton[39m[33m>[39m
     [90m 363 |[39m                     )}
     [90m 364 |[39m                 [33m<[39m[33m/[39m[33mDialogFooter[39m[33m>[39m[0m

      at printWarning (node_modules/react/cjs/react-jsx-runtime.development.js:87:30)
      at error (node_modules/react/cjs/react-jsx-runtime.development.js:61:7)
      at jsxWithValidation (node_modules/react/cjs/react-jsx-runtime.development.js:1245:7)
      at jsxWithValidationDynamic (node_modules/react/cjs/react-jsx-runtime.development.js:1320:12)
      at PlaybookSetupWizard (src/app/dashboard/playbooks/components/playbook-setup-wizard.tsx:361:29)
      at renderWithHooks (node_modules/react-dom/cjs/react-dom.development.js:15486:18)
      at mountIndeterminateComponent (node_modules/react-dom/cjs/react-dom.development.js:20103:13)
      at beginWork (node_modules/react-dom/cjs/react-dom.development.js:21626:16)
      at beginWork$1 (node_modules/react-dom/cjs/react-dom.development.js:27465:14)
      at performUnitOfWork (node_modules/react-dom/cjs/react-dom.development.js:26599:12)
      at workLoopSync (node_modules/react-dom/cjs/react-dom.development.js:26505:5)
      at renderRootSync (node_modules/react-dom/cjs/react-dom.development.js:26473:7)
      at recoverFromConcurrentError (node_modules/react-dom/cjs/react-dom.development.js:25889:20)
      at performConcurrentWorkOnRoot (node_modules/react-dom/cjs/react-dom.development.js:25789:22)
      at flushActQueue (node_modules/react/cjs/react.development.js:2667:24)
      at act (node_modules/react/cjs/react.development.js:2582:11)
      at node_modules/@testing-library/react/dist/act-compat.js:47:25
      at renderRoot (node_modules/@testing-library/react/dist/pure.js:190:26)
      at render (node_modules/@testing-library/react/dist/pure.js:292:10)
      at Object.<anonymous> (tests/components/playbook-setup-wizard.test.tsx:40:11)

  console.error
    Error: Uncaught [Error: Element type is invalid: expected a string (for built-in components) or a class/function (for composite components) but got: undefined. You likely forgot to export your component from the file it's defined in, or you might have mixed up default and named imports.
    
    Check the render method of `PlaybookSetupWizard`.]
        at Object.<anonymous> (C:\Users\marte\Baked for Brands\bakedbot-for-brands\tests\components\playbook-setup-wizard.test.tsx:40:11)
        at new Promise (<anonymous>) {
      detail: Error: Element type is invalid: expected a string (for built-in components) or a class/function (for composite components) but got: undefined. You likely forgot to export your component from the file it's defined in, or you might have mixed up default and named imports.
      
      Check the render method of `PlaybookSetupWizard`.
          at createFiberFromTypeAndProps (C:\Users\marte\Baked for Brands\bakedbot-for-brands\node_modules\react-dom\cjs\react-dom.development.js:28478:17)
          at createFiberFromElement (C:\Users\marte\Baked for Brands\bakedbot-for-brands\node_modules\react-dom\cjs\react-dom.development.js:28504:15)
          at createChild (C:\Users\marte\Baked for Brands\bakedbot-for-brands\node_modules\react-dom\cjs\react-dom.development.js:13345:28)
          at reconcileChildrenArray (C:\Users\marte\Baked for Brands\bakedbot-for-brands\node_modules\react-dom\cjs\react-dom.development.js:13640:25)
          at reconcileChildFibers (C:\Users\marte\Baked for Brands\bakedbot-for-brands\node_modules\react-dom\cjs\react-dom.development.js:14057:16)
          at reconcileChildren (C:\Users\marte\Baked for Brands\bakedbot-for-brands\node_modules\react-dom\cjs\react-dom.development.js:19186:28)
          at updateHostComponent (C:\Users\marte\Baked for Brands\bakedbot-for-brands\node_modules\react-dom\cjs\react-dom.development.js:19953:3)
          at beginWork (C:\Users\marte\Baked for Brands\bakedbot-for-brands\node_modules\react-dom\cjs\react-dom.development.js:21657:14)
          at HTMLUnknownElement.callCallback (C:\Users\marte\Baked for Brands\bakedbot-for-brands\node_modules\react-dom\cjs\react-dom.development.js:4164:14)
          at HTMLUnknownElement.callTheUserObjectsOperation (C:\Users\marte\Baked for Brands\bakedbot-for-brands\node_modules\jsdom\lib\jsdom\living\generated\EventListener.js:26:30)
          at innerInvokeEventListeners (C:\Users\marte\Baked for Brands\bakedbot-for-brands\node_modules\jsdom\lib\jsdom\living\events\EventTarget-impl.js:350:25)
          at invokeEventListeners (C:\Users\marte\Baked for Brands\bakedbot-for-brands\node_modules\jsdom\lib\jsdom\living\events\EventTarget-impl.js:286:3)
          at HTMLUnknownElementImpl._dispatch (C:\Users\marte\Baked for Brands\bakedbot-for-brands\node_modules\jsdom\lib\jsdom\living\events\EventTarget-impl.js:233:9)
          at HTMLUnknownElementImpl.dispatchEvent (C:\Users\marte\Baked for Brands\bakedbot-for-brands\node_modules\jsdom\lib\jsdom\living\events\EventTarget-impl.js:104:17)
          at HTMLUnknownElement.dispatchEvent (C:\Users\marte\Baked for Brands\bakedbot-for-brands\node_modules\jsdom\lib\jsdom\living\generated\EventTarget.js:241:34)
          at Object.invokeGuardedCallbackDev (C:\Users\marte\Baked for Brands\bakedbot-for-brands\node_modules\react-dom\cjs\react-dom.development.js:4213:16)
          at invokeGuardedCallback (C:\Users\marte\Baked for Brands\bakedbot-for-brands\node_modules\react-dom\cjs\react-dom.development.js:4277:31)
          at beginWork$1 (C:\Users\marte\Baked for Brands\bakedbot-for-brands\node_modules\react-dom\cjs\react-dom.development.js:27490:7)
          at performUnitOfWork (C:\Users\marte\Baked for Brands\bakedbot-for-brands\node_modules\react-dom\cjs\react-dom.development.js:26599:12)
          at workLoopSync (C:\Users\marte\Baked for Brands\bakedbot-for-brands\node_modules\react-dom\cjs\react-dom.development.js:26505:5)
          at renderRootSync (C:\Users\marte\Baked for Brands\bakedbot-for-brands\node_modules\react-dom\cjs\react-dom.development.js:26473:7)
          at recoverFromConcurrentError (C:\Users\marte\Baked for Brands\bakedbot-for-brands\node_modules\react-dom\cjs\react-dom.development.js:25889:20)
          at performConcurrentWorkOnRoot (C:\Users\marte\Baked for Brands\bakedbot-for-brands\node_modules\react-dom\cjs\react-dom.development.js:25789:22)
          at flushActQueue (C:\Users\marte\Baked for Brands\bakedbot-for-brands\node_modules\react\cjs\react.development.js:2667:24)
          at act (C:\Users\marte\Baked for Brands\bakedbot-for-brands\node_modules\react\cjs\react.development.js:2582:11)
          at C:\Users\marte\Baked for Brands\bakedbot-for-brands\node_modules\@testing-library\react\dist\act-compat.js:47:25
          at renderRoot (C:\Users\marte\Baked for Brands\bakedbot-for-brands\node_modules\@testing-library\react\dist\pure.js:190:26)
          at render (C:\Users\marte\Baked for Brands\bakedbot-for-brands\node_modules\@testing-library\react\dist\pure.js:292:10)
          at Object.<anonymous> (C:\Users\marte\Baked for Brands\bakedbot-for-brands\tests\components\playbook-setup-wizard.test.tsx:40:11)
          at Promise.then.completed (C:\Users\marte\Baked for Brands\bakedbot-for-brands\node_modules\jest-circus\build\utils.js:298:28)
          at new Promise (<anonymous>)
          at callAsyncCircusFn (C:\Users\marte\Baked for Brands\bakedbot-for-brands\node_modules\jest-circus\build\utils.js:231:10)
          at _callCircusTest (C:\Users\marte\Baked for Brands\bakedbot-for-brands\node_modules\jest-circus\build\run.js:316:40)
          at _runTest (C:\Users\marte\Baked for Brands\bakedbot-for-brands\node_modules\jest-circus\build\run.js:252:3)
          at _runTestsForDescribeBlock (C:\Users\marte\Baked for Brands\bakedbot-for-brands\node_modules\jest-circus\build\run.js:126:9)
          at _runTestsForDescribeBlock (C:\Users\marte\Baked for Brands\bakedbot-for-brands\node_modules\jest-circus\build\run.js:121:9)
          at run (C:\Users\marte\Baked for Brands\bakedbot-for-brands\node_modules\jest-circus\build\run.js:71:3)
          at runAndTransformResultsToJestFormat (C:\Users\marte\Baked for Brands\bakedbot-for-brands\node_modules\jest-circus\build\legacy-code-todo-rewrite\jestAdapterInit.js:122:21)
          at jestAdapter (C:\Users\marte\Baked for Brands\bakedbot-for-brands\node_modules\jest-circus\build\legacy-code-todo-rewrite\jestAdapter.js:79:19)
          at runTestInternal (C:\Users\marte\Baked for Brands\bakedbot-for-brands\node_modules\jest-runner\build\runTest.js:367:16)
          at runTest (C:\Users\marte\Baked for Brands\bakedbot-for-brands\node_modules\jest-runner\build\runTest.js:444:34),
      type: 'unhandled exception'
    }

    [0m [90m 38 |[39m     [36mconst[39m onCancel [33m=[39m jest[33m.[39mfn()[33m;[39m
     [90m 39 |[39m
    [31m[1m>[22m[39m[90m 40 |[39m     render(
     [90m    |[39m           [31m[1m^[22m[39m
     [90m 41 |[39m       [33m<[39m[33mPlaybookSetupWizard[39m
     [90m 42 |[39m         playbook[33m=[39m{mockPlaybook}
     [90m 43 |[39m         open[33m=[39m{[36mtrue[39m}[0m

      at VirtualConsole.<anonymous> (node_modules/jest-environment-jsdom/build/index.js:63:23)
      at reportException (node_modules/jsdom/lib/jsdom/living/helpers/runtime-script-errors.js:70:28)
      at innerInvokeEventListeners (node_modules/jsdom/lib/jsdom/living/events/EventTarget-impl.js:353:9)
      at invokeEventListeners (node_modules/jsdom/lib/jsdom/living/events/EventTarget-impl.js:286:3)
      at HTMLUnknownElementImpl._dispatch (node_modules/jsdom/lib/jsdom/living/events/EventTarget-impl.js:233:9)
      at HTMLUnknownElementImpl.dispatchEvent (node_modules/jsdom/lib/jsdom/living/events/EventTarget-impl.js:104:17)
      at HTMLUnknownElement.dispatchEvent (node_modules/jsdom/lib/jsdom/living/generated/EventTarget.js:241:34)
      at Object.invokeGuardedCallbackDev (node_modules/react-dom/cjs/react-dom.development.js:4213:16)
      at invokeGuardedCallback (node_modules/react-dom/cjs/react-dom.development.js:4277:31)
      at beginWork$1 (node_modules/react-dom/cjs/react-dom.development.js:27490:7)
      at performUnitOfWork (node_modules/react-dom/cjs/react-dom.development.js:26599:12)
      at workLoopSync (node_modules/react-dom/cjs/react-dom.development.js:26505:5)
      at renderRootSync (node_modules/react-dom/cjs/react-dom.development.js:26473:7)
      at recoverFromConcurrentError (node_modules/react-dom/cjs/react-dom.development.js:25889:20)
      at performConcurrentWorkOnRoot (node_modules/react-dom/cjs/react-dom.development.js:25789:22)
      at flushActQueue (node_modules/react/cjs/react.development.js:2667:24)
      at act (node_modules/react/cjs/react.development.js:2582:11)
      at node_modules/@testing-library/react/dist/act-compat.js:47:25
      at renderRoot (node_modules/@testing-library/react/dist/pure.js:190:26)
      at render (node_modules/@testing-library/react/dist/pure.js:292:10)
      at Object.<anonymous> (tests/components/playbook-setup-wizard.test.tsx:40:11)

  console.error
    Warning: React.jsx: type is invalid -- expected a string (for built-in components) or a class/function (for composite components) but got: undefined. You likely forgot to export your component from the file it's defined in, or you might have mixed up default and named imports.
    
    Check the render method of `Checkbox`.
        at className (C:\Users\marte\Baked for Brands\bakedbot-for-brands\src\components\ui\checkbox.tsx:13:6)
        at div
        at div
        at div
        at div
        at children (C:\Users\marte\Baked for Brands\bakedbot-for-brands\tests\components\playbook-setup-wizard.test.tsx:9:21)
        at div
        at children (C:\Users\marte\Baked for Brands\bakedbot-for-brands\tests\components\playbook-setup-wizard.test.tsx:8:14)
        at playbook (C:\Users\marte\Baked for Brands\bakedbot-for-brands\src\app\dashboard\playbooks\components\playbook-setup-wizard.tsx:92:5)

    [0m [90m 23 |[39m       className[33m=[39m{cn([32m"flex items-center justify-center text-current"[39m)}
     [90m 24 |[39m     [33m>[39m
    [31m[1m>[22m[39m[90m 25 |[39m       [33m<[39m[33mCheck[39m className[33m=[39m[32m"h-4 w-4"[39m [33m/[39m[33m>[39m
     [90m    |[39m       [31m[1m^[22m[39m
     [90m 26 |[39m     [33m<[39m[33m/[39m[33mCheckboxPrimitive[39m[33m.[39m[33mIndicator[39m[33m>[39m
     [90m 27 |[39m   [33m<[39m[33m/[39m[33mCheckboxPrimitive[39m[33m.[39m[33mRoot[39m[33m>[39m
     [90m 28 |[39m ))[0m

      at printWarning (node_modules/react/cjs/react-jsx-runtime.development.js:87:30)
      at error (node_modules/react/cjs/react-jsx-runtime.development.js:61:7)
      at jsxWithValidation (node_modules/react/cjs/react-jsx-runtime.development.js:1245:7)
      at jsxWithValidationDynamic (node_modules/react/cjs/react-jsx-runtime.development.js:1320:12)
      at src/components/ui/checkbox.tsx:25:7
      at renderWithHooks (node_modules/react-dom/cjs/react-dom.development.js:15486:18)
      at updateForwardRef (node_modules/react-dom/cjs/react-dom.development.js:19245:20)
      at beginWork (node_modules/react-dom/cjs/react-dom.development.js:21675:16)
      at beginWork$1 (node_modules/react-dom/cjs/react-dom.development.js:27465:14)
      at performUnitOfWork (node_modules/react-dom/cjs/react-dom.development.js:26599:12)
      at workLoopSync (node_modules/react-dom/cjs/react-dom.development.js:26505:5)
      at renderRootSync (node_modules/react-dom/cjs/react-dom.development.js:26473:7)
      at recoverFromConcurrentError (node_modules/react-dom/cjs/react-dom.development.js:25889:20)
      at performConcurrentWorkOnRoot (node_modules/react-dom/cjs/react-dom.development.js:25789:22)
      at flushActQueue (node_modules/react/cjs/react.development.js:2667:24)
      at act (node_modules/react/cjs/react.development.js:2582:11)
      at node_modules/@testing-library/react/dist/act-compat.js:47:25
      at renderRoot (node_modules/@testing-library/react/dist/pure.js:190:26)
      at render (node_modules/@testing-library/react/dist/pure.js:292:10)
      at Object.<anonymous> (tests/components/playbook-setup-wizard.test.tsx:40:11)

  console.error
    Warning: React.jsx: type is invalid -- expected a string (for built-in components) or a class/function (for composite components) but got: undefined. You likely forgot to export your component from the file it's defined in, or you might have mixed up default and named imports.
    
    Check the render method of `Checkbox`.
        at className (C:\Users\marte\Baked for Brands\bakedbot-for-brands\src\components\ui\checkbox.tsx:13:6)
        at div
        at div
        at div
        at div
        at children (C:\Users\marte\Baked for Brands\bakedbot-for-brands\tests\components\playbook-setup-wizard.test.tsx:9:21)
        at div
        at children (C:\Users\marte\Baked for Brands\bakedbot-for-brands\tests\components\playbook-setup-wizard.test.tsx:8:14)
        at playbook (C:\Users\marte\Baked for Brands\bakedbot-for-brands\src\app\dashboard\playbooks\components\playbook-setup-wizard.tsx:92:5)

    [0m [90m 23 |[39m       className[33m=[39m{cn([32m"flex items-center justify-center text-current"[39m)}
     [90m 24 |[39m     [33m>[39m
    [31m[1m>[22m[39m[90m 25 |[39m       [33m<[39m[33mCheck[39m className[33m=[39m[32m"h-4 w-4"[39m [33m/[39m[33m>[39m
     [90m    |[39m       [31m[1m^[22m[39m
     [90m 26 |[39m     [33m<[39m[33m/[39m[33mCheckboxPrimitive[39m[33m.[39m[33mIndicator[39m[33m>[39m
     [90m 27 |[39m   [33m<[39m[33m/[39m[33mCheckboxPrimitive[39m[33m.[39m[33mRoot[39m[33m>[39m
     [90m 28 |[39m ))[0m

      at printWarning (node_modules/react/cjs/react-jsx-runtime.development.js:87:30)
      at error (node_modules/react/cjs/react-jsx-runtime.development.js:61:7)
      at jsxWithValidation (node_modules/react/cjs/react-jsx-runtime.development.js:1245:7)
      at jsxWithValidationDynamic (node_modules/react/cjs/react-jsx-runtime.development.js:1320:12)
      at src/components/ui/checkbox.tsx:25:7
      at renderWithHooks (node_modules/react-dom/cjs/react-dom.development.js:15486:18)
      at updateForwardRef (node_modules/react-dom/cjs/react-dom.development.js:19245:20)
      at beginWork (node_modules/react-dom/cjs/react-dom.development.js:21675:16)
      at beginWork$1 (node_modules/react-dom/cjs/react-dom.development.js:27465:14)
      at performUnitOfWork (node_modules/react-dom/cjs/react-dom.development.js:26599:12)
      at workLoopSync (node_modules/react-dom/cjs/react-dom.development.js:26505:5)
      at renderRootSync (node_modules/react-dom/cjs/react-dom.development.js:26473:7)
      at recoverFromConcurrentError (node_modules/react-dom/cjs/react-dom.development.js:25889:20)
      at performConcurrentWorkOnRoot (node_modules/react-dom/cjs/react-dom.development.js:25789:22)
      at flushActQueue (node_modules/react/cjs/react.development.js:2667:24)
      at act (node_modules/react/cjs/react.development.js:2582:11)
      at node_modules/@testing-library/react/dist/act-compat.js:47:25
      at renderRoot (node_modules/@testing-library/react/dist/pure.js:190:26)
      at render (node_modules/@testing-library/react/dist/pure.js:292:10)
      at Object.<anonymous> (tests/components/playbook-setup-wizard.test.tsx:40:11)

  console.error
    Error: Uncaught [Error: Element type is invalid: expected a string (for built-in components) or a class/function (for composite components) but got: undefined. You likely forgot to export your component from the file it's defined in, or you might have mixed up default and named imports.
    
    Check the render method of `PlaybookSetupWizard`.]
        at Object.<anonymous> (C:\Users\marte\Baked for Brands\bakedbot-for-brands\tests\components\playbook-setup-wizard.test.tsx:40:11)
        at new Promise (<anonymous>) {
      detail: Error: Element type is invalid: expected a string (for built-in components) or a class/function (for composite components) but got: undefined. You likely forgot to export your component from the file it's defined in, or you might have mixed up default and named imports.
      
      Check the render method of `PlaybookSetupWizard`.
          at createFiberFromTypeAndProps (C:\Users\marte\Baked for Brands\bakedbot-for-brands\node_modules\react-dom\cjs\react-dom.development.js:28478:17)
          at createFiberFromElement (C:\Users\marte\Baked for Brands\bakedbot-for-brands\node_modules\react-dom\cjs\react-dom.development.js:28504:15)
          at createChild (C:\Users\marte\Baked for Brands\bakedbot-for-brands\node_modules\react-dom\cjs\react-dom.development.js:13345:28)
          at reconcileChildrenArray (C:\Users\marte\Baked for Brands\bakedbot-for-brands\node_modules\react-dom\cjs\react-dom.development.js:13640:25)
          at reconcileChildFibers (C:\Users\marte\Baked for Brands\bakedbot-for-brands\node_modules\react-dom\cjs\react-dom.development.js:14057:16)
          at reconcileChildren (C:\Users\marte\Baked for Brands\bakedbot-for-brands\node_modules\react-dom\cjs\react-dom.development.js:19186:28)
          at updateHostComponent (C:\Users\marte\Baked for Brands\bakedbot-for-brands\node_modules\react-dom\cjs\react-dom.development.js:19953:3)
          at beginWork (C:\Users\marte\Baked for Brands\bakedbot-for-brands\node_modules\react-dom\cjs\react-dom.development.js:21657:14)
          at HTMLUnknownElement.callCallback (C:\Users\marte\Baked for Brands\bakedbot-for-brands\node_modules\react-dom\cjs\react-dom.development.js:4164:14)
          at HTMLUnknownElement.callTheUserObjectsOperation (C:\Users\marte\Baked for Brands\bakedbot-for-brands\node_modules\jsdom\lib\jsdom\living\generated\EventListener.js:26:30)
          at innerInvokeEventListeners (C:\Users\marte\Baked for Brands\bakedbot-for-brands\node_modules\jsdom\lib\jsdom\living\events\EventTarget-impl.js:350:25)
          at invokeEventListeners (C:\Users\marte\Baked for Brands\bakedbot-for-brands\node_modules\jsdom\lib\jsdom\living\events\EventTarget-impl.js:286:3)
          at HTMLUnknownElementImpl._dispatch (C:\Users\marte\Baked for Brands\bakedbot-for-brands\node_modules\jsdom\lib\jsdom\living\events\EventTarget-impl.js:233:9)
          at HTMLUnknownElementImpl.dispatchEvent (C:\Users\marte\Baked for Brands\bakedbot-for-brands\node_modules\jsdom\lib\jsdom\living\events\EventTarget-impl.js:104:17)
          at HTMLUnknownElement.dispatchEvent (C:\Users\marte\Baked for Brands\bakedbot-for-brands\node_modules\jsdom\lib\jsdom\living\generated\EventTarget.js:241:34)
          at Object.invokeGuardedCallbackDev (C:\Users\marte\Baked for Brands\bakedbot-for-brands\node_modules\react-dom\cjs\react-dom.development.js:4213:16)
          at invokeGuardedCallback (C:\Users\marte\Baked for Brands\bakedbot-for-brands\node_modules\react-dom\cjs\react-dom.development.js:4277:31)
          at beginWork$1 (C:\Users\marte\Baked for Brands\bakedbot-for-brands\node_modules\react-dom\cjs\react-dom.development.js:27490:7)
          at performUnitOfWork (C:\Users\marte\Baked for Brands\bakedbot-for-brands\node_modules\react-dom\cjs\react-dom.development.js:26599:12)
          at workLoopSync (C:\Users\marte\Baked for Brands\bakedbot-for-brands\node_modules\react-dom\cjs\react-dom.development.js:26505:5)
          at renderRootSync (C:\Users\marte\Baked for Brands\bakedbot-for-brands\node_modules\react-dom\cjs\react-dom.development.js:26473:7)
          at recoverFromConcurrentError (C:\Users\marte\Baked for Brands\bakedbot-for-brands\node_modules\react-dom\cjs\react-dom.development.js:25889:20)
          at performConcurrentWorkOnRoot (C:\Users\marte\Baked for Brands\bakedbot-for-brands\node_modules\react-dom\cjs\react-dom.development.js:25789:22)
          at flushActQueue (C:\Users\marte\Baked for Brands\bakedbot-for-brands\node_modules\react\cjs\react.development.js:2667:24)
          at act (C:\Users\marte\Baked for Brands\bakedbot-for-brands\node_modules\react\cjs\react.development.js:2582:11)
          at C:\Users\marte\Baked for Brands\bakedbot-for-brands\node_modules\@testing-library\react\dist\act-compat.js:47:25
          at renderRoot (C:\Users\marte\Baked for Brands\bakedbot-for-brands\node_modules\@testing-library\react\dist\pure.js:190:26)
          at render (C:\Users\marte\Baked for Brands\bakedbot-for-brands\node_modules\@testing-library\react\dist\pure.js:292:10)
          at Object.<anonymous> (C:\Users\marte\Baked for Brands\bakedbot-for-brands\tests\components\playbook-setup-wizard.test.tsx:40:11)
          at Promise.then.completed (C:\Users\marte\Baked for Brands\bakedbot-for-brands\node_modules\jest-circus\build\utils.js:298:28)
          at new Promise (<anonymous>)
          at callAsyncCircusFn (C:\Users\marte\Baked for Brands\bakedbot-for-brands\node_modules\jest-circus\build\utils.js:231:10)
          at _callCircusTest (C:\Users\marte\Baked for Brands\bakedbot-for-brands\node_modules\jest-circus\build\run.js:316:40)
          at _runTest (C:\Users\marte\Baked for Brands\bakedbot-for-brands\node_modules\jest-circus\build\run.js:252:3)
          at _runTestsForDescribeBlock (C:\Users\marte\Baked for Brands\bakedbot-for-brands\node_modules\jest-circus\build\run.js:126:9)
          at _runTestsForDescribeBlock (C:\Users\marte\Baked for Brands\bakedbot-for-brands\node_modules\jest-circus\build\run.js:121:9)
          at run (C:\Users\marte\Baked for Brands\bakedbot-for-brands\node_modules\jest-circus\build\run.js:71:3)
          at runAndTransformResultsToJestFormat (C:\Users\marte\Baked for Brands\bakedbot-for-brands\node_modules\jest-circus\build\legacy-code-todo-rewrite\jestAdapterInit.js:122:21)
          at jestAdapter (C:\Users\marte\Baked for Brands\bakedbot-for-brands\node_modules\jest-circus\build\legacy-code-todo-rewrite\jestAdapter.js:79:19)
          at runTestInternal (C:\Users\marte\Baked for Brands\bakedbot-for-brands\node_modules\jest-runner\build\runTest.js:367:16)
          at runTest (C:\Users\marte\Baked for Brands\bakedbot-for-brands\node_modules\jest-runner\build\runTest.js:444:34),
      type: 'unhandled exception'
    }

    [0m [90m 38 |[39m     [36mconst[39m onCancel [33m=[39m jest[33m.[39mfn()[33m;[39m
     [90m 39 |[39m
    [31m[1m>[22m[39m[90m 40 |[39m     render(
     [90m    |[39m           [31m[1m^[22m[39m
     [90m 41 |[39m       [33m<[39m[33mPlaybookSetupWizard[39m
     [90m 42 |[39m         playbook[33m=[39m{mockPlaybook}
     [90m 43 |[39m         open[33m=[39m{[36mtrue[39m}[0m

      at VirtualConsole.<anonymous> (node_modules/jest-environment-jsdom/build/index.js:63:23)
      at reportException (node_modules/jsdom/lib/jsdom/living/helpers/runtime-script-errors.js:70:28)
      at innerInvokeEventListeners (node_modules/jsdom/lib/jsdom/living/events/EventTarget-impl.js:353:9)
      at invokeEventListeners (node_modules/jsdom/lib/jsdom/living/events/EventTarget-impl.js:286:3)
      at HTMLUnknownElementImpl._dispatch (node_modules/jsdom/lib/jsdom/living/events/EventTarget-impl.js:233:9)
      at HTMLUnknownElementImpl.dispatchEvent (node_modules/jsdom/lib/jsdom/living/events/EventTarget-impl.js:104:17)
      at HTMLUnknownElement.dispatchEvent (node_modules/jsdom/lib/jsdom/living/generated/EventTarget.js:241:34)
      at Object.invokeGuardedCallbackDev (node_modules/react-dom/cjs/react-dom.development.js:4213:16)
      at invokeGuardedCallback (node_modules/react-dom/cjs/react-dom.development.js:4277:31)
      at beginWork$1 (node_modules/react-dom/cjs/react-dom.development.js:27490:7)
      at performUnitOfWork (node_modules/react-dom/cjs/react-dom.development.js:26599:12)
      at workLoopSync (node_modules/react-dom/cjs/react-dom.development.js:26505:5)
      at renderRootSync (node_modules/react-dom/cjs/react-dom.development.js:26473:7)
      at recoverFromConcurrentError (node_modules/react-dom/cjs/react-dom.development.js:25889:20)
      at performConcurrentWorkOnRoot (node_modules/react-dom/cjs/react-dom.development.js:25789:22)
      at flushActQueue (node_modules/react/cjs/react.development.js:2667:24)
      at act (node_modules/react/cjs/react.development.js:2582:11)
      at node_modules/@testing-library/react/dist/act-compat.js:47:25
      at renderRoot (node_modules/@testing-library/react/dist/pure.js:190:26)
      at render (node_modules/@testing-library/react/dist/pure.js:292:10)
      at Object.<anonymous> (tests/components/playbook-setup-wizard.test.tsx:40:11)

  console.error
    The above error occurred in the <div> component:
    
        at div
        at div
        at div
        at children (C:\Users\marte\Baked for Brands\bakedbot-for-brands\tests\components\playbook-setup-wizard.test.tsx:9:21)
        at div
        at children (C:\Users\marte\Baked for Brands\bakedbot-for-brands\tests\components\playbook-setup-wizard.test.tsx:8:14)
        at playbook (C:\Users\marte\Baked for Brands\bakedbot-for-brands\src\app\dashboard\playbooks\components\playbook-setup-wizard.tsx:92:5)
    
    Consider adding an error boundary to your tree to customize error handling behavior.
    Visit https://reactjs.org/link/error-boundaries to learn more about error boundaries.

    [0m [90m 38 |[39m     [36mconst[39m onCancel [33m=[39m jest[33m.[39mfn()[33m;[39m
     [90m 39 |[39m
    [31m[1m>[22m[39m[90m 40 |[39m     render(
     [90m    |[39m           [31m[1m^[22m[39m
     [90m 41 |[39m       [33m<[39m[33mPlaybookSetupWizard[39m
     [90m 42 |[39m         playbook[33m=[39m{mockPlaybook}
     [90m 43 |[39m         open[33m=[39m{[36mtrue[39m}[0m

      at logCapturedError (node_modules/react-dom/cjs/react-dom.development.js:18704:23)
      at update.callback (node_modules/react-dom/cjs/react-dom.development.js:18737:5)
      at callCallback (node_modules/react-dom/cjs/react-dom.development.js:15036:12)
      at commitUpdateQueue (node_modules/react-dom/cjs/react-dom.development.js:15057:9)
      at commitLayoutEffectOnFiber (node_modules/react-dom/cjs/react-dom.development.js:23430:13)
      at commitLayoutMountEffects_complete (node_modules/react-dom/cjs/react-dom.development.js:24727:9)
      at commitLayoutEffects_begin (node_modules/react-dom/cjs/react-dom.development.js:24713:7)
      at commitLayoutEffects (node_modules/react-dom/cjs/react-dom.development.js:24651:3)
      at commitRootImpl (node_modules/react-dom/cjs/react-dom.development.js:26862:5)
      at commitRoot (node_modules/react-dom/cjs/react-dom.development.js:26721:5)
      at finishConcurrentRender (node_modules/react-dom/cjs/react-dom.development.js:25931:9)
      at performConcurrentWorkOnRoot (node_modules/react-dom/cjs/react-dom.development.js:25848:7)
      at flushActQueue (node_modules/react/cjs/react.development.js:2667:24)
      at act (node_modules/react/cjs/react.development.js:2582:11)
      at node_modules/@testing-library/react/dist/act-compat.js:47:25
      at renderRoot (node_modules/@testing-library/react/dist/pure.js:190:26)
      at render (node_modules/@testing-library/react/dist/pure.js:292:10)
      at Object.<anonymous> (tests/components/playbook-setup-wizard.test.tsx:40:11)

  console.error
    The above error occurred in the <button> component:
    
        at button
        at className (C:\Users\marte\Baked for Brands\bakedbot-for-brands\src\components\ui\button.tsx:44:6)
        at div
        at children (C:\Users\marte\Baked for Brands\bakedbot-for-brands\tests\components\playbook-setup-wizard.test.tsx:13:20)
        at div
        at children (C:\Users\marte\Baked for Brands\bakedbot-for-brands\tests\components\playbook-setup-wizard.test.tsx:9:21)
        at div
        at children (C:\Users\marte\Baked for Brands\bakedbot-for-brands\tests\components\playbook-setup-wizard.test.tsx:8:14)
        at playbook (C:\Users\marte\Baked for Brands\bakedbot-for-brands\src\app\dashboard\playbooks\components\playbook-setup-wizard.tsx:92:5)
    
    Consider adding an error boundary to your tree to customize error handling behavior.
    Visit https://reactjs.org/link/error-boundaries to learn more about error boundaries.

    [0m [90m 38 |[39m     [36mconst[39m onCancel [33m=[39m jest[33m.[39mfn()[33m;[39m
     [90m 39 |[39m
    [31m[1m>[22m[39m[90m 40 |[39m     render(
     [90m    |[39m           [31m[1m^[22m[39m
     [90m 41 |[39m       [33m<[39m[33mPlaybookSetupWizard[39m
     [90m 42 |[39m         playbook[33m=[39m{mockPlaybook}
     [90m 43 |[39m         open[33m=[39m{[36mtrue[39m}[0m

      at logCapturedError (node_modules/react-dom/cjs/react-dom.development.js:18704:23)
      at update.callback (node_modules/react-dom/cjs/react-dom.development.js:18737:5)
      at callCallback (node_modules/react-dom/cjs/react-dom.development.js:15036:12)
      at commitUpdateQueue (node_modules/react-dom/cjs/react-dom.development.js:15057:9)
      at commitLayoutEffectOnFiber (node_modules/react-dom/cjs/react-dom.development.js:23430:13)
      at commitLayoutMountEffects_complete (node_modules/react-dom/cjs/react-dom.development.js:24727:9)
      at commitLayoutEffects_begin (node_modules/react-dom/cjs/react-dom.development.js:24713:7)
      at commitLayoutEffects (node_modules/react-dom/cjs/react-dom.development.js:24651:3)
      at commitRootImpl (node_modules/react-dom/cjs/react-dom.development.js:26862:5)
      at commitRoot (node_modules/react-dom/cjs/react-dom.development.js:26721:5)
      at finishConcurrentRender (node_modules/react-dom/cjs/react-dom.development.js:25931:9)
      at performConcurrentWorkOnRoot (node_modules/react-dom/cjs/react-dom.development.js:25848:7)
      at flushActQueue (node_modules/react/cjs/react.development.js:2667:24)
      at act (node_modules/react/cjs/react.development.js:2582:11)
      at node_modules/@testing-library/react/dist/act-compat.js:47:25
      at renderRoot (node_modules/@testing-library/react/dist/pure.js:190:26)
      at render (node_modules/@testing-library/react/dist/pure.js:292:10)
      at Object.<anonymous> (tests/components/playbook-setup-wizard.test.tsx:40:11)

  console.error
    Warning: React.jsx: type is invalid -- expected a string (for built-in components) or a class/function (for composite components) but got: undefined. You likely forgot to export your component from the file it's defined in, or you might have mixed up default and named imports.
    
    Check the render method of `PlaybookSetupWizard`.
        at playbook (C:\Users\marte\Baked for Brands\bakedbot-for-brands\src\app\dashboard\playbooks\components\playbook-setup-wizard.tsx:92:5)

    [0m [90m 185 |[39m                     [33m<[39m[33mdiv[39m className[33m=[39m[32m"space-y-4 py-4"[39m[33m>[39m
     [90m 186 |[39m                         [33m<[39m[33mdiv[39m className[33m=[39m[32m"flex items-center gap-2 text-sm text-muted-foreground"[39m[33m>[39m
    [31m[1m>[22m[39m[90m 187 |[39m                             [33m<[39m[33mShield[39m className[33m=[39m[32m"h-4 w-4"[39m [33m/[39m[33m>[39m
     [90m     |[39m                             [31m[1m^[22m[39m
     [90m 188 |[39m                             [33m<[39m[33mspan[39m[33m>[39m[33mThis[39m playbook requires access to[33m:[39m[33m<[39m[33m/[39m[33mspan[39m[33m>[39m
     [90m 189 |[39m                         [33m<[39m[33m/[39m[33mdiv[39m[33m>[39m
     [90m 190 |[39m                         [33m<[39m[33mdiv[39m className[33m=[39m[32m"space-y-3"[39m[33m>[39m[0m

      at printWarning (node_modules/react/cjs/react-jsx-runtime.development.js:87:30)
      at error (node_modules/react/cjs/react-jsx-runtime.development.js:61:7)
      at jsxWithValidation (node_modules/react/cjs/react-jsx-runtime.development.js:1245:7)
      at jsxWithValidationDynamic (node_modules/react/cjs/react-jsx-runtime.development.js:1320:12)
      at PlaybookSetupWizard (src/app/dashboard/playbooks/components/playbook-setup-wizard.tsx:187:29)
      at renderWithHooks (node_modules/react-dom/cjs/react-dom.development.js:15486:18)
      at mountIndeterminateComponent (node_modules/react-dom/cjs/react-dom.development.js:20103:13)
      at beginWork (node_modules/react-dom/cjs/react-dom.development.js:21626:16)
      at beginWork$1 (node_modules/react-dom/cjs/react-dom.development.js:27465:14)
      at performUnitOfWork (node_modules/react-dom/cjs/react-dom.development.js:26599:12)
      at workLoopSync (node_modules/react-dom/cjs/react-dom.development.js:26505:5)
      at renderRootSync (node_modules/react-dom/cjs/react-dom.development.js:26473:7)
      at performConcurrentWorkOnRoot (node_modules/react-dom/cjs/react-dom.development.js:25777:74)
      at flushActQueue (node_modules/react/cjs/react.development.js:2667:24)
      at act (node_modules/react/cjs/react.development.js:2582:11)
      at node_modules/@testing-library/react/dist/act-compat.js:47:25
      at renderRoot (node_modules/@testing-library/react/dist/pure.js:190:26)
      at render (node_modules/@testing-library/react/dist/pure.js:292:10)
      at Object.<anonymous> (tests/components/playbook-setup-wizard.test.tsx:58:11)

  console.error
    Warning: React.jsx: type is invalid -- expected a string (for built-in components) or a class/function (for composite components) but got: undefined. You likely forgot to export your component from the file it's defined in, or you might have mixed up default and named imports.
    
    Check the render method of `PlaybookSetupWizard`.
        at playbook (C:\Users\marte\Baked for Brands\bakedbot-for-brands\src\app\dashboard\playbooks\components\playbook-setup-wizard.tsx:92:5)

    [0m [90m 359 |[39m                         [33m>[39m
     [90m 360 |[39m                             [33mContinue[39m
    [31m[1m>[22m[39m[90m 361 |[39m                             [33m<[39m[33mArrowRight[39m className[33m=[39m[32m"h-4 w-4 ml-2"[39m [33m/[39m[33m>[39m
     [90m     |[39m                             [31m[1m^[22m[39m
     [90m 362 |[39m                         [33m<[39m[33m/[39m[33mButton[39m[33m>[39m
     [90m 363 |[39m                     )}
     [90m 364 |[39m                 [33m<[39m[33m/[39m[33mDialogFooter[39m[33m>[39m[0m

      at printWarning (node_modules/react/cjs/react-jsx-runtime.development.js:87:30)
      at error (node_modules/react/cjs/react-jsx-runtime.development.js:61:7)
      at jsxWithValidation (node_modules/react/cjs/react-jsx-runtime.development.js:1245:7)
      at jsxWithValidationDynamic (node_modules/react/cjs/react-jsx-runtime.development.js:1320:12)
      at PlaybookSetupWizard (src/app/dashboard/playbooks/components/playbook-setup-wizard.tsx:361:29)
      at renderWithHooks (node_modules/react-dom/cjs/react-dom.development.js:15486:18)
      at mountIndeterminateComponent (node_modules/react-dom/cjs/react-dom.development.js:20103:13)
      at beginWork (node_modules/react-dom/cjs/react-dom.development.js:21626:16)
      at beginWork$1 (node_modules/react-dom/cjs/react-dom.development.js:27465:14)
      at performUnitOfWork (node_modules/react-dom/cjs/react-dom.development.js:26599:12)
      at workLoopSync (node_modules/react-dom/cjs/react-dom.development.js:26505:5)
      at renderRootSync (node_modules/react-dom/cjs/react-dom.development.js:26473:7)
      at performConcurrentWorkOnRoot (node_modules/react-dom/cjs/react-dom.development.js:25777:74)
      at flushActQueue (node_modules/react/cjs/react.development.js:2667:24)
      at act (node_modules/react/cjs/react.development.js:2582:11)
      at node_modules/@testing-library/react/dist/act-compat.js:47:25
      at renderRoot (node_modules/@testing-library/react/dist/pure.js:190:26)
      at render (node_modules/@testing-library/react/dist/pure.js:292:10)
      at Object.<anonymous> (tests/components/playbook-setup-wizard.test.tsx:58:11)

  console.error
    Error: Uncaught [Error: Element type is invalid: expected a string (for built-in components) or a class/function (for composite components) but got: undefined. You likely forgot to export your component from the file it's defined in, or you might have mixed up default and named imports.
    
    Check the render method of `PlaybookSetupWizard`.]
        at Object.<anonymous> (C:\Users\marte\Baked for Brands\bakedbot-for-brands\tests\components\playbook-setup-wizard.test.tsx:58:11)
        at new Promise (<anonymous>) {
      detail: Error: Element type is invalid: expected a string (for built-in components) or a class/function (for composite components) but got: undefined. You likely forgot to export your component from the file it's defined in, or you might have mixed up default and named imports.
      
      Check the render method of `PlaybookSetupWizard`.
          at createFiberFromTypeAndProps (C:\Users\marte\Baked for Brands\bakedbot-for-brands\node_modules\react-dom\cjs\react-dom.development.js:28478:17)
          at createFiberFromElement (C:\Users\marte\Baked for Brands\bakedbot-for-brands\node_modules\react-dom\cjs\react-dom.development.js:28504:15)
          at createChild (C:\Users\marte\Baked for Brands\bakedbot-for-brands\node_modules\react-dom\cjs\react-dom.development.js:13345:28)
          at reconcileChildrenArray (C:\Users\marte\Baked for Brands\bakedbot-for-brands\node_modules\react-dom\cjs\react-dom.development.js:13640:25)
          at reconcileChildFibers (C:\Users\marte\Baked for Brands\bakedbot-for-brands\node_modules\react-dom\cjs\react-dom.development.js:14057:16)
          at reconcileChildren (C:\Users\marte\Baked for Brands\bakedbot-for-brands\node_modules\react-dom\cjs\react-dom.development.js:19186:28)
          at updateHostComponent (C:\Users\marte\Baked for Brands\bakedbot-for-brands\node_modules\react-dom\cjs\react-dom.development.js:19953:3)
          at beginWork (C:\Users\marte\Baked for Brands\bakedbot-for-brands\node_modules\react-dom\cjs\react-dom.development.js:21657:14)
          at HTMLUnknownElement.callCallback (C:\Users\marte\Baked for Brands\bakedbot-for-brands\node_modules\react-dom\cjs\react-dom.development.js:4164:14)
          at HTMLUnknownElement.callTheUserObjectsOperation (C:\Users\marte\Baked for Brands\bakedbot-for-brands\node_modules\jsdom\lib\jsdom\living\generated\EventListener.js:26:30)
          at innerInvokeEventListeners (C:\Users\marte\Baked for Brands\bakedbot-for-brands\node_modules\jsdom\lib\jsdom\living\events\EventTarget-impl.js:350:25)
          at invokeEventListeners (C:\Users\marte\Baked for Brands\bakedbot-for-brands\node_modules\jsdom\lib\jsdom\living\events\EventTarget-impl.js:286:3)
          at HTMLUnknownElementImpl._dispatch (C:\Users\marte\Baked for Brands\bakedbot-for-brands\node_modules\jsdom\lib\jsdom\living\events\EventTarget-impl.js:233:9)
          at HTMLUnknownElementImpl.dispatchEvent (C:\Users\marte\Baked for Brands\bakedbot-for-brands\node_modules\jsdom\lib\jsdom\living\events\EventTarget-impl.js:104:17)
          at HTMLUnknownElement.dispatchEvent (C:\Users\marte\Baked for Brands\bakedbot-for-brands\node_modules\jsdom\lib\jsdom\living\generated\EventTarget.js:241:34)
          at Object.invokeGuardedCallbackDev (C:\Users\marte\Baked for Brands\bakedbot-for-brands\node_modules\react-dom\cjs\react-dom.development.js:4213:16)
          at invokeGuardedCallback (C:\Users\marte\Baked for Brands\bakedbot-for-brands\node_modules\react-dom\cjs\react-dom.development.js:4277:31)
          at beginWork$1 (C:\Users\marte\Baked for Brands\bakedbot-for-brands\node_modules\react-dom\cjs\react-dom.development.js:27490:7)
          at performUnitOfWork (C:\Users\marte\Baked for Brands\bakedbot-for-brands\node_modules\react-dom\cjs\react-dom.development.js:26599:12)
          at workLoopSync (C:\Users\marte\Baked for Brands\bakedbot-for-brands\node_modules\react-dom\cjs\react-dom.development.js:26505:5)
          at renderRootSync (C:\Users\marte\Baked for Brands\bakedbot-for-brands\node_modules\react-dom\cjs\react-dom.development.js:26473:7)
          at performConcurrentWorkOnRoot (C:\Users\marte\Baked for Brands\bakedbot-for-brands\node_modules\react-dom\cjs\react-dom.development.js:25777:74)
          at flushActQueue (C:\Users\marte\Baked for Brands\bakedbot-for-brands\node_modules\react\cjs\react.development.js:2667:24)
          at act (C:\Users\marte\Baked for Brands\bakedbot-for-brands\node_modules\react\cjs\react.development.js:2582:11)
          at C:\Users\marte\Baked for Brands\bakedbot-for-brands\node_modules\@testing-library\react\dist\act-compat.js:47:25
          at renderRoot (C:\Users\marte\Baked for Brands\bakedbot-for-brands\node_modules\@testing-library\react\dist\pure.js:190:26)
          at render (C:\Users\marte\Baked for Brands\bakedbot-for-brands\node_modules\@testing-library\react\dist\pure.js:292:10)
          at Object.<anonymous> (C:\Users\marte\Baked for Brands\bakedbot-for-brands\tests\components\playbook-setup-wizard.test.tsx:58:11)
          at Promise.then.completed (C:\Users\marte\Baked for Brands\bakedbot-for-brands\node_modules\jest-circus\build\utils.js:298:28)
          at new Promise (<anonymous>)
          at callAsyncCircusFn (C:\Users\marte\Baked for Brands\bakedbot-for-brands\node_modules\jest-circus\build\utils.js:231:10)
          at _callCircusTest (C:\Users\marte\Baked for Brands\bakedbot-for-brands\node_modules\jest-circus\build\run.js:316:40)
          at _runTest (C:\Users\marte\Baked for Brands\bakedbot-for-brands\node_modules\jest-circus\build\run.js:252:3)
          at _runTestsForDescribeBlock (C:\Users\marte\Baked for Brands\bakedbot-for-brands\node_modules\jest-circus\build\run.js:126:9)
          at _runTestsForDescribeBlock (C:\Users\marte\Baked for Brands\bakedbot-for-brands\node_modules\jest-circus\build\run.js:121:9)
          at run (C:\Users\marte\Baked for Brands\bakedbot-for-brands\node_modules\jest-circus\build\run.js:71:3)
          at runAndTransformResultsToJestFormat (C:\Users\marte\Baked for Brands\bakedbot-for-brands\node_modules\jest-circus\build\legacy-code-todo-rewrite\jestAdapterInit.js:122:21)
          at jestAdapter (C:\Users\marte\Baked for Brands\bakedbot-for-brands\node_modules\jest-circus\build\legacy-code-todo-rewrite\jestAdapter.js:79:19)
          at runTestInternal (C:\Users\marte\Baked for Brands\bakedbot-for-brands\node_modules\jest-runner\build\runTest.js:367:16)
          at runTest (C:\Users\marte\Baked for Brands\bakedbot-for-brands\node_modules\jest-runner\build\runTest.js:444:34),
      type: 'unhandled exception'
    }

    [0m [90m 56 |[39m     [36mconst[39m onCancel [33m=[39m jest[33m.[39mfn()[33m;[39m
     [90m 57 |[39m
    [31m[1m>[22m[39m[90m 58 |[39m     render(
     [90m    |[39m           [31m[1m^[22m[39m
     [90m 59 |[39m       [33m<[39m[33mPlaybookSetupWizard[39m
     [90m 60 |[39m         playbook[33m=[39m{mockPlaybook}
     [90m 61 |[39m         open[33m=[39m{[36mtrue[39m}[0m

      at VirtualConsole.<anonymous> (node_modules/jest-environment-jsdom/build/index.js:63:23)
      at reportException (node_modules/jsdom/lib/jsdom/living/helpers/runtime-script-errors.js:70:28)
      at innerInvokeEventListeners (node_modules/jsdom/lib/jsdom/living/events/EventTarget-impl.js:353:9)
      at invokeEventListeners (node_modules/jsdom/lib/jsdom/living/events/EventTarget-impl.js:286:3)
      at HTMLUnknownElementImpl._dispatch (node_modules/jsdom/lib/jsdom/living/events/EventTarget-impl.js:233:9)
      at HTMLUnknownElementImpl.dispatchEvent (node_modules/jsdom/lib/jsdom/living/events/EventTarget-impl.js:104:17)
      at HTMLUnknownElement.dispatchEvent (node_modules/jsdom/lib/jsdom/living/generated/EventTarget.js:241:34)
      at Object.invokeGuardedCallbackDev (node_modules/react-dom/cjs/react-dom.development.js:4213:16)
      at invokeGuardedCallback (node_modules/react-dom/cjs/react-dom.development.js:4277:31)
      at beginWork$1 (node_modules/react-dom/cjs/react-dom.development.js:27490:7)
      at performUnitOfWork (node_modules/react-dom/cjs/react-dom.development.js:26599:12)
      at workLoopSync (node_modules/react-dom/cjs/react-dom.development.js:26505:5)
      at renderRootSync (node_modules/react-dom/cjs/react-dom.development.js:26473:7)
      at performConcurrentWorkOnRoot (node_modules/react-dom/cjs/react-dom.development.js:25777:74)
      at flushActQueue (node_modules/react/cjs/react.development.js:2667:24)
      at act (node_modules/react/cjs/react.development.js:2582:11)
      at node_modules/@testing-library/react/dist/act-compat.js:47:25
      at renderRoot (node_modules/@testing-library/react/dist/pure.js:190:26)
      at render (node_modules/@testing-library/react/dist/pure.js:292:10)
      at Object.<anonymous> (tests/components/playbook-setup-wizard.test.tsx:58:11)

  console.error
    Warning: React.jsx: type is invalid -- expected a string (for built-in components) or a class/function (for composite components) but got: undefined. You likely forgot to export your component from the file it's defined in, or you might have mixed up default and named imports.
    
    Check the render method of `Checkbox`.
        at className (C:\Users\marte\Baked for Brands\bakedbot-for-brands\src\components\ui\checkbox.tsx:13:6)
        at div
        at div
        at div
        at div
        at children (C:\Users\marte\Baked for Brands\bakedbot-for-brands\tests\components\playbook-setup-wizard.test.tsx:9:21)
        at div
        at children (C:\Users\marte\Baked for Brands\bakedbot-for-brands\tests\components\playbook-setup-wizard.test.tsx:8:14)
        at playbook (C:\Users\marte\Baked for Brands\bakedbot-for-brands\src\app\dashboard\playbooks\components\playbook-setup-wizard.tsx:92:5)

    [0m [90m 23 |[39m       className[33m=[39m{cn([32m"flex items-center justify-center text-current"[39m)}
     [90m 24 |[39m     [33m>[39m
    [31m[1m>[22m[39m[90m 25 |[39m       [33m<[39m[33mCheck[39m className[33m=[39m[32m"h-4 w-4"[39m [33m/[39m[33m>[39m
     [90m    |[39m       [31m[1m^[22m[39m
     [90m 26 |[39m     [33m<[39m[33m/[39m[33mCheckboxPrimitive[39m[33m.[39m[33mIndicator[39m[33m>[39m
     [90m 27 |[39m   [33m<[39m[33m/[39m[33mCheckboxPrimitive[39m[33m.[39m[33mRoot[39m[33m>[39m
     [90m 28 |[39m ))[0m

      at printWarning (node_modules/react/cjs/react-jsx-runtime.development.js:87:30)
      at error (node_modules/react/cjs/react-jsx-runtime.development.js:61:7)
      at jsxWithValidation (node_modules/react/cjs/react-jsx-runtime.development.js:1245:7)
      at jsxWithValidationDynamic (node_modules/react/cjs/react-jsx-runtime.development.js:1320:12)
      at src/components/ui/checkbox.tsx:25:7
      at renderWithHooks (node_modules/react-dom/cjs/react-dom.development.js:15486:18)
      at updateForwardRef (node_modules/react-dom/cjs/react-dom.development.js:19245:20)
      at beginWork (node_modules/react-dom/cjs/react-dom.development.js:21675:16)
      at beginWork$1 (node_modules/react-dom/cjs/react-dom.development.js:27465:14)
      at performUnitOfWork (node_modules/react-dom/cjs/react-dom.development.js:26599:12)
      at workLoopSync (node_modules/react-dom/cjs/react-dom.development.js:26505:5)
      at renderRootSync (node_modules/react-dom/cjs/react-dom.development.js:26473:7)
      at performConcurrentWorkOnRoot (node_modules/react-dom/cjs/react-dom.development.js:25777:74)
      at flushActQueue (node_modules/react/cjs/react.development.js:2667:24)
      at act (node_modules/react/cjs/react.development.js:2582:11)
      at node_modules/@testing-library/react/dist/act-compat.js:47:25
      at renderRoot (node_modules/@testing-library/react/dist/pure.js:190:26)
      at render (node_modules/@testing-library/react/dist/pure.js:292:10)
      at Object.<anonymous> (tests/components/playbook-setup-wizard.test.tsx:58:11)

  console.error
    Warning: React.jsx: type is invalid -- expected a string (for built-in components) or a class/function (for composite components) but got: undefined. You likely forgot to export your component from the file it's defined in, or you might have mixed up default and named imports.
    
    Check the render method of `Checkbox`.
        at className (C:\Users\marte\Baked for Brands\bakedbot-for-brands\src\components\ui\checkbox.tsx:13:6)
        at div
        at div
        at div
        at div
        at children (C:\Users\marte\Baked for Brands\bakedbot-for-brands\tests\components\playbook-setup-wizard.test.tsx:9:21)
        at div
        at children (C:\Users\marte\Baked for Brands\bakedbot-for-brands\tests\components\playbook-setup-wizard.test.tsx:8:14)
        at playbook (C:\Users\marte\Baked for Brands\bakedbot-for-brands\src\app\dashboard\playbooks\components\playbook-setup-wizard.tsx:92:5)

    [0m [90m 23 |[39m       className[33m=[39m{cn([32m"flex items-center justify-center text-current"[39m)}
     [90m 24 |[39m     [33m>[39m
    [31m[1m>[22m[39m[90m 25 |[39m       [33m<[39m[33mCheck[39m className[33m=[39m[32m"h-4 w-4"[39m [33m/[39m[33m>[39m
     [90m    |[39m       [31m[1m^[22m[39m
     [90m 26 |[39m     [33m<[39m[33m/[39m[33mCheckboxPrimitive[39m[33m.[39m[33mIndicator[39m[33m>[39m
     [90m 27 |[39m   [33m<[39m[33m/[39m[33mCheckboxPrimitive[39m[33m.[39m[33mRoot[39m[33m>[39m
     [90m 28 |[39m ))[0m

      at printWarning (node_modules/react/cjs/react-jsx-runtime.development.js:87:30)
      at error (node_modules/react/cjs/react-jsx-runtime.development.js:61:7)
      at jsxWithValidation (node_modules/react/cjs/react-jsx-runtime.development.js:1245:7)
      at jsxWithValidationDynamic (node_modules/react/cjs/react-jsx-runtime.development.js:1320:12)
      at src/components/ui/checkbox.tsx:25:7
      at renderWithHooks (node_modules/react-dom/cjs/react-dom.development.js:15486:18)
      at updateForwardRef (node_modules/react-dom/cjs/react-dom.development.js:19245:20)
      at beginWork (node_modules/react-dom/cjs/react-dom.development.js:21675:16)
      at beginWork$1 (node_modules/react-dom/cjs/react-dom.development.js:27465:14)
      at performUnitOfWork (node_modules/react-dom/cjs/react-dom.development.js:26599:12)
      at workLoopSync (node_modules/react-dom/cjs/react-dom.development.js:26505:5)
      at renderRootSync (node_modules/react-dom/cjs/react-dom.development.js:26473:7)
      at performConcurrentWorkOnRoot (node_modules/react-dom/cjs/react-dom.development.js:25777:74)
      at flushActQueue (node_modules/react/cjs/react.development.js:2667:24)
      at act (node_modules/react/cjs/react.development.js:2582:11)
      at node_modules/@testing-library/react/dist/act-compat.js:47:25
      at renderRoot (node_modules/@testing-library/react/dist/pure.js:190:26)
      at render (node_modules/@testing-library/react/dist/pure.js:292:10)
      at Object.<anonymous> (tests/components/playbook-setup-wizard.test.tsx:58:11)

  console.error
    Error: Uncaught [Error: Element type is invalid: expected a string (for built-in components) or a class/function (for composite components) but got: undefined. You likely forgot to export your component from the file it's defined in, or you might have mixed up default and named imports.
    
    Check the render method of `PlaybookSetupWizard`.]
        at Object.<anonymous> (C:\Users\marte\Baked for Brands\bakedbot-for-brands\tests\components\playbook-setup-wizard.test.tsx:58:11)
        at new Promise (<anonymous>) {
      detail: Error: Element type is invalid: expected a string (for built-in components) or a class/function (for composite components) but got: undefined. You likely forgot to export your component from the file it's defined in, or you might have mixed up default and named imports.
      
      Check the render method of `PlaybookSetupWizard`.
          at createFiberFromTypeAndProps (C:\Users\marte\Baked for Brands\bakedbot-for-brands\node_modules\react-dom\cjs\react-dom.development.js:28478:17)
          at createFiberFromElement (C:\Users\marte\Baked for Brands\bakedbot-for-brands\node_modules\react-dom\cjs\react-dom.development.js:28504:15)
          at createChild (C:\Users\marte\Baked for Brands\bakedbot-for-brands\node_modules\react-dom\cjs\react-dom.development.js:13345:28)
          at reconcileChildrenArray (C:\Users\marte\Baked for Brands\bakedbot-for-brands\node_modules\react-dom\cjs\react-dom.development.js:13640:25)
          at reconcileChildFibers (C:\Users\marte\Baked for Brands\bakedbot-for-brands\node_modules\react-dom\cjs\react-dom.development.js:14057:16)
          at reconcileChildren (C:\Users\marte\Baked for Brands\bakedbot-for-brands\node_modules\react-dom\cjs\react-dom.development.js:19186:28)
          at updateHostComponent (C:\Users\marte\Baked for Brands\bakedbot-for-brands\node_modules\react-dom\cjs\react-dom.development.js:19953:3)
          at beginWork (C:\Users\marte\Baked for Brands\bakedbot-for-brands\node_modules\react-dom\cjs\react-dom.development.js:21657:14)
          at HTMLUnknownElement.callCallback (C:\Users\marte\Baked for Brands\bakedbot-for-brands\node_modules\react-dom\cjs\react-dom.development.js:4164:14)
          at HTMLUnknownElement.callTheUserObjectsOperation (C:\Users\marte\Baked for Brands\bakedbot-for-brands\node_modules\jsdom\lib\jsdom\living\generated\EventListener.js:26:30)
          at innerInvokeEventListeners (C:\Users\marte\Baked for Brands\bakedbot-for-brands\node_modules\jsdom\lib\jsdom\living\events\EventTarget-impl.js:350:25)
          at invokeEventListeners (C:\Users\marte\Baked for Brands\bakedbot-for-brands\node_modules\jsdom\lib\jsdom\living\events\EventTarget-impl.js:286:3)
          at HTMLUnknownElementImpl._dispatch (C:\Users\marte\Baked for Brands\bakedbot-for-brands\node_modules\jsdom\lib\jsdom\living\events\EventTarget-impl.js:233:9)
          at HTMLUnknownElementImpl.dispatchEvent (C:\Users\marte\Baked for Brands\bakedbot-for-brands\node_modules\jsdom\lib\jsdom\living\events\EventTarget-impl.js:104:17)
          at HTMLUnknownElement.dispatchEvent (C:\Users\marte\Baked for Brands\bakedbot-for-brands\node_modules\jsdom\lib\jsdom\living\generated\EventTarget.js:241:34)
          at Object.invokeGuardedCallbackDev (C:\Users\marte\Baked for Brands\bakedbot-for-brands\node_modules\react-dom\cjs\react-dom.development.js:4213:16)
          at invokeGuardedCallback (C:\Users\marte\Baked for Brands\bakedbot-for-brands\node_modules\react-dom\cjs\react-dom.development.js:4277:31)
          at beginWork$1 (C:\Users\marte\Baked for Brands\bakedbot-for-brands\node_modules\react-dom\cjs\react-dom.development.js:27490:7)
          at performUnitOfWork (C:\Users\marte\Baked for Brands\bakedbot-for-brands\node_modules\react-dom\cjs\react-dom.development.js:26599:12)
          at workLoopSync (C:\Users\marte\Baked for Brands\bakedbot-for-brands\node_modules\react-dom\cjs\react-dom.development.js:26505:5)
          at renderRootSync (C:\Users\marte\Baked for Brands\bakedbot-for-brands\node_modules\react-dom\cjs\react-dom.development.js:26473:7)
          at performConcurrentWorkOnRoot (C:\Users\marte\Baked for Brands\bakedbot-for-brands\node_modules\react-dom\cjs\react-dom.development.js:25777:74)
          at flushActQueue (C:\Users\marte\Baked for Brands\bakedbot-for-brands\node_modules\react\cjs\react.development.js:2667:24)
          at act (C:\Users\marte\Baked for Brands\bakedbot-for-brands\node_modules\react\cjs\react.development.js:2582:11)
          at C:\Users\marte\Baked for Brands\bakedbot-for-brands\node_modules\@testing-library\react\dist\act-compat.js:47:25
          at renderRoot (C:\Users\marte\Baked for Brands\bakedbot-for-brands\node_modules\@testing-library\react\dist\pure.js:190:26)
          at render (C:\Users\marte\Baked for Brands\bakedbot-for-brands\node_modules\@testing-library\react\dist\pure.js:292:10)
          at Object.<anonymous> (C:\Users\marte\Baked for Brands\bakedbot-for-brands\tests\components\playbook-setup-wizard.test.tsx:58:11)
          at Promise.then.completed (C:\Users\marte\Baked for Brands\bakedbot-for-brands\node_modules\jest-circus\build\utils.js:298:28)
          at new Promise (<anonymous>)
          at callAsyncCircusFn (C:\Users\marte\Baked for Brands\bakedbot-for-brands\node_modules\jest-circus\build\utils.js:231:10)
          at _callCircusTest (C:\Users\marte\Baked for Brands\bakedbot-for-brands\node_modules\jest-circus\build\run.js:316:40)
          at _runTest (C:\Users\marte\Baked for Brands\bakedbot-for-brands\node_modules\jest-circus\build\run.js:252:3)
          at _runTestsForDescribeBlock (C:\Users\marte\Baked for Brands\bakedbot-for-brands\node_modules\jest-circus\build\run.js:126:9)
          at _runTestsForDescribeBlock (C:\Users\marte\Baked for Brands\bakedbot-for-brands\node_modules\jest-circus\build\run.js:121:9)
          at run (C:\Users\marte\Baked for Brands\bakedbot-for-brands\node_modules\jest-circus\build\run.js:71:3)
          at runAndTransformResultsToJestFormat (C:\Users\marte\Baked for Brands\bakedbot-for-brands\node_modules\jest-circus\build\legacy-code-todo-rewrite\jestAdapterInit.js:122:21)
          at jestAdapter (C:\Users\marte\Baked for Brands\bakedbot-for-brands\node_modules\jest-circus\build\legacy-code-todo-rewrite\jestAdapter.js:79:19)
          at runTestInternal (C:\Users\marte\Baked for Brands\bakedbot-for-brands\node_modules\jest-runner\build\runTest.js:367:16)
          at runTest (C:\Users\marte\Baked for Brands\bakedbot-for-brands\node_modules\jest-runner\build\runTest.js:444:34),
      type: 'unhandled exception'
    }

    [0m [90m 56 |[39m     [36mconst[39m onCancel [33m=[39m jest[33m.[39mfn()[33m;[39m
     [90m 57 |[39m
    [31m[1m>[22m[39m[90m 58 |[39m     render(
     [90m    |[39m           [31m[1m^[22m[39m
     [90m 59 |[39m       [33m<[39m[33mPlaybookSetupWizard[39m
     [90m 60 |[39m         playbook[33m=[39m{mockPlaybook}
     [90m 61 |[39m         open[33m=[39m{[36mtrue[39m}[0m

      at VirtualConsole.<anonymous> (node_modules/jest-environment-jsdom/build/index.js:63:23)
      at reportException (node_modules/jsdom/lib/jsdom/living/helpers/runtime-script-errors.js:70:28)
      at innerInvokeEventListeners (node_modules/jsdom/lib/jsdom/living/events/EventTarget-impl.js:353:9)
      at invokeEventListeners (node_modules/jsdom/lib/jsdom/living/events/EventTarget-impl.js:286:3)
      at HTMLUnknownElementImpl._dispatch (node_modules/jsdom/lib/jsdom/living/events/EventTarget-impl.js:233:9)
      at HTMLUnknownElementImpl.dispatchEvent (node_modules/jsdom/lib/jsdom/living/events/EventTarget-impl.js:104:17)
      at HTMLUnknownElement.dispatchEvent (node_modules/jsdom/lib/jsdom/living/generated/EventTarget.js:241:34)
      at Object.invokeGuardedCallbackDev (node_modules/react-dom/cjs/react-dom.development.js:4213:16)
      at invokeGuardedCallback (node_modules/react-dom/cjs/react-dom.development.js:4277:31)
      at beginWork$1 (node_modules/react-dom/cjs/react-dom.development.js:27490:7)
      at performUnitOfWork (node_modules/react-dom/cjs/react-dom.development.js:26599:12)
      at workLoopSync (node_modules/react-dom/cjs/react-dom.development.js:26505:5)
      at renderRootSync (node_modules/react-dom/cjs/react-dom.development.js:26473:7)
      at performConcurrentWorkOnRoot (node_modules/react-dom/cjs/react-dom.development.js:25777:74)
      at flushActQueue (node_modules/react/cjs/react.development.js:2667:24)
      at act (node_modules/react/cjs/react.development.js:2582:11)
      at node_modules/@testing-library/react/dist/act-compat.js:47:25
      at renderRoot (node_modules/@testing-library/react/dist/pure.js:190:26)
      at render (node_modules/@testing-library/react/dist/pure.js:292:10)
      at Object.<anonymous> (tests/components/playbook-setup-wizard.test.tsx:58:11)

  console.error
    Warning: React.jsx: type is invalid -- expected a string (for built-in components) or a class/function (for composite components) but got: undefined. You likely forgot to export your component from the file it's defined in, or you might have mixed up default and named imports.
    
    Check the render method of `PlaybookSetupWizard`.
        at playbook (C:\Users\marte\Baked for Brands\bakedbot-for-brands\src\app\dashboard\playbooks\components\playbook-setup-wizard.tsx:92:5)

    [0m [90m 185 |[39m                     [33m<[39m[33mdiv[39m className[33m=[39m[32m"space-y-4 py-4"[39m[33m>[39m
     [90m 186 |[39m                         [33m<[39m[33mdiv[39m className[33m=[39m[32m"flex items-center gap-2 text-sm text-muted-foreground"[39m[33m>[39m
    [31m[1m>[22m[39m[90m 187 |[39m                             [33m<[39m[33mShield[39m className[33m=[39m[32m"h-4 w-4"[39m [33m/[39m[33m>[39m
     [90m     |[39m                             [31m[1m^[22m[39m
     [90m 188 |[39m                             [33m<[39m[33mspan[39m[33m>[39m[33mThis[39m playbook requires access to[33m:[39m[33m<[39m[33m/[39m[33mspan[39m[33m>[39m
     [90m 189 |[39m                         [33m<[39m[33m/[39m[33mdiv[39m[33m>[39m
     [90m 190 |[39m                         [33m<[39m[33mdiv[39m className[33m=[39m[32m"space-y-3"[39m[33m>[39m[0m

      at printWarning (node_modules/react/cjs/react-jsx-runtime.development.js:87:30)
      at error (node_modules/react/cjs/react-jsx-runtime.development.js:61:7)
      at jsxWithValidation (node_modules/react/cjs/react-jsx-runtime.development.js:1245:7)
      at jsxWithValidationDynamic (node_modules/react/cjs/react-jsx-runtime.development.js:1320:12)
      at PlaybookSetupWizard (src/app/dashboard/playbooks/components/playbook-setup-wizard.tsx:187:29)
      at renderWithHooks (node_modules/react-dom/cjs/react-dom.development.js:15486:18)
      at mountIndeterminateComponent (node_modules/react-dom/cjs/react-dom.development.js:20103:13)
      at beginWork (node_modules/react-dom/cjs/react-dom.development.js:21626:16)
      at beginWork$1 (node_modules/react-dom/cjs/react-dom.development.js:27465:14)
      at performUnitOfWork (node_modules/react-dom/cjs/react-dom.development.js:26599:12)
      at workLoopSync (node_modules/react-dom/cjs/react-dom.development.js:26505:5)
      at renderRootSync (node_modules/react-dom/cjs/react-dom.development.js:26473:7)
      at recoverFromConcurrentError (node_modules/react-dom/cjs/react-dom.development.js:25889:20)
      at performConcurrentWorkOnRoot (node_modules/react-dom/cjs/react-dom.development.js:25789:22)
      at flushActQueue (node_modules/react/cjs/react.development.js:2667:24)
      at act (node_modules/react/cjs/react.development.js:2582:11)
      at node_modules/@testing-library/react/dist/act-compat.js:47:25
      at renderRoot (node_modules/@testing-library/react/dist/pure.js:190:26)
      at render (node_modules/@testing-library/react/dist/pure.js:292:10)
      at Object.<anonymous> (tests/components/playbook-setup-wizard.test.tsx:58:11)

  console.error
    Warning: React.jsx: type is invalid -- expected a string (for built-in components) or a class/function (for composite components) but got: undefined. You likely forgot to export your component from the file it's defined in, or you might have mixed up default and named imports.
    
    Check the render method of `PlaybookSetupWizard`.
        at playbook (C:\Users\marte\Baked for Brands\bakedbot-for-brands\src\app\dashboard\playbooks\components\playbook-setup-wizard.tsx:92:5)

    [0m [90m 359 |[39m                         [33m>[39m
     [90m 360 |[39m                             [33mContinue[39m
    [31m[1m>[22m[39m[90m 361 |[39m                             [33m<[39m[33mArrowRight[39m className[33m=[39m[32m"h-4 w-4 ml-2"[39m [33m/[39m[33m>[39m
     [90m     |[39m                             [31m[1m^[22m[39m
     [90m 362 |[39m                         [33m<[39m[33m/[39m[33mButton[39m[33m>[39m
     [90m 363 |[39m                     )}
     [90m 364 |[39m                 [33m<[39m[33m/[39m[33mDialogFooter[39m[33m>[39m[0m

      at printWarning (node_modules/react/cjs/react-jsx-runtime.development.js:87:30)
      at error (node_modules/react/cjs/react-jsx-runtime.development.js:61:7)
      at jsxWithValidation (node_modules/react/cjs/react-jsx-runtime.development.js:1245:7)
      at jsxWithValidationDynamic (node_modules/react/cjs/react-jsx-runtime.development.js:1320:12)
      at PlaybookSetupWizard (src/app/dashboard/playbooks/components/playbook-setup-wizard.tsx:361:29)
      at renderWithHooks (node_modules/react-dom/cjs/react-dom.development.js:15486:18)
      at mountIndeterminateComponent (node_modules/react-dom/cjs/react-dom.development.js:20103:13)
      at beginWork (node_modules/react-dom/cjs/react-dom.development.js:21626:16)
      at beginWork$1 (node_modules/react-dom/cjs/react-dom.development.js:27465:14)
      at performUnitOfWork (node_modules/react-dom/cjs/react-dom.development.js:26599:12)
      at workLoopSync (node_modules/react-dom/cjs/react-dom.development.js:26505:5)
      at renderRootSync (node_modules/react-dom/cjs/react-dom.development.js:26473:7)
      at recoverFromConcurrentError (node_modules/react-dom/cjs/react-dom.development.js:25889:20)
      at performConcurrentWorkOnRoot (node_modules/react-dom/cjs/react-dom.development.js:25789:22)
      at flushActQueue (node_modules/react/cjs/react.development.js:2667:24)
      at act (node_modules/react/cjs/react.development.js:2582:11)
      at node_modules/@testing-library/react/dist/act-compat.js:47:25
      at renderRoot (node_modules/@testing-library/react/dist/pure.js:190:26)
      at render (node_modules/@testing-library/react/dist/pure.js:292:10)
      at Object.<anonymous> (tests/components/playbook-setup-wizard.test.tsx:58:11)

  console.error
    Error: Uncaught [Error: Element type is invalid: expected a string (for built-in components) or a class/function (for composite components) but got: undefined. You likely forgot to export your component from the file it's defined in, or you might have mixed up default and named imports.
    
    Check the render method of `PlaybookSetupWizard`.]
        at Object.<anonymous> (C:\Users\marte\Baked for Brands\bakedbot-for-brands\tests\components\playbook-setup-wizard.test.tsx:58:11)
        at new Promise (<anonymous>) {
      detail: Error: Element type is invalid: expected a string (for built-in components) or a class/function (for composite components) but got: undefined. You likely forgot to export your component from the file it's defined in, or you might have mixed up default and named imports.
      
      Check the render method of `PlaybookSetupWizard`.
          at createFiberFromTypeAndProps (C:\Users\marte\Baked for Brands\bakedbot-for-brands\node_modules\react-dom\cjs\react-dom.development.js:28478:17)
          at createFiberFromElement (C:\Users\marte\Baked for Brands\bakedbot-for-brands\node_modules\react-dom\cjs\react-dom.development.js:28504:15)
          at createChild (C:\Users\marte\Baked for Brands\bakedbot-for-brands\node_modules\react-dom\cjs\react-dom.development.js:13345:28)
          at reconcileChildrenArray (C:\Users\marte\Baked for Brands\bakedbot-for-brands\node_modules\react-dom\cjs\react-dom.development.js:13640:25)
          at reconcileChildFibers (C:\Users\marte\Baked for Brands\bakedbot-for-brands\node_modules\react-dom\cjs\react-dom.development.js:14057:16)
          at reconcileChildren (C:\Users\marte\Baked for Brands\bakedbot-for-brands\node_modules\react-dom\cjs\react-dom.development.js:19186:28)
          at updateHostComponent (C:\Users\marte\Baked for Brands\bakedbot-for-brands\node_modules\react-dom\cjs\react-dom.development.js:19953:3)
          at beginWork (C:\Users\marte\Baked for Brands\bakedbot-for-brands\node_modules\react-dom\cjs\react-dom.development.js:21657:14)
          at HTMLUnknownElement.callCallback (C:\Users\marte\Baked for Brands\bakedbot-for-brands\node_modules\react-dom\cjs\react-dom.development.js:4164:14)
          at HTMLUnknownElement.callTheUserObjectsOperation (C:\Users\marte\Baked for Brands\bakedbot-for-brands\node_modules\jsdom\lib\jsdom\living\generated\EventListener.js:26:30)
          at innerInvokeEventListeners (C:\Users\marte\Baked for Brands\bakedbot-for-brands\node_modules\jsdom\lib\jsdom\living\events\EventTarget-impl.js:350:25)
          at invokeEventListeners (C:\Users\marte\Baked for Brands\bakedbot-for-brands\node_modules\jsdom\lib\jsdom\living\events\EventTarget-impl.js:286:3)
          at HTMLUnknownElementImpl._dispatch (C:\Users\marte\Baked for Brands\bakedbot-for-brands\node_modules\jsdom\lib\jsdom\living\events\EventTarget-impl.js:233:9)
          at HTMLUnknownElementImpl.dispatchEvent (C:\Users\marte\Baked for Brands\bakedbot-for-brands\node_modules\jsdom\lib\jsdom\living\events\EventTarget-impl.js:104:17)
          at HTMLUnknownElement.dispatchEvent (C:\Users\marte\Baked for Brands\bakedbot-for-brands\node_modules\jsdom\lib\jsdom\living\generated\EventTarget.js:241:34)
          at Object.invokeGuardedCallbackDev (C:\Users\marte\Baked for Brands\bakedbot-for-brands\node_modules\react-dom\cjs\react-dom.development.js:4213:16)
          at invokeGuardedCallback (C:\Users\marte\Baked for Brands\bakedbot-for-brands\node_modules\react-dom\cjs\react-dom.development.js:4277:31)
          at beginWork$1 (C:\Users\marte\Baked for Brands\bakedbot-for-brands\node_modules\react-dom\cjs\react-dom.development.js:27490:7)
          at performUnitOfWork (C:\Users\marte\Baked for Brands\bakedbot-for-brands\node_modules\react-dom\cjs\react-dom.development.js:26599:12)
          at workLoopSync (C:\Users\marte\Baked for Brands\bakedbot-for-brands\node_modules\react-dom\cjs\react-dom.development.js:26505:5)
          at renderRootSync (C:\Users\marte\Baked for Brands\bakedbot-for-brands\node_modules\react-dom\cjs\react-dom.development.js:26473:7)
          at recoverFromConcurrentError (C:\Users\marte\Baked for Brands\bakedbot-for-brands\node_modules\react-dom\cjs\react-dom.development.js:25889:20)
          at performConcurrentWorkOnRoot (C:\Users\marte\Baked for Brands\bakedbot-for-brands\node_modules\react-dom\cjs\react-dom.development.js:25789:22)
          at flushActQueue (C:\Users\marte\Baked for Brands\bakedbot-for-brands\node_modules\react\cjs\react.development.js:2667:24)
          at act (C:\Users\marte\Baked for Brands\bakedbot-for-brands\node_modules\react\cjs\react.development.js:2582:11)
          at C:\Users\marte\Baked for Brands\bakedbot-for-brands\node_modules\@testing-library\react\dist\act-compat.js:47:25
          at renderRoot (C:\Users\marte\Baked for Brands\bakedbot-for-brands\node_modules\@testing-library\react\dist\pure.js:190:26)
          at render (C:\Users\marte\Baked for Brands\bakedbot-for-brands\node_modules\@testing-library\react\dist\pure.js:292:10)
          at Object.<anonymous> (C:\Users\marte\Baked for Brands\bakedbot-for-brands\tests\components\playbook-setup-wizard.test.tsx:58:11)
          at Promise.then.completed (C:\Users\marte\Baked for Brands\bakedbot-for-brands\node_modules\jest-circus\build\utils.js:298:28)
          at new Promise (<anonymous>)
          at callAsyncCircusFn (C:\Users\marte\Baked for Brands\bakedbot-for-brands\node_modules\jest-circus\build\utils.js:231:10)
          at _callCircusTest (C:\Users\marte\Baked for Brands\bakedbot-for-brands\node_modules\jest-circus\build\run.js:316:40)
          at _runTest (C:\Users\marte\Baked for Brands\bakedbot-for-brands\node_modules\jest-circus\build\run.js:252:3)
          at _runTestsForDescribeBlock (C:\Users\marte\Baked for Brands\bakedbot-for-brands\node_modules\jest-circus\build\run.js:126:9)
          at _runTestsForDescribeBlock (C:\Users\marte\Baked for Brands\bakedbot-for-brands\node_modules\jest-circus\build\run.js:121:9)
          at run (C:\Users\marte\Baked for Brands\bakedbot-for-brands\node_modules\jest-circus\build\run.js:71:3)
          at runAndTransformResultsToJestFormat (C:\Users\marte\Baked for Brands\bakedbot-for-brands\node_modules\jest-circus\build\legacy-code-todo-rewrite\jestAdapterInit.js:122:21)
          at jestAdapter (C:\Users\marte\Baked for Brands\bakedbot-for-brands\node_modules\jest-circus\build\legacy-code-todo-rewrite\jestAdapter.js:79:19)
          at runTestInternal (C:\Users\marte\Baked for Brands\bakedbot-for-brands\node_modules\jest-runner\build\runTest.js:367:16)
          at runTest (C:\Users\marte\Baked for Brands\bakedbot-for-brands\node_modules\jest-runner\build\runTest.js:444:34),
      type: 'unhandled exception'
    }

    [0m [90m 56 |[39m     [36mconst[39m onCancel [33m=[39m jest[33m.[39mfn()[33m;[39m
     [90m 57 |[39m
    [31m[1m>[22m[39m[90m 58 |[39m     render(
     [90m    |[39m           [31m[1m^[22m[39m
     [90m 59 |[39m       [33m<[39m[33mPlaybookSetupWizard[39m
     [90m 60 |[39m         playbook[33m=[39m{mockPlaybook}
     [90m 61 |[39m         open[33m=[39m{[36mtrue[39m}[0m

      at VirtualConsole.<anonymous> (node_modules/jest-environment-jsdom/build/index.js:63:23)
      at reportException (node_modules/jsdom/lib/jsdom/living/helpers/runtime-script-errors.js:70:28)
      at innerInvokeEventListeners (node_modules/jsdom/lib/jsdom/living/events/EventTarget-impl.js:353:9)
      at invokeEventListeners (node_modules/jsdom/lib/jsdom/living/events/EventTarget-impl.js:286:3)
      at HTMLUnknownElementImpl._dispatch (node_modules/jsdom/lib/jsdom/living/events/EventTarget-impl.js:233:9)
      at HTMLUnknownElementImpl.dispatchEvent (node_modules/jsdom/lib/jsdom/living/events/EventTarget-impl.js:104:17)
      at HTMLUnknownElement.dispatchEvent (node_modules/jsdom/lib/jsdom/living/generated/EventTarget.js:241:34)
      at Object.invokeGuardedCallbackDev (node_modules/react-dom/cjs/react-dom.development.js:4213:16)
      at invokeGuardedCallback (node_modules/react-dom/cjs/react-dom.development.js:4277:31)
      at beginWork$1 (node_modules/react-dom/cjs/react-dom.development.js:27490:7)
      at performUnitOfWork (node_modules/react-dom/cjs/react-dom.development.js:26599:12)
      at workLoopSync (node_modules/react-dom/cjs/react-dom.development.js:26505:5)
      at renderRootSync (node_modules/react-dom/cjs/react-dom.development.js:26473:7)
      at recoverFromConcurrentError (node_modules/react-dom/cjs/react-dom.development.js:25889:20)
      at performConcurrentWorkOnRoot (node_modules/react-dom/cjs/react-dom.development.js:25789:22)
      at flushActQueue (node_modules/react/cjs/react.development.js:2667:24)
      at act (node_modules/react/cjs/react.development.js:2582:11)
      at node_modules/@testing-library/react/dist/act-compat.js:47:25
      at renderRoot (node_modules/@testing-library/react/dist/pure.js:190:26)
      at render (node_modules/@testing-library/react/dist/pure.js:292:10)
      at Object.<anonymous> (tests/components/playbook-setup-wizard.test.tsx:58:11)

  console.error
    Warning: React.jsx: type is invalid -- expected a string (for built-in components) or a class/function (for composite components) but got: undefined. You likely forgot to export your component from the file it's defined in, or you might have mixed up default and named imports.
    
    Check the render method of `Checkbox`.
        at className (C:\Users\marte\Baked for Brands\bakedbot-for-brands\src\components\ui\checkbox.tsx:13:6)
        at div
        at div
        at div
        at div
        at children (C:\Users\marte\Baked for Brands\bakedbot-for-brands\tests\components\playbook-setup-wizard.test.tsx:9:21)
        at div
        at children (C:\Users\marte\Baked for Brands\bakedbot-for-brands\tests\components\playbook-setup-wizard.test.tsx:8:14)
        at playbook (C:\Users\marte\Baked for Brands\bakedbot-for-brands\src\app\dashboard\playbooks\components\playbook-setup-wizard.tsx:92:5)

    [0m [90m 23 |[39m       className[33m=[39m{cn([32m"flex items-center justify-center text-current"[39m)}
     [90m 24 |[39m     [33m>[39m
    [31m[1m>[22m[39m[90m 25 |[39m       [33m<[39m[33mCheck[39m className[33m=[39m[32m"h-4 w-4"[39m [33m/[39m[33m>[39m
     [90m    |[39m       [31m[1m^[22m[39m
     [90m 26 |[39m     [33m<[39m[33m/[39m[33mCheckboxPrimitive[39m[33m.[39m[33mIndicator[39m[33m>[39m
     [90m 27 |[39m   [33m<[39m[33m/[39m[33mCheckboxPrimitive[39m[33m.[39m[33mRoot[39m[33m>[39m
     [90m 28 |[39m ))[0m

      at printWarning (node_modules/react/cjs/react-jsx-runtime.development.js:87:30)
      at error (node_modules/react/cjs/react-jsx-runtime.development.js:61:7)
      at jsxWithValidation (node_modules/react/cjs/react-jsx-runtime.development.js:1245:7)
      at jsxWithValidationDynamic (node_modules/react/cjs/react-jsx-runtime.development.js:1320:12)
      at src/components/ui/checkbox.tsx:25:7
      at renderWithHooks (node_modules/react-dom/cjs/react-dom.development.js:15486:18)
      at updateForwardRef (node_modules/react-dom/cjs/react-dom.development.js:19245:20)
      at beginWork (node_modules/react-dom/cjs/react-dom.development.js:21675:16)
      at beginWork$1 (node_modules/react-dom/cjs/react-dom.development.js:27465:14)
      at performUnitOfWork (node_modules/react-dom/cjs/react-dom.development.js:26599:12)
      at workLoopSync (node_modules/react-dom/cjs/react-dom.development.js:26505:5)
      at renderRootSync (node_modules/react-dom/cjs/react-dom.development.js:26473:7)
      at recoverFromConcurrentError (node_modules/react-dom/cjs/react-dom.development.js:25889:20)
      at performConcurrentWorkOnRoot (node_modules/react-dom/cjs/react-dom.development.js:25789:22)
      at flushActQueue (node_modules/react/cjs/react.development.js:2667:24)
      at act (node_modules/react/cjs/react.development.js:2582:11)
      at node_modules/@testing-library/react/dist/act-compat.js:47:25
      at renderRoot (node_modules/@testing-library/react/dist/pure.js:190:26)
      at render (node_modules/@testing-library/react/dist/pure.js:292:10)
      at Object.<anonymous> (tests/components/playbook-setup-wizard.test.tsx:58:11)

  console.error
    Warning: React.jsx: type is invalid -- expected a string (for built-in components) or a class/function (for composite components) but got: undefined. You likely forgot to export your component from the file it's defined in, or you might have mixed up default and named imports.
    
    Check the render method of `Checkbox`.
        at className (C:\Users\marte\Baked for Brands\bakedbot-for-brands\src\components\ui\checkbox.tsx:13:6)
        at div
        at div
        at div
        at div
        at children (C:\Users\marte\Baked for Brands\bakedbot-for-brands\tests\components\playbook-setup-wizard.test.tsx:9:21)
        at div
        at children (C:\Users\marte\Baked for Brands\bakedbot-for-brands\tests\components\playbook-setup-wizard.test.tsx:8:14)
        at playbook (C:\Users\marte\Baked for Brands\bakedbot-for-brands\src\app\dashboard\playbooks\components\playbook-setup-wizard.tsx:92:5)

    [0m [90m 23 |[39m       className[33m=[39m{cn([32m"flex items-center justify-center text-current"[39m)}
     [90m 24 |[39m     [33m>[39m
    [31m[1m>[22m[39m[90m 25 |[39m       [33m<[39m[33mCheck[39m className[33m=[39m[32m"h-4 w-4"[39m [33m/[39m[33m>[39m
     [90m    |[39m       [31m[1m^[22m[39m
     [90m 26 |[39m     [33m<[39m[33m/[39m[33mCheckboxPrimitive[39m[33m.[39m[33mIndicator[39m[33m>[39m
     [90m 27 |[39m   [33m<[39m[33m/[39m[33mCheckboxPrimitive[39m[33m.[39m[33mRoot[39m[33m>[39m
     [90m 28 |[39m ))[0m

      at printWarning (node_modules/react/cjs/react-jsx-runtime.development.js:87:30)
      at error (node_modules/react/cjs/react-jsx-runtime.development.js:61:7)
      at jsxWithValidation (node_modules/react/cjs/react-jsx-runtime.development.js:1245:7)
      at jsxWithValidationDynamic (node_modules/react/cjs/react-jsx-runtime.development.js:1320:12)
      at src/components/ui/checkbox.tsx:25:7
      at renderWithHooks (node_modules/react-dom/cjs/react-dom.development.js:15486:18)
      at updateForwardRef (node_modules/react-dom/cjs/react-dom.development.js:19245:20)
      at beginWork (node_modules/react-dom/cjs/react-dom.development.js:21675:16)
      at beginWork$1 (node_modules/react-dom/cjs/react-dom.development.js:27465:14)
      at performUnitOfWork (node_modules/react-dom/cjs/react-dom.development.js:26599:12)
      at workLoopSync (node_modules/react-dom/cjs/react-dom.development.js:26505:5)
      at renderRootSync (node_modules/react-dom/cjs/react-dom.development.js:26473:7)
      at recoverFromConcurrentError (node_modules/react-dom/cjs/react-dom.development.js:25889:20)
      at performConcurrentWorkOnRoot (node_modules/react-dom/cjs/react-dom.development.js:25789:22)
      at flushActQueue (node_modules/react/cjs/react.development.js:2667:24)
      at act (node_modules/react/cjs/react.development.js:2582:11)
      at node_modules/@testing-library/react/dist/act-compat.js:47:25
      at renderRoot (node_modules/@testing-library/react/dist/pure.js:190:26)
      at render (node_modules/@testing-library/react/dist/pure.js:292:10)
      at Object.<anonymous> (tests/components/playbook-setup-wizard.test.tsx:58:11)

  console.error
    Error: Uncaught [Error: Element type is invalid: expected a string (for built-in components) or a class/function (for composite components) but got: undefined. You likely forgot to export your component from the file it's defined in, or you might have mixed up default and named imports.
    
    Check the render method of `PlaybookSetupWizard`.]
        at Object.<anonymous> (C:\Users\marte\Baked for Brands\bakedbot-for-brands\tests\components\playbook-setup-wizard.test.tsx:58:11)
        at new Promise (<anonymous>) {
      detail: Error: Element type is invalid: expected a string (for built-in components) or a class/function (for composite components) but got: undefined. You likely forgot to export your component from the file it's defined in, or you might have mixed up default and named imports.
      
      Check the render method of `PlaybookSetupWizard`.
          at createFiberFromTypeAndProps (C:\Users\marte\Baked for Brands\bakedbot-for-brands\node_modules\react-dom\cjs\react-dom.development.js:28478:17)
          at createFiberFromElement (C:\Users\marte\Baked for Brands\bakedbot-for-brands\node_modules\react-dom\cjs\react-dom.development.js:28504:15)
          at createChild (C:\Users\marte\Baked for Brands\bakedbot-for-brands\node_modules\react-dom\cjs\react-dom.development.js:13345:28)
          at reconcileChildrenArray (C:\Users\marte\Baked for Brands\bakedbot-for-brands\node_modules\react-dom\cjs\react-dom.development.js:13640:25)
          at reconcileChildFibers (C:\Users\marte\Baked for Brands\bakedbot-for-brands\node_modules\react-dom\cjs\react-dom.development.js:14057:16)
          at reconcileChildren (C:\Users\marte\Baked for Brands\bakedbot-for-brands\node_modules\react-dom\cjs\react-dom.development.js:19186:28)
          at updateHostComponent (C:\Users\marte\Baked for Brands\bakedbot-for-brands\node_modules\react-dom\cjs\react-dom.development.js:19953:3)
          at beginWork (C:\Users\marte\Baked for Brands\bakedbot-for-brands\node_modules\react-dom\cjs\react-dom.development.js:21657:14)
          at HTMLUnknownElement.callCallback (C:\Users\marte\Baked for Brands\bakedbot-for-brands\node_modules\react-dom\cjs\react-dom.development.js:4164:14)
          at HTMLUnknownElement.callTheUserObjectsOperation (C:\Users\marte\Baked for Brands\bakedbot-for-brands\node_modules\jsdom\lib\jsdom\living\generated\EventListener.js:26:30)
          at innerInvokeEventListeners (C:\Users\marte\Baked for Brands\bakedbot-for-brands\node_modules\jsdom\lib\jsdom\living\events\EventTarget-impl.js:350:25)
          at invokeEventListeners (C:\Users\marte\Baked for Brands\bakedbot-for-brands\node_modules\jsdom\lib\jsdom\living\events\EventTarget-impl.js:286:3)
          at HTMLUnknownElementImpl._dispatch (C:\Users\marte\Baked for Brands\bakedbot-for-brands\node_modules\jsdom\lib\jsdom\living\events\EventTarget-impl.js:233:9)
          at HTMLUnknownElementImpl.dispatchEvent (C:\Users\marte\Baked for Brands\bakedbot-for-brands\node_modules\jsdom\lib\jsdom\living\events\EventTarget-impl.js:104:17)
          at HTMLUnknownElement.dispatchEvent (C:\Users\marte\Baked for Brands\bakedbot-for-brands\node_modules\jsdom\lib\jsdom\living\generated\EventTarget.js:241:34)
          at Object.invokeGuardedCallbackDev (C:\Users\marte\Baked for Brands\bakedbot-for-brands\node_modules\react-dom\cjs\react-dom.development.js:4213:16)
          at invokeGuardedCallback (C:\Users\marte\Baked for Brands\bakedbot-for-brands\node_modules\react-dom\cjs\react-dom.development.js:4277:31)
          at beginWork$1 (C:\Users\marte\Baked for Brands\bakedbot-for-brands\node_modules\react-dom\cjs\react-dom.development.js:27490:7)
          at performUnitOfWork (C:\Users\marte\Baked for Brands\bakedbot-for-brands\node_modules\react-dom\cjs\react-dom.development.js:26599:12)
          at workLoopSync (C:\Users\marte\Baked for Brands\bakedbot-for-brands\node_modules\react-dom\cjs\react-dom.development.js:26505:5)
          at renderRootSync (C:\Users\marte\Baked for Brands\bakedbot-for-brands\node_modules\react-dom\cjs\react-dom.development.js:26473:7)
          at recoverFromConcurrentError (C:\Users\marte\Baked for Brands\bakedbot-for-brands\node_modules\react-dom\cjs\react-dom.development.js:25889:20)
          at performConcurrentWorkOnRoot (C:\Users\marte\Baked for Brands\bakedbot-for-brands\node_modules\react-dom\cjs\react-dom.development.js:25789:22)
          at flushActQueue (C:\Users\marte\Baked for Brands\bakedbot-for-brands\node_modules\react\cjs\react.development.js:2667:24)
          at act (C:\Users\marte\Baked for Brands\bakedbot-for-brands\node_modules\react\cjs\react.development.js:2582:11)
          at C:\Users\marte\Baked for Brands\bakedbot-for-brands\node_modules\@testing-library\react\dist\act-compat.js:47:25
          at renderRoot (C:\Users\marte\Baked for Brands\bakedbot-for-brands\node_modules\@testing-library\react\dist\pure.js:190:26)
          at render (C:\Users\marte\Baked for Brands\bakedbot-for-brands\node_modules\@testing-library\react\dist\pure.js:292:10)
          at Object.<anonymous> (C:\Users\marte\Baked for Brands\bakedbot-for-brands\tests\components\playbook-setup-wizard.test.tsx:58:11)
          at Promise.then.completed (C:\Users\marte\Baked for Brands\bakedbot-for-brands\node_modules\jest-circus\build\utils.js:298:28)
          at new Promise (<anonymous>)
          at callAsyncCircusFn (C:\Users\marte\Baked for Brands\bakedbot-for-brands\node_modules\jest-circus\build\utils.js:231:10)
          at _callCircusTest (C:\Users\marte\Baked for Brands\bakedbot-for-brands\node_modules\jest-circus\build\run.js:316:40)
          at _runTest (C:\Users\marte\Baked for Brands\bakedbot-for-brands\node_modules\jest-circus\build\run.js:252:3)
          at _runTestsForDescribeBlock (C:\Users\marte\Baked for Brands\bakedbot-for-brands\node_modules\jest-circus\build\run.js:126:9)
          at _runTestsForDescribeBlock (C:\Users\marte\Baked for Brands\bakedbot-for-brands\node_modules\jest-circus\build\run.js:121:9)
          at run (C:\Users\marte\Baked for Brands\bakedbot-for-brands\node_modules\jest-circus\build\run.js:71:3)
          at runAndTransformResultsToJestFormat (C:\Users\marte\Baked for Brands\bakedbot-for-brands\node_modules\jest-circus\build\legacy-code-todo-rewrite\jestAdapterInit.js:122:21)
          at jestAdapter (C:\Users\marte\Baked for Brands\bakedbot-for-brands\node_modules\jest-circus\build\legacy-code-todo-rewrite\jestAdapter.js:79:19)
          at runTestInternal (C:\Users\marte\Baked for Brands\bakedbot-for-brands\node_modules\jest-runner\build\runTest.js:367:16)
          at runTest (C:\Users\marte\Baked for Brands\bakedbot-for-brands\node_modules\jest-runner\build\runTest.js:444:34),
      type: 'unhandled exception'
    }

    [0m [90m 56 |[39m     [36mconst[39m onCancel [33m=[39m jest[33m.[39mfn()[33m;[39m
     [90m 57 |[39m
    [31m[1m>[22m[39m[90m 58 |[39m     render(
     [90m    |[39m           [31m[1m^[22m[39m
     [90m 59 |[39m       [33m<[39m[33mPlaybookSetupWizard[39m
     [90m 60 |[39m         playbook[33m=[39m{mockPlaybook}
     [90m 61 |[39m         open[33m=[39m{[36mtrue[39m}[0m

      at VirtualConsole.<anonymous> (node_modules/jest-environment-jsdom/build/index.js:63:23)
      at reportException (node_modules/jsdom/lib/jsdom/living/helpers/runtime-script-errors.js:70:28)
      at innerInvokeEventListeners (node_modules/jsdom/lib/jsdom/living/events/EventTarget-impl.js:353:9)
      at invokeEventListeners (node_modules/jsdom/lib/jsdom/living/events/EventTarget-impl.js:286:3)
      at HTMLUnknownElementImpl._dispatch (node_modules/jsdom/lib/jsdom/living/events/EventTarget-impl.js:233:9)
      at HTMLUnknownElementImpl.dispatchEvent (node_modules/jsdom/lib/jsdom/living/events/EventTarget-impl.js:104:17)
      at HTMLUnknownElement.dispatchEvent (node_modules/jsdom/lib/jsdom/living/generated/EventTarget.js:241:34)
      at Object.invokeGuardedCallbackDev (node_modules/react-dom/cjs/react-dom.development.js:4213:16)
      at invokeGuardedCallback (node_modules/react-dom/cjs/react-dom.development.js:4277:31)
      at beginWork$1 (node_modules/react-dom/cjs/react-dom.development.js:27490:7)
      at performUnitOfWork (node_modules/react-dom/cjs/react-dom.development.js:26599:12)
      at workLoopSync (node_modules/react-dom/cjs/react-dom.development.js:26505:5)
      at renderRootSync (node_modules/react-dom/cjs/react-dom.development.js:26473:7)
      at recoverFromConcurrentError (node_modules/react-dom/cjs/react-dom.development.js:25889:20)
      at performConcurrentWorkOnRoot (node_modules/react-dom/cjs/react-dom.development.js:25789:22)
      at flushActQueue (node_modules/react/cjs/react.development.js:2667:24)
      at act (node_modules/react/cjs/react.development.js:2582:11)
      at node_modules/@testing-library/react/dist/act-compat.js:47:25
      at renderRoot (node_modules/@testing-library/react/dist/pure.js:190:26)
      at render (node_modules/@testing-library/react/dist/pure.js:292:10)
      at Object.<anonymous> (tests/components/playbook-setup-wizard.test.tsx:58:11)

  console.error
    The above error occurred in the <div> component:
    
        at div
        at div
        at div
        at children (C:\Users\marte\Baked for Brands\bakedbot-for-brands\tests\components\playbook-setup-wizard.test.tsx:9:21)
        at div
        at children (C:\Users\marte\Baked for Brands\bakedbot-for-brands\tests\components\playbook-setup-wizard.test.tsx:8:14)
        at playbook (C:\Users\marte\Baked for Brands\bakedbot-for-brands\src\app\dashboard\playbooks\components\playbook-setup-wizard.tsx:92:5)
    
    Consider adding an error boundary to your tree to customize error handling behavior.
    Visit https://reactjs.org/link/error-boundaries to learn more about error boundaries.

    [0m [90m 56 |[39m     [36mconst[39m onCancel [33m=[39m jest[33m.[39mfn()[33m;[39m
     [90m 57 |[39m
    [31m[1m>[22m[39m[90m 58 |[39m     render(
     [90m    |[39m           [31m[1m^[22m[39m
     [90m 59 |[39m       [33m<[39m[33mPlaybookSetupWizard[39m
     [90m 60 |[39m         playbook[33m=[39m{mockPlaybook}
     [90m 61 |[39m         open[33m=[39m{[36mtrue[39m}[0m

      at logCapturedError (node_modules/react-dom/cjs/react-dom.development.js:18704:23)
      at update.callback (node_modules/react-dom/cjs/react-dom.development.js:18737:5)
      at callCallback (node_modules/react-dom/cjs/react-dom.development.js:15036:12)
      at commitUpdateQueue (node_modules/react-dom/cjs/react-dom.development.js:15057:9)
      at commitLayoutEffectOnFiber (node_modules/react-dom/cjs/react-dom.development.js:23430:13)
      at commitLayoutMountEffects_complete (node_modules/react-dom/cjs/react-dom.development.js:24727:9)
      at commitLayoutEffects_begin (node_modules/react-dom/cjs/react-dom.development.js:24713:7)
      at commitLayoutEffects (node_modules/react-dom/cjs/react-dom.development.js:24651:3)
      at commitRootImpl (node_modules/react-dom/cjs/react-dom.development.js:26862:5)
      at commitRoot (node_modules/react-dom/cjs/react-dom.development.js:26721:5)
      at finishConcurrentRender (node_modules/react-dom/cjs/react-dom.development.js:25931:9)
      at performConcurrentWorkOnRoot (node_modules/react-dom/cjs/react-dom.development.js:25848:7)
      at flushActQueue (node_modules/react/cjs/react.development.js:2667:24)
      at act (node_modules/react/cjs/react.development.js:2582:11)
      at node_modules/@testing-library/react/dist/act-compat.js:47:25
      at renderRoot (node_modules/@testing-library/react/dist/pure.js:190:26)
      at render (node_modules/@testing-library/react/dist/pure.js:292:10)
      at Object.<anonymous> (tests/components/playbook-setup-wizard.test.tsx:58:11)

  console.error
    The above error occurred in the <button> component:
    
        at button
        at className (C:\Users\marte\Baked for Brands\bakedbot-for-brands\src\components\ui\button.tsx:44:6)
        at div
        at children (C:\Users\marte\Baked for Brands\bakedbot-for-brands\tests\components\playbook-setup-wizard.test.tsx:13:20)
        at div
        at children (C:\Users\marte\Baked for Brands\bakedbot-for-brands\tests\components\playbook-setup-wizard.test.tsx:9:21)
        at div
        at children (C:\Users\marte\Baked for Brands\bakedbot-for-brands\tests\components\playbook-setup-wizard.test.tsx:8:14)
        at playbook (C:\Users\marte\Baked for Brands\bakedbot-for-brands\src\app\dashboard\playbooks\components\playbook-setup-wizard.tsx:92:5)
    
    Consider adding an error boundary to your tree to customize error handling behavior.
    Visit https://reactjs.org/link/error-boundaries to learn more about error boundaries.

    [0m [90m 56 |[39m     [36mconst[39m onCancel [33m=[39m jest[33m.[39mfn()[33m;[39m
     [90m 57 |[39m
    [31m[1m>[22m[39m[90m 58 |[39m     render(
     [90m    |[39m           [31m[1m^[22m[39m
     [90m 59 |[39m       [33m<[39m[33mPlaybookSetupWizard[39m
     [90m 60 |[39m         playbook[33m=[39m{mockPlaybook}
     [90m 61 |[39m         open[33m=[39m{[36mtrue[39m}[0m

      at logCapturedError (node_modules/react-dom/cjs/react-dom.development.js:18704:23)
      at update.callback (node_modules/react-dom/cjs/react-dom.development.js:18737:5)
      at callCallback (node_modules/react-dom/cjs/react-dom.development.js:15036:12)
      at commitUpdateQueue (node_modules/react-dom/cjs/react-dom.development.js:15057:9)
      at commitLayoutEffectOnFiber (node_modules/react-dom/cjs/react-dom.development.js:23430:13)
      at commitLayoutMountEffects_complete (node_modules/react-dom/cjs/react-dom.development.js:24727:9)
      at commitLayoutEffects_begin (node_modules/react-dom/cjs/react-dom.development.js:24713:7)
      at commitLayoutEffects (node_modules/react-dom/cjs/react-dom.development.js:24651:3)
      at commitRootImpl (node_modules/react-dom/cjs/react-dom.development.js:26862:5)
      at commitRoot (node_modules/react-dom/cjs/react-dom.development.js:26721:5)
      at finishConcurrentRender (node_modules/react-dom/cjs/react-dom.development.js:25931:9)
      at performConcurrentWorkOnRoot (node_modules/react-dom/cjs/react-dom.development.js:25848:7)
      at flushActQueue (node_modules/react/cjs/react.development.js:2667:24)
      at act (node_modules/react/cjs/react.development.js:2582:11)
      at node_modules/@testing-library/react/dist/act-compat.js:47:25
      at renderRoot (node_modules/@testing-library/react/dist/pure.js:190:26)
      at render (node_modules/@testing-library/react/dist/pure.js:292:10)
      at Object.<anonymous> (tests/components/playbook-setup-wizard.test.tsx:58:11)

  console.error
    Warning: React.jsx: type is invalid -- expected a string (for built-in components) or a class/function (for composite components) but got: undefined. You likely forgot to export your component from the file it's defined in, or you might have mixed up default and named imports.
    
    Check the render method of `PlaybookSetupWizard`.
        at playbook (C:\Users\marte\Baked for Brands\bakedbot-for-brands\src\app\dashboard\playbooks\components\playbook-setup-wizard.tsx:92:5)

    [0m [90m 185 |[39m                     [33m<[39m[33mdiv[39m className[33m=[39m[32m"space-y-4 py-4"[39m[33m>[39m
     [90m 186 |[39m                         [33m<[39m[33mdiv[39m className[33m=[39m[32m"flex items-center gap-2 text-sm text-muted-foreground"[39m[33m>[39m
    [31m[1m>[22m[39m[90m 187 |[39m                             [33m<[39m[33mShield[39m className[33m=[39m[32m"h-4 w-4"[39m [33m/[39m[33m>[39m
     [90m     |[39m                             [31m[1m^[22m[39m
     [90m 188 |[39m                             [33m<[39m[33mspan[39m[33m>[39m[33mThis[39m playbook requires access to[33m:[39m[33m<[39m[33m/[39m[33mspan[39m[33m>[39m
     [90m 189 |[39m                         [33m<[39m[33m/[39m[33mdiv[39m[33m>[39m
     [90m 190 |[39m                         [33m<[39m[33mdiv[39m className[33m=[39m[32m"space-y-3"[39m[33m>[39m[0m

      at printWarning (node_modules/react/cjs/react-jsx-runtime.development.js:87:30)
      at error (node_modules/react/cjs/react-jsx-runtime.development.js:61:7)
      at jsxWithValidation (node_modules/react/cjs/react-jsx-runtime.development.js:1245:7)
      at jsxWithValidationDynamic (node_modules/react/cjs/react-jsx-runtime.development.js:1320:12)
      at PlaybookSetupWizard (src/app/dashboard/playbooks/components/playbook-setup-wizard.tsx:187:29)
      at renderWithHooks (node_modules/react-dom/cjs/react-dom.development.js:15486:18)
      at mountIndeterminateComponent (node_modules/react-dom/cjs/react-dom.development.js:20103:13)
      at beginWork (node_modules/react-dom/cjs/react-dom.development.js:21626:16)
      at beginWork$1 (node_modules/react-dom/cjs/react-dom.development.js:27465:14)
      at performUnitOfWork (node_modules/react-dom/cjs/react-dom.development.js:26599:12)
      at workLoopSync (node_modules/react-dom/cjs/react-dom.development.js:26505:5)
      at renderRootSync (node_modules/react-dom/cjs/react-dom.development.js:26473:7)
      at performConcurrentWorkOnRoot (node_modules/react-dom/cjs/react-dom.development.js:25777:74)
      at flushActQueue (node_modules/react/cjs/react.development.js:2667:24)
      at act (node_modules/react/cjs/react.development.js:2582:11)
      at node_modules/@testing-library/react/dist/act-compat.js:47:25
      at renderRoot (node_modules/@testing-library/react/dist/pure.js:190:26)
      at render (node_modules/@testing-library/react/dist/pure.js:292:10)
      at Object.<anonymous> (tests/components/playbook-setup-wizard.test.tsx:87:11)

  console.error
    Warning: React.jsx: type is invalid -- expected a string (for built-in components) or a class/function (for composite components) but got: undefined. You likely forgot to export your component from the file it's defined in, or you might have mixed up default and named imports.
    
    Check the render method of `PlaybookSetupWizard`.
        at playbook (C:\Users\marte\Baked for Brands\bakedbot-for-brands\src\app\dashboard\playbooks\components\playbook-setup-wizard.tsx:92:5)

    [0m [90m 359 |[39m                         [33m>[39m
     [90m 360 |[39m                             [33mContinue[39m
    [31m[1m>[22m[39m[90m 361 |[39m                             [33m<[39m[33mArrowRight[39m className[33m=[39m[32m"h-4 w-4 ml-2"[39m [33m/[39m[33m>[39m
     [90m     |[39m                             [31m[1m^[22m[39m
     [90m 362 |[39m                         [33m<[39m[33m/[39m[33mButton[39m[33m>[39m
     [90m 363 |[39m                     )}
     [90m 364 |[39m                 [33m<[39m[33m/[39m[33mDialogFooter[39m[33m>[39m[0m

      at printWarning (node_modules/react/cjs/react-jsx-runtime.development.js:87:30)
      at error (node_modules/react/cjs/react-jsx-runtime.development.js:61:7)
      at jsxWithValidation (node_modules/react/cjs/react-jsx-runtime.development.js:1245:7)
      at jsxWithValidationDynamic (node_modules/react/cjs/react-jsx-runtime.development.js:1320:12)
      at PlaybookSetupWizard (src/app/dashboard/playbooks/components/playbook-setup-wizard.tsx:361:29)
      at renderWithHooks (node_modules/react-dom/cjs/react-dom.development.js:15486:18)
      at mountIndeterminateComponent (node_modules/react-dom/cjs/react-dom.development.js:20103:13)
      at beginWork (node_modules/react-dom/cjs/react-dom.development.js:21626:16)
      at beginWork$1 (node_modules/react-dom/cjs/react-dom.development.js:27465:14)
      at performUnitOfWork (node_modules/react-dom/cjs/react-dom.development.js:26599:12)
      at workLoopSync (node_modules/react-dom/cjs/react-dom.development.js:26505:5)
      at renderRootSync (node_modules/react-dom/cjs/react-dom.development.js:26473:7)
      at performConcurrentWorkOnRoot (node_modules/react-dom/cjs/react-dom.development.js:25777:74)
      at flushActQueue (node_modules/react/cjs/react.development.js:2667:24)
      at act (node_modules/react/cjs/react.development.js:2582:11)
      at node_modules/@testing-library/react/dist/act-compat.js:47:25
      at renderRoot (node_modules/@testing-library/react/dist/pure.js:190:26)
      at render (node_modules/@testing-library/react/dist/pure.js:292:10)
      at Object.<anonymous> (tests/components/playbook-setup-wizard.test.tsx:87:11)

  console.error
    Error: Uncaught [Error: Element type is invalid: expected a string (for built-in components) or a class/function (for composite components) but got: undefined. You likely forgot to export your component from the file it's defined in, or you might have mixed up default and named imports.
    
    Check the render method of `PlaybookSetupWizard`.]
        at Object.<anonymous> (C:\Users\marte\Baked for Brands\bakedbot-for-brands\tests\components\playbook-setup-wizard.test.tsx:87:11)
        at new Promise (<anonymous>) {
      detail: Error: Element type is invalid: expected a string (for built-in components) or a class/function (for composite components) but got: undefined. You likely forgot to export your component from the file it's defined in, or you might have mixed up default and named imports.
      
      Check the render method of `PlaybookSetupWizard`.
          at createFiberFromTypeAndProps (C:\Users\marte\Baked for Brands\bakedbot-for-brands\node_modules\react-dom\cjs\react-dom.development.js:28478:17)
          at createFiberFromElement (C:\Users\marte\Baked for Brands\bakedbot-for-brands\node_modules\react-dom\cjs\react-dom.development.js:28504:15)
          at createChild (C:\Users\marte\Baked for Brands\bakedbot-for-brands\node_modules\react-dom\cjs\react-dom.development.js:13345:28)
          at reconcileChildrenArray (C:\Users\marte\Baked for Brands\bakedbot-for-brands\node_modules\react-dom\cjs\react-dom.development.js:13640:25)
          at reconcileChildFibers (C:\Users\marte\Baked for Brands\bakedbot-for-brands\node_modules\react-dom\cjs\react-dom.development.js:14057:16)
          at reconcileChildren (C:\Users\marte\Baked for Brands\bakedbot-for-brands\node_modules\react-dom\cjs\react-dom.development.js:19186:28)
          at updateHostComponent (C:\Users\marte\Baked for Brands\bakedbot-for-brands\node_modules\react-dom\cjs\react-dom.development.js:19953:3)
          at beginWork (C:\Users\marte\Baked for Brands\bakedbot-for-brands\node_modules\react-dom\cjs\react-dom.development.js:21657:14)
          at HTMLUnknownElement.callCallback (C:\Users\marte\Baked for Brands\bakedbot-for-brands\node_modules\react-dom\cjs\react-dom.development.js:4164:14)
          at HTMLUnknownElement.callTheUserObjectsOperation (C:\Users\marte\Baked for Brands\bakedbot-for-brands\node_modules\jsdom\lib\jsdom\living\generated\EventListener.js:26:30)
          at innerInvokeEventListeners (C:\Users\marte\Baked for Brands\bakedbot-for-brands\node_modules\jsdom\lib\jsdom\living\events\EventTarget-impl.js:350:25)
          at invokeEventListeners (C:\Users\marte\Baked for Brands\bakedbot-for-brands\node_modules\jsdom\lib\jsdom\living\events\EventTarget-impl.js:286:3)
          at HTMLUnknownElementImpl._dispatch (C:\Users\marte\Baked for Brands\bakedbot-for-brands\node_modules\jsdom\lib\jsdom\living\events\EventTarget-impl.js:233:9)
          at HTMLUnknownElementImpl.dispatchEvent (C:\Users\marte\Baked for Brands\bakedbot-for-brands\node_modules\jsdom\lib\jsdom\living\events\EventTarget-impl.js:104:17)
          at HTMLUnknownElement.dispatchEvent (C:\Users\marte\Baked for Brands\bakedbot-for-brands\node_modules\jsdom\lib\jsdom\living\generated\EventTarget.js:241:34)
          at Object.invokeGuardedCallbackDev (C:\Users\marte\Baked for Brands\bakedbot-for-brands\node_modules\react-dom\cjs\react-dom.development.js:4213:16)
          at invokeGuardedCallback (C:\Users\marte\Baked for Brands\bakedbot-for-brands\node_modules\react-dom\cjs\react-dom.development.js:4277:31)
          at beginWork$1 (C:\Users\marte\Baked for Brands\bakedbot-for-brands\node_modules\react-dom\cjs\react-dom.development.js:27490:7)
          at performUnitOfWork (C:\Users\marte\Baked for Brands\bakedbot-for-brands\node_modules\react-dom\cjs\react-dom.development.js:26599:12)
          at workLoopSync (C:\Users\marte\Baked for Brands\bakedbot-for-brands\node_modules\react-dom\cjs\react-dom.development.js:26505:5)
          at renderRootSync (C:\Users\marte\Baked for Brands\bakedbot-for-brands\node_modules\react-dom\cjs\react-dom.development.js:26473:7)
          at performConcurrentWorkOnRoot (C:\Users\marte\Baked for Brands\bakedbot-for-brands\node_modules\react-dom\cjs\react-dom.development.js:25777:74)
          at flushActQueue (C:\Users\marte\Baked for Brands\bakedbot-for-brands\node_modules\react\cjs\react.development.js:2667:24)
          at act (C:\Users\marte\Baked for Brands\bakedbot-for-brands\node_modules\react\cjs\react.development.js:2582:11)
          at C:\Users\marte\Baked for Brands\bakedbot-for-brands\node_modules\@testing-library\react\dist\act-compat.js:47:25
          at renderRoot (C:\Users\marte\Baked for Brands\bakedbot-for-brands\node_modules\@testing-library\react\dist\pure.js:190:26)
          at render (C:\Users\marte\Baked for Brands\bakedbot-for-brands\node_modules\@testing-library\react\dist\pure.js:292:10)
          at Object.<anonymous> (C:\Users\marte\Baked for Brands\bakedbot-for-brands\tests\components\playbook-setup-wizard.test.tsx:87:11)
          at Promise.then.completed (C:\Users\marte\Baked for Brands\bakedbot-for-brands\node_modules\jest-circus\build\utils.js:298:28)
          at new Promise (<anonymous>)
          at callAsyncCircusFn (C:\Users\marte\Baked for Brands\bakedbot-for-brands\node_modules\jest-circus\build\utils.js:231:10)
          at _callCircusTest (C:\Users\marte\Baked for Brands\bakedbot-for-brands\node_modules\jest-circus\build\run.js:316:40)
          at _runTest (C:\Users\marte\Baked for Brands\bakedbot-for-brands\node_modules\jest-circus\build\run.js:252:3)
          at _runTestsForDescribeBlock (C:\Users\marte\Baked for Brands\bakedbot-for-brands\node_modules\jest-circus\build\run.js:126:9)
          at _runTestsForDescribeBlock (C:\Users\marte\Baked for Brands\bakedbot-for-brands\node_modules\jest-circus\build\run.js:121:9)
          at run (C:\Users\marte\Baked for Brands\bakedbot-for-brands\node_modules\jest-circus\build\run.js:71:3)
          at runAndTransformResultsToJestFormat (C:\Users\marte\Baked for Brands\bakedbot-for-brands\node_modules\jest-circus\build\legacy-code-todo-rewrite\jestAdapterInit.js:122:21)
          at jestAdapter (C:\Users\marte\Baked for Brands\bakedbot-for-brands\node_modules\jest-circus\build\legacy-code-todo-rewrite\jestAdapter.js:79:19)
          at runTestInternal (C:\Users\marte\Baked for Brands\bakedbot-for-brands\node_modules\jest-runner\build\runTest.js:367:16)
          at runTest (C:\Users\marte\Baked for Brands\bakedbot-for-brands\node_modules\jest-runner\build\runTest.js:444:34),
      type: 'unhandled exception'
    }

    [0m [90m 85 |[39m     [36mconst[39m onCancel [33m=[39m jest[33m.[39mfn()[33m;[39m
     [90m 86 |[39m
    [31m[1m>[22m[39m[90m 87 |[39m     render(
     [90m    |[39m           [31m[1m^[22m[39m
     [90m 88 |[39m       [33m<[39m[33mPlaybookSetupWizard[39m
     [90m 89 |[39m         playbook[33m=[39m{mockPlaybook}
     [90m 90 |[39m         open[33m=[39m{[36mtrue[39m}[0m

      at VirtualConsole.<anonymous> (node_modules/jest-environment-jsdom/build/index.js:63:23)
      at reportException (node_modules/jsdom/lib/jsdom/living/helpers/runtime-script-errors.js:70:28)
      at innerInvokeEventListeners (node_modules/jsdom/lib/jsdom/living/events/EventTarget-impl.js:353:9)
      at invokeEventListeners (node_modules/jsdom/lib/jsdom/living/events/EventTarget-impl.js:286:3)
      at HTMLUnknownElementImpl._dispatch (node_modules/jsdom/lib/jsdom/living/events/EventTarget-impl.js:233:9)
      at HTMLUnknownElementImpl.dispatchEvent (node_modules/jsdom/lib/jsdom/living/events/EventTarget-impl.js:104:17)
      at HTMLUnknownElement.dispatchEvent (node_modules/jsdom/lib/jsdom/living/generated/EventTarget.js:241:34)
      at Object.invokeGuardedCallbackDev (node_modules/react-dom/cjs/react-dom.development.js:4213:16)
      at invokeGuardedCallback (node_modules/react-dom/cjs/react-dom.development.js:4277:31)
      at beginWork$1 (node_modules/react-dom/cjs/react-dom.development.js:27490:7)
      at performUnitOfWork (node_modules/react-dom/cjs/react-dom.development.js:26599:12)
      at workLoopSync (node_modules/react-dom/cjs/react-dom.development.js:26505:5)
      at renderRootSync (node_modules/react-dom/cjs/react-dom.development.js:26473:7)
      at performConcurrentWorkOnRoot (node_modules/react-dom/cjs/react-dom.development.js:25777:74)
      at flushActQueue (node_modules/react/cjs/react.development.js:2667:24)
      at act (node_modules/react/cjs/react.development.js:2582:11)
      at node_modules/@testing-library/react/dist/act-compat.js:47:25
      at renderRoot (node_modules/@testing-library/react/dist/pure.js:190:26)
      at render (node_modules/@testing-library/react/dist/pure.js:292:10)
      at Object.<anonymous> (tests/components/playbook-setup-wizard.test.tsx:87:11)

  console.error
    Warning: React.jsx: type is invalid -- expected a string (for built-in components) or a class/function (for composite components) but got: undefined. You likely forgot to export your component from the file it's defined in, or you might have mixed up default and named imports.
    
    Check the render method of `Checkbox`.
        at className (C:\Users\marte\Baked for Brands\bakedbot-for-brands\src\components\ui\checkbox.tsx:13:6)
        at div
        at div
        at div
        at div
        at children (C:\Users\marte\Baked for Brands\bakedbot-for-brands\tests\components\playbook-setup-wizard.test.tsx:9:21)
        at div
        at children (C:\Users\marte\Baked for Brands\bakedbot-for-brands\tests\components\playbook-setup-wizard.test.tsx:8:14)
        at playbook (C:\Users\marte\Baked for Brands\bakedbot-for-brands\src\app\dashboard\playbooks\components\playbook-setup-wizard.tsx:92:5)

    [0m [90m 23 |[39m       className[33m=[39m{cn([32m"flex items-center justify-center text-current"[39m)}
     [90m 24 |[39m     [33m>[39m
    [31m[1m>[22m[39m[90m 25 |[39m       [33m<[39m[33mCheck[39m className[33m=[39m[32m"h-4 w-4"[39m [33m/[39m[33m>[39m
     [90m    |[39m       [31m[1m^[22m[39m
     [90m 26 |[39m     [33m<[39m[33m/[39m[33mCheckboxPrimitive[39m[33m.[39m[33mIndicator[39m[33m>[39m
     [90m 27 |[39m   [33m<[39m[33m/[39m[33mCheckboxPrimitive[39m[33m.[39m[33mRoot[39m[33m>[39m
     [90m 28 |[39m ))[0m

      at printWarning (node_modules/react/cjs/react-jsx-runtime.development.js:87:30)
      at error (node_modules/react/cjs/react-jsx-runtime.development.js:61:7)
      at jsxWithValidation (node_modules/react/cjs/react-jsx-runtime.development.js:1245:7)
      at jsxWithValidationDynamic (node_modules/react/cjs/react-jsx-runtime.development.js:1320:12)
      at src/components/ui/checkbox.tsx:25:7
      at renderWithHooks (node_modules/react-dom/cjs/react-dom.development.js:15486:18)
      at updateForwardRef (node_modules/react-dom/cjs/react-dom.development.js:19245:20)
      at beginWork (node_modules/react-dom/cjs/react-dom.development.js:21675:16)
      at beginWork$1 (node_modules/react-dom/cjs/react-dom.development.js:27465:14)
      at performUnitOfWork (node_modules/react-dom/cjs/react-dom.development.js:26599:12)
      at workLoopSync (node_modules/react-dom/cjs/react-dom.development.js:26505:5)
      at renderRootSync (node_modules/react-dom/cjs/react-dom.development.js:26473:7)
      at performConcurrentWorkOnRoot (node_modules/react-dom/cjs/react-dom.development.js:25777:74)
      at flushActQueue (node_modules/react/cjs/react.development.js:2667:24)
      at act (node_modules/react/cjs/react.development.js:2582:11)
      at node_modules/@testing-library/react/dist/act-compat.js:47:25
      at renderRoot (node_modules/@testing-library/react/dist/pure.js:190:26)
      at render (node_modules/@testing-library/react/dist/pure.js:292:10)
      at Object.<anonymous> (tests/components/playbook-setup-wizard.test.tsx:87:11)

  console.error
    Warning: React.jsx: type is invalid -- expected a string (for built-in components) or a class/function (for composite components) but got: undefined. You likely forgot to export your component from the file it's defined in, or you might have mixed up default and named imports.
    
    Check the render method of `Checkbox`.
        at className (C:\Users\marte\Baked for Brands\bakedbot-for-brands\src\components\ui\checkbox.tsx:13:6)
        at div
        at div
        at div
        at div
        at children (C:\Users\marte\Baked for Brands\bakedbot-for-brands\tests\components\playbook-setup-wizard.test.tsx:9:21)
        at div
        at children (C:\Users\marte\Baked for Brands\bakedbot-for-brands\tests\components\playbook-setup-wizard.test.tsx:8:14)
        at playbook (C:\Users\marte\Baked for Brands\bakedbot-for-brands\src\app\dashboard\playbooks\components\playbook-setup-wizard.tsx:92:5)

    [0m [90m 23 |[39m       className[33m=[39m{cn([32m"flex items-center justify-center text-current"[39m)}
     [90m 24 |[39m     [33m>[39m
    [31m[1m>[22m[39m[90m 25 |[39m       [33m<[39m[33mCheck[39m className[33m=[39m[32m"h-4 w-4"[39m [33m/[39m[33m>[39m
     [90m    |[39m       [31m[1m^[22m[39m
     [90m 26 |[39m     [33m<[39m[33m/[39m[33mCheckboxPrimitive[39m[33m.[39m[33mIndicator[39m[33m>[39m
     [90m 27 |[39m   [33m<[39m[33m/[39m[33mCheckboxPrimitive[39m[33m.[39m[33mRoot[39m[33m>[39m
     [90m 28 |[39m ))[0m

      at printWarning (node_modules/react/cjs/react-jsx-runtime.development.js:87:30)
      at error (node_modules/react/cjs/react-jsx-runtime.development.js:61:7)
      at jsxWithValidation (node_modules/react/cjs/react-jsx-runtime.development.js:1245:7)
      at jsxWithValidationDynamic (node_modules/react/cjs/react-jsx-runtime.development.js:1320:12)
      at src/components/ui/checkbox.tsx:25:7
      at renderWithHooks (node_modules/react-dom/cjs/react-dom.development.js:15486:18)
      at updateForwardRef (node_modules/react-dom/cjs/react-dom.development.js:19245:20)
      at beginWork (node_modules/react-dom/cjs/react-dom.development.js:21675:16)
      at beginWork$1 (node_modules/react-dom/cjs/react-dom.development.js:27465:14)
      at performUnitOfWork (node_modules/react-dom/cjs/react-dom.development.js:26599:12)
      at workLoopSync (node_modules/react-dom/cjs/react-dom.development.js:26505:5)
      at renderRootSync (node_modules/react-dom/cjs/react-dom.development.js:26473:7)
      at performConcurrentWorkOnRoot (node_modules/react-dom/cjs/react-dom.development.js:25777:74)
      at flushActQueue (node_modules/react/cjs/react.development.js:2667:24)
      at act (node_modules/react/cjs/react.development.js:2582:11)
      at node_modules/@testing-library/react/dist/act-compat.js:47:25
      at renderRoot (node_modules/@testing-library/react/dist/pure.js:190:26)
      at render (node_modules/@testing-library/react/dist/pure.js:292:10)
      at Object.<anonymous> (tests/components/playbook-setup-wizard.test.tsx:87:11)

  console.error
    Error: Uncaught [Error: Element type is invalid: expected a string (for built-in components) or a class/function (for composite components) but got: undefined. You likely forgot to export your component from the file it's defined in, or you might have mixed up default and named imports.
    
    Check the render method of `PlaybookSetupWizard`.]
        at Object.<anonymous> (C:\Users\marte\Baked for Brands\bakedbot-for-brands\tests\components\playbook-setup-wizard.test.tsx:87:11)
        at new Promise (<anonymous>) {
      detail: Error: Element type is invalid: expected a string (for built-in components) or a class/function (for composite components) but got: undefined. You likely forgot to export your component from the file it's defined in, or you might have mixed up default and named imports.
      
      Check the render method of `PlaybookSetupWizard`.
          at createFiberFromTypeAndProps (C:\Users\marte\Baked for Brands\bakedbot-for-brands\node_modules\react-dom\cjs\react-dom.development.js:28478:17)
          at createFiberFromElement (C:\Users\marte\Baked for Brands\bakedbot-for-brands\node_modules\react-dom\cjs\react-dom.development.js:28504:15)
          at createChild (C:\Users\marte\Baked for Brands\bakedbot-for-brands\node_modules\react-dom\cjs\react-dom.development.js:13345:28)
          at reconcileChildrenArray (C:\Users\marte\Baked for Brands\bakedbot-for-brands\node_modules\react-dom\cjs\react-dom.development.js:13640:25)
          at reconcileChildFibers (C:\Users\marte\Baked for Brands\bakedbot-for-brands\node_modules\react-dom\cjs\react-dom.development.js:14057:16)
          at reconcileChildren (C:\Users\marte\Baked for Brands\bakedbot-for-brands\node_modules\react-dom\cjs\react-dom.development.js:19186:28)
          at updateHostComponent (C:\Users\marte\Baked for Brands\bakedbot-for-brands\node_modules\react-dom\cjs\react-dom.development.js:19953:3)
          at beginWork (C:\Users\marte\Baked for Brands\bakedbot-for-brands\node_modules\react-dom\cjs\react-dom.development.js:21657:14)
          at HTMLUnknownElement.callCallback (C:\Users\marte\Baked for Brands\bakedbot-for-brands\node_modules\react-dom\cjs\react-dom.development.js:4164:14)
          at HTMLUnknownElement.callTheUserObjectsOperation (C:\Users\marte\Baked for Brands\bakedbot-for-brands\node_modules\jsdom\lib\jsdom\living\generated\EventListener.js:26:30)
          at innerInvokeEventListeners (C:\Users\marte\Baked for Brands\bakedbot-for-brands\node_modules\jsdom\lib\jsdom\living\events\EventTarget-impl.js:350:25)
          at invokeEventListeners (C:\Users\marte\Baked for Brands\bakedbot-for-brands\node_modules\jsdom\lib\jsdom\living\events\EventTarget-impl.js:286:3)
          at HTMLUnknownElementImpl._dispatch (C:\Users\marte\Baked for Brands\bakedbot-for-brands\node_modules\jsdom\lib\jsdom\living\events\EventTarget-impl.js:233:9)
          at HTMLUnknownElementImpl.dispatchEvent (C:\Users\marte\Baked for Brands\bakedbot-for-brands\node_modules\jsdom\lib\jsdom\living\events\EventTarget-impl.js:104:17)
          at HTMLUnknownElement.dispatchEvent (C:\Users\marte\Baked for Brands\bakedbot-for-brands\node_modules\jsdom\lib\jsdom\living\generated\EventTarget.js:241:34)
          at Object.invokeGuardedCallbackDev (C:\Users\marte\Baked for Brands\bakedbot-for-brands\node_modules\react-dom\cjs\react-dom.development.js:4213:16)
          at invokeGuardedCallback (C:\Users\marte\Baked for Brands\bakedbot-for-brands\node_modules\react-dom\cjs\react-dom.development.js:4277:31)
          at beginWork$1 (C:\Users\marte\Baked for Brands\bakedbot-for-brands\node_modules\react-dom\cjs\react-dom.development.js:27490:7)
          at performUnitOfWork (C:\Users\marte\Baked for Brands\bakedbot-for-brands\node_modules\react-dom\cjs\react-dom.development.js:26599:12)
          at workLoopSync (C:\Users\marte\Baked for Brands\bakedbot-for-brands\node_modules\react-dom\cjs\react-dom.development.js:26505:5)
          at renderRootSync (C:\Users\marte\Baked for Brands\bakedbot-for-brands\node_modules\react-dom\cjs\react-dom.development.js:26473:7)
          at performConcurrentWorkOnRoot (C:\Users\marte\Baked for Brands\bakedbot-for-brands\node_modules\react-dom\cjs\react-dom.development.js:25777:74)
          at flushActQueue (C:\Users\marte\Baked for Brands\bakedbot-for-brands\node_modules\react\cjs\react.development.js:2667:24)
          at act (C:\Users\marte\Baked for Brands\bakedbot-for-brands\node_modules\react\cjs\react.development.js:2582:11)
          at C:\Users\marte\Baked for Brands\bakedbot-for-brands\node_modules\@testing-library\react\dist\act-compat.js:47:25
          at renderRoot (C:\Users\marte\Baked for Brands\bakedbot-for-brands\node_modules\@testing-library\react\dist\pure.js:190:26)
          at render (C:\Users\marte\Baked for Brands\bakedbot-for-brands\node_modules\@testing-library\react\dist\pure.js:292:10)
          at Object.<anonymous> (C:\Users\marte\Baked for Brands\bakedbot-for-brands\tests\components\playbook-setup-wizard.test.tsx:87:11)
          at Promise.then.completed (C:\Users\marte\Baked for Brands\bakedbot-for-brands\node_modules\jest-circus\build\utils.js:298:28)
          at new Promise (<anonymous>)
          at callAsyncCircusFn (C:\Users\marte\Baked for Brands\bakedbot-for-brands\node_modules\jest-circus\build\utils.js:231:10)
          at _callCircusTest (C:\Users\marte\Baked for Brands\bakedbot-for-brands\node_modules\jest-circus\build\run.js:316:40)
          at _runTest (C:\Users\marte\Baked for Brands\bakedbot-for-brands\node_modules\jest-circus\build\run.js:252:3)
          at _runTestsForDescribeBlock (C:\Users\marte\Baked for Brands\bakedbot-for-brands\node_modules\jest-circus\build\run.js:126:9)
          at _runTestsForDescribeBlock (C:\Users\marte\Baked for Brands\bakedbot-for-brands\node_modules\jest-circus\build\run.js:121:9)
          at run (C:\Users\marte\Baked for Brands\bakedbot-for-brands\node_modules\jest-circus\build\run.js:71:3)
          at runAndTransformResultsToJestFormat (C:\Users\marte\Baked for Brands\bakedbot-for-brands\node_modules\jest-circus\build\legacy-code-todo-rewrite\jestAdapterInit.js:122:21)
          at jestAdapter (C:\Users\marte\Baked for Brands\bakedbot-for-brands\node_modules\jest-circus\build\legacy-code-todo-rewrite\jestAdapter.js:79:19)
          at runTestInternal (C:\Users\marte\Baked for Brands\bakedbot-for-brands\node_modules\jest-runner\build\runTest.js:367:16)
          at runTest (C:\Users\marte\Baked for Brands\bakedbot-for-brands\node_modules\jest-runner\build\runTest.js:444:34),
      type: 'unhandled exception'
    }

    [0m [90m 85 |[39m     [36mconst[39m onCancel [33m=[39m jest[33m.[39mfn()[33m;[39m
     [90m 86 |[39m
    [31m[1m>[22m[39m[90m 87 |[39m     render(
     [90m    |[39m           [31m[1m^[22m[39m
     [90m 88 |[39m       [33m<[39m[33mPlaybookSetupWizard[39m
     [90m 89 |[39m         playbook[33m=[39m{mockPlaybook}
     [90m 90 |[39m         open[33m=[39m{[36mtrue[39m}[0m

      at VirtualConsole.<anonymous> (node_modules/jest-environment-jsdom/build/index.js:63:23)
      at reportException (node_modules/jsdom/lib/jsdom/living/helpers/runtime-script-errors.js:70:28)
      at innerInvokeEventListeners (node_modules/jsdom/lib/jsdom/living/events/EventTarget-impl.js:353:9)
      at invokeEventListeners (node_modules/jsdom/lib/jsdom/living/events/EventTarget-impl.js:286:3)
      at HTMLUnknownElementImpl._dispatch (node_modules/jsdom/lib/jsdom/living/events/EventTarget-impl.js:233:9)
      at HTMLUnknownElementImpl.dispatchEvent (node_modules/jsdom/lib/jsdom/living/events/EventTarget-impl.js:104:17)
      at HTMLUnknownElement.dispatchEvent (node_modules/jsdom/lib/jsdom/living/generated/EventTarget.js:241:34)
      at Object.invokeGuardedCallbackDev (node_modules/react-dom/cjs/react-dom.development.js:4213:16)
      at invokeGuardedCallback (node_modules/react-dom/cjs/react-dom.development.js:4277:31)
      at beginWork$1 (node_modules/react-dom/cjs/react-dom.development.js:27490:7)
      at performUnitOfWork (node_modules/react-dom/cjs/react-dom.development.js:26599:12)
      at workLoopSync (node_modules/react-dom/cjs/react-dom.development.js:26505:5)
      at renderRootSync (node_modules/react-dom/cjs/react-dom.development.js:26473:7)
      at performConcurrentWorkOnRoot (node_modules/react-dom/cjs/react-dom.development.js:25777:74)
      at flushActQueue (node_modules/react/cjs/react.development.js:2667:24)
      at act (node_modules/react/cjs/react.development.js:2582:11)
      at node_modules/@testing-library/react/dist/act-compat.js:47:25
      at renderRoot (node_modules/@testing-library/react/dist/pure.js:190:26)
      at render (node_modules/@testing-library/react/dist/pure.js:292:10)
      at Object.<anonymous> (tests/components/playbook-setup-wizard.test.tsx:87:11)

  console.error
    Warning: React.jsx: type is invalid -- expected a string (for built-in components) or a class/function (for composite components) but got: undefined. You likely forgot to export your component from the file it's defined in, or you might have mixed up default and named imports.
    
    Check the render method of `PlaybookSetupWizard`.
        at playbook (C:\Users\marte\Baked for Brands\bakedbot-for-brands\src\app\dashboard\playbooks\components\playbook-setup-wizard.tsx:92:5)

    [0m [90m 185 |[39m                     [33m<[39m[33mdiv[39m className[33m=[39m[32m"space-y-4 py-4"[39m[33m>[39m
     [90m 186 |[39m                         [33m<[39m[33mdiv[39m className[33m=[39m[32m"flex items-center gap-2 text-sm text-muted-foreground"[39m[33m>[39m
    [31m[1m>[22m[39m[90m 187 |[39m                             [33m<[39m[33mShield[39m className[33m=[39m[32m"h-4 w-4"[39m [33m/[39m[33m>[39m
     [90m     |[39m                             [31m[1m^[22m[39m
     [90m 188 |[39m                             [33m<[39m[33mspan[39m[33m>[39m[33mThis[39m playbook requires access to[33m:[39m[33m<[39m[33m/[39m[33mspan[39m[33m>[39m
     [90m 189 |[39m                         [33m<[39m[33m/[39m[33mdiv[39m[33m>[39m
     [90m 190 |[39m                         [33m<[39m[33mdiv[39m className[33m=[39m[32m"space-y-3"[39m[33m>[39m[0m

      at printWarning (node_modules/react/cjs/react-jsx-runtime.development.js:87:30)
      at error (node_modules/react/cjs/react-jsx-runtime.development.js:61:7)
      at jsxWithValidation (node_modules/react/cjs/react-jsx-runtime.development.js:1245:7)
      at jsxWithValidationDynamic (node_modules/react/cjs/react-jsx-runtime.development.js:1320:12)
      at PlaybookSetupWizard (src/app/dashboard/playbooks/components/playbook-setup-wizard.tsx:187:29)
      at renderWithHooks (node_modules/react-dom/cjs/react-dom.development.js:15486:18)
      at mountIndeterminateComponent (node_modules/react-dom/cjs/react-dom.development.js:20103:13)
      at beginWork (node_modules/react-dom/cjs/react-dom.development.js:21626:16)
      at beginWork$1 (node_modules/react-dom/cjs/react-dom.development.js:27465:14)
      at performUnitOfWork (node_modules/react-dom/cjs/react-dom.development.js:26599:12)
      at workLoopSync (node_modules/react-dom/cjs/react-dom.development.js:26505:5)
      at renderRootSync (node_modules/react-dom/cjs/react-dom.development.js:26473:7)
      at recoverFromConcurrentError (node_modules/react-dom/cjs/react-dom.development.js:25889:20)
      at performConcurrentWorkOnRoot (node_modules/react-dom/cjs/react-dom.development.js:25789:22)
      at flushActQueue (node_modules/react/cjs/react.development.js:2667:24)
      at act (node_modules/react/cjs/react.development.js:2582:11)
      at node_modules/@testing-library/react/dist/act-compat.js:47:25
      at renderRoot (node_modules/@testing-library/react/dist/pure.js:190:26)
      at render (node_modules/@testing-library/react/dist/pure.js:292:10)
      at Object.<anonymous> (tests/components/playbook-setup-wizard.test.tsx:87:11)

  console.error
    Warning: React.jsx: type is invalid -- expected a string (for built-in components) or a class/function (for composite components) but got: undefined. You likely forgot to export your component from the file it's defined in, or you might have mixed up default and named imports.
    
    Check the render method of `PlaybookSetupWizard`.
        at playbook (C:\Users\marte\Baked for Brands\bakedbot-for-brands\src\app\dashboard\playbooks\components\playbook-setup-wizard.tsx:92:5)

    [0m [90m 359 |[39m                         [33m>[39m
     [90m 360 |[39m                             [33mContinue[39m
    [31m[1m>[22m[39m[90m 361 |[39m                             [33m<[39m[33mArrowRight[39m className[33m=[39m[32m"h-4 w-4 ml-2"[39m [33m/[39m[33m>[39m
     [90m     |[39m                             [31m[1m^[22m[39m
     [90m 362 |[39m                         [33m<[39m[33m/[39m[33mButton[39m[33m>[39m
     [90m 363 |[39m                     )}
     [90m 364 |[39m                 [33m<[39m[33m/[39m[33mDialogFooter[39m[33m>[39m[0m

      at printWarning (node_modules/react/cjs/react-jsx-runtime.development.js:87:30)
      at error (node_modules/react/cjs/react-jsx-runtime.development.js:61:7)
      at jsxWithValidation (node_modules/react/cjs/react-jsx-runtime.development.js:1245:7)
      at jsxWithValidationDynamic (node_modules/react/cjs/react-jsx-runtime.development.js:1320:12)
      at PlaybookSetupWizard (src/app/dashboard/playbooks/components/playbook-setup-wizard.tsx:361:29)
      at renderWithHooks (node_modules/react-dom/cjs/react-dom.development.js:15486:18)
      at mountIndeterminateComponent (node_modules/react-dom/cjs/react-dom.development.js:20103:13)
      at beginWork (node_modules/react-dom/cjs/react-dom.development.js:21626:16)
      at beginWork$1 (node_modules/react-dom/cjs/react-dom.development.js:27465:14)
      at performUnitOfWork (node_modules/react-dom/cjs/react-dom.development.js:26599:12)
      at workLoopSync (node_modules/react-dom/cjs/react-dom.development.js:26505:5)
      at renderRootSync (node_modules/react-dom/cjs/react-dom.development.js:26473:7)
      at recoverFromConcurrentError (node_modules/react-dom/cjs/react-dom.development.js:25889:20)
      at performConcurrentWorkOnRoot (node_modules/react-dom/cjs/react-dom.development.js:25789:22)
      at flushActQueue (node_modules/react/cjs/react.development.js:2667:24)
      at act (node_modules/react/cjs/react.development.js:2582:11)
      at node_modules/@testing-library/react/dist/act-compat.js:47:25
      at renderRoot (node_modules/@testing-library/react/dist/pure.js:190:26)
      at render (node_modules/@testing-library/react/dist/pure.js:292:10)
      at Object.<anonymous> (tests/components/playbook-setup-wizard.test.tsx:87:11)

  console.error
    Error: Uncaught [Error: Element type is invalid: expected a string (for built-in components) or a class/function (for composite components) but got: undefined. You likely forgot to export your component from the file it's defined in, or you might have mixed up default and named imports.
    
    Check the render method of `PlaybookSetupWizard`.]
        at Object.<anonymous> (C:\Users\marte\Baked for Brands\bakedbot-for-brands\tests\components\playbook-setup-wizard.test.tsx:87:11)
        at new Promise (<anonymous>) {
      detail: Error: Element type is invalid: expected a string (for built-in components) or a class/function (for composite components) but got: undefined. You likely forgot to export your component from the file it's defined in, or you might have mixed up default and named imports.
      
      Check the render method of `PlaybookSetupWizard`.
          at createFiberFromTypeAndProps (C:\Users\marte\Baked for Brands\bakedbot-for-brands\node_modules\react-dom\cjs\react-dom.development.js:28478:17)
          at createFiberFromElement (C:\Users\marte\Baked for Brands\bakedbot-for-brands\node_modules\react-dom\cjs\react-dom.development.js:28504:15)
          at createChild (C:\Users\marte\Baked for Brands\bakedbot-for-brands\node_modules\react-dom\cjs\react-dom.development.js:13345:28)
          at reconcileChildrenArray (C:\Users\marte\Baked for Brands\bakedbot-for-brands\node_modules\react-dom\cjs\react-dom.development.js:13640:25)
          at reconcileChildFibers (C:\Users\marte\Baked for Brands\bakedbot-for-brands\node_modules\react-dom\cjs\react-dom.development.js:14057:16)
          at reconcileChildren (C:\Users\marte\Baked for Brands\bakedbot-for-brands\node_modules\react-dom\cjs\react-dom.development.js:19186:28)
          at updateHostComponent (C:\Users\marte\Baked for Brands\bakedbot-for-brands\node_modules\react-dom\cjs\react-dom.development.js:19953:3)
          at beginWork (C:\Users\marte\Baked for Brands\bakedbot-for-brands\node_modules\react-dom\cjs\react-dom.development.js:21657:14)
          at HTMLUnknownElement.callCallback (C:\Users\marte\Baked for Brands\bakedbot-for-brands\node_modules\react-dom\cjs\react-dom.development.js:4164:14)
          at HTMLUnknownElement.callTheUserObjectsOperation (C:\Users\marte\Baked for Brands\bakedbot-for-brands\node_modules\jsdom\lib\jsdom\living\generated\EventListener.js:26:30)
          at innerInvokeEventListeners (C:\Users\marte\Baked for Brands\bakedbot-for-brands\node_modules\jsdom\lib\jsdom\living\events\EventTarget-impl.js:350:25)
          at invokeEventListeners (C:\Users\marte\Baked for Brands\bakedbot-for-brands\node_modules\jsdom\lib\jsdom\living\events\EventTarget-impl.js:286:3)
          at HTMLUnknownElementImpl._dispatch (C:\Users\marte\Baked for Brands\bakedbot-for-brands\node_modules\jsdom\lib\jsdom\living\events\EventTarget-impl.js:233:9)
          at HTMLUnknownElementImpl.dispatchEvent (C:\Users\marte\Baked for Brands\bakedbot-for-brands\node_modules\jsdom\lib\jsdom\living\events\EventTarget-impl.js:104:17)
          at HTMLUnknownElement.dispatchEvent (C:\Users\marte\Baked for Brands\bakedbot-for-brands\node_modules\jsdom\lib\jsdom\living\generated\EventTarget.js:241:34)
          at Object.invokeGuardedCallbackDev (C:\Users\marte\Baked for Brands\bakedbot-for-brands\node_modules\react-dom\cjs\react-dom.development.js:4213:16)
          at invokeGuardedCallback (C:\Users\marte\Baked for Brands\bakedbot-for-brands\node_modules\react-dom\cjs\react-dom.development.js:4277:31)
          at beginWork$1 (C:\Users\marte\Baked for Brands\bakedbot-for-brands\node_modules\react-dom\cjs\react-dom.development.js:27490:7)
          at performUnitOfWork (C:\Users\marte\Baked for Brands\bakedbot-for-brands\node_modules\react-dom\cjs\react-dom.development.js:26599:12)
          at workLoopSync (C:\Users\marte\Baked for Brands\bakedbot-for-brands\node_modules\react-dom\cjs\react-dom.development.js:26505:5)
          at renderRootSync (C:\Users\marte\Baked for Brands\bakedbot-for-brands\node_modules\react-dom\cjs\react-dom.development.js:26473:7)
          at recoverFromConcurrentError (C:\Users\marte\Baked for Brands\bakedbot-for-brands\node_modules\react-dom\cjs\react-dom.development.js:25889:20)
          at performConcurrentWorkOnRoot (C:\Users\marte\Baked for Brands\bakedbot-for-brands\node_modules\react-dom\cjs\react-dom.development.js:25789:22)
          at flushActQueue (C:\Users\marte\Baked for Brands\bakedbot-for-brands\node_modules\react\cjs\react.development.js:2667:24)
          at act (C:\Users\marte\Baked for Brands\bakedbot-for-brands\node_modules\react\cjs\react.development.js:2582:11)
          at C:\Users\marte\Baked for Brands\bakedbot-for-brands\node_modules\@testing-library\react\dist\act-compat.js:47:25
          at renderRoot (C:\Users\marte\Baked for Brands\bakedbot-for-brands\node_modules\@testing-library\react\dist\pure.js:190:26)
          at render (C:\Users\marte\Baked for Brands\bakedbot-for-brands\node_modules\@testing-library\react\dist\pure.js:292:10)
          at Object.<anonymous> (C:\Users\marte\Baked for Brands\bakedbot-for-brands\tests\components\playbook-setup-wizard.test.tsx:87:11)
          at Promise.then.completed (C:\Users\marte\Baked for Brands\bakedbot-for-brands\node_modules\jest-circus\build\utils.js:298:28)
          at new Promise (<anonymous>)
          at callAsyncCircusFn (C:\Users\marte\Baked for Brands\bakedbot-for-brands\node_modules\jest-circus\build\utils.js:231:10)
          at _callCircusTest (C:\Users\marte\Baked for Brands\bakedbot-for-brands\node_modules\jest-circus\build\run.js:316:40)
          at _runTest (C:\Users\marte\Baked for Brands\bakedbot-for-brands\node_modules\jest-circus\build\run.js:252:3)
          at _runTestsForDescribeBlock (C:\Users\marte\Baked for Brands\bakedbot-for-brands\node_modules\jest-circus\build\run.js:126:9)
          at _runTestsForDescribeBlock (C:\Users\marte\Baked for Brands\bakedbot-for-brands\node_modules\jest-circus\build\run.js:121:9)
          at run (C:\Users\marte\Baked for Brands\bakedbot-for-brands\node_modules\jest-circus\build\run.js:71:3)
          at runAndTransformResultsToJestFormat (C:\Users\marte\Baked for Brands\bakedbot-for-brands\node_modules\jest-circus\build\legacy-code-todo-rewrite\jestAdapterInit.js:122:21)
          at jestAdapter (C:\Users\marte\Baked for Brands\bakedbot-for-brands\node_modules\jest-circus\build\legacy-code-todo-rewrite\jestAdapter.js:79:19)
          at runTestInternal (C:\Users\marte\Baked for Brands\bakedbot-for-brands\node_modules\jest-runner\build\runTest.js:367:16)
          at runTest (C:\Users\marte\Baked for Brands\bakedbot-for-brands\node_modules\jest-runner\build\runTest.js:444:34),
      type: 'unhandled exception'
    }

    [0m [90m 85 |[39m     [36mconst[39m onCancel [33m=[39m jest[33m.[39mfn()[33m;[39m
     [90m 86 |[39m
    [31m[1m>[22m[39m[90m 87 |[39m     render(
     [90m    |[39m           [31m[1m^[22m[39m
     [90m 88 |[39m       [33m<[39m[33mPlaybookSetupWizard[39m
     [90m 89 |[39m         playbook[33m=[39m{mockPlaybook}
     [90m 90 |[39m         open[33m=[39m{[36mtrue[39m}[0m

      at VirtualConsole.<anonymous> (node_modules/jest-environment-jsdom/build/index.js:63:23)
      at reportException (node_modules/jsdom/lib/jsdom/living/helpers/runtime-script-errors.js:70:28)
      at innerInvokeEventListeners (node_modules/jsdom/lib/jsdom/living/events/EventTarget-impl.js:353:9)
      at invokeEventListeners (node_modules/jsdom/lib/jsdom/living/events/EventTarget-impl.js:286:3)
      at HTMLUnknownElementImpl._dispatch (node_modules/jsdom/lib/jsdom/living/events/EventTarget-impl.js:233:9)
      at HTMLUnknownElementImpl.dispatchEvent (node_modules/jsdom/lib/jsdom/living/events/EventTarget-impl.js:104:17)
      at HTMLUnknownElement.dispatchEvent (node_modules/jsdom/lib/jsdom/living/generated/EventTarget.js:241:34)
      at Object.invokeGuardedCallbackDev (node_modules/react-dom/cjs/react-dom.development.js:4213:16)
      at invokeGuardedCallback (node_modules/react-dom/cjs/react-dom.development.js:4277:31)
      at beginWork$1 (node_modules/react-dom/cjs/react-dom.development.js:27490:7)
      at performUnitOfWork (node_modules/react-dom/cjs/react-dom.development.js:26599:12)
      at workLoopSync (node_modules/react-dom/cjs/react-dom.development.js:26505:5)
      at renderRootSync (node_modules/react-dom/cjs/react-dom.development.js:26473:7)
      at recoverFromConcurrentError (node_modules/react-dom/cjs/react-dom.development.js:25889:20)
      at performConcurrentWorkOnRoot (node_modules/react-dom/cjs/react-dom.development.js:25789:22)
      at flushActQueue (node_modules/react/cjs/react.development.js:2667:24)
      at act (node_modules/react/cjs/react.development.js:2582:11)
      at node_modules/@testing-library/react/dist/act-compat.js:47:25
      at renderRoot (node_modules/@testing-library/react/dist/pure.js:190:26)
      at render (node_modules/@testing-library/react/dist/pure.js:292:10)
      at Object.<anonymous> (tests/components/playbook-setup-wizard.test.tsx:87:11)

  console.error
    Warning: React.jsx: type is invalid -- expected a string (for built-in components) or a class/function (for composite components) but got: undefined. You likely forgot to export your component from the file it's defined in, or you might have mixed up default and named imports.
    
    Check the render method of `Checkbox`.
        at className (C:\Users\marte\Baked for Brands\bakedbot-for-brands\src\components\ui\checkbox.tsx:13:6)
        at div
        at div
        at div
        at div
        at children (C:\Users\marte\Baked for Brands\bakedbot-for-brands\tests\components\playbook-setup-wizard.test.tsx:9:21)
        at div
        at children (C:\Users\marte\Baked for Brands\bakedbot-for-brands\tests\components\playbook-setup-wizard.test.tsx:8:14)
        at playbook (C:\Users\marte\Baked for Brands\bakedbot-for-brands\src\app\dashboard\playbooks\components\playbook-setup-wizard.tsx:92:5)

    [0m [90m 23 |[39m       className[33m=[39m{cn([32m"flex items-center justify-center text-current"[39m)}
     [90m 24 |[39m     [33m>[39m
    [31m[1m>[22m[39m[90m 25 |[39m       [33m<[39m[33mCheck[39m className[33m=[39m[32m"h-4 w-4"[39m [33m/[39m[33m>[39m
     [90m    |[39m       [31m[1m^[22m[39m
     [90m 26 |[39m     [33m<[39m[33m/[39m[33mCheckboxPrimitive[39m[33m.[39m[33mIndicator[39m[33m>[39m
     [90m 27 |[39m   [33m<[39m[33m/[39m[33mCheckboxPrimitive[39m[33m.[39m[33mRoot[39m[33m>[39m
     [90m 28 |[39m ))[0m

      at printWarning (node_modules/react/cjs/react-jsx-runtime.development.js:87:30)
      at error (node_modules/react/cjs/react-jsx-runtime.development.js:61:7)
      at jsxWithValidation (node_modules/react/cjs/react-jsx-runtime.development.js:1245:7)
      at jsxWithValidationDynamic (node_modules/react/cjs/react-jsx-runtime.development.js:1320:12)
      at src/components/ui/checkbox.tsx:25:7
      at renderWithHooks (node_modules/react-dom/cjs/react-dom.development.js:15486:18)
      at updateForwardRef (node_modules/react-dom/cjs/react-dom.development.js:19245:20)
      at beginWork (node_modules/react-dom/cjs/react-dom.development.js:21675:16)
      at beginWork$1 (node_modules/react-dom/cjs/react-dom.development.js:27465:14)
      at performUnitOfWork (node_modules/react-dom/cjs/react-dom.development.js:26599:12)
      at workLoopSync (node_modules/react-dom/cjs/react-dom.development.js:26505:5)
      at renderRootSync (node_modules/react-dom/cjs/react-dom.development.js:26473:7)
      at recoverFromConcurrentError (node_modules/react-dom/cjs/react-dom.development.js:25889:20)
      at performConcurrentWorkOnRoot (node_modules/react-dom/cjs/react-dom.development.js:25789:22)
      at flushActQueue (node_modules/react/cjs/react.development.js:2667:24)
      at act (node_modules/react/cjs/react.development.js:2582:11)
      at node_modules/@testing-library/react/dist/act-compat.js:47:25
      at renderRoot (node_modules/@testing-library/react/dist/pure.js:190:26)
      at render (node_modules/@testing-library/react/dist/pure.js:292:10)
      at Object.<anonymous> (tests/components/playbook-setup-wizard.test.tsx:87:11)

  console.error
    Warning: React.jsx: type is invalid -- expected a string (for built-in components) or a class/function (for composite components) but got: undefined. You likely forgot to export your component from the file it's defined in, or you might have mixed up default and named imports.
    
    Check the render method of `Checkbox`.
        at className (C:\Users\marte\Baked for Brands\bakedbot-for-brands\src\components\ui\checkbox.tsx:13:6)
        at div
        at div
        at div
        at div
        at children (C:\Users\marte\Baked for Brands\bakedbot-for-brands\tests\components\playbook-setup-wizard.test.tsx:9:21)
        at div
        at children (C:\Users\marte\Baked for Brands\bakedbot-for-brands\tests\components\playbook-setup-wizard.test.tsx:8:14)
        at playbook (C:\Users\marte\Baked for Brands\bakedbot-for-brands\src\app\dashboard\playbooks\components\playbook-setup-wizard.tsx:92:5)

    [0m [90m 23 |[39m       className[33m=[39m{cn([32m"flex items-center justify-center text-current"[39m)}
     [90m 24 |[39m     [33m>[39m
    [31m[1m>[22m[39m[90m 25 |[39m       [33m<[39m[33mCheck[39m className[33m=[39m[32m"h-4 w-4"[39m [33m/[39m[33m>[39m
     [90m    |[39m       [31m[1m^[22m[39m
     [90m 26 |[39m     [33m<[39m[33m/[39m[33mCheckboxPrimitive[39m[33m.[39m[33mIndicator[39m[33m>[39m
     [90m 27 |[39m   [33m<[39m[33m/[39m[33mCheckboxPrimitive[39m[33m.[39m[33mRoot[39m[33m>[39m
     [90m 28 |[39m ))[0m

      at printWarning (node_modules/react/cjs/react-jsx-runtime.development.js:87:30)
      at error (node_modules/react/cjs/react-jsx-runtime.development.js:61:7)
      at jsxWithValidation (node_modules/react/cjs/react-jsx-runtime.development.js:1245:7)
      at jsxWithValidationDynamic (node_modules/react/cjs/react-jsx-runtime.development.js:1320:12)
      at src/components/ui/checkbox.tsx:25:7
      at renderWithHooks (node_modules/react-dom/cjs/react-dom.development.js:15486:18)
      at updateForwardRef (node_modules/react-dom/cjs/react-dom.development.js:19245:20)
      at beginWork (node_modules/react-dom/cjs/react-dom.development.js:21675:16)
      at beginWork$1 (node_modules/react-dom/cjs/react-dom.development.js:27465:14)
      at performUnitOfWork (node_modules/react-dom/cjs/react-dom.development.js:26599:12)
      at workLoopSync (node_modules/react-dom/cjs/react-dom.development.js:26505:5)
      at renderRootSync (node_modules/react-dom/cjs/react-dom.development.js:26473:7)
      at recoverFromConcurrentError (node_modules/react-dom/cjs/react-dom.development.js:25889:20)
      at performConcurrentWorkOnRoot (node_modules/react-dom/cjs/react-dom.development.js:25789:22)
      at flushActQueue (node_modules/react/cjs/react.development.js:2667:24)
      at act (node_modules/react/cjs/react.development.js:2582:11)
      at node_modules/@testing-library/react/dist/act-compat.js:47:25
      at renderRoot (node_modules/@testing-library/react/dist/pure.js:190:26)
      at render (node_modules/@testing-library/react/dist/pure.js:292:10)
      at Object.<anonymous> (tests/components/playbook-setup-wizard.test.tsx:87:11)

  console.error
    Error: Uncaught [Error: Element type is invalid: expected a string (for built-in components) or a class/function (for composite components) but got: undefined. You likely forgot to export your component from the file it's defined in, or you might have mixed up default and named imports.
    
    Check the render method of `PlaybookSetupWizard`.]
        at Object.<anonymous> (C:\Users\marte\Baked for Brands\bakedbot-for-brands\tests\components\playbook-setup-wizard.test.tsx:87:11)
        at new Promise (<anonymous>) {
      detail: Error: Element type is invalid: expected a string (for built-in components) or a class/function (for composite components) but got: undefined. You likely forgot to export your component from the file it's defined in, or you might have mixed up default and named imports.
      
      Check the render method of `PlaybookSetupWizard`.
          at createFiberFromTypeAndProps (C:\Users\marte\Baked for Brands\bakedbot-for-brands\node_modules\react-dom\cjs\react-dom.development.js:28478:17)
          at createFiberFromElement (C:\Users\marte\Baked for Brands\bakedbot-for-brands\node_modules\react-dom\cjs\react-dom.development.js:28504:15)
          at createChild (C:\Users\marte\Baked for Brands\bakedbot-for-brands\node_modules\react-dom\cjs\react-dom.development.js:13345:28)
          at reconcileChildrenArray (C:\Users\marte\Baked for Brands\bakedbot-for-brands\node_modules\react-dom\cjs\react-dom.development.js:13640:25)
          at reconcileChildFibers (C:\Users\marte\Baked for Brands\bakedbot-for-brands\node_modules\react-dom\cjs\react-dom.development.js:14057:16)
          at reconcileChildren (C:\Users\marte\Baked for Brands\bakedbot-for-brands\node_modules\react-dom\cjs\react-dom.development.js:19186:28)
          at updateHostComponent (C:\Users\marte\Baked for Brands\bakedbot-for-brands\node_modules\react-dom\cjs\react-dom.development.js:19953:3)
          at beginWork (C:\Users\marte\Baked for Brands\bakedbot-for-brands\node_modules\react-dom\cjs\react-dom.development.js:21657:14)
          at HTMLUnknownElement.callCallback (C:\Users\marte\Baked for Brands\bakedbot-for-brands\node_modules\react-dom\cjs\react-dom.development.js:4164:14)
          at HTMLUnknownElement.callTheUserObjectsOperation (C:\Users\marte\Baked for Brands\bakedbot-for-brands\node_modules\jsdom\lib\jsdom\living\generated\EventListener.js:26:30)
          at innerInvokeEventListeners (C:\Users\marte\Baked for Brands\bakedbot-for-brands\node_modules\jsdom\lib\jsdom\living\events\EventTarget-impl.js:350:25)
          at invokeEventListeners (C:\Users\marte\Baked for Brands\bakedbot-for-brands\node_modules\jsdom\lib\jsdom\living\events\EventTarget-impl.js:286:3)
          at HTMLUnknownElementImpl._dispatch (C:\Users\marte\Baked for Brands\bakedbot-for-brands\node_modules\jsdom\lib\jsdom\living\events\EventTarget-impl.js:233:9)
          at HTMLUnknownElementImpl.dispatchEvent (C:\Users\marte\Baked for Brands\bakedbot-for-brands\node_modules\jsdom\lib\jsdom\living\events\EventTarget-impl.js:104:17)
          at HTMLUnknownElement.dispatchEvent (C:\Users\marte\Baked for Brands\bakedbot-for-brands\node_modules\jsdom\lib\jsdom\living\generated\EventTarget.js:241:34)
          at Object.invokeGuardedCallbackDev (C:\Users\marte\Baked for Brands\bakedbot-for-brands\node_modules\react-dom\cjs\react-dom.development.js:4213:16)
          at invokeGuardedCallback (C:\Users\marte\Baked for Brands\bakedbot-for-brands\node_modules\react-dom\cjs\react-dom.development.js:4277:31)
          at beginWork$1 (C:\Users\marte\Baked for Brands\bakedbot-for-brands\node_modules\react-dom\cjs\react-dom.development.js:27490:7)
          at performUnitOfWork (C:\Users\marte\Baked for Brands\bakedbot-for-brands\node_modules\react-dom\cjs\react-dom.development.js:26599:12)
          at workLoopSync (C:\Users\marte\Baked for Brands\bakedbot-for-brands\node_modules\react-dom\cjs\react-dom.development.js:26505:5)
          at renderRootSync (C:\Users\marte\Baked for Brands\bakedbot-for-brands\node_modules\react-dom\cjs\react-dom.development.js:26473:7)
          at recoverFromConcurrentError (C:\Users\marte\Baked for Brands\bakedbot-for-brands\node_modules\react-dom\cjs\react-dom.development.js:25889:20)
          at performConcurrentWorkOnRoot (C:\Users\marte\Baked for Brands\bakedbot-for-brands\node_modules\react-dom\cjs\react-dom.development.js:25789:22)
          at flushActQueue (C:\Users\marte\Baked for Brands\bakedbot-for-brands\node_modules\react\cjs\react.development.js:2667:24)
          at act (C:\Users\marte\Baked for Brands\bakedbot-for-brands\node_modules\react\cjs\react.development.js:2582:11)
          at C:\Users\marte\Baked for Brands\bakedbot-for-brands\node_modules\@testing-library\react\dist\act-compat.js:47:25
          at renderRoot (C:\Users\marte\Baked for Brands\bakedbot-for-brands\node_modules\@testing-library\react\dist\pure.js:190:26)
          at render (C:\Users\marte\Baked for Brands\bakedbot-for-brands\node_modules\@testing-library\react\dist\pure.js:292:10)
          at Object.<anonymous> (C:\Users\marte\Baked for Brands\bakedbot-for-brands\tests\components\playbook-setup-wizard.test.tsx:87:11)
          at Promise.then.completed (C:\Users\marte\Baked for Brands\bakedbot-for-brands\node_modules\jest-circus\build\utils.js:298:28)
          at new Promise (<anonymous>)
          at callAsyncCircusFn (C:\Users\marte\Baked for Brands\bakedbot-for-brands\node_modules\jest-circus\build\utils.js:231:10)
          at _callCircusTest (C:\Users\marte\Baked for Brands\bakedbot-for-brands\node_modules\jest-circus\build\run.js:316:40)
          at _runTest (C:\Users\marte\Baked for Brands\bakedbot-for-brands\node_modules\jest-circus\build\run.js:252:3)
          at _runTestsForDescribeBlock (C:\Users\marte\Baked for Brands\bakedbot-for-brands\node_modules\jest-circus\build\run.js:126:9)
          at _runTestsForDescribeBlock (C:\Users\marte\Baked for Brands\bakedbot-for-brands\node_modules\jest-circus\build\run.js:121:9)
          at run (C:\Users\marte\Baked for Brands\bakedbot-for-brands\node_modules\jest-circus\build\run.js:71:3)
          at runAndTransformResultsToJestFormat (C:\Users\marte\Baked for Brands\bakedbot-for-brands\node_modules\jest-circus\build\legacy-code-todo-rewrite\jestAdapterInit.js:122:21)
          at jestAdapter (C:\Users\marte\Baked for Brands\bakedbot-for-brands\node_modules\jest-circus\build\legacy-code-todo-rewrite\jestAdapter.js:79:19)
          at runTestInternal (C:\Users\marte\Baked for Brands\bakedbot-for-brands\node_modules\jest-runner\build\runTest.js:367:16)
          at runTest (C:\Users\marte\Baked for Brands\bakedbot-for-brands\node_modules\jest-runner\build\runTest.js:444:34),
      type: 'unhandled exception'
    }

    [0m [90m 85 |[39m     [36mconst[39m onCancel [33m=[39m jest[33m.[39mfn()[33m;[39m
     [90m 86 |[39m
    [31m[1m>[22m[39m[90m 87 |[39m     render(
     [90m    |[39m           [31m[1m^[22m[39m
     [90m 88 |[39m       [33m<[39m[33mPlaybookSetupWizard[39m
     [90m 89 |[39m         playbook[33m=[39m{mockPlaybook}
     [90m 90 |[39m         open[33m=[39m{[36mtrue[39m}[0m

      at VirtualConsole.<anonymous> (node_modules/jest-environment-jsdom/build/index.js:63:23)
      at reportException (node_modules/jsdom/lib/jsdom/living/helpers/runtime-script-errors.js:70:28)
      at innerInvokeEventListeners (node_modules/jsdom/lib/jsdom/living/events/EventTarget-impl.js:353:9)
      at invokeEventListeners (node_modules/jsdom/lib/jsdom/living/events/EventTarget-impl.js:286:3)
      at HTMLUnknownElementImpl._dispatch (node_modules/jsdom/lib/jsdom/living/events/EventTarget-impl.js:233:9)
      at HTMLUnknownElementImpl.dispatchEvent (node_modules/jsdom/lib/jsdom/living/events/EventTarget-impl.js:104:17)
      at HTMLUnknownElement.dispatchEvent (node_modules/jsdom/lib/jsdom/living/generated/EventTarget.js:241:34)
      at Object.invokeGuardedCallbackDev (node_modules/react-dom/cjs/react-dom.development.js:4213:16)
      at invokeGuardedCallback (node_modules/react-dom/cjs/react-dom.development.js:4277:31)
      at beginWork$1 (node_modules/react-dom/cjs/react-dom.development.js:27490:7)
      at performUnitOfWork (node_modules/react-dom/cjs/react-dom.development.js:26599:12)
      at workLoopSync (node_modules/react-dom/cjs/react-dom.development.js:26505:5)
      at renderRootSync (node_modules/react-dom/cjs/react-dom.development.js:26473:7)
      at recoverFromConcurrentError (node_modules/react-dom/cjs/react-dom.development.js:25889:20)
      at performConcurrentWorkOnRoot (node_modules/react-dom/cjs/react-dom.development.js:25789:22)
      at flushActQueue (node_modules/react/cjs/react.development.js:2667:24)
      at act (node_modules/react/cjs/react.development.js:2582:11)
      at node_modules/@testing-library/react/dist/act-compat.js:47:25
      at renderRoot (node_modules/@testing-library/react/dist/pure.js:190:26)
      at render (node_modules/@testing-library/react/dist/pure.js:292:10)
      at Object.<anonymous> (tests/components/playbook-setup-wizard.test.tsx:87:11)

  console.error
    The above error occurred in the <div> component:
    
        at div
        at div
        at div
        at children (C:\Users\marte\Baked for Brands\bakedbot-for-brands\tests\components\playbook-setup-wizard.test.tsx:9:21)
        at div
        at children (C:\Users\marte\Baked for Brands\bakedbot-for-brands\tests\components\playbook-setup-wizard.test.tsx:8:14)
        at playbook (C:\Users\marte\Baked for Brands\bakedbot-for-brands\src\app\dashboard\playbooks\components\playbook-setup-wizard.tsx:92:5)
    
    Consider adding an error boundary to your tree to customize error handling behavior.
    Visit https://reactjs.org/link/error-boundaries to learn more about error boundaries.

    [0m [90m 85 |[39m     [36mconst[39m onCancel [33m=[39m jest[33m.[39mfn()[33m;[39m
     [90m 86 |[39m
    [31m[1m>[22m[39m[90m 87 |[39m     render(
     [90m    |[39m           [31m[1m^[22m[39m
     [90m 88 |[39m       [33m<[39m[33mPlaybookSetupWizard[39m
     [90m 89 |[39m         playbook[33m=[39m{mockPlaybook}
     [90m 90 |[39m         open[33m=[39m{[36mtrue[39m}[0m

      at logCapturedError (node_modules/react-dom/cjs/react-dom.development.js:18704:23)
      at update.callback (node_modules/react-dom/cjs/react-dom.development.js:18737:5)
      at callCallback (node_modules/react-dom/cjs/react-dom.development.js:15036:12)
      at commitUpdateQueue (node_modules/react-dom/cjs/react-dom.development.js:15057:9)
      at commitLayoutEffectOnFiber (node_modules/react-dom/cjs/react-dom.development.js:23430:13)
      at commitLayoutMountEffects_complete (node_modules/react-dom/cjs/react-dom.development.js:24727:9)
      at commitLayoutEffects_begin (node_modules/react-dom/cjs/react-dom.development.js:24713:7)
      at commitLayoutEffects (node_modules/react-dom/cjs/react-dom.development.js:24651:3)
      at commitRootImpl (node_modules/react-dom/cjs/react-dom.development.js:26862:5)
      at commitRoot (node_modules/react-dom/cjs/react-dom.development.js:26721:5)
      at finishConcurrentRender (node_modules/react-dom/cjs/react-dom.development.js:25931:9)
      at performConcurrentWorkOnRoot (node_modules/react-dom/cjs/react-dom.development.js:25848:7)
      at flushActQueue (node_modules/react/cjs/react.development.js:2667:24)
      at act (node_modules/react/cjs/react.development.js:2582:11)
      at node_modules/@testing-library/react/dist/act-compat.js:47:25
      at renderRoot (node_modules/@testing-library/react/dist/pure.js:190:26)
      at render (node_modules/@testing-library/react/dist/pure.js:292:10)
      at Object.<anonymous> (tests/components/playbook-setup-wizard.test.tsx:87:11)

  console.error
    The above error occurred in the <button> component:
    
        at button
        at className (C:\Users\marte\Baked for Brands\bakedbot-for-brands\src\components\ui\button.tsx:44:6)
        at div
        at children (C:\Users\marte\Baked for Brands\bakedbot-for-brands\tests\components\playbook-setup-wizard.test.tsx:13:20)
        at div
        at children (C:\Users\marte\Baked for Brands\bakedbot-for-brands\tests\components\playbook-setup-wizard.test.tsx:9:21)
        at div
        at children (C:\Users\marte\Baked for Brands\bakedbot-for-brands\tests\components\playbook-setup-wizard.test.tsx:8:14)
        at playbook (C:\Users\marte\Baked for Brands\bakedbot-for-brands\src\app\dashboard\playbooks\components\playbook-setup-wizard.tsx:92:5)
    
    Consider adding an error boundary to your tree to customize error handling behavior.
    Visit https://reactjs.org/link/error-boundaries to learn more about error boundaries.

    [0m [90m 85 |[39m     [36mconst[39m onCancel [33m=[39m jest[33m.[39mfn()[33m;[39m
     [90m 86 |[39m
    [31m[1m>[22m[39m[90m 87 |[39m     render(
     [90m    |[39m           [31m[1m^[22m[39m
     [90m 88 |[39m       [33m<[39m[33mPlaybookSetupWizard[39m
     [90m 89 |[39m         playbook[33m=[39m{mockPlaybook}
     [90m 90 |[39m         open[33m=[39m{[36mtrue[39m}[0m

      at logCapturedError (node_modules/react-dom/cjs/react-dom.development.js:18704:23)
      at update.callback (node_modules/react-dom/cjs/react-dom.development.js:18737:5)
      at callCallback (node_modules/react-dom/cjs/react-dom.development.js:15036:12)
      at commitUpdateQueue (node_modules/react-dom/cjs/react-dom.development.js:15057:9)
      at commitLayoutEffectOnFiber (node_modules/react-dom/cjs/react-dom.development.js:23430:13)
      at commitLayoutMountEffects_complete (node_modules/react-dom/cjs/react-dom.development.js:24727:9)
      at commitLayoutEffects_begin (node_modules/react-dom/cjs/react-dom.development.js:24713:7)
      at commitLayoutEffects (node_modules/react-dom/cjs/react-dom.development.js:24651:3)
      at commitRootImpl (node_modules/react-dom/cjs/react-dom.development.js:26862:5)
      at commitRoot (node_modules/react-dom/cjs/react-dom.development.js:26721:5)
      at finishConcurrentRender (node_modules/react-dom/cjs/react-dom.development.js:25931:9)
      at performConcurrentWorkOnRoot (node_modules/react-dom/cjs/react-dom.development.js:25848:7)
      at flushActQueue (node_modules/react/cjs/react.development.js:2667:24)
      at act (node_modules/react/cjs/react.development.js:2582:11)
      at node_modules/@testing-library/react/dist/act-compat.js:47:25
      at renderRoot (node_modules/@testing-library/react/dist/pure.js:190:26)
      at render (node_modules/@testing-library/react/dist/pure.js:292:10)
      at Object.<anonymous> (tests/components/playbook-setup-wizard.test.tsx:87:11)

FAIL tests/components
/playbook-setup-wizar
d.test.tsx
  PlaybookSetupWizard
    ├ù renders 
permission step 
first when 
permissions required 
(293 ms)
    ├ù navigates to 
setup step after 
permissions granted 
(126 ms)
    ├ù completes 
wizard with config 
(107 ms)

  ΓùÅ 
PlaybookSetupWizard 
ΓÇ║ renders 
permission step 
first when 
permissions required

    Element type is 
invalid: expected a 
string (for built-in 
components) or a 
class/function (for 
composite 
components) but got: 
undefined. You 
likely forgot to 
export your 
component from the 
file it's defined 
in, or you might 
have mixed up 
default and named 
imports.

    Check the render 
method of `PlaybookSe
tupWizard`.

    [0m [90m 38 
|[39m     
[36mconst[39m 
onCancel [33m=[39m 
jest[33m.[39mfn()[
33m;[39m
     [90m 39 |[39m
    [31m[1m>[22m[
39m[90m 40 |[39m   
  render(
     [90m    |[39m 
          
[31m[1m^[22m[39m
     [90m 41 |[39m 
      [33m<[39m[33
mPlaybookSetupWizard
[39m
     [90m 42 |[39m 
        playbook[33m
=[39m{mockPlaybook}
     [90m 43 |[39m 
        open[33m=[3
9m{[36mtrue[39m}[0
m

      at createFiberF
romTypeAndProps (node
_modules/react-dom/cj
s/react-dom.developme
nt.js:28478:17)
      at createFiberF
romElement (node_modu
les/react-dom/cjs/rea
ct-dom.development.js
:28504:15)
      at createChild 
(node_modules/react-d
om/cjs/react-dom.deve
lopment.js:13345:28)
      at reconcileChi
ldrenArray (node_modu
les/react-dom/cjs/rea
ct-dom.development.js
:13640:25)
      at 
reconcileChildFibers 
(node_modules/react-d
om/cjs/react-dom.deve
lopment.js:14057:16)
      at 
reconcileChildren (no
de_modules/react-dom/
cjs/react-dom.develop
ment.js:19186:28)
      at 
updateHostComponent (
node_modules/react-do
m/cjs/react-dom.devel
opment.js:19953:3)
      at beginWork (n
ode_modules/react-dom
/cjs/react-dom.develo
pment.js:21657:14)
      at beginWork$1 
(node_modules/react-d
om/cjs/react-dom.deve
lopment.js:27465:14)
      at 
performUnitOfWork (no
de_modules/react-dom/
cjs/react-dom.develop
ment.js:26599:12)
      at 
workLoopSync (node_mo
dules/react-dom/cjs/r
eact-dom.development.
js:26505:5)
      at 
renderRootSync (node_
modules/react-dom/cjs
/react-dom.developmen
t.js:26473:7)
      at recoverFromC
oncurrentError (node_
modules/react-dom/cjs
/react-dom.developmen
t.js:25889:20)
      at performConcu
rrentWorkOnRoot (node
_modules/react-dom/cj
s/react-dom.developme
nt.js:25789:22)
      at 
flushActQueue (node_m
odules/react/cjs/reac
t.development.js:2667
:24)
      at act (node_mo
dules/react/cjs/react
.development.js:2582:
11)
      at node_modules
/@testing-library/rea
ct/dist/act-compat.js
:47:25
      at renderRoot (
node_modules/@testing
-library/react/dist/p
ure.js:190:26)
      at render (node
_modules/@testing-lib
rary/react/dist/pure.
js:292:10)
      at 
Object.<anonymous> (t
ests/components/playb
ook-setup-wizard.test
.tsx:40:11)

  ΓùÅ 
PlaybookSetupWizard 
ΓÇ║ navigates to 
setup step after 
permissions granted

    Element type is 
invalid: expected a 
string (for built-in 
components) or a 
class/function (for 
composite 
components) but got: 
undefined. You 
likely forgot to 
export your 
component from the 
file it's defined 
in, or you might 
have mixed up 
default and named 
imports.

    Check the render 
method of `PlaybookSe
tupWizard`.

    [0m [90m 56 
|[39m     
[36mconst[39m 
onCancel [33m=[39m 
jest[33m.[39mfn()[
33m;[39m
     [90m 57 |[39m
    [31m[1m>[22m[
39m[90m 58 |[39m   
  render(
     [90m    |[39m 
          
[31m[1m^[22m[39m
     [90m 59 |[39m 
      [33m<[39m[33
mPlaybookSetupWizard
[39m
     [90m 60 |[39m 
        playbook[33m
=[39m{mockPlaybook}
     [90m 61 |[39m 
        open[33m=[3
9m{[36mtrue[39m}[0
m

      at createFiberF
romTypeAndProps (node
_modules/react-dom/cj
s/react-dom.developme
nt.js:28478:17)
      at createFiberF
romElement (node_modu
les/react-dom/cjs/rea
ct-dom.development.js
:28504:15)
      at createChild 
(node_modules/react-d
om/cjs/react-dom.deve
lopment.js:13345:28)
      at reconcileChi
ldrenArray (node_modu
les/react-dom/cjs/rea
ct-dom.development.js
:13640:25)
      at 
reconcileChildFibers 
(node_modules/react-d
om/cjs/react-dom.deve
lopment.js:14057:16)
      at 
reconcileChildren (no
de_modules/react-dom/
cjs/react-dom.develop
ment.js:19186:28)
      at 
updateHostComponent (
node_modules/react-do
m/cjs/react-dom.devel
opment.js:19953:3)
      at beginWork (n
ode_modules/react-dom
/cjs/react-dom.develo
pment.js:21657:14)
      at beginWork$1 
(node_modules/react-d
om/cjs/react-dom.deve
lopment.js:27465:14)
      at 
performUnitOfWork (no
de_modules/react-dom/
cjs/react-dom.develop
ment.js:26599:12)
      at 
workLoopSync (node_mo
dules/react-dom/cjs/r
eact-dom.development.
js:26505:5)
      at 
renderRootSync (node_
modules/react-dom/cjs
/react-dom.developmen
t.js:26473:7)
      at recoverFromC
oncurrentError (node_
modules/react-dom/cjs
/react-dom.developmen
t.js:25889:20)
      at performConcu
rrentWorkOnRoot (node
_modules/react-dom/cj
s/react-dom.developme
nt.js:25789:22)
      at 
flushActQueue (node_m
odules/react/cjs/reac
t.development.js:2667
:24)
      at act (node_mo
dules/react/cjs/react
.development.js:2582:
11)
      at node_modules
/@testing-library/rea
ct/dist/act-compat.js
:47:25
      at renderRoot (
node_modules/@testing
-library/react/dist/p
ure.js:190:26)
      at render (node
_modules/@testing-lib
rary/react/dist/pure.
js:292:10)
      at 
Object.<anonymous> (t
ests/components/playb
ook-setup-wizard.test
.tsx:58:11)

  ΓùÅ 
PlaybookSetupWizard 
ΓÇ║ completes wizard 
with config

    Element type is 
invalid: expected a 
string (for built-in 
components) or a 
class/function (for 
composite 
components) but got: 
undefined. You 
likely forgot to 
export your 
component from the 
file it's defined 
in, or you might 
have mixed up 
default and named 
imports.

    Check the render 
method of `PlaybookSe
tupWizard`.

    [0m [90m 85 
|[39m     
[36mconst[39m 
onCancel [33m=[39m 
jest[33m.[39mfn()[
33m;[39m
     [90m 86 |[39m
    [31m[1m>[22m[
39m[90m 87 |[39m   
  render(
     [90m    |[39m 
          
[31m[1m^[22m[39m
     [90m 88 |[39m 
      [33m<[39m[33
mPlaybookSetupWizard
[39m
     [90m 89 |[39m 
        playbook[33m
=[39m{mockPlaybook}
     [90m 90 |[39m 
        open[33m=[3
9m{[36mtrue[39m}[0
m

      at createFiberF
romTypeAndProps (node
_modules/react-dom/cj
s/react-dom.developme
nt.js:28478:17)
      at createFiberF
romElement (node_modu
les/react-dom/cjs/rea
ct-dom.development.js
:28504:15)
      at createChild 
(node_modules/react-d
om/cjs/react-dom.deve
lopment.js:13345:28)
      at reconcileChi
ldrenArray (node_modu
les/react-dom/cjs/rea
ct-dom.development.js
:13640:25)
      at 
reconcileChildFibers 
(node_modules/react-d
om/cjs/react-dom.deve
lopment.js:14057:16)
      at 
reconcileChildren (no
de_modules/react-dom/
cjs/react-dom.develop
ment.js:19186:28)
      at 
updateHostComponent (
node_modules/react-do
m/cjs/react-dom.devel
opment.js:19953:3)
      at beginWork (n
ode_modules/react-dom
/cjs/react-dom.develo
pment.js:21657:14)
      at beginWork$1 
(node_modules/react-d
om/cjs/react-dom.deve
lopment.js:27465:14)
      at 
performUnitOfWork (no
de_modules/react-dom/
cjs/react-dom.develop
ment.js:26599:12)
      at 
workLoopSync (node_mo
dules/react-dom/cjs/r
eact-dom.development.
js:26505:5)
      at 
renderRootSync (node_
modules/react-dom/cjs
/react-dom.developmen
t.js:26473:7)
      at recoverFromC
oncurrentError (node_
modules/react-dom/cjs
/react-dom.developmen
t.js:25889:20)
      at performConcu
rrentWorkOnRoot (node
_modules/react-dom/cj
s/react-dom.developme
nt.js:25789:22)
      at 
flushActQueue (node_m
odules/react/cjs/reac
t.development.js:2667
:24)
      at act (node_mo
dules/react/cjs/react
.development.js:2582:
11)
      at node_modules
/@testing-library/rea
ct/dist/act-compat.js
:47:25
      at renderRoot (
node_modules/@testing
-library/react/dist/p
ure.js:190:26)
      at render (node
_modules/@testing-lib
rary/react/dist/pure.
js:292:10)
      at 
Object.<anonymous> (t
ests/components/playb
ook-setup-wizard.test
.tsx:87:11)

Test Suites: 1 
failed, 1 total
Tests:       3 
failed, 3 total
Snapshots:   0 total
Time:        4.96 s
Ran all test suites 
matching /tests\\comp
onents\\playbook-setu
p-wizard.test.tsx/i.
