jest-haste-map: Haste module naming collision: nextn
  The following files share their name; please adjust your hasteImpl:
    * <rootDir>\package.json
    * <rootDir>\.firebase\studio-567050101-bc6e8\functions\package.json

  console.error
    [createKnowledgeBaseAction] Error: TypeError: collection.where is not a function
        at where (C:\Users\marte\Baked for Brands\bakedbot-for-brands\src\server\actions\knowledge-base.ts:89:14)
        at processTicksAndRejections (node:internal/process/task_queues:103:5)
        at Object.<anonymous> (C:\Users\marte\Baked for Brands\bakedbot-for-brands\src\server\actions\__tests__\knowledge-base-instructions.test.ts:64:28)

    [0m [90m 113 |[39m         [36mreturn[39m { success[33m:[39m [36mtrue[39m[33m,[39m message[33m:[39m [32m'Knowledge Base created successfully.'[39m[33m,[39m id[33m:[39m docRef[33m.[39mid }[33m;[39m
     [90m 114 |[39m     } [36mcatch[39m (error[33m:[39m any) {
    [31m[1m>[22m[39m[90m 115 |[39m         console[33m.[39merror([32m'[createKnowledgeBaseAction] Error:'[39m[33m,[39m error)[33m;[39m
     [90m     |[39m                 [31m[1m^[22m[39m
     [90m 116 |[39m         [36mreturn[39m { success[33m:[39m [36mfalse[39m[33m,[39m message[33m:[39m error[33m.[39mmessage [33m||[39m [32m'Failed to create Knowledge Base.'[39m }[33m;[39m
     [90m 117 |[39m         }
     [90m 118 |[39m }[0m

      at error (src/server/actions/knowledge-base.ts:115:17)
      at Object.<anonymous> (src/server/actions/__tests__/knowledge-base-instructions.test.ts:64:28)

  console.error
    [createKnowledgeBaseAction] Error: TypeError: collection.where is not a function
        at where (C:\Users\marte\Baked for Brands\bakedbot-for-brands\src\server\actions\knowledge-base.ts:89:14)
        at processTicksAndRejections (node:internal/process/task_queues:103:5)
        at Object.<anonymous> (C:\Users\marte\Baked for Brands\bakedbot-for-brands\src\server\actions\__tests__\knowledge-base-instructions.test.ts:81:28)

    [0m [90m 113 |[39m         [36mreturn[39m { success[33m:[39m [36mtrue[39m[33m,[39m message[33m:[39m [32m'Knowledge Base created successfully.'[39m[33m,[39m id[33m:[39m docRef[33m.[39mid }[33m;[39m
     [90m 114 |[39m     } [36mcatch[39m (error[33m:[39m any) {
    [31m[1m>[22m[39m[90m 115 |[39m         console[33m.[39merror([32m'[createKnowledgeBaseAction] Error:'[39m[33m,[39m error)[33m;[39m
     [90m     |[39m                 [31m[1m^[22m[39m
     [90m 116 |[39m         [36mreturn[39m { success[33m:[39m [36mfalse[39m[33m,[39m message[33m:[39m error[33m.[39mmessage [33m||[39m [32m'Failed to create Knowledge Base.'[39m }[33m;[39m
     [90m 117 |[39m         }
     [90m 118 |[39m }[0m

      at error (src/server/actions/knowledge-base.ts:115:17)
      at Object.<anonymous> (src/server/actions/__tests__/knowledge-base-instructions.test.ts:81:28)

  console.error
    [updateKnowledgeBaseAction] Error: Error: Unauthorized: Only super admins can update system KBs.
        at updateKnowledgeBaseAction (C:\Users\marte\Baked for Brands\bakedbot-for-brands\src\server\actions\knowledge-base.ts:144:19)
        at processTicksAndRejections (node:internal/process/task_queues:103:5)
        at Object.<anonymous> (C:\Users\marte\Baked for Brands\bakedbot-for-brands\src\server\actions\__tests__\knowledge-base-instructions.test.ts:136:28)

    [0m [90m 156 |[39m         [36mreturn[39m { success[33m:[39m [36mtrue[39m[33m,[39m message[33m:[39m [32m'Knowledge Base updated.'[39m }[33m;[39m
     [90m 157 |[39m     } [36mcatch[39m (error[33m:[39m any) {
    [31m[1m>[22m[39m[90m 158 |[39m          console[33m.[39merror([32m'[updateKnowledgeBaseAction] Error:'[39m[33m,[39m error)[33m;[39m
     [90m     |[39m                  [31m[1m^[22m[39m
     [90m 159 |[39m          [36mreturn[39m { success[33m:[39m [36mfalse[39m[33m,[39m message[33m:[39m error[33m.[39mmessage }[33m;[39m
     [90m 160 |[39m     }
     [90m 161 |[39m }[0m

      at error (src/server/actions/knowledge-base.ts:158:18)
      at Object.<anonymous> (src/server/actions/__tests__/knowledge-base-instructions.test.ts:136:28)

node.exe : FAIL src/server/
actions/__tests__/knowledge
-base-instructions.test.ts
At line:1 char:1
+ & "C:\Program 
Files\nodejs/node.exe" 
"C:\Program 
Files\nodejs/node_mo ...
+ ~~~~~~~~~~~~~~~~~~~~~~~~~
~~~~~~~~~~~~~~~~~~~~~~~~~~~
~~~~~~~~~~~~~~~~~
    + CategoryInfo         
     : NotSpecified: (FAI  
  L src/server...uctions   
 .test.ts:String) [], R    
emoteException
    + FullyQualifiedErrorI 
   d : NativeCommandError
 
  Knowledge Base Actions - 
System Instructions
    
createKnowledgeBaseAction
      ├ù should save 
systemInstructions when 
creating a KB (63 ms)
      ├ù should default 
systemInstructions to 
empty string if not 
provided (8 ms)
    
updateKnowledgeBaseAction
      ΓêÜ should update 
systemInstructions (3 ms)
      ΓêÜ should fail if 
non-super-user tries to 
update system KB (10 ms)

  ΓùÅ Knowledge Base 
Actions - System 
Instructions ΓÇ║ 
createKnowledgeBaseAction 
ΓÇ║ should save 
systemInstructions when 
creating a KB

    expect(received).toBe(e
xpected) // Object.is 
equality

    Expected: true
    Received: false

    [0m [90m 64 |[39m   
          [36mconst[39m 
result [33m=[39m 
[36mawait[39m createKnowl
edgeBaseAction(input)[33m;
[39m
     [90m 65 |[39m
    
[31m[1m>[22m[39m[90m 
66 |[39m             expec
t(result[33m.[39msuccess)
[33m.[39mtoBe([36mtrue[
39m)[33m;[39m
     [90m    |[39m       
                           
  [31m[1m^[22m[39m
     [90m 67 |[39m       
      expect(mockCollection
[33m.[39madd)[33m.[39mt
oHaveBeenCalledWith(expect
[33m.[39mobjectContaining(
{
     [90m 68 |[39m       
          name[33m:[39m 
[32m'Test 
KB'[39m[33m,[39m
     [90m 69 |[39m       
          systemInstruction
s[33m:[39m [32m'Act as 
a test 
bot.'[39m[33m,[39m[0m

      at Object.toBe (src/s
erver/actions/__tests__/kno
wledge-base-instructions.te
st.ts:66:36)

  ΓùÅ Knowledge Base 
Actions - System 
Instructions ΓÇ║ 
createKnowledgeBaseAction 
ΓÇ║ should default 
systemInstructions to 
empty string if not 
provided

    expect(received).toBe(e
xpected) // Object.is 
equality

    Expected: true
    Received: false

    [0m [90m 81 |[39m   
          [36mconst[39m 
result [33m=[39m 
[36mawait[39m createKnowl
edgeBaseAction(input)[33m;
[39m
     [90m 82 |[39m
    
[31m[1m>[22m[39m[90m 
83 |[39m             expec
t(result[33m.[39msuccess)
[33m.[39mtoBe([36mtrue[
39m)[33m;[39m
     [90m    |[39m       
                           
  [31m[1m^[22m[39m
     [90m 84 |[39m       
      expect(mockCollection
[33m.[39madd)[33m.[39mt
oHaveBeenCalledWith(expect
[33m.[39mobjectContaining(
{
     [90m 85 |[39m       
          name[33m:[39m 
[32m'Test KB No Instructio
ns'[39m[33m,[39m
     [90m 86 |[39m       
          systemInstruction
s[33m:[39m 
[32m''[39m[33m,[39m[0m

      at Object.toBe (src/s
erver/actions/__tests__/kno
wledge-base-instructions.te
st.ts:83:36)

Test Suites: 1 failed, 1 
total
Tests:       2 failed, 2 
passed, 4 total
Snapshots:   0 total
Time:        3.049 s
Ran all test suites 
matching /src\\server\\acti
ons\\__tests__\\knowledge-b
ase-instructions.test.ts/i.
