node.exe : 
At line:1 char:1
+ & "C:\Program 
Files\nodejs/node.exe" 
"C:\Program 
Files\nodejs/node_mo ...
+ ~~~~~~~~~~~~~~~~~~~~~~~~
~~~~~~~~~~~~~~~~~~~~~~~~~~
~~~~~~~~~~~~~~~~~~~
    + CategoryInfo        
      : NotSpecified: (:  
  String) [], RemoteExc   
 eption
    + FullyQualifiedError 
   Id : NativeCommandErr  
  or
 
<--- Last few GCs --->

[2888:000001C204459000]   
 25940 ms: Mark-Compact 
2037.0 (2053.4) -> 2034.0 
(2055.7) MB, pooled: 0 
MB, 385.78 / 0.02 ms  
(average mu = 0.568, 
current mu = 0.194) 
allocation failure; 
scavenge might not succeed
[2888:000001C204459000]   
 26827 ms: Mark-Compact 
2038.0 (2055.7) -> 2036.3 
(2065.4) MB, pooled: 0 
MB, 805.15 / 0.01 ms  
(average mu = 0.298, 
current mu = 0.092) 
allocation failure; 
scavenge might not succeed

FATAL ERROR: Reached heap 
limit Allocation failed - 
JavaScript heap out of 
memory
----- Native stack trace 
-----

 1: 00007FF7C75897FF 
node::OnFatalError+1343
 2: 00007FF7C81CDA77 v8::F
unction::NewInstance+423
 3: 00007FF7C7FCE327 v8::b
ase::AddressSpaceReservati
on::AddressSpaceReservatio
n+322071
 4: 00007FF7C7FCBFC6 v8::b
ase::AddressSpaceReservati
on::AddressSpaceReservatio
n+313014
 5: 00007FF7C7FE667A X509_
STORE_set_cleanup+5098
 6: 00007FF7C7FF2A96 
uv_timer_set_repeat+20566
 7: 00007FF7C7BC5BB7 v8::S
tring::Utf8Value::~Utf8Val
ue+143495
 8: 000001C23CAB733A 
